# capture_start_utc=2026-08-07T17:46:21Z
S 164193 282 101455 0
S 177562 282 101458 7
S 190191 282 101455 0
S 203561 282 101447 7
S 216189 282 101447 0
S 229559 282 101450 7
S 242188 282 101447 0
S 255558 283 101452 7
S 268186 283 101455 0
S 281556 282 101455 7
S 294185 283 101450 0
S 307554 283 101450 7
S 320183 282 101455 0
S 333553 283 101450 7
S 346181 283 101441 0
S 359551 283 101455 7
S 372180 283 101458 0
S 385549 283 101458 7
S 398178 283 101453 0
S 411548 283 101453 7
S 424176 283 101453 0
S 437546 283 101464 7
S 450175 283 101462 0
S 463545 283 101467 7
S 476173 283 101467 0
S 489543 283 101464 7
S 502172 283 101447 0
S 515541 283 101444 7
S 528170 283 101453 0
S 541540 283 101456 7
S 554168 283 101464 0
S 567538 283 101456 7
S 580167 283 101453 0
S 593536 283 101456 7
S 606165 283 101453 0
S 619535 283 101453 7
S 632163 283 101441 0
S 645533 283 101447 7
S 658162 283 101456 0
S 671532 283 101456 7
S 684160 283 101456 0
S 697530 283 101459 7
S 710159 283 101459 0
S 723528 283 101462 7
S 736157 283 101456 0
S 749527 283 101459 7
S 762155 283 101464 0
S 775525 283 101450 7
S 788154 283 101453 0
S 801523 283 101464 7
S 814152 283 101459 0
S 827522 283 101459 7
S 840150 283 101453 0
S 853520 283 101453 7
S 866149 283 101456 0
S 879519 283 101462 7
S 892147 283 101456 0
S 905517 283 101453 7
S 918146 283 101453 0
S 931515 283 101462 7
S 944144 283 101450 0
S 957514 283 101450 7
S 970142 283 101453 0
S 983512 283 101459 7
S 996141 283 101456 0
S 1009510 283 101462 7
S 1022139 283 101456 0
S 1035509 283 101462 7
S 1048137 283 101467 0
S 1061507 283 101459 7
S 1074136 283 101459 0
S 1087506 283 101453 7
S 1100134 283 101462 0
S 1113504 283 101450 7
S 1126133 283 101456 0
S 1139502 283 101459 7
S 1152131 283 101450 0
S 1165501 283 101456 7
S 1178129 283 101462 0
S 1191499 283 101456 7
S 1204128 283 101456 0
S 1217497 283 101459 7
S 1230126 283 101465 0
S 1243496 283 101453 7
S 1256124 283 101468 0
S 1269494 283 101459 7
S 1282123 283 101456 0
S 1295493 283 101450 7
S 1308121 283 101459 0
S 1321491 283 101462 7
S 1334120 283 101462 0
S 1347489 283 101456 7
S 1360118 283 101450 0
S 1373488 283 101462 7
S 1386116 283 101465 0
S 1399486 283 101459 7
S 1412115 283 101459 0
S 1425484 283 101453 7
S 1438113 283 101450 0
S 1451483 283 101459 7
S 1464111 283 101456 0
S 1477481 283 101465 7
S 1490110 283 101456 0
S 1503480 283 101456 7
S 1516108 283 101453 0
S 1529478 283 101453 7
S 1542107 283 101459 0
S 1555476 283 101447 7
S 1568105 283 101453 0
S 1581475 283 101456 7
S 1594103 283 101456 0
S 1607473 283 101465 7
S 1620102 283 101462 0
S 1633471 283 101453 7
S 1646100 283 101453 0
S 1659470 283 101465 7
S 1672098 283 101447 0
S 1685468 283 101453 7
S 1698097 283 101462 0
S 1711467 283 101453 7
S 1724095 283 101462 0
S 1737465 283 101453 7
S 1750094 283 101456 0
S 1763463 283 101456 7
S 1776092 283 101453 0
S 1789462 283 101450 7
S 1802090 283 101453 0
S 1815460 283 101447 7
S 1828089 283 101453 0
S 1841458 283 101456 7
S 1854087 283 101456 0
S 1867457 283 101450 7
S 1880085 283 101456 0
S 1893455 283 101471 7
S 1906084 283 101465 0
S 1919454 283 101453 7
S 1932082 283 101453 0
S 1945452 283 101459 7
S 1958081 283 101462 0
S 1971450 283 101471 7
S 1984079 283 101465 0
S 1997449 283 101459 7
S 2010077 283 101459 0
S 2023447 283 101462 7
S 2036076 283 101465 0
S 2049445 283 101453 7
S 2062074 283 101462 0
S 2075444 283 101450 7
S 2088072 283 101465 0
S 2101442 283 101456 7
S 2114071 283 101459 0
S 2127441 283 101456 7
S 2140069 283 101456 0
S 2153439 283 101459 7
S 2166068 283 101459 0
S 2179437 283 101459 7
S 2192066 283 101462 0
S 2205436 283 101465 7
S 2218064 283 101453 0
S 2231434 283 101459 7
S 2244063 283 101456 0
S 2257432 283 101456 7
S 2270061 283 101456 0
S 2283431 283 101450 7
S 2296059 283 101450 0
S 2309429 283 101453 7
S 2322058 283 101462 0
S 2335428 283 101447 7
S 2348056 283 101456 0
S 2361426 283 101453 7
S 2374055 283 101450 0
S 2387424 283 101459 7
S 2400053 283 101450 0
S 2413423 283 101447 7
S 2426051 283 101453 0
S 2439421 283 101456 7
S 2452050 283 101456 0
S 2465419 283 101456 7
S 2478048 283 101450 0
S 2491418 283 101462 7
S 2504046 283 101456 0
S 2517416 283 101453 7
S 2530045 283 101453 0
S 2543415 283 101453 7
S 2556043 283 101456 0
S 2569413 283 101471 7
S 2582042 283 101459 0
S 2595411 283 101450 7
S 2608040 283 101447 0
S 2621410 283 101453 7
S 2634038 283 101456 0
S 2647408 283 101459 7
S 2660037 283 101459 0
S 2673406 283 101456 7
S 2686035 283 101450 0
S 2699405 283 101459 7
S 2712033 283 101459 0
S 2725403 283 101453 7
S 2738032 283 101453 0
S 2751402 283 101453 7
S 2764030 283 101465 0
S 2777400 283 101456 7
S 2790029 283 101453 0
S 2803398 283 101450 7
S 2816027 283 101450 0
S 2829397 283 101450 7
S 2842025 283 101450 0
S 2855395 283 101447 7
S 2868024 283 101453 0
S 2881393 283 101453 7
S 2894022 283 101453 0
S 2907392 283 101450 7
S 2920020 283 101453 0
S 2933390 283 101450 7
S 2946019 283 101456 0
S 2959389 283 101453 7
S 2972017 283 101453 0
S 2985387 283 101450 7
S 2998016 283 101450 0
S 3011385 283 101459 7
S 3024014 283 101465 0
S 3037384 283 101450 7
S 3050012 283 101453 0
S 3063382 283 101459 7
S 3076011 283 101450 0
S 3089380 283 101450 7
S 3102009 283 101441 0
S 3115379 283 101459 7
S 3128007 283 101447 0
S 3141377 283 101450 7
S 3154006 283 101447 0
S 3167376 283 101450 7
S 3180004 283 101456 0
S 3193374 283 101459 7
S 3206003 283 101456 0
S 3219372 283 101453 7
S 3232001 283 101453 0
S 3245371 283 101456 7
S 3257999 283 101453 0
S 3271369 283 101444 7
S 3283998 283 101456 0
S 3297367 283 101447 7
S 3309996 283 101453 0
S 3323366 283 101456 7
S 3335994 283 101447 0
S 3349364 283 101447 7
S 3361993 283 101462 0
S 3375363 283 101459 7
S 3387991 283 101465 0
S 3401361 283 101444 7
S 3413990 283 101456 0
S 3427359 283 101459 7
S 3439988 283 101450 0
S 3453358 283 101465 7
S 3465986 283 101462 0
S 3479356 283 101456 7
S 3491985 283 101453 0
S 3505354 283 101456 7
S 3517983 283 101453 0
S 3531353 283 101456 7
S 3543981 283 101453 0
S 3557351 283 101456 7
S 3569980 283 101459 0
S 3583350 283 101459 7
S 3595978 283 101459 0
S 3609348 283 101462 7
S 3621977 283 101450 0
S 3635346 283 101453 7
S 3647975 283 101459 0
S 3661345 283 101453 7
S 3673973 283 101450 0
S 3687343 283 101450 7
S 3699972 283 101453 0
S 3713341 283 101456 7
S 3725970 283 101453 0
S 3739340 283 101462 7
S 3751968 283 101456 0
S 3765338 283 101465 7
S 3777967 283 101462 0
S 3791337 283 101459 7
S 3803965 283 101456 0
S 3817335 283 101450 7
S 3829964 283 101465 0
S 3843333 283 101468 7
S 3855962 283 101465 0
S 3869332 283 101456 7
S 3881960 283 101465 0
S 3895330 283 101456 7
S 3907959 283 101453 0
S 3921328 283 101453 7
S 3933957 283 101453 0
S 3947327 283 101456 7
S 3959955 283 101468 0
S 3973325 283 101465 7
S 3985954 283 101456 0
S 3999324 283 101462 7
S 4011952 283 101456 0
S 4025322 283 101465 7
S 4037951 283 101456 0
S 4051320 283 101465 7
S 4063949 283 101459 0
S 4077319 283 101459 7
S 4089947 283 101450 0
S 4103317 283 101465 7
S 4115946 283 101453 0
S 4129315 283 101456 7
S 4141944 283 101456 0
S 4155314 283 101462 7
S 4167942 283 101453 0
S 4181312 283 101462 7
S 4193941 283 101450 0
S 4207311 283 101459 7
S 4219939 283 101471 0
S 4233309 283 101462 7
S 4245938 283 101453 0
S 4259307 283 101462 7
S 4271936 283 101462 0
S 4285306 283 101453 7
S 4297934 283 101453 0
S 4311304 283 101459 7
S 4323933 283 101473 0
S 4337302 283 101462 7
S 4349931 283 101459 0
S 4363301 283 101459 7
S 4375929 283 101462 0
S 4389299 283 101456 7
S 4401928 283 101459 0
S 4415298 283 101459 7
S 4427926 283 101456 0
S 4441296 283 101462 7
S 4453925 283 101462 0
S 4467294 283 101462 7
S 4479923 283 101462 0
S 4493293 283 101456 7
S 4505921 283 101450 0
S 4519291 283 101459 7
S 4531920 283 101450 0
S 4545289 283 101456 7
S 4557918 283 101453 0
S 4571288 283 101459 7
S 4583916 283 101447 0
S 4597286 283 101447 7
S 4609915 283 101453 0
S 4623285 283 101453 7
S 4635913 283 101456 0
S 4649283 283 101453 7
S 4661912 283 101462 0
S 4675281 283 101450 7
S 4687910 283 101459 0
S 4701280 283 101456 7
S 4713908 283 101456 0
S 4727278 283 101459 7
S 4739907 283 101453 0
S 4753276 283 101456 7
S 4765905 283 101459 0
S 4779275 283 101459 7
S 4791903 283 101450 0
S 4805273 283 101453 7
S 4817902 283 101453 0
S 4831272 283 101464 7
S 4843900 283 101453 0
S 4857270 283 101459 7
S 4869899 283 101447 0
S 4883268 283 101456 7
S 4895897 283 101462 0
S 4909267 283 101453 7
S 4921895 283 101453 0
S 4935265 283 101453 7
S 4947894 283 101453 0
S 4961263 283 101462 7
S 4973892 283 101456 0
S 4987262 283 101447 7
S 4999890 283 101465 0
S 5013260 283 101459 7
S 5025889 283 101462 0
S 5039259 283 101462 7
S 5051887 283 101456 0
S 5065257 283 101459 7
S 5077886 283 101453 0
S 5091255 283 101453 7
S 5103884 283 101462 0
S 5117254 283 101464 7
S 5129882 283 101459 0
S 5143252 283 101462 7
S 5155881 283 101459 0
S 5169250 283 101459 7
S 5181879 283 101459 0
S 5195249 283 101453 7
S 5207877 283 101465 0
S 5221247 283 101453 7
S 5233876 283 101459 0
S 5247246 283 101459 7
S 5259874 283 101453 0
S 5273244 283 101450 7
S 5285873 283 101456 0
S 5299242 283 101453 7
S 5311871 283 101447 0
S 5325241 283 101450 7
S 5337869 283 101453 0
S 5351239 283 101467 7
S 5363868 283 101447 0
S 5377237 283 101441 7
S 5389866 283 101447 0
S 5403236 283 101450 7
S 5415864 283 101456 0
S 5429234 283 101456 7
S 5441863 283 101453 0
S 5455233 283 101456 7
S 5467861 283 101456 0
S 5481231 283 101456 7
S 5493860 283 101450 0
S 5507229 283 101456 7
S 5519858 283 101456 0
S 5533228 283 101462 7
S 5545856 283 101450 0
S 5559226 283 101459 7
S 5571855 283 101470 0
S 5585224 283 101462 7
S 5597853 283 101462 0
S 5611223 283 101459 7
S 5623851 283 101459 0
S 5637221 283 101456 7
S 5649850 283 101459 0
S 5663220 283 101462 7
S 5675848 283 101459 0
S 5689218 283 101453 7
S 5701847 283 101459 0
S 5715216 283 101453 7
S 5727845 283 101453 0
S 5741215 283 101456 7
S 5753843 283 101462 0
S 5767213 283 101453 7
S 5779842 283 101465 0
S 5793211 283 101470 7
S 5805840 283 101459 0
S 5819210 283 101459 7
S 5831838 283 101459 0
S 5845208 283 101459 7
S 5857837 283 101453 0
S 5871207 283 101459 7
S 5883835 283 101459 0
S 5897205 283 101459 7
S 5909834 283 101459 0
S 5923203 283 101467 7
S 5935832 283 101462 0
S 5949202 283 101459 7
S 5961830 283 101459 0
S 5975200 283 101453 7
S 5987829 283 101459 0
S 6001199 283 101459 7
S 6013827 283 101450 0
S 6027197 283 101459 7
S 6039825 283 101456 0
S 6053195 283 101459 7
S 6065824 283 101447 0
S 6079194 283 101447 7
S 6091822 283 101464 0
S 6105192 283 101459 7
S 6117821 283 101459 0
S 6131190 283 101464 7
S 6143819 283 101459 0
S 6157189 283 101453 7
S 6169817 283 101459 0
S 6183187 283 101453 7
S 6195816 283 101459 0
S 6209185 283 101456 7
S 6221814 283 101453 0
S 6235184 283 101459 7
S 6247812 283 101453 0
S 6261182 283 101459 7
S 6273811 283 101459 0
S 6287181 283 101459 7
S 6299809 283 101462 0
S 6313179 283 101459 7
S 6325808 283 101459 0
S 6339177 283 101447 7
S 6351806 283 101453 0
S 6365176 283 101456 7
S 6377804 283 101453 0
S 6391174 283 101459 7
S 6403803 283 101459 0
S 6417172 283 101453 7
S 6429801 283 101459 0
S 6443171 283 101459 7
S 6455799 283 101453 0
S 6469169 283 101462 7
S 6481798 283 101467 0
S 6495168 283 101462 7
S 6507796 283 101462 0
S 6521166 283 101462 7
S 6533795 283 101459 0
S 6547164 283 101459 7
S 6559793 283 101453 0
S 6573163 283 101450 7
S 6585791 283 101453 0
S 6599161 283 101462 7
S 6611790 283 101453 0
S 6625159 283 101459 7
S 6637788 283 101450 0
S 6651158 283 101456 7
S 6663786 283 101456 0
S 6677156 283 101453 7
S 6689785 283 101447 0
S 6703155 283 101459 7
S 6715783 283 101453 0
S 6729153 283 101453 7
S 6741782 283 101459 0
S 6755151 283 101459 7
S 6767780 283 101456 0
S 6781150 283 101462 7
S 6793778 283 101459 0
S 6807148 283 101459 7
S 6819777 283 101456 0
S 6833146 283 101459 7
S 6845775 283 101453 0
S 6859145 283 101450 7
S 6871773 283 101450 0
S 6885143 283 101447 7
S 6897772 283 101447 0
S 6911142 283 101456 7
S 6923770 283 101459 0
S 6937140 283 101453 7
S 6949769 283 101462 0
S 6963138 283 101453 7
S 6975767 283 101456 0
S 6989137 283 101459 7
S 7001765 283 101453 0
S 7015135 283 101453 7
S 7027764 283 101453 0
S 7041133 283 101453 7
S 7053762 283 101453 0
S 7067132 283 101456 7
S 7079760 283 101459 0
S 7093130 283 101456 7
S 7105759 283 101453 0
S 7119129 283 101453 7
S 7131757 283 101464 0
S 7145127 283 101464 7
S 7157756 283 101459 0
S 7171125 283 101459 7
S 7183754 283 101450 0
S 7197124 283 101453 7
S 7209752 283 101459 0
S 7223122 283 101464 7
S 7235751 283 101459 0
S 7249120 283 101462 7
S 7261749 283 101459 0
S 7275119 283 101456 7
S 7287747 283 101459 0
S 7301117 283 101456 7
S 7313746 283 101456 0
S 7327116 283 101453 7
S 7339744 283 101450 0
S 7353114 283 101456 7
S 7365743 283 101464 0
S 7379112 283 101459 7
S 7391741 283 101462 0
S 7405111 283 101453 7
S 7417739 283 101462 0
S 7431109 283 101467 7
S 7443738 283 101459 0
S 7457107 283 101467 7
S 7469736 283 101459 0
S 7483106 283 101462 7
S 7495734 283 101459 0
S 7509104 283 101462 7
S 7521733 283 101462 0
S 7535103 283 101462 7
S 7547731 283 101462 0
S 7561101 283 101456 7
S 7573730 283 101447 0
S 7587099 283 101453 7
S 7599728 283 101459 0
S 7613098 283 101453 7
S 7625726 283 101459 0
S 7639096 283 101464 7
S 7651725 283 101453 0
S 7665094 283 101459 7
S 7677723 283 101456 0
S 7691093 283 101464 7
S 7703721 283 101462 0
S 7717091 283 101456 7
S 7729720 283 101450 0
S 7743090 283 101456 7
S 7755718 283 101459 0
S 7769088 283 101456 7
S 7781717 283 101462 0
S 7795086 283 101450 7
S 7807715 283 101467 0
S 7821085 283 101453 7
S 7833713 283 101459 0
S 7847083 283 101459 7
S 7859712 283 101459 0
S 7873081 283 101462 7
S 7885710 283 101462 0
S 7899080 283 101462 7
S 7911708 283 101470 0
S 7925078 283 101459 7
S 7937707 283 101459 0
S 7951077 283 101464 7
S 7963705 283 101462 0
S 7977075 283 101453 7
S 7989704 283 101462 0
S 8003073 283 101453 7
S 8015702 283 101456 0
S 8029072 283 101459 7
S 8041700 283 101464 0
S 8055070 283 101465 7
S 8067699 283 101459 0
S 8081068 283 101459 7
S 8093697 283 101464 0
S 8107067 283 101459 7
S 8119695 283 101462 0
S 8133065 283 101462 7
S 8145694 283 101465 0
S 8159064 283 101459 7
S 8171692 283 101459 0
S 8185062 283 101462 7
S 8197691 283 101459 0
S 8211060 283 101459 7
S 8223689 283 101453 0
S 8237059 283 101453 7
S 8249687 283 101453 0
S 8263057 283 101459 7
S 8275686 283 101456 0
S 8289055 283 101453 7
S 8301684 283 101456 0
S 8315054 283 101453 7
S 8327682 283 101459 0
S 8341052 283 101456 7
S 8353681 283 101459 0
S 8367051 283 101462 7
S 8379679 283 101453 0
S 8393049 283 101453 7
S 8405678 283 101450 0
S 8419047 283 101459 7
S 8431676 283 101456 0
S 8445046 283 101462 7
S 8457674 283 101462 0
S 8471044 283 101450 7
S 8483673 283 101459 0
S 8497042 283 101462 7
S 8509671 283 101465 0
S 8523041 283 101456 7
S 8535669 283 101459 0
S 8549039 283 101462 7
S 8561668 283 101459 0
S 8575038 283 101473 7
S 8587666 283 101465 0
S 8601036 283 101450 7
S 8613665 283 101462 0
S 8627034 283 101462 7
S 8639663 283 101462 0
S 8653033 283 101450 7
S 8665661 283 101459 0
S 8679031 283 101459 7
S 8691660 283 101450 0
S 8705029 283 101453 7
S 8717658 283 101453 0
S 8731028 283 101459 7
S 8743656 283 101453 0
S 8757026 283 101450 7
S 8769655 283 101459 0
S 8783025 283 101453 7
S 8795653 283 101453 0
S 8809023 283 101459 7
S 8821652 283 101447 0
S 8835021 283 101456 7
S 8847650 283 101459 0
S 8861020 283 101462 7
S 8873648 283 101462 0
S 8887018 283 101459 7
S 8899647 283 101467 0
S 8913016 283 101453 7
S 8925645 283 101459 0
S 8939015 283 101453 7
S 8951643 283 101456 0
S 8965013 283 101459 7
S 8977642 283 101453 0
S 8991012 283 101462 7
S 9003640 283 101462 0
S 9017010 283 101459 7
S 9029639 283 101467 0
S 9043008 283 101470 7
S 9055637 283 101470 0
S 9069007 283 101462 7
S 9081635 283 101453 0
S 9095005 283 101456 7
S 9107634 283 101450 0
S 9121003 283 101453 7
S 9133632 283 101456 0
S 9147002 283 101464 7
S 9159630 283 101456 0
S 9173000 283 101459 7
S 9185629 283 101470 0
S 9198999 283 101470 7
S 9211627 283 101464 0
S 9224997 283 101467 7
S 9237626 283 101462 0
S 9250995 283 101456 7
S 9263624 283 101465 0
S 9276994 283 101467 7
S 9289622 283 101456 0
S 9302992 283 101462 7
S 9315621 283 101456 0
S 9328990 283 101450 7
S 9341619 283 101450 0
S 9354989 283 101459 7
S 9367617 283 101461 0
S 9380987 283 101459 7
S 9393616 283 101467 0
S 9406986 283 101453 7
S 9419614 283 101456 0
S 9432984 283 101450 7
S 9445613 283 101453 0
S 9458982 283 101459 7
S 9471611 283 101467 0
S 9484981 283 101456 7
S 9497609 283 101450 0
S 9510979 283 101467 7
S 9523608 283 101453 0
S 9536977 283 101456 7
S 9549606 283 101453 0
S 9562976 283 101464 7
S 9575604 283 101459 0
S 9588974 283 101456 7
S 9601603 283 101450 0
S 9614973 283 101459 7
S 9627601 283 101462 0
S 9640971 283 101453 7
S 9653600 283 101453 0
S 9666969 283 101450 7
S 9679598 283 101464 0
S 9692968 283 101462 7
S 9705596 283 101461 0
S 9718966 283 101467 7
S 9731595 283 101467 0
S 9744964 283 101467 7
S 9757593 283 101461 0
S 9770963 283 101462 7
S 9783591 283 101461 0
S 9796961 283 101459 7
S 9809590 283 101456 0
S 9822960 283 101456 7
S 9835588 283 101444 0
S 9848958 283 101459 7
S 9861587 283 101461 0
S 9874956 283 101470 7
S 9887585 283 101456 0
S 9900955 283 101453 7
S 9913583 283 101453 0
S 9926953 283 101462 7
S 9939582 283 101456 0
S 9952951 283 101456 7
S 9965580 283 101447 0
S 9978950 283 101453 7
S 9991578 283 101456 0
S 10004948 283 101453 7
S 10017577 283 101453 0
S 10030947 283 101456 7
S 10043575 283 101453 0
S 10056945 283 101459 7
S 10069574 283 101456 0
S 10082943 283 101456 7
S 10095572 283 101456 0
S 10108942 283 101459 7
S 10121570 283 101462 0
S 10134940 283 101450 7
S 10147569 283 101464 0
S 10160938 283 101461 7
S 10173567 283 101462 0
S 10186937 283 101461 7
S 10199565 283 101461 0
S 10212935 283 101459 7
S 10225564 283 101456 0
S 10238934 283 101462 7
S 10251562 283 101467 0
S 10264932 283 101459 7
S 10277561 283 101467 0
S 10290930 283 101453 7
S 10303559 283 101459 0
S 10316929 283 101461 7
S 10329557 283 101467 0
S 10342927 283 101462 7
S 10355556 283 101461 0
S 10368925 283 101470 7
S 10381554 283 101470 0
S 10394924 283 101464 7
S 10407552 283 101467 0
S 10420922 283 101459 7
S 10433551 283 101456 0
S 10446921 283 101467 7
S 10459549 283 101464 0
S 10472919 283 101456 7
S 10485548 283 101453 0
S 10498917 283 101458 7
S 10511546 283 101450 0
S 10524916 283 101456 7
S 10537544 283 101453 0
S 10550914 283 101453 7
S 10563543 283 101453 0
S 10576912 283 101453 7
S 10589541 283 101453 0
S 10602911 283 101453 7
S 10615539 283 101464 0
S 10628909 283 101444 7
S 10641538 283 101459 0
S 10654908 283 101456 7
S 10667536 283 101450 0
S 10680906 283 101453 7
S 10693535 283 101453 0
S 10706904 283 101453 7
S 10719533 283 101461 0
S 10732903 283 101464 7
S 10745531 283 101453 0
S 10758901 283 101453 7
S 10771530 283 101456 0
S 10784899 283 101456 7
S 10797528 283 101467 0
S 10810898 283 101456 7
S 10823526 283 101464 0
S 10836896 283 101453 7
S 10849525 283 101459 0
S 10862895 283 101464 7
S 10875523 283 101467 0
S 10888893 283 101461 7
S 10901522 283 101458 0
S 10914891 283 101459 7
S 10927520 283 101461 0
S 10940890 283 101453 7
S 10953518 283 101461 0
S 10966888 283 101455 7
S 10979517 283 101450 0
S 10992886 283 101450 7
S 11005515 283 101461 0
S 11018885 283 101461 7
S 11031513 283 101467 0
S 11044883 283 101453 7
S 11057512 283 101464 0
S 11070882 283 101464 7
S 11083510 283 101461 0
S 11096880 283 101461 7
S 11109509 283 101458 0
S 11122878 283 101464 7
S 11135507 283 101461 0
S 11148877 283 101467 7
S 11161505 283 101464 0
S 11174875 283 101461 7
S 11187504 283 101461 0
S 11200873 283 101464 7
S 11213502 283 101450 0
S 11226872 283 101453 7
S 11239500 283 101464 0
S 11252870 283 101459 7
S 11265499 283 101459 0
S 11278869 283 101453 7
S 11291497 283 101461 0
S 11304867 283 101455 7
S 11317496 283 101461 0
S 11330865 283 101458 7
S 11343494 283 101450 0
S 11356864 283 101459 7
S 11369492 283 101461 0
S 11382862 283 101458 7
S 11395491 283 101455 0
S 11408860 283 101444 7
S 11421489 283 101453 0
S 11434859 283 101450 7
S 11447487 283 101456 0
S 11460857 283 101455 7
S 11473486 283 101453 0
S 11486856 283 101447 7
S 11499484 283 101458 0
S 11512854 283 101450 7
S 11525483 282 101450 0
S 11538852 283 101453 7
S 11551481 283 101453 0
S 11564851 283 101458 7
S 11577479 283 101453 0
S 11590849 283 101450 7
S 11603478 282 101455 0
S 11616847 283 101458 7
S 11629476 283 101458 0
S 11642846 283 101453 7
S 11655474 283 101459 0
S 11668844 283 101461 7
S 11681473 283 101450 0
S 11694843 283 101461 7
S 11707471 283 101464 0
S 11720841 283 101458 7
S 11733470 283 101455 0
S 11746839 283 101461 7
S 11759468 283 101458 0
S 11772838 283 101461 7
S 11785466 283 101455 0
S 11798836 283 101447 7
S 11811465 283 101470 0
S 11824834 283 101458 7
S 11837463 283 101461 0
S 11850833 282 101455 7
S 11863461 283 101464 0
S 11876831 283 101467 7
S 11889460 283 101464 0
S 11902830 283 101461 7
S 11915458 283 101461 0
S 11928828 283 101461 7
S 11941457 283 101461 0
S 11954826 283 101458 7
S 11967455 282 101458 0
S 11980825 282 101447 7
S 11993453 283 101452 0
S 12006823 282 101452 7
S 12019452 282 101450 0
S 12032821 283 101458 7
S 12045450 283 101458 0
S 12058820 283 101452 7
S 12071448 282 101464 0
S 12084818 283 101461 7
S 12097447 283 101455 0
S 12110817 283 101461 7
S 12123445 282 101455 0
S 12136815 283 101458 7
S 12149444 282 101447 0
S 12162813 283 101455 7
S 12175442 282 101450 0
S 12188812 282 101455 7
S 12201440 283 101455 0
S 12214810 282 101455 7
S 12227439 283 101455 0
S 12240808 282 101450 7
S 12253437 283 101455 0
S 12266807 283 101452 7
S 12279435 282 101458 0
S 12292805 283 101458 7
S 12305434 282 101452 0
S 12318804 282 101452 7
S 12331432 283 101455 0
S 12344802 282 101458 7
S 12357431 282 101458 0
S 12370800 283 101455 7
S 12383429 282 101461 0
S 12396799 282 101458 7
S 12409427 282 101450 0
S 12422797 283 101450 7
S 12435426 282 101452 0
S 12448795 282 101458 7
S 12461424 282 101458 0
S 12474794 282 101447 7
S 12487422 283 101450 0
S 12500792 282 101450 7
S 12513421 282 101447 0
S 12526791 282 101455 7
S 12539419 283 101450 0
S 12552789 282 101455 7
S 12565418 283 101450 0
S 12578787 282 101455 7
S 12591416 282 101458 0
S 12604786 282 101455 7
S 12617414 282 101458 0
S 12630784 282 101458 7
S 12643413 282 101447 0
S 12656782 283 101458 7
S 12669411 283 101458 0
S 12682781 282 101458 7
S 12695409 283 101458 0
S 12708779 282 101461 7
S 12721408 283 101450 0
S 12734778 282 101455 7
S 12747406 282 101458 0
S 12760776 282 101458 7
S 12773405 282 101455 0
S 12786774 282 101447 7
S 12799403 282 101455 0
S 12812773 282 101458 7
S 12825401 282 101461 0
S 12838771 282 101458 7
S 12851400 282 101458 0
S 12864769 282 101464 7
S 12877398 282 101455 0
S 12890768 282 101455 7
S 12903396 282 101455 0
S 12916766 282 101458 7
S 12929395 282 101450 0
S 12942765 282 101447 7
S 12955393 282 101447 0
S 12968763 282 101452 7
S 12981392 282 101458 0
S 12994761 282 101458 7
S 13007390 282 101458 0
S 13020760 282 101458 7
S 13033388 282 101461 0
S 13046758 282 101464 7
S 13059387 282 101450 0
S 13072756 282 101455 7
S 13085385 282 101455 0
S 13098773 282 101450 7
S 13130753 282 101458 7
S 13162751 282 101455 7
S 13194749 282 101454 7
S 13210377 282 101461 1
S 13226747 282 101455 7
S 13242375 282 101458 1
S 13258745 282 101451 7
S 13274373 282 101455 1
S 13290743 282 101458 7
S 13306371 282 101457 1
S 13322741 282 101458 7
S 13338369 282 101461 1
S 13354739 282 101457 7
S 13370367 282 101450 1
S 13386737 282 101455 7
S 13402365 282 101455 1
S 13418735 282 101460 7
S 13434363 282 101458 1
S 13450733 282 101455 7
S 13466361 282 101455 1
S 13482731 282 101460 7
S 13498359 282 101461 1
S 13514729 282 101457 7
S 13530357 282 101454 1
S 13546727 282 101451 7
S 13562355 282 101457 1
S 13578725 282 101454 7
S 13594353 282 101458 1
S 13610723 282 101448 7
S 13626351 282 101457 1
S 13642721 282 101452 7
S 13658349 282 101452 1
S 13674719 282 101463 7
S 13690347 282 101460 1
S 13706717 282 101458 7
S 13722345 282 101457 1
S 13738715 282 101458 7
S 13754343 282 101458 1
S 13770713 282 101457 7
S 13786341 282 101457 1
S 13802711 282 101457 7
S 13818339 282 101455 1
S 13834709 282 101463 7
S 13850337 282 101463 1
S 13866707 282 101457 7
S 13882335 282 101457 1
S 13898705 282 101455 7
S 13914333 282 101460 1
S 13930703 282 101466 7
S 13946331 282 101458 1
S 13962701 282 101455 7
S 13978329 282 101457 1
S 13994699 282 101463 7
S 14010327 282 101454 1
S 14026697 282 101454 7
S 14042325 282 101463 1
S 14058695 282 101457 7
S 14074323 282 101460 1
S 14090693 282 101454 7
S 14106321 282 101457 1
S 14122691 282 101460 7
S 14138319 282 101455 1
S 14154689 282 101454 7
S 14170317 282 101458 1
S 14186687 282 101454 7
S 14202315 282 101460 1
S 14218685 282 101457 7
S 14234313 282 101451 1
S 14250683 282 101461 7
S 14266311 282 101446 1
S 14282681 282 101458 7
S 14298309 282 101457 1
S 14314679 282 101460 7
S 14330307 282 101454 1
S 14346677 282 101449 7
S 14362305 282 101457 1
S 14378675 282 101455 7
S 14394303 282 101457 1
S 14410673 282 101460 7
S 14426301 282 101466 1
S 14442671 282 101452 7
S 14458299 282 101466 1
S 14474669 282 101454 7
S 14490297 282 101458 1
S 14506667 282 101460 7
S 14522295 282 101460 1
S 14538665 282 101455 7
S 14554293 282 101457 1
S 14570663 282 101451 7
S 14586291 282 101458 1
S 14602661 282 101460 7
S 14618289 282 101457 1
S 14634659 282 101460 7
S 14650287 282 101460 1
S 14666657 282 101455 7
S 14682285 282 101457 1
S 14698655 282 101461 7
S 14714283 282 101461 1
S 14730653 282 101455 7
S 14746281 282 101457 1
S 14762651 282 101446 7
S 14778279 282 101460 1
S 14794649 282 101454 7
S 14810277 282 101455 1
S 14826647 282 101461 7
S 14842275 282 101458 1
S 14858645 282 101458 7
S 14874273 282 101458 1
S 14890643 282 101457 7
S 14906271 282 101457 1
S 14922641 282 101460 7
S 14938269 282 101454 1
S 14954639 282 101457 7
S 14970267 282 101458 1
S 14986637 282 101458 7
S 15002265 282 101454 1
S 15018635 282 101457 7
S 15034263 283 101458 1
S 15050633 282 101457 7
S 15066261 282 101457 1
S 15082631 282 101452 7
S 15098259 282 101455 1
S 15114629 282 101454 7
S 15130257 282 101451 1
S 15146627 282 101454 7
S 15162255 282 101454 1
S 15178625 282 101454 7
S 15194253 282 101450 1
S 15210623 282 101457 7
S 15226251 282 101455 1
S 15242621 282 101460 7
S 15258249 282 101450 1
S 15274619 282 101455 7
S 15290247 282 101460 1
S 15306617 282 101455 7
S 15322245 282 101454 1
S 15338615 282 101454 7
S 15354243 282 101460 1
S 15370613 282 101447 7
S 15386241 282 101461 1
S 15402611 282 101460 7
S 15418239 282 101458 1
S 15434609 282 101457 7
S 15450237 282 101458 1
S 15466607 282 101451 7
S 15482235 282 101455 1
S 15498605 282 101457 7
S 15514233 282 101452 1
S 15530603 282 101448 7
S 15546231 282 101460 1
S 15562601 282 101458 7
S 15578229 282 101458 1
S 15594599 282 101457 7
S 15610227 282 101452 1
S 15626597 282 101458 7
S 15642225 282 101460 1
S 15658595 282 101457 7
S 15674223 282 101454 1
S 15690593 282 101457 7
S 15706221 282 101461 1
S 15722591 282 101452 7
S 15738219 282 101458 1
S 15754589 282 101458 7
S 15770217 282 101457 1
S 15786587 282 101457 7
S 15802215 282 101457 1
S 15818585 282 101458 7
S 15834213 282 101454 1
S 15850583 282 101460 7
S 15866211 282 101463 1
S 15882581 282 101457 7
S 15898209 282 101447 1
S 15914579 282 101458 7
S 15930207 282 101460 1
S 15946577 282 101454 7
S 15962205 282 101448 1
S 15978575 282 101450 7
S 15994203 282 101454 1
S 16010573 282 101448 7
S 16026201 282 101457 1
S 16042571 282 101455 7
S 16058199 282 101458 1
S 16074569 282 101457 7
S 16090197 282 101458 1
S 16106567 282 101460 7
S 16122195 282 101458 1
S 16138565 282 101455 7
S 16154193 282 101451 1
S 16170563 282 101448 7
S 16186191 282 101454 1
S 16202561 282 101457 7
S 16218189 282 101457 1
S 16234559 282 101457 7
S 16250187 282 101455 1
S 16266557 282 101458 7
S 16282185 282 101455 1
S 16298555 282 101457 7
S 16314183 282 101457 1
S 16330553 282 101458 7
S 16346181 282 101457 1
S 16362551 282 101463 7
S 16378179 282 101452 1
S 16394549 282 101455 7
S 16410177 282 101457 1
S 16426547 282 101460 7
S 16442175 282 101458 1
S 16458545 282 101463 7
S 16474173 282 101454 1
S 16490543 282 101463 7
S 16506171 282 101460 1
S 16522541 282 101455 7
S 16538169 282 101455 1
S 16554539 282 101454 7
S 16570167 282 101463 1
S 16586537 282 101455 7
S 16602165 282 101451 1
S 16618535 282 101454 7
S 16634163 282 101458 1
S 16650533 282 101463 7
S 16666161 282 101454 1
S 16682531 282 101452 7
S 16698159 282 101452 1
S 16714529 282 101458 7
S 16730157 282 101455 1
S 16746527 282 101458 7
S 16762155 282 101452 1
S 16778525 282 101454 7
S 16794153 282 101454 1
S 16810523 282 101457 7
S 16826151 282 101455 1
S 16842521 282 101455 7
S 16858149 282 101457 1
S 16874519 282 101455 7
S 16890147 282 101452 1
S 16906517 282 101452 7
S 16922145 282 101455 1
S 16938515 282 101448 7
S 16954143 282 101455 1
S 16970513 282 101455 7
S 16986141 282 101447 1
S 17002511 282 101460 7
S 17018139 282 101457 1
S 17034509 282 101452 7
S 17050137 282 101455 1
S 17066507 282 101454 7
S 17082135 282 101458 1
S 17098505 282 101448 7
S 17114133 282 101457 1
S 17130503 282 101455 7
S 17146131 282 101457 1
S 17162501 282 101455 7
S 17178129 282 101460 1
S 17194499 282 101455 7
S 17210127 282 101455 1
S 17226497 282 101454 7
S 17242125 282 101455 1
S 17258495 282 101457 7
S 17274123 282 101452 1
S 17290493 282 101455 7
S 17306121 282 101460 1
S 17322491 282 101458 7
S 17338119 282 101458 1
S 17354489 282 101458 7
S 17370117 282 101457 1
S 17386487 283 101457 7
S 17402115 282 101457 1
S 17418485 282 101460 7
S 17434113 282 101464 1
S 17450483 282 101466 7
S 17466111 282 101467 1
S 17482481 282 101458 7
S 17498109 282 101458 1
S 17514479 282 101458 7
S 17530107 282 101457 1
S 17546477 282 101461 7
S 17562105 282 101458 1
S 17578475 282 101460 7
S 17594103 282 101460 1
S 17610473 282 101458 7
S 17626101 282 101457 1
S 17642471 282 101464 7
S 17658099 282 101454 1
S 17674469 282 101457 7
S 17690097 282 101458 1
S 17706467 282 101457 7
S 17722095 282 101457 1
S 17738465 282 101455 7
S 17754093 282 101455 1
S 17770463 282 101455 7
S 17786091 282 101460 1
S 17802461 282 101460 7
S 17818089 282 101458 1
S 17834459 282 101469 7
S 17850087 282 101457 1
S 17866457 282 101455 7
S 17882085 282 101457 1
S 17898455 282 101461 7
S 17914083 282 101458 1
S 17930453 282 101457 7
S 17946081 282 101463 1
S 17962451 282 101460 7
S 17978079 282 101457 1
S 17994449 282 101457 7
S 18010077 282 101457 1
S 18026447 282 101461 7
S 18042075 282 101445 1
S 18058445 282 101458 7
S 18074073 282 101466 1
S 18090443 282 101460 7
S 18106071 282 101457 1
S 18122441 282 101457 7
S 18138069 282 101461 1
S 18154439 282 101460 7
S 18170067 282 101464 1
S 18186437 282 101449 7
S 18202065 282 101463 1
S 18218435 282 101460 7
S 18234063 282 101452 1
S 18250433 282 101457 7
S 18266061 282 101452 1
S 18282431 282 101458 7
S 18298059 282 101460 1
S 18314429 282 101457 7
S 18330057 282 101461 1
S 18346427 282 101451 7
S 18362055 282 101457 1
S 18378425 282 101464 7
S 18394053 282 101458 1
S 18410423 282 101455 7
S 18426051 282 101457 1
S 18442421 282 101455 7
S 18458049 282 101460 1
S 18474419 282 101457 7
S 18490047 282 101463 1
S 18506417 282 101463 7
S 18522045 282 101461 1
S 18538415 282 101449 7
S 18554043 282 101464 1
S 18570413 282 101455 7
S 18586041 282 101463 1
S 18602411 282 101466 7
S 18618039 282 101452 1
S 18634409 282 101460 7
S 18650037 282 101460 1
S 18666407 282 101448 7
S 18682035 282 101451 1
S 18698405 282 101452 7
S 18714033 282 101460 1
S 18730403 282 101458 7
S 18746031 282 101460 1
S 18762401 282 101455 7
S 18778029 282 101451 1
S 18794399 282 101463 7
S 18810027 282 101458 1
S 18826397 282 101460 7
S 18842025 282 101460 1
S 18858395 282 101451 7
S 18874023 282 101466 1
S 18890393 282 101455 7
S 18906021 282 101463 1
S 18922391 282 101460 7
S 18938019 282 101454 1
S 18954389 282 101451 7
S 18970017 282 101457 1
S 18986387 282 101458 7
S 19002015 282 101454 1
S 19018385 282 101454 7
S 19034013 282 101451 1
S 19050383 282 101466 7
S 19066011 282 101458 1
S 19082381 282 101463 7
S 19098009 282 101460 1
S 19114379 282 101455 7
S 19130007 282 101460 1
S 19146377 282 101458 7
S 19162005 282 101457 1
S 19178375 282 101451 7
S 19194003 282 101457 1
S 19210373 282 101457 7
S 19226001 282 101455 1
S 19242371 282 101452 7
S 19257999 282 101448 1
S 19274369 282 101466 7
S 19289997 282 101463 1
S 19306367 282 101449 7
S 19321995 282 101448 1
S 19338365 282 101458 7
S 19353993 282 101452 1
S 19370363 282 101457 7
S 19385991 282 101463 1
S 19402361 282 101463 7
S 19417989 282 101455 1
S 19434359 282 101463 7
S 19449987 282 101451 1
S 19466357 282 101452 7
S 19481985 282 101463 1
S 19498355 282 101466 7
S 19513983 282 101461 1
S 19530353 282 101463 7
S 19545981 282 101452 1
S 19562351 282 101445 7
S 19577979 282 101458 1
S 19594349 282 101452 7
S 19609977 282 101455 1
S 19626347 282 101457 7
S 19641975 282 101457 1
S 19658345 282 101460 7
S 19673973 282 101452 1
S 19690343 282 101454 7
S 19705971 282 101455 1
S 19722341 282 101452 7
S 19737969 282 101457 1
S 19754339 282 101452 7
S 19769967 282 101460 1
S 19786337 282 101454 7
S 19801965 282 101461 1
S 19818335 282 101454 7
S 19833963 282 101455 1
S 19850333 282 101455 7
S 19865961 282 101457 1
S 19882331 282 101460 7
S 19897959 282 101460 1
S 19914329 282 101452 7
S 19929957 282 101454 1
S 19946327 282 101457 7
S 19961955 282 101449 1
S 19978325 282 101454 7
S 19993953 282 101457 1
S 20010323 282 101451 7
S 20025951 282 101457 1
S 20042321 282 101464 7
S 20057949 282 101466 1
S 20074319 282 101466 7
S 20089947 282 101454 1
S 20106317 282 101454 7
S 20121945 282 101449 1
S 20138315 282 101454 7
S 20153943 282 101458 1
S 20170313 282 101467 7
S 20185941 282 101461 1
S 20202311 282 101455 7
S 20217939 282 101463 1
S 20234309 282 101451 7
S 20249937 282 101461 1
S 20266307 282 101461 7
S 20281935 282 101463 1
S 20298305 282 101452 7
S 20313933 282 101467 1
S 20330303 282 101457 7
S 20345931 282 101460 1
S 20362301 282 101455 7
S 20377929 282 101455 1
S 20394299 282 101460 7
S 20409927 282 101460 1
S 20426297 282 101467 7
S 20441925 282 101467 1
S 20458295 282 101463 7
S 20473923 282 101454 1
S 20490293 282 101454 7
S 20505921 282 101455 1
S 20522291 282 101460 7
S 20537919 282 101469 1
S 20554289 282 101461 7
S 20569917 282 101466 1
S 20586287 282 101463 7
S 20601915 282 101460 1
S 20618285 282 101460 7
S 20633913 282 101460 1
S 20650283 282 101473 7
S 20665911 282 101470 1
S 20682281 282 101460 7
S 20697909 282 101463 1
S 20714279 282 101461 7
S 20729907 282 101463 1
S 20746277 282 101455 7
S 20761905 282 101472 1
S 20778275 282 101472 7
S 20793903 282 101461 1
S 20810273 282 101464 7
S 20825901 282 101455 1
S 20842271 282 101458 7
S 20857899 282 101458 1
S 20874269 282 101461 7
S 20889897 282 101458 1
S 20906267 282 101470 7
S 20921895 282 101455 1
S 20938265 282 101458 7
S 20953893 282 101464 1
S 20970263 282 101452 7
S 20985891 282 101466 1
S 21002261 282 101460 7
S 21017889 282 101467 1
S 21034259 282 101458 7
S 21049887 282 101449 1
S 21066257 282 101455 7
S 21081885 282 101452 1
S 21098255 282 101452 7
S 21113883 282 101469 1
S 21130253 282 101449 7
S 21145881 282 101463 1
S 21162251 282 101460 7
S 21177879 282 101455 1
S 21194249 282 101454 7
S 21209877 282 101461 1
S 21226247 282 101460 7
S 21241875 282 101463 1
S 21258245 282 101460 7
S 21273873 282 101454 1
S 21290243 282 101448 7
S 21305871 282 101440 1
S 21322241 282 101449 7
S 21337869 282 101455 1
S 21354239 282 101457 7
S 21369867 282 101454 1
S 21386237 282 101454 7
S 21401865 282 101451 1
S 21418235 282 101446 7
S 21433863 282 101458 1
S 21450233 282 101469 7
S 21465861 282 101451 1
S 21482231 282 101452 7
S 21497859 282 101451 1
S 21514229 282 101458 7
S 21529857 282 101454 1
S 21546227 282 101455 7
S 21561855 282 101452 1
S 21578225 282 101463 7
S 21593853 282 101446 1
S 21610223 282 101464 7
S 21625851 282 101460 1
S 21642221 282 101464 7
S 21657849 282 101451 1
S 21674219 282 101454 7
S 21689847 282 101449 1
S 21706217 282 101451 7
S 21721845 282 101460 1
S 21738215 282 101455 7
S 21753843 282 101460 1
S 21770213 282 101452 7
S 21785841 282 101460 1
S 21802211 282 101448 7
S 21817839 282 101455 1
S 21834209 282 101451 7
S 21849837 282 101452 1
S 21866207 282 101461 7
S 21881835 282 101442 1
S 21898205 282 101449 7
S 21913833 282 101445 1
S 21930203 282 101449 7
S 21945831 282 101449 1
S 21962201 282 101455 7
S 21977829 282 101467 1
S 21994199 282 101449 7
S 22009827 282 101458 1
S 22026197 282 101455 7
S 22041825 282 101461 1
S 22058195 282 101455 7
S 22073823 282 101463 1
S 22090193 282 101451 7
S 22105821 282 101452 1
S 22122191 282 101445 7
S 22137819 282 101451 1
S 22154189 282 101455 7
S 22169817 282 101467 1
S 22186187 282 101455 7
S 22201815 282 101467 1
S 22218185 282 101455 7
S 22233813 282 101452 1
S 22250183 282 101455 7
S 22265811 282 101455 1
S 22282181 282 101452 7
S 22297809 282 101461 1
S 22314179 282 101457 7
S 22329807 282 101460 1
S 22346177 282 101454 7
S 22361805 282 101455 1
S 22378175 282 101455 7
S 22393803 282 101458 1
S 22410173 282 101458 7
S 22425801 282 101457 1
S 22442171 282 101454 7
S 22457799 282 101446 1
S 22474169 282 101449 7
S 22489797 282 101461 1
S 22506167 282 101457 7
S 22521795 282 101445 1
S 22538165 282 101458 7
S 22553793 282 101458 1
S 22570163 282 101463 7
S 22585791 282 101464 1
S 22602161 282 101455 7
S 22617789 282 101440 1
S 22634159 282 101446 7
S 22649787 282 101446 1
S 22666157 282 101452 7
S 22681785 282 101445 1
S 22698155 282 101451 7
S 22713783 282 101451 1
S 22730153 282 101443 7
S 22745781 282 101448 1
S 22762151 282 101446 7
S 22777779 282 101461 1
S 22794149 282 101439 7
S 22809777 282 101457 1
S 22826147 282 101448 7
S 22841775 282 101451 1
S 22858145 282 101454 7
S 22873773 282 101451 1
S 22890143 282 101448 7
S 22905771 282 101449 1
S 22922141 282 101457 7
S 22937769 282 101445 1
S 22954139 282 101445 7
S 22969767 282 101460 1
S 22986137 282 101442 7
S 23001765 282 101463 1
S 23018135 282 101449 7
S 23033763 282 101449 1
S 23050133 282 101454 7
S 23065761 282 101449 1
S 23082131 282 101449 7
S 23097759 282 101455 1
S 23114129 282 101454 7
S 23129757 282 101458 1
S 23146127 282 101451 7
S 23161755 282 101463 1
S 23178125 282 101455 7
S 23193753 282 101443 1
S 23210123 282 101457 7
S 23225751 282 101452 1
S 23242121 282 101464 7
S 23257749 282 101464 1
S 23274119 282 101466 7
S 23289747 282 101452 1
S 23306117 282 101467 7
S 23321745 282 101464 1
S 23338115 282 101464 7
S 23353743 282 101455 1
S 23370113 282 101458 7
S 23385741 282 101461 1
S 23402111 282 101458 7
S 23417739 282 101461 1
S 23434109 282 101455 7
S 23449737 282 101458 1
S 23466107 282 101457 7
S 23481735 282 101457 1
S 23498105 282 101451 7
S 23513733 282 101476 1
S 23530103 282 101448 7
S 23545731 282 101454 1
S 23562101 282 101460 7
S 23577729 282 101452 1
S 23594099 282 101442 7
S 23609727 282 101461 1
S 23626097 282 101455 7
S 23641725 282 101458 1
S 23658095 282 101460 7
S 23673723 282 101458 1
S 23690093 282 101451 7
S 23705721 282 101470 1
S 23722091 282 101463 7
S 23737719 282 101457 1
S 23754089 282 101451 7
S 23769717 282 101467 1
S 23786087 282 101455 7
S 23801715 282 101455 1
S 23818085 282 101458 7
S 23833713 282 101455 1
S 23850083 282 101455 7
S 23865711 282 101461 1
S 23882081 282 101452 7
S 23897709 282 101458 1
S 23914079 282 101454 7
S 23929707 282 101460 1
S 23946077 282 101458 7
S 23961705 282 101457 1
S 23978075 282 101460 7
S 23993703 282 101460 1
S 24010073 282 101448 7
S 24025701 282 101455 1
S 24042071 282 101457 7
S 24057699 282 101464 1
S 24074069 282 101460 7
S 24089697 282 101467 1
S 24106067 282 101461 7
S 24121695 282 101463 1
S 24138065 282 101463 7
S 24153693 282 101449 1
S 24170063 282 101460 7
S 24185691 282 101463 1
S 24202061 282 101460 7
S 24217689 282 101464 1
S 24234059 282 101464 7
S 24249687 282 101455 1
S 24266057 282 101451 7
S 24281685 282 101452 1
S 24298055 282 101452 7
S 24313683 282 101458 1
S 24330053 282 101463 7
S 24345681 282 101461 1
S 24362051 282 101467 7
S 24377679 282 101464 1
S 24394049 282 101463 7
S 24409677 282 101464 1
S 24426047 282 101461 7
S 24441675 282 101463 1
S 24458045 282 101461 7
S 24473673 282 101454 1
S 24490043 282 101463 7
S 24505671 282 101461 1
S 24522041 282 101460 7
S 24537669 282 101454 1
S 24554039 282 101457 7
S 24569667 282 101464 1
S 24586037 282 101460 7
S 24601665 282 101455 1
S 24618035 282 101461 7
S 24633663 282 101451 1
S 24650033 282 101458 7
S 24665661 282 101449 1
S 24682031 282 101451 7
S 24697659 282 101461 1
S 24714029 282 101461 7
S 24729657 282 101448 1
S 24746027 282 101466 7
S 24761655 282 101461 1
S 24778025 282 101463 7
S 24793653 282 101454 1
S 24810023 282 101448 7
S 24825651 282 101445 1
S 24842021 282 101451 7
S 24857649 282 101463 1
S 24874019 282 101449 7
S 24889647 282 101446 1
S 24906017 282 101467 7
S 24921645 282 101458 1
S 24938015 282 101466 7
S 24953643 282 101451 1
S 24970013 282 101461 7
S 24985641 282 101463 1
S 25002012 282 101460 7
S 25017639 282 101461 1
S 25034009 282 101449 7
S 25049637 282 101460 1
S 25066007 282 101458 7
S 25081635 282 101469 1
S 25098005 282 101457 7
S 25113633 282 101458 1
S 25130003 282 101449 7
S 25145631 282 101463 1
S 25162001 282 101470 7
S 25177629 282 101466 1
S 25193999 282 101452 7
S 25209627 282 101464 1
S 25225997 282 101449 7
S 25241625 282 101458 1
S 25257995 282 101449 7
S 25273623 282 101461 1
S 25289993 282 101452 7
S 25305621 282 101457 1
S 25321991 282 101457 7
S 25337619 282 101455 1
S 25353989 282 101454 7
S 25369617 282 101454 1
S 25385987 282 101448 7
S 25401615 282 101457 1
S 25417985 282 101455 7
S 25433613 282 101454 1
S 25449983 282 101466 7
S 25465611 282 101461 1
S 25481981 282 101460 7
S 25497609 282 101451 1
S 25513979 282 101463 7
S 25529607 282 101457 1
S 25545977 282 101452 7
S 25561605 282 101445 1
S 25577975 282 101454 7
S 25593603 282 101455 1
S 25609973 282 101460 7
S 25625601 282 101461 1
S 25641971 282 101452 7
S 25657599 282 101448 1
S 25673969 282 101454 7
S 25689597 282 101461 1
S 25705967 282 101460 7
S 25721595 282 101455 1
S 25737965 282 101461 7
S 25753593 282 101464 1
S 25769963 282 101455 7
S 25785591 282 101451 1
S 25801961 282 101448 7
S 25817589 282 101460 1
S 25833959 282 101463 7
S 25849587 282 101464 1
S 25865957 282 101455 7
S 25881585 282 101451 1
S 25897955 282 101452 7
S 25913583 282 101457 1
S 25929953 282 101445 7
S 25945581 282 101448 1
S 25961951 282 101452 7
S 25977579 282 101445 1
S 25993949 282 101449 7
S 26009577 282 101455 1
S 26025947 282 101454 7
S 26041575 282 101460 1
S 26057945 282 101458 7
S 26073573 282 101463 1
S 26089943 282 101457 7
S 26105571 282 101457 1
S 26121941 282 101455 7
S 26137569 282 101457 1
S 26153939 282 101458 7
S 26169567 282 101451 1
S 26185937 282 101460 7
S 26201565 282 101452 1
S 26217935 282 101466 7
S 26233563 282 101455 1
S 26249933 282 101455 7
S 26265561 282 101455 1
S 26281931 282 101455 7
S 26297559 282 101457 1
S 26313929 282 101467 7
S 26329557 282 101469 1
S 26345927 282 101461 7
S 26361555 282 101449 1
S 26377925 282 101442 7
S 26393553 282 101440 1
S 26409923 282 101454 7
S 26425551 282 101455 1
S 26441921 282 101454 7
S 26457549 282 101446 1
S 26473919 282 101451 7
S 26489547 282 101467 1
S 26505917 282 101443 7
S 26521545 282 101454 1
S 26537915 282 101449 7
S 26553543 282 101455 1
S 26569913 282 101461 7
S 26585541 282 101460 1
S 26601911 282 101464 7
S 26617539 282 101458 1
S 26633909 282 101467 7
S 26649537 282 101455 1
S 26665907 282 101473 7
S 26681535 282 101466 1
S 26697905 282 101467 7
S 26713533 282 101463 1
S 26729903 282 101455 7
S 26745531 282 101458 1
S 26761901 282 101463 7
S 26777529 282 101448 1
S 26793899 282 101464 7
S 26809527 282 101464 1
S 26825897 282 101449 7
S 26841525 282 101464 1
S 26857895 282 101463 7
S 26873523 282 101454 1
S 26889893 282 101454 7
S 26905521 282 101457 1
S 26921891 282 101455 7
S 26937519 282 101457 1
S 26953889 282 101458 7
S 26969517 282 101463 1
S 26985887 282 101443 7
S 27001516 282 101455 1
S 27017885 282 101454 7
S 27033513 282 101454 1
S 27049883 282 101457 7
S 27065511 282 101449 1
S 27081881 282 101449 7
S 27097509 282 101463 1
S 27113879 282 101451 7
S 27129507 282 101458 1
S 27145877 282 101448 7
S 27161505 282 101463 1
S 27177875 282 101458 7
S 27193503 282 101466 1
S 27209873 282 101458 7
S 27225501 282 101454 1
S 27241871 282 101451 7
S 27257499 282 101458 1
S 27273869 282 101449 7
S 27289497 282 101451 1
S 27305867 282 101449 7
S 27321495 282 101454 1
S 27337865 282 101455 7
S 27353493 282 101458 1
S 27369863 282 101460 7
S 27385491 282 101452 1
S 27401861 282 101446 7
S 27417489 282 101451 1
S 27433859 282 101454 7
S 27449487 282 101452 1
S 27465857 282 101460 7
S 27481485 282 101463 1
S 27497855 282 101460 7
S 27513483 282 101448 1
S 27529853 282 101442 7
S 27545481 282 101448 1
S 27561851 282 101457 7
S 27577479 282 101460 1
S 27593849 282 101455 7
S 27609477 282 101455 1
S 27625847 282 101454 7
S 27641475 282 101458 1
S 27657845 282 101454 7
S 27673473 282 101463 1
S 27689843 282 101458 7
S 27705471 282 101466 1
S 27721841 282 101464 7
S 27737469 282 101454 1
S 27753839 282 101461 7
S 27769467 282 101460 1
S 27785837 282 101460 7
S 27801465 282 101455 1
S 27817835 282 101457 7
S 27833463 282 101449 1
S 27849833 282 101445 7
S 27865461 282 101452 1
S 27881831 282 101458 7
S 27897459 282 101460 1
S 27913829 282 101460 7
S 27929457 282 101446 1
S 27945827 282 101443 7
S 27961455 282 101460 1
S 27977825 282 101448 7
S 27993453 282 101451 1
S 28009823 282 101443 7
S 28025451 282 101455 1
S 28041821 282 101458 7
S 28057449 282 101458 1
S 28073819 282 101457 7
S 28089447 282 101463 1
S 28105817 282 101449 7
S 28121445 282 101451 1
S 28137815 282 101461 7
S 28153443 282 101446 1
S 28169813 282 101446 7
S 28185441 282 101458 1
S 28201811 282 101461 7
S 28217439 282 101455 1
S 28233809 282 101451 7
S 28249437 282 101443 1
S 28265807 282 101472 7
S 28281435 282 101454 1
S 28297805 282 101451 7
S 28313433 282 101461 1
S 28329803 282 101458 7
S 28345431 282 101460 1
S 28361801 282 101449 7
S 28377429 282 101449 1
S 28393799 282 101445 7
S 28409427 282 101448 1
S 28425797 282 101445 7
S 28441425 282 101463 1
S 28457795 282 101458 7
S 28473423 282 101454 1
S 28489793 282 101449 7
S 28505421 282 101457 1
S 28521791 282 101460 7
S 28537419 282 101461 1
S 28553789 282 101455 7
S 28569417 282 101449 1
S 28585787 282 101458 7
S 28601415 282 101455 1
S 28617785 282 101445 7
S 28633413 282 101467 1
S 28649783 282 101461 7
S 28665411 282 101458 1
S 28681781 282 101464 7
S 28697409 282 101455 1
S 28713779 282 101463 7
S 28729407 282 101464 1
S 28745777 282 101464 7
S 28761405 282 101463 1
S 28777775 282 101455 7
S 28793403 282 101464 1
S 28809773 282 101448 7
S 28825401 282 101458 1
S 28841771 282 101461 7
S 28857399 282 101466 1
S 28873769 282 101454 7
S 28889397 282 101461 1
S 28905767 282 101464 7
S 28921395 282 101466 1
S 28937765 282 101458 7
S 28953393 282 101466 1
S 28969763 282 101466 7
S 28985391 282 101461 1
S 29001762 282 101466 7
S 29017389 282 101457 1
S 29033759 282 101448 7
S 29049387 282 101445 1
S 29065757 282 101449 7
S 29081385 282 101454 1
S 29097755 282 101451 7
S 29113383 282 101455 1
S 29129753 282 101454 7
S 29145381 282 101461 1
S 29161751 282 101454 7
S 29177379 282 101452 1
S 29193767 282 101463 7
S 29237746 282 101452 7
S 29281743 282 101460 7
S 29325741 282 101460 7
S 29347369 282 101461 2
S 29369738 282 101457 7
S 29391366 282 101467 2
S 29413735 282 101453 7
S 29435363 282 101464 2
S 29457732 282 101453 7
S 29479360 282 101453 2
S 29501730 282 101464 7
S 29523358 282 101448 2
S 29545727 282 101450 7
S 29567355 282 101451 2
S 29589724 282 101457 7
S 29611352 282 101458 2
S 29633721 282 101447 7
S 29655349 282 101455 2
S 29677719 282 101460 7
S 29699347 282 101459 2
S 29721716 282 101461 7
S 29743344 282 101457 2
S 29765713 282 101455 7
S 29787341 282 101458 2
S 29809710 282 101456 7
S 29831338 282 101450 2
S 29853708 282 101461 7
S 29875336 282 101457 2
S 29897705 282 101449 7
S 29919333 282 101460 2
S 29941702 282 101452 7
S 29963330 282 101452 2
S 29985699 282 101452 7
S 30007327 282 101452 2
S 30029697 282 101458 7
S 30051325 282 101459 2
S 30073694 282 101454 7
S 30095322 282 101456 2
S 30117691 282 101461 7
S 30139319 282 101457 2
S 30161688 282 101461 7
S 30183316 282 101459 2
S 30205686 282 101454 7
S 30227314 282 101459 2
S 30249683 282 101458 7
S 30271311 282 101457 2
S 30293680 282 101456 7
S 30315308 282 101452 2
S 30337677 282 101458 7
S 30359305 282 101461 2
S 30381675 282 101456 7
S 30403303 282 101457 2
S 30425672 282 101461 7
S 30447300 282 101458 2
S 30469669 282 101460 7
S 30491297 282 101461 2
S 30513666 282 101461 7
S 30535294 282 101459 2
S 30557664 282 101461 7
S 30579292 282 101457 2
S 30601661 282 101460 7
S 30623289 282 101455 2
S 30645658 282 101457 7
S 30667286 282 101462 2
S 30689655 282 101459 7
S 30711283 282 101458 2
S 30733653 282 101460 7
S 30755281 282 101461 2
S 30777650 282 101456 7
S 30799278 282 101459 2
S 30821647 282 101458 7
S 30843275 282 101454 2
S 30865644 282 101455 7
S 30887272 282 101454 2
S 30909642 282 101448 7
S 30931270 282 101455 2
S 30953639 282 101458 7
S 30975267 282 101456 2
S 30997636 282 101461 7
S 31019264 282 101455 2
S 31041633 282 101455 7
S 31063261 282 101455 2
S 31085631 282 101458 7
S 31107259 282 101459 2
S 31129628 282 101454 7
S 31151256 282 101459 2
S 31173625 282 101458 7
S 31195253 282 101456 2
S 31217622 282 101456 7
S 31239250 282 101458 2
S 31261620 282 101455 7
S 31283248 283 101458 2
S 31305617 282 101459 7
S 31327245 282 101452 2
S 31349614 282 101456 7
S 31371242 282 101458 2
S 31393611 283 101460 7
S 31415239 283 101459 2
S 31437609 282 101459 7
S 31459237 282 101460 2
S 31481606 282 101455 7
S 31503234 282 101458 2
S 31525603 282 101450 7
S 31547231 282 101455 2
S 31569600 282 101454 7
S 31591228 282 101458 2
S 31613598 282 101455 7
S 31635226 282 101458 2
S 31657595 282 101447 7
S 31679223 282 101458 2
S 31701592 282 101452 7
S 31723220 282 101450 2
S 31745589 282 101455 7
S 31767217 283 101454 2
S 31789587 283 101461 7
S 31811215 282 101458 2
S 31833584 283 101458 7
S 31855212 283 101461 2
S 31877581 282 101460 7
S 31899209 282 101460 2
S 31921578 282 101457 7
S 31943206 282 101458 2
S 31965576 283 101460 7
S 31987204 282 101461 2
S 32009573 282 101460 7
S 32031201 282 101453 2
S 32053570 283 101455 7
S 32075198 282 101452 2
S 32097567 282 101458 7
S 32119195 282 101460 2
S 32141565 283 101459 7
S 32163193 283 101461 2
S 32185562 283 101464 7
S 32207190 283 101461 2
S 32229559 282 101458 7
S 32251187 283 101455 2
S 32273556 282 101459 7
S 32295184 283 101458 2
S 32317554 283 101462 7
S 32339182 283 101464 2
S 32361551 283 101458 7
S 32383179 283 101457 2
S 32405548 282 101456 7
S 32427176 282 101458 2
S 32449545 283 101458 7
S 32471173 282 101452 2
S 32493543 282 101459 7
S 32515171 283 101458 2
S 32537540 282 101455 7
S 32559168 282 101458 2
S 32581537 282 101459 7
S 32603165 283 101455 2
S 32625534 283 101455 7
S 32647162 283 101461 2
S 32669532 282 101461 7
S 32691160 283 101460 2
S 32713529 283 101458 7
S 32735157 282 101458 2
S 32757526 283 101458 7
S 32779154 283 101460 2
S 32801523 283 101461 7
S 32823151 283 101458 2
S 32845521 283 101457 7
S 32867149 283 101458 2
S 32889518 283 101457 7
S 32911146 282 101455 2
S 32933515 282 101455 7
S 32955143 282 101450 2
S 32977512 283 101458 7
S 32999140 282 101458 2
S 33021510 282 101462 7
S 33043138 282 101458 2
S 33065507 283 101461 7
S 33087135 282 101458 2
S 33109504 282 101458 7
S 33131132 283 101455 2
S 33153501 283 101459 7
S 33175129 283 101458 2
S 33197499 282 101455 7
S 33219127 283 101460 2
S 33241496 283 101455 7
S 33263124 283 101458 2
S 33285493 283 101458 7
S 33307121 283 101459 2
S 33329490 283 101460 7
S 33351118 283 101459 2
S 33373488 282 101457 7
S 33395116 283 101458 2
S 33417485 283 101460 7
S 33439113 283 101462 2
S 33461482 282 101456 7
S 33483110 283 101458 2
S 33505479 283 101457 7
S 33527107 283 101458 2
S 33549477 282 101455 7
S 33571105 283 101460 2
S 33593474 283 101464 7
S 33615102 283 101461 2
S 33637471 283 101461 7
S 33659099 283 101455 2
S 33681468 283 101460 7
S 33703096 283 101461 2
S 33725466 283 101461 7
S 33747094 283 101458 2
S 33769463 283 101466 7
S 33791091 283 101456 2
S 33813460 282 101457 7
S 33835088 283 101458 2
S 33857457 283 101458 7
S 33879085 283 101464 2
S 33901455 283 101461 7
S 33923083 283 101460 2
S 33945452 283 101461 7
S 33967080 283 101459 2
S 33989449 283 101467 7
S 34011077 283 101468 2
S 34033446 283 101461 7
S 34055074 283 101466 2
S 34077444 283 101454 7
S 34099072 283 101465 2
S 34121441 283 101461 7
S 34143069 283 101461 2
S 34165438 283 101458 7
S 34187066 283 101464 2
S 34209435 283 101461 7
S 34231063 283 101459 2
S 34253433 283 101455 7
S 34275061 283 101456 2
S 34297430 283 101456 7
S 34319058 283 101458 2
S 34341427 283 101459 7
S 34363055 283 101455 2
S 34385424 283 101456 7
S 34407052 283 101464 2
S 34429422 283 101464 7
S 34451050 283 101459 2
S 34473419 283 101457 7
S 34495047 282 101456 2
S 34517416 283 101456 7
S 34539044 283 101454 2
S 34561413 282 101449 7
S 34583041 283 101460 2
S 34605411 283 101451 7
S 34627039 283 101458 2
S 34649408 283 101451 7
S 34671036 283 101458 2
S 34693405 283 101462 7
S 34715033 283 101465 2
S 34737402 283 101462 7
S 34759030 282 101455 2
S 34781400 282 101447 7
S 34803028 283 101455 2
S 34825397 283 101452 7
S 34847025 283 101450 2
S 34869394 283 101449 7
S 34891022 283 101453 2
S 34913391 283 101463 7
S 34935019 283 101462 2
S 34957389 283 101458 7
S 34979017 283 101461 2
S 35001387 283 101459 7
S 35023014 283 101458 2
S 35045383 282 101457 7
S 35067011 283 101458 2
S 35089380 283 101461 7
S 35111008 283 101466 2
S 35133378 283 101466 7
S 35155006 283 101460 2
S 35177375 283 101464 7
S 35199003 283 101467 2
S 35221372 283 101461 7
S 35243000 283 101453 2
S 35265369 283 101454 7
S 35286997 283 101459 2
S 35309367 283 101461 7
S 35330995 283 101460 2
S 35353364 283 101455 7
S 35374992 283 101453 2
S 35397361 283 101452 7
S 35418989 282 101450 2
S 35441358 283 101458 7
S 35462986 283 101453 2
S 35485356 283 101450 7
S 35506984 283 101460 2
S 35529353 283 101462 7
S 35550981 283 101455 2
S 35573350 283 101460 7
S 35594978 283 101460 2
S 35617347 283 101461 7
S 35638975 283 101459 2
S 35661345 283 101465 7
S 35682973 283 101458 2
S 35705342 283 101456 7
S 35726970 283 101461 2
S 35749339 283 101466 7
S 35770967 283 101466 2
S 35793336 283 101466 7
S 35814964 283 101468 2
S 35837334 283 101455 7
S 35858962 283 101463 2
S 35881331 283 101459 7
S 35902959 283 101460 2
S 35925328 283 101455 7
S 35946956 283 101464 2
S 35969325 283 101460 7
S 35990953 283 101459 2
S 36013323 283 101458 7
S 36034951 283 101459 2
S 36057320 283 101460 7
S 36078948 283 101462 2
S 36101317 283 101460 7
S 36122945 283 101458 2
S 36145314 283 101459 7
S 36166942 283 101453 2
S 36189312 283 101460 7
S 36210940 283 101460 2
S 36233309 283 101457 7
S 36254937 283 101459 2
S 36277306 283 101456 7
S 36298934 283 101464 2
S 36321303 283 101464 7
S 36342931 283 101460 2
S 36365301 283 101463 7
S 36386929 283 101456 2
S 36409298 283 101456 7
S 36430926 283 101457 2
S 36453295 283 101457 7
S 36474923 283 101459 2
S 36497292 283 101453 7
S 36518920 283 101455 2
S 36541290 283 101447 7
S 36562918 283 101457 2
S 36585287 283 101451 7
S 36606915 283 101458 2
S 36629284 283 101458 7
S 36650912 283 101450 2
S 36673281 283 101453 7
S 36694909 283 101452 2
S 36717279 283 101464 7
S 36738907 283 101460 2
S 36761276 283 101455 7
S 36782904 283 101458 2
S 36805273 283 101453 7
S 36826901 283 101459 2
S 36849270 283 101457 7
S 36870898 283 101463 2
S 36893268 283 101454 7
S 36914896 283 101460 2
S 36937265 283 101454 7
S 36958893 283 101460 2
S 36981262 283 101456 7
S 37002890 283 101458 2
S 37025259 283 101455 7
S 37046887 283 101454 2
S 37069257 283 101454 7
S 37090885 283 101457 2
S 37113254 283 101456 7
S 37134882 283 101455 2
S 37157251 283 101453 7
S 37178879 283 101447 2
S 37201248 283 101450 7
S 37222876 283 101450 2
S 37245246 283 101449 7
S 37266874 283 101451 2
S 37289243 283 101450 7
S 37310871 283 101456 2
S 37333240 283 101449 7
S 37354868 283 101452 2
S 37377237 283 101458 7
S 37398865 283 101459 2
S 37421235 283 101456 7
S 37442863 283 101456 2
S 37465232 283 101452 7
S 37486860 283 101453 2
S 37509229 283 101446 7
S 37530857 283 101450 2
S 37553226 283 101453 7
S 37574854 283 101458 2
S 37597224 283 101452 7
S 37618852 283 101455 2
S 37641221 283 101454 7
S 37662849 283 101454 2
S 37685218 283 101450 7
S 37706846 283 101456 2
S 37729215 283 101450 7
S 37750843 283 101457 2
S 37773213 283 101441 7
S 37794841 283 101450 2
S 37817210 283 101451 7
S 37838838 283 101457 2
S 37861207 283 101454 7
S 37882835 283 101448 2
S 37905204 283 101452 7
S 37926832 283 101456 2
S 37949202 283 101446 7
S 37970830 283 101458 2
S 37993199 283 101461 7
S 38014827 283 101460 2
S 38037196 283 101454 7
S 38058824 283 101453 2
S 38081193 283 101465 7
S 38102821 283 101458 2
S 38125191 283 101456 7
S 38146819 283 101455 2
S 38169188 283 101455 7
S 38190816 283 101460 2
S 38213185 283 101462 7
S 38234813 283 101459 2
S 38257182 283 101456 7
S 38278810 283 101454 2
S 38301180 283 101453 7
S 38322808 283 101456 2
S 38345177 283 101464 7
S 38366805 283 101457 2
S 38389174 283 101463 7
S 38410802 283 101453 2
S 38433171 283 101456 7
S 38454799 283 101450 2
S 38477169 283 101453 7
S 38498797 283 101454 2
S 38521166 283 101462 7
S 38542794 283 101452 2
S 38565163 283 101456 7
S 38586791 283 101459 2
S 38609160 283 101462 7
S 38630788 283 101455 2
S 38653158 283 101457 7
S 38674786 283 101453 2
S 38697155 283 101458 7
S 38718783 283 101455 2
S 38741152 283 101459 7
S 38762780 283 101455 2
S 38785149 283 101462 7
S 38806777 283 101460 2
S 38829147 283 101457 7
S 38850775 283 101461 2
S 38873144 283 101451 7
S 38894772 283 101459 2
S 38917141 283 101461 7
S 38938769 283 101459 2
S 38961138 283 101458 7
S 38982766 283 101459 2
S 39005136 283 101453 7
S 39026764 283 101454 2
S 39049133 283 101453 7
S 39070761 283 101445 2
S 39093130 283 101450 7
S 39114758 283 101455 2
S 39137127 283 101455 7
S 39158755 283 101455 2
S 39181125 283 101459 7
S 39202753 283 101456 2
S 39225122 283 101459 7
S 39246750 283 101455 2
S 39269119 283 101457 7
S 39290747 283 101450 2
S 39313116 283 101461 7
S 39334744 283 101455 2
S 39357114 283 101453 7
S 39378742 283 101452 2
S 39401111 283 101451 7
S 39422739 283 101454 2
S 39445108 283 101448 7
S 39466736 283 101450 2
S 39489105 283 101452 7
S 39510733 283 101450 2
S 39533103 283 101459 7
S 39554731 283 101457 2
S 39577100 283 101455 7
S 39598728 283 101465 2
S 39621097 283 101462 7
S 39642725 283 101459 2
S 39665094 283 101457 7
S 39686722 283 101459 2
S 39709092 283 101464 7
S 39730720 283 101453 2
S 39753089 283 101459 7
S 39774717 283 101458 2
S 39797086 283 101453 7
S 39818714 283 101451 2
S 39841083 283 101457 7
S 39862711 283 101450 2
S 39885081 283 101457 7
S 39906709 283 101452 2
S 39929078 283 101453 7
S 39950706 283 101453 2
S 39973075 282 101447 7
S 39994703 283 101452 2
S 40017072 283 101455 7
S 40038700 283 101461 2
S 40061070 283 101450 7
S 40082698 283 101451 2
S 40105067 283 101453 7
S 40126695 283 101448 2
S 40149064 283 101450 7
S 40170692 283 101450 2
S 40193061 283 101452 7
S 40214689 283 101460 2
S 40237059 283 101457 7
S 40258687 283 101453 2
S 40281056 283 101462 7
S 40302684 283 101458 2
S 40325053 283 101458 7
S 40346681 283 101447 2
S 40369050 283 101461 7
S 40390678 283 101454 2
S 40413048 283 101456 7
S 40434676 283 101458 2
S 40457045 283 101461 7
S 40478673 283 101447 2
S 40501042 283 101459 7
S 40522670 283 101455 2
S 40545039 283 101453 7
S 40566667 283 101461 2
S 40589037 283 101457 7
S 40610665 283 101458 2
S 40633034 283 101458 7
S 40654662 283 101455 2
S 40677031 283 101460 7
S 40698659 282 101456 2
S 40721028 282 101452 7
S 40742656 283 101460 2
S 40765026 283 101457 7
S 40786654 283 101455 2
S 40809023 283 101460 7
S 40830651 283 101457 2
S 40853020 283 101455 7
S 40874648 283 101458 2
S 40897017 283 101462 7
S 40918645 283 101463 2
S 40941015 283 101453 7
S 40962643 283 101455 2
S 40985012 283 101453 7
S 41006640 283 101459 2
S 41029009 283 101459 7
S 41050637 282 101458 2
S 41073006 283 101452 7
S 41094634 283 101453 2
S 41117004 283 101450 7
S 41138632 283 101456 2
S 41161001 283 101455 7
S 41182629 283 101456 2
S 41204998 283 101455 7
S 41226626 283 101459 2
S 41248995 283 101458 7
S 41270623 283 101458 2
S 41292993 283 101450 7
S 41314621 283 101457 2
S 41336990 283 101464 7
S 41358618 283 101456 2
S 41380987 283 101452 7
S 41402615 283 101455 2
S 41424984 283 101452 7
S 41446612 283 101462 2
S 41468982 283 101460 7
S 41490610 283 101461 2
S 41512979 283 101464 7
S 41534607 283 101461 2
S 41556976 283 101462 7
S 41578604 283 101461 2
S 41600973 283 101461 7
S 41622601 283 101461 2
S 41644971 283 101458 7
S 41666599 283 101457 2
S 41688968 283 101459 7
S 41710596 283 101458 2
S 41732965 283 101455 7
S 41754593 283 101460 2
S 41776962 283 101452 7
S 41798590 283 101458 2
S 41820960 283 101464 7
S 41842588 283 101446 2
S 41864957 283 101458 7
S 41886585 282 101447 2
S 41908954 283 101457 7
S 41930582 283 101457 2
S 41952951 283 101458 7
S 41974579 283 101455 2
S 41996949 283 101459 7
S 42018577 283 101458 2
S 42040946 283 101454 7
S 42062574 283 101454 2
S 42084943 283 101457 7
S 42106571 283 101458 2
S 42128940 283 101453 7
S 42150568 283 101448 2
S 42172938 283 101455 7
S 42194566 283 101456 2
S 42216935 283 101453 7
S 42238563 283 101453 2
S 42260932 283 101460 7
S 42282560 283 101455 2
S 42304929 283 101449 7
S 42326557 282 101458 2
S 42348927 283 101458 7
S 42370555 283 101458 2
S 42392924 283 101458 7
S 42414552 283 101464 2
S 42436921 283 101457 7
S 42458549 283 101464 2
S 42480918 283 101465 7
S 42502546 283 101467 2
S 42524916 283 101461 7
S 42546544 283 101455 2
S 42568913 283 101455 7
S 42590541 283 101450 2
S 42612910 283 101459 7
S 42634538 283 101457 2
S 42656907 282 101455 7
S 42678535 283 101462 2
S 42700905 283 101454 7
S 42722533 283 101461 2
S 42744902 283 101465 7
S 42766530 283 101463 2
S 42788899 283 101459 7
S 42810527 283 101462 2
S 42832896 283 101457 7
S 42854524 283 101461 2
S 42876894 283 101461 7
S 42898522 283 101461 2
S 42920891 282 101454 7
S 42942519 283 101459 2
S 42964888 283 101459 7
S 42986516 282 101457 2
S 43008885 283 101458 7
S 43030513 283 101458 2
S 43052883 283 101456 7
S 43074511 283 101455 2
S 43096880 283 101460 7
S 43118508 283 101461 2
S 43140877 283 101450 7
S 43162505 282 101458 2
S 43184874 283 101461 7
S 43206502 282 101455 2
S 43228872 283 101458 7
S 43250500 283 101456 2
S 43272869 283 101453 7
S 43294497 283 101458 2
S 43316866 283 101459 7
S 43338494 283 101456 2
S 43360863 283 101458 7
S 43382491 283 101456 2
S 43404861 283 101461 7
S 43426489 283 101458 2
S 43448858 283 101457 7
S 43470486 282 101454 2
S 43492855 282 101456 7
S 43514483 283 101452 2
S 43536852 282 101455 7
S 43558480 282 101452 2
S 43580850 282 101453 7
S 43602478 282 101454 2
S 43624847 282 101456 7
S 43646475 283 101458 2
S 43668844 282 101456 7
S 43690472 282 101459 2
S 43712841 283 101459 7
S 43734469 282 101455 2
S 43756839 283 101461 7
S 43778467 283 101459 2
S 43800836 283 101464 7
S 43822464 283 101461 2
S 43844833 282 101455 7
S 43866461 283 101455 2
S 43888830 283 101458 7
S 43910458 283 101460 2
S 43932828 283 101461 7
S 43954456 283 101459 2
S 43976825 283 101467 7
S 43998453 282 101459 2
S 44020822 282 101464 7
S 44042450 282 101458 2
S 44064819 283 101461 7
S 44086447 282 101455 2
S 44108817 282 101457 7
S 44130445 282 101460 2
S 44152814 282 101456 7
S 44174442 283 101456 2
S 44196811 282 101460 7
S 44218439 282 101457 2
S 44240808 282 101467 7
S 44262436 282 101461 2
S 44284806 282 101465 7
S 44306434 283 101466 2
S 44328803 282 101459 7
S 44350431 282 101457 2
S 44372800 282 101462 7
S 44394428 282 101460 2
S 44416797 283 101455 7
S 44438425 283 101464 2
S 44460795 283 101458 7
S 44482423 282 101460 2
S 44504792 282 101459 7
S 44526420 282 101458 2
S 44548789 282 101458 7
S 44570417 282 101461 2
S 44592786 282 101459 7
S 44614414 283 101464 2
S 44636784 283 101457 7
S 44658412 282 101463 2
S 44680781 282 101458 7
S 44702409 282 101459 2
S 44724778 282 101458 7
S 44746406 283 101458 2
S 44768775 282 101458 7
S 44790403 283 101456 2
S 44812773 282 101467 7
S 44834401 282 101460 2
S 44856770 282 101457 7
S 44878398 282 101460 2
S 44900767 282 101465 7
S 44922395 283 101460 2
S 44944764 282 101467 7
S 44966392 282 101457 2
S 44988762 282 101458 7
S 45010390 282 101458 2
S 45032759 282 101461 7
S 45054387 282 101456 2
S 45076756 282 101460 7
S 45098384 282 101461 2
S 45120753 282 101456 7
S 45142381 283 101460 2
S 45164751 282 101461 7
S 45186379 282 101464 2
S 45208748 283 101458 7
S 45230376 282 101461 2
S 45252745 283 101460 7
S 45274373 283 101464 2
S 45296742 282 101464 7
S 45318370 282 101469 2
S 45340740 283 101471 7
S 45362368 283 101466 2
S 45384737 283 101466 7
S 45406365 282 101463 2
S 45428734 282 101464 7
S 45450362 283 101463 2
S 45472731 282 101466 7
S 45494359 283 101467 2
S 45516729 283 101461 7
S 45538357 282 101461 2
S 45560726 282 101464 7
S 45582354 282 101461 2
S 45604723 282 101459 7
S 45626351 282 101459 2
S 45648720 283 101455 7
S 45670348 283 101458 2
S 45692718 282 101452 7
S 45714346 282 101456 2
S 45736715 282 101457 7
S 45758343 282 101458 2
S 45780712 282 101456 7
S 45802340 282 101460 2
S 45824709 282 101458 7
S 45846337 282 101455 2
S 45868707 282 101461 7
S 45890335 282 101458 2
S 45912704 282 101456 7
S 45934332 282 101449 2
S 45956701 282 101459 7
S 45978329 282 101452 2
S 46000699 282 101456 7
S 46022326 282 101458 2
S 46044696 282 101456 7
S 46066324 282 101458 2
S 46088693 282 101457 7
S 46110321 282 101458 2
S 46132690 282 101457 7
S 46154318 282 101456 2
S 46176687 282 101455 7
S 46198315 282 101456 2
S 46220685 282 101452 7
S 46242313 282 101456 2
S 46264682 282 101456 7
S 46286310 282 101456 2
S 46308679 282 101455 7
S 46330307 282 101460 2
S 46352676 282 101460 7
S 46374304 283 101459 2
S 46396674 282 101461 7
S 46418302 282 101454 2
S 46440671 282 101458 7
S 46462299 282 101449 2
S 46484668 282 101459 7
S 46506296 282 101461 2
S 46528665 282 101459 7
S 46550293 282 101457 2
S 46572663 282 101456 7
S 46594291 282 101458 2
S 46616660 282 101458 7
S 46638288 282 101460 2
S 46660657 282 101458 7
S 46682285 282 101454 2
S 46704654 282 101459 7
S 46726282 282 101458 2
S 46748652 282 101453 7
S 46770280 282 101457 2
S 46792649 282 101455 7
S 46814277 282 101460 2
S 46836646 282 101452 7
S 46858274 282 101457 2
S 46880643 282 101455 7
S 46902271 282 101455 2
S 46924641 282 101458 7
S 46946269 282 101447 2
S 46968638 282 101456 7
S 46990266 282 101455 2
S 47012635 282 101449 7
S 47034263 282 101455 2
S 47056632 282 101458 7
S 47078260 282 101457 2
S 47100630 282 101458 7
S 47122258 282 101457 2
S 47144627 282 101455 7
S 47166255 282 101456 2
S 47188624 282 101456 7
S 47210252 282 101460 2
S 47232621 283 101458 7
S 47254249 282 101458 2
S 47276619 283 101458 7
S 47298247 282 101460 2
S 47320616 282 101456 7
S 47342244 283 101458 2
S 47364613 282 101455 7
S 47386241 282 101458 2
S 47408610 283 101455 7
S 47430238 282 101455 2
S 47452608 282 101458 7
S 47474236 282 101456 2
S 47496605 282 101449 7
S 47518233 283 101458 2
S 47540602 283 101457 7
S 47562230 283 101458 2
S 47584599 282 101450 7
S 47606227 283 101459 2
S 47628597 282 101453 7
S 47650225 282 101455 2
S 47672594 283 101453 7
S 47694222 283 101446 2
S 47716591 282 101444 7
S 47738219 282 101450 2
S 47760588 282 101452 7
S 47782216 283 101455 2
S 47804586 283 101455 7
S 47826214 282 101452 2
S 47848583 282 101455 7
S 47870211 283 101454 2
S 47892580 282 101454 7
S 47914208 283 101458 2
S 47936577 282 101460 7
S 47958205 283 101462 2
S 47980575 282 101461 7
S 48002203 282 101450 2
S 48024572 283 101454 7
S 48046200 283 101452 2
S 48068569 283 101459 7
S 48090197 283 101462 2
S 48112566 283 101464 7
S 48134194 283 101458 2
S 48156564 283 101456 7
S 48178192 283 101458 2
S 48200561 283 101461 7
S 48222189 283 101458 2
S 48244558 283 101460 7
S 48266186 283 101454 2
S 48288555 283 101452 7
S 48310183 283 101458 2
S 48332553 283 101456 7
S 48354181 283 101457 2
S 48376550 283 101455 7
S 48398178 283 101453 2
S 48420547 282 101454 7
S 48442175 283 101450 2
S 48464544 283 101453 7
S 48486172 283 101454 2
S 48508542 283 101456 7
S 48530170 282 101450 2
S 48552539 283 101458 7
S 48574167 283 101462 2
S 48596536 283 101455 7
S 48618164 282 101455 2
S 48640533 283 101460 7
S 48662161 283 101460 2
S 48684531 283 101458 7
S 48706159 283 101458 2
S 48728528 283 101461 7
S 48750156 283 101458 2
S 48772525 283 101449 7
S 48794153 283 101461 2
S 48816522 283 101453 7
S 48838150 283 101457 2
S 48860520 283 101450 7
S 48882148 283 101453 2
S 48904517 283 101453 7
S 48926145 283 101462 2
S 48948514 283 101455 7
S 48970142 283 101451 2
S 48992511 283 101450 7
S 49014139 283 101454 2
S 49036509 283 101459 7
S 49058137 283 101459 2
S 49080506 283 101459 7
S 49102134 283 101455 2
S 49124503 283 101451 7
S 49146131 283 101461 2
S 49168500 283 101461 7
S 49190128 283 101460 2
S 49212498 283 101458 7
S 49234126 283 101461 2
S 49256495 283 101456 7
S 49278123 283 101454 2
S 49300492 283 101464 7
S 49322120 283 101459 2
S 49344489 283 101459 7
S 49366117 283 101464 2
S 49388487 283 101456 7
S 49410115 283 101454 2
S 49432484 283 101451 7
S 49454112 283 101449 2
S 49476481 283 101459 7
S 49498109 283 101449 2
S 49520478 283 101456 7
S 49542106 283 101450 2
S 49564476 283 101451 7
S 49586104 283 101450 2
S 49608473 283 101454 7
S 49630101 283 101453 2
S 49652470 283 101447 7
S 49674098 283 101453 2
S 49696467 283 101458 7
S 49718095 283 101461 2
S 49740465 283 101457 7
S 49762093 283 101461 2
S 49784462 283 101459 7
S 49806090 283 101448 2
S 49828459 283 101459 7
S 49850087 283 101454 2
S 49872456 283 101458 7
S 49894084 283 101453 2
S 49916454 283 101453 7
S 49938082 283 101464 2
S 49960451 283 101464 7
S 49982079 283 101450 2
S 50004448 283 101453 7
S 50026076 283 101454 2
S 50048445 283 101459 7
S 50070073 283 101453 2
S 50092443 283 101456 7
S 50114071 283 101461 2
S 50136440 283 101456 7
S 50158068 283 101457 2
S 50180437 283 101457 7
S 50202065 283 101464 2
S 50224434 283 101464 7
S 50246062 283 101462 2
S 50268432 283 101454 7
S 50290060 283 101458 2
S 50312429 283 101451 7
S 50334057 283 101459 2
S 50356426 283 101452 7
S 50378054 283 101450 2
S 50400423 283 101454 7
S 50422051 283 101457 2
S 50444421 283 101456 7
S 50466049 283 101447 2
S 50488418 283 101449 7
S 50510046 283 101459 2
S 50532415 283 101453 7
S 50554043 283 101458 2
S 50576412 283 101464 7
S 50598040 283 101460 2
S 50620410 283 101460 7
S 50642038 283 101455 2
S 50664407 283 101452 7
S 50686035 283 101463 2
S 50708404 283 101453 7
S 50730032 283 101456 2
S 50752401 283 101459 7
S 50774029 283 101451 2
S 50796399 283 101460 7
S 50818027 283 101458 2
S 50840396 283 101456 7
S 50862024 283 101456 2
S 50884393 283 101460 7
S 50906021 283 101456 2
S 50928390 283 101459 7
S 50950018 283 101457 2
S 50972388 283 101458 7
S 50994016 283 101459 2
S 51016385 283 101460 7
S 51038013 283 101458 2
S 51060382 283 101459 7
S 51082010 283 101456 2
S 51104379 283 101450 7
S 51126007 283 101453 2
S 51148377 283 101458 7
S 51170005 283 101453 2
S 51192374 283 101454 7
S 51214002 283 101459 2
S 51236371 283 101459 7
S 51257999 283 101459 2
S 51280368 283 101459 7
S 51301996 283 101454 2
S 51324384 283 101454 7
S 51392361 283 101449 7
S 51460357 283 101454 7
S 51528353 283 101453 7
S 51561980 283 101454 3
S 51596349 283 101455 7
S 51629976 283 101453 3
S 51664344 283 101453 7
S 51697972 283 101457 3
S 51732340 283 101447 7
S 51765967 283 101452 3
S 51800336 283 101458 7
S 51833963 283 101449 3
S 51868332 283 101450 7
S 51901959 283 101449 3
S 51936327 283 101450 7
S 51969955 283 101455 3
S 52004323 283 101452 7
S 52037950 283 101461 3
S 52072319 283 101454 7
S 52105946 283 101459 3
S 52140315 283 101455 7
S 52173942 283 101453 3
S 52208310 283 101446 7
S 52241938 283 101452 3
S 52276306 283 101450 7
S 52309933 283 101452 3
S 52344302 283 101459 7
S 52377929 283 101454 3
S 52412298 283 101457 7
S 52445925 283 101454 3
S 52480293 283 101462 7
S 52513921 283 101453 3
S 52548289 283 101455 7
S 52581916 283 101462 3
S 52616285 283 101460 7
S 52649912 283 101460 3
S 52684281 283 101461 7
S 52717908 283 101460 3
S 52752276 283 101464 7
S 52785904 283 101460 3
S 52820272 283 101458 7
S 52853899 283 101463 3
S 52888268 283 101457 7
S 52921895 283 101451 3
S 52956264 283 101460 7
S 52989891 283 101455 3
S 53024259 283 101454 7
S 53057887 283 101455 3
S 53092255 283 101459 7
S 53125882 283 101452 3
S 53160251 283 101453 7
S 53193878 283 101453 3
S 53228247 283 101448 7
S 53261874 283 101450 3
S 53296242 283 101454 7
S 53329870 283 101453 3
S 53364238 283 101453 7
S 53397865 283 101455 3
S 53432234 283 101457 7
S 53465861 283 101457 3
S 53500230 283 101453 7
S 53533857 283 101454 3
S 53568225 283 101449 7
S 53601853 283 101463 3
S 53636221 283 101450 7
S 53669848 283 101449 3
S 53704217 283 101460 7
S 53737844 283 101456 3
S 53772213 283 101459 7
S 53805840 283 101459 3
S 53840208 283 101457 7
S 53873836 283 101452 3
S 53908204 283 101449 7
S 53941831 283 101452 3
S 53976200 283 101457 7
S 54009827 283 101455 3
S 54044196 283 101453 7
S 54077823 283 101452 3
S 54112191 283 101453 7
S 54145819 283 101449 3
S 54180187 283 101452 7
S 54213814 283 101453 3
S 54248183 283 101455 7
S 54281810 283 101461 3
S 54316179 283 101459 7
S 54349806 283 101453 3
S 54384174 283 101457 7
S 54417802 283 101456 3
S 54452170 283 101451 7
S 54485797 283 101452 3
S 54520166 283 101455 7
S 54553793 283 101456 3
S 54588162 283 101454 7
S 54621789 283 101453 3
S 54656157 283 101451 7
S 54689785 283 101448 3
S 54724153 283 101446 7
S 54757780 283 101448 3
S 54792149 283 101447 7
S 54825776 283 101448 3
S 54860145 283 101454 7
S 54893772 283 101460 3
S 54928140 283 101458 7
S 54961768 283 101461 3
S 54996136 283 101458 7
S 55029763 283 101453 3
S 55064132 283 101452 7
S 55097759 283 101455 3
S 55132128 283 101462 7
S 55165755 283 101455 3
S 55200123 283 101454 7
S 55233751 283 101455 3
S 55268119 283 101454 7
S 55301746 283 101452 3
S 55336115 283 101461 7
S 55369742 283 101456 3
S 55404111 283 101457 7
S 55437738 283 101455 3
S 55472106 283 101463 7
S 55505734 283 101457 3
S 55540102 283 101451 7
S 55573729 283 101454 3
S 55608098 283 101460 7
S 55641725 283 101450 3
S 55676094 283 101459 7
S 55709721 283 101456 3
S 55744089 283 101454 7
S 55777717 283 101458 3
S 55812085 283 101456 7
S 55845712 283 101453 3
S 55880081 283 101456 7
S 55913708 283 101452 3
S 55948077 283 101459 7
S 55981704 283 101450 3
S 56016072 283 101450 7
S 56049700 283 101451 3
S 56084068 283 101452 7
S 56117695 283 101453 3
S 56152064 283 101455 7
S 56185691 283 101455 3
S 56220060 283 101453 7
S 56253687 283 101452 3
S 56288055 283 101452 7
S 56321683 283 101451 3
S 56356051 283 101453 7
S 56389678 283 101457 3
S 56424047 283 101453 7
S 56457674 283 101456 3
S 56492043 283 101460 7
S 56525670 283 101456 3
S 56560038 283 101456 7
S 56593666 283 101456 3
S 56628034 283 101458 7
S 56661661 283 101452 3
S 56696030 283 101459 7
S 56729657 283 101463 3
S 56764026 283 101457 7
S 56797653 283 101452 3
S 56832021 283 101452 7
S 56865649 283 101459 3
S 56900017 283 101453 7
S 56933644 283 101450 3
S 56968013 283 101459 7
S 57001641 283 101455 3
S 57036009 283 101460 7
S 57069636 283 101456 3
S 57104004 283 101452 7
S 57137632 283 101452 3
S 57172000 283 101460 7
S 57205627 283 101452 3
S 57239996 283 101456 7
S 57273623 283 101454 3
S 57307992 283 101452 7
S 57341619 283 101452 3
S 57375987 283 101453 7
S 57409615 283 101451 3
S 57443983 283 101453 7
S 57477610 283 101453 3
S 57511979 283 101455 7
S 57545606 283 101456 3
S 57579975 283 101448 7
S 57613602 283 101452 3
S 57647970 283 101453 7
S 57681598 283 101457 3
S 57715966 283 101452 7
S 57749593 283 101454 3
S 57783962 283 101453 7
S 57817589 283 101456 3
S 57851958 283 101448 7
S 57885585 283 101447 3
S 57919953 283 101454 7
S 57953581 283 101452 3
S 57987949 283 101451 7
S 58021576 283 101455 3
S 58055945 283 101457 7
S 58089572 283 101452 3
S 58123941 283 101455 7
S 58157568 283 101455 3
S 58191936 283 101456 7
S 58225564 283 101459 3
S 58259932 283 101456 7
S 58293559 283 101458 3
S 58327928 283 101462 7
S 58361555 283 101460 3
S 58395924 283 101458 7
S 58429551 283 101459 3
S 58463919 283 101455 7
S 58497547 283 101459 3
S 58531915 283 101459 7
S 58565542 283 101453 3
S 58599911 283 101457 7
S 58633538 283 101455 3
S 58667907 283 101450 7
S 58701534 283 101456 3
S 58735902 283 101454 7
S 58769530 283 101453 3
S 58803898 283 101455 7
S 58837525 283 101458 3
S 58871894 283 101454 7
S 58905521 283 101452 3
S 58939890 283 101446 7
S 58973517 283 101450 3
S 59007885 283 101447 7
S 59041513 283 101453 3
S 59075881 283 101455 7
S 59109508 283 101446 3
S 59143877 283 101451 7
S 59177504 283 101450 3
S 59211873 283 101455 7
S 59245500 283 101455 3
S 59279868 283 101452 7
S 59313496 283 101454 3
S 59347864 283 101448 7
S 59381491 283 101456 3
S 59415860 283 101459 7
S 59449487 283 101453 3
S 59483856 283 101458 7
S 59517483 283 101457 3
S 59551851 283 101458 7
S 59585479 283 101462 3
S 59619847 283 101455 7
S 59653474 283 101452 3
S 59687843 283 101450 7
S 59721470 283 101455 3
S 59755839 283 101450 7
S 59789466 283 101448 3
S 59823834 283 101452 7
S 59857462 283 101454 3
S 59891830 283 101457 7
S 59925457 283 101456 3
S 59959826 283 101452 7
S 59993453 283 101453 3
S 60027822 283 101451 7
S 60061449 283 101453 3
S 60095817 283 101449 7
S 60129445 283 101450 3
S 60163813 283 101454 7
S 60197440 283 101456 3
