# capture_start_utc=2026-08-30T11:14:57Z
S 32348679 286 101727 2
S 32359678 286 101727 2
S 32370677 286 101727 2
S 32381677 286 101731 2
S 32392676 286 101733 2
S 32403675 286 101727 2
S 32414675 286 101729 2
S 32425674 286 101727 2
S 32436673 286 101727 2
S 32447673 286 101729 2
S 32458672 286 101727 2
S 32469671 286 101721 2
S 32480670 286 101720 2
[[DEBUG]] Starting [[SENSOR TASK]]
[SELFTEST] compensate: T=150 (exp 150)  P=69964 (exp 69964)  -> PASS
[[DEBUG]] bus recovery on /dev/i2c-1 -> PASS
#BMP180 v1 fw=1.5.0 temp_ms=1000
[[DEBUG]] BMP180 registered on /dev/bmp180-0
S 50697 286 101736 0
S 55697 286 101736 0
S 60697 286 101730 0
S 65697 286 101742 0
S 70696 286 101739 0
S 75696 286 101733 0
S 80696 286 101736 0
S 85695 286 101739 0
S 90695 286 101730 0
S 95695 286 101736 0
S 100694 286 101736 0
S 105694 286 101724 0
S 110694 286 101730 0
S 115693 286 101730 0
S 120693 286 101736 0
S 125693 286 101730 0
S 130692 286 101736 0
S 135692 286 101736 0
S 140692 286 101730 0
S 145692 286 101730 0
S 150691 286 101736 0
S 155691 286 101730 0
S 160691 286 101736 0
S 165690 286 101739 0
S 170690 286 101736 0
S 175690 286 101736 0
S 180689 286 101733 0
S 185689 286 101736 0
S 190689 286 101730 0
S 195688 286 101736 0
S 200688 286 101736 0
S 205688 286 101739 0
S 210687 286 101730 0
S 215687 286 101739 0
S 220687 286 101730 0
S 225687 286 101733 0
S 230686 286 101736 0
S 235686 286 101736 0
S 240686 286 101736 0
S 245685 286 101736 0
S 250685 286 101736 0
S 255685 286 101736 0
S 260684 286 101736 0
S 265684 286 101736 0
S 270684 286 101736 0
S 275683 286 101736 0
S 280683 286 101744 0
S 285683 286 101739 0
S 290682 286 101736 0
S 295682 286 101730 0
S 300682 286 101742 0
S 305682 286 101744 0
S 310681 286 101736 0
S 315681 286 101736 0
S 320681 286 101736 0
S 325680 286 101742 0
S 330680 286 101744 0
S 335680 286 101730 0
S 340679 286 101736 0
S 345679 286 101739 0
S 350679 286 101739 0
S 355678 286 101739 0
S 360678 286 101739 0
S 365678 286 101736 0
S 370677 286 101736 0
S 375677 286 101744 0
S 380677 286 101730 0
S 385677 286 101736 0
S 390676 286 101744 0
S 395676 286 101736 0
S 400676 286 101736 0
S 405675 286 101739 0
S 410675 286 101736 0
S 415675 286 101739 0
S 420674 286 101736 0
S 425674 286 101730 0
S 430674 286 101736 0
S 435673 286 101730 0
S 440673 286 101739 0
S 445673 286 101736 0
S 450672 286 101736 0
S 455672 286 101742 0
S 460672 286 101736 0
S 465672 286 101742 0
S 470671 286 101742 0
S 475671 286 101736 0
S 480671 286 101736 0
S 485670 286 101736 0
S 490670 286 101736 0
S 495670 286 101736 0
S 500669 286 101736 0
S 505669 286 101733 0
S 510669 286 101736 0
S 515668 286 101744 0
S 520668 286 101736 0
S 525668 286 101736 0
S 530667 286 101730 0
S 535667 286 101739 0
S 540667 286 101739 0
S 545667 286 101742 0
S 550666 286 101730 0
S 555666 286 101736 0
S 560666 286 101747 0
S 565665 286 101739 0
S 570665 286 101736 0
S 575665 286 101736 0
S 580664 286 101736 0
S 585664 286 101736 0
S 590664 286 101730 0
S 595663 286 101730 0
S 600663 286 101739 0
S 605663 286 101742 0
S 610662 286 101736 0
S 615662 286 101736 0
S 620662 286 101744 0
S 625662 286 101742 0
S 630661 286 101744 0
S 635661 286 101739 0
S 640661 286 101744 0
S 645660 286 101744 0
S 650660 286 101736 0
S 655660 286 101736 0
S 660659 286 101750 0
S 665659 286 101739 0
S 670659 286 101736 0
S 675658 286 101744 0
S 680658 286 101747 0
S 685658 286 101736 0
S 690657 286 101736 0
S 695657 286 101742 0
S 700657 286 101744 0
S 705657 286 101736 0
S 710656 286 101736 0
S 715656 286 101736 0
S 720656 286 101730 0
S 725655 286 101742 0
S 730655 286 101744 0
S 735655 286 101739 0
S 740654 286 101730 0
S 745654 286 101739 0
S 750654 286 101736 0
S 755653 286 101742 0
S 760653 286 101736 0
S 765653 286 101744 0
S 770652 286 101744 0
S 775652 286 101744 0
S 780652 286 101736 0
S 785652 286 101736 0
S 790651 286 101730 0
S 795651 286 101736 0
S 800651 286 101730 0
S 805650 286 101730 0
S 810650 286 101730 0
S 815650 286 101724 0
S 820649 286 101736 0
S 825649 286 101739 0
S 830649 286 101736 0
S 835648 286 101730 0
S 840648 286 101727 0
S 845648 286 101736 0
S 850647 286 101736 0
S 855647 286 101736 0
S 860647 286 101736 0
S 865647 286 101744 0
S 870646 286 101744 0
S 875646 286 101733 0
S 880646 286 101744 0
S 885645 286 101736 0
S 890645 286 101744 0
S 895645 286 101739 0
S 900644 286 101736 0
S 905644 286 101739 0
S 910644 286 101744 0
S 915643 286 101733 0
S 920643 286 101739 0
S 925643 286 101739 0
S 930642 286 101730 0
S 935642 286 101736 0
S 940642 286 101736 0
S 945642 286 101736 0
S 950641 286 101736 0
S 955641 286 101742 0
S 960641 286 101736 0
S 965640 286 101730 0
S 970640 286 101736 0
S 975640 286 101733 0
S 980639 286 101739 0
S 985639 286 101742 0
S 990639 286 101733 0
S 995638 286 101744 0
S 1000639 286 101739 0
S 1005638 286 101739 0
S 1010637 286 101739 0
S 1015637 286 101739 0
S 1020637 286 101744 0
S 1025644 286 101739 0
S 1030636 286 101736 0
S 1040636 286 101729 0
S 1045635 286 101729 0
S 1050635 286 101729 0
S 1055635 286 101726 0
S 1060641 286 101729 0
S 1065634 286 101729 0
S 1070634 286 101712 0
S 1075633 286 101721 0
S 1080633 286 101729 0
S 1085633 286 101732 0
S 1090632 286 101726 0
S 1095639 286 101724 0
S 1100632 286 101721 0
S 1105632 286 101721 0
S 1110631 286 101721 0
S 1115631 286 101724 0
S 1120631 286 101721 0
S 1125630 286 101721 0
S 1130630 286 101721 0
S 1135630 286 101721 0
S 1140629 286 101721 0
S 1145629 286 101721 0
S 1150629 286 101726 0
S 1155628 286 101726 0
S 1160628 286 101726 0
S 1165628 286 101729 0
S 1170627 286 101729 0
S 1175627 286 101726 0
S 1180634 286 101724 0
S 1185627 286 101729 0
S 1190626 286 101718 0
S 1195626 286 101724 0
S 1200626 286 101732 0
S 1205625 286 101726 0
S 1210625 286 101729 0
S 1215632 286 101726 0
S 1220624 286 101724 0
S 1225624 286 101721 0
S 1230624 286 101724 0
S 1235623 286 101721 0
S 1240623 286 101721 0
S 1245623 286 101721 0
S 1250630 286 101726 0
S 1255622 286 101721 0
S 1260622 286 101721 0
S 1265622 286 101732 0
S 1270621 286 101729 0
S 1275621 286 101729 0
S 1280621 286 101721 0
S 1285620 286 101715 0
S 1290620 286 101726 0
S 1295620 286 101724 0
S 1300619 286 101724 0
S 1305619 286 101732 0
S 1310619 286 101726 0
S 1315618 286 101721 0
S 1320618 286 101721 0
S 1325618 286 101709 0
S 1330617 286 101729 0
S 1335624 286 101726 0
S 1340617 286 101721 0
S 1345617 286 101724 0
S 1350616 286 101721 0
S 1355616 286 101726 0
S 1360616 286 101721 0
S 1365615 286 101724 0
S 1370622 286 101715 0
S 1375615 286 101721 0
S 1380614 286 101715 0
S 1385614 286 101724 0
S 1390614 286 101724 0
S 1395613 286 101721 0
S 1400613 286 101721 0
S 1405620 286 101729 0
S 1410612 286 101732 0
S 1415612 286 101721 0
S 1420612 286 101724 0
S 1425612 286 101721 0
S 1430611 286 101721 0
S 1435611 286 101721 0
S 1440611 286 101726 0
S 1445610 286 101724 0
S 1450610 286 101721 0
S 1455610 286 101729 0
S 1460609 286 101721 0
S 1465609 286 101732 0
S 1470609 286 101732 0
S 1475608 286 101729 0
S 1480608 286 101729 0
S 1485608 286 101732 0
S 1490607 286 101729 0
S 1495607 286 101721 0
S 1500607 286 101721 0
S 1505607 286 101726 0
S 1510606 286 101715 0
S 1515606 286 101721 0
S 1520606 286 101724 0
S 1525612 286 101721 0
S 1530605 286 101721 0
S 1535605 286 101729 0
S 1540604 286 101724 0
S 1545604 286 101724 0
S 1550604 286 101724 0
S 1555603 286 101721 0
S 1560610 286 101724 0
S 1565603 286 101729 0
S 1570602 286 101724 0
S 1575602 286 101729 0
S 1580602 286 101726 0
S 1585602 286 101709 0
S 1590601 286 101721 0
S 1595601 286 101721 0
S 1600601 286 101726 0
S 1605600 286 101724 0
S 1610600 286 101721 0
S 1615600 286 101724 0
S 1620599 286 101721 0
S 1625599 286 101729 0
S 1630599 286 101721 0
S 1635598 286 101732 0
S 1640598 286 101721 0
S 1645598 286 101715 0
S 1650597 286 101721 0
S 1655597 286 101721 0
S 1660597 286 101721 0
S 1665597 286 101715 0
S 1670596 286 101712 0
S 1675596 286 101718 0
S 1680596 286 101721 0
S 1685595 286 101724 0
S 1690595 286 101721 0
S 1695595 286 101726 0
S 1700594 286 101715 0
S 1705594 286 101724 0
S 1710594 286 101721 0
S 1715600 286 101721 0
S 1720593 286 101721 0
S 1725593 286 101715 0
S 1730592 286 101721 0
S 1735592 286 101726 0
S 1740592 286 101732 0
S 1745592 286 101732 0
S 1750598 286 101721 0
S 1755591 286 101726 0
S 1760591 286 101726 0
S 1765590 286 101724 0
S 1770590 286 101729 0
S 1775590 286 101729 0
S 1780589 286 101729 0
S 1785589 286 101732 0
S 1790589 286 101729 0
S 1795588 286 101729 0
S 1800588 286 101729 0
S 1805588 286 101721 0
S 1810587 286 101721 0
S 1815587 286 101724 0
S 1820587 286 101724 0
S 1825587 286 101732 0
S 1830586 286 101729 0
S 1835586 286 101721 0
S 1840586 286 101721 0
S 1845585 286 101724 0
S 1850585 286 101729 0
S 1855585 286 101715 0
S 1860584 286 101721 0
S 1865584 286 101726 0
S 1870584 286 101729 0
S 1875583 286 101726 0
S 1880583 286 101726 0
S 1885583 286 101729 0
S 1890582 286 101732 0
S 1895582 286 101729 0
S 1900582 286 101729 0
S 1905589 286 101718 0
S 1910581 286 101721 0
S 1915581 286 101729 0
S 1920581 286 101729 0
S 1925580 286 101726 0
S 1930580 286 101729 0
S 1935580 286 101732 0
S 1940586 286 101729 0
S 1945579 286 101729 0
S 1950579 286 101726 0
S 1955578 286 101726 0
S 1960578 286 101724 0
S 1965578 286 101721 0
S 1970577 286 101721 0
S 1975577 286 101724 0
S 1980577 286 101729 0
S 1985577 286 101724 0
S 1990576 286 101732 0
S 1995576 286 101732 0
S 2000576 286 101735 0
S 2005575 286 101721 0
S 2010575 286 101726 0
S 2015575 286 101729 0
S 2020574 286 101729 0
S 2025574 286 101726 0
S 2030574 286 101718 0
S 2035573 286 101729 0
S 2045573 285 101715 0
S 2050572 285 101715 0
S 2055572 285 101720 0
S 2060572 285 101717 0
S 2065572 285 101720 0
S 2070571 285 101723 0
S 2075571 285 101709 0
S 2080571 285 101715 0
S 2085570 285 101715 0
S 2090570 285 101720 0
S 2095577 285 101723 0
S 2100569 285 101717 0
S 2105569 285 101726 0
S 2110569 285 101726 0
S 2115568 285 101723 0
S 2120568 285 101726 0
S 2125568 285 101723 0
S 2130575 285 101726 0
S 2135567 285 101715 0
S 2140567 285 101726 0
S 2145567 285 101720 0
S 2150566 285 101726 0
S 2155566 285 101723 0
S 2160566 285 101717 0
S 2165565 285 101726 0
S 2170565 285 101723 0
S 2175565 285 101720 0
S 2180564 285 101732 0
S 2185564 285 101726 0
S 2190564 285 101723 0
S 2195563 285 101726 0
S 2200563 285 101723 0
S 2205563 285 101726 0
S 2210562 285 101720 0
S 2215562 285 101723 0
S 2220562 285 101720 0
S 2225562 285 101726 0
S 2230561 285 101715 0
S 2235561 285 101717 0
S 2240561 285 101720 0
S 2245560 285 101717 0
S 2250567 285 101715 0
S 2255560 285 101726 0
S 2260559 285 101715 0
S 2265559 285 101717 0
S 2270559 285 101726 0
S 2275558 285 101723 0
S 2280558 285 101720 0
S 2285565 285 101715 0
S 2290557 285 101715 0
S 2295557 285 101717 0
S 2300557 285 101723 0
S 2305557 285 101715 0
S 2310556 285 101715 0
S 2315556 285 101720 0
S 2320556 285 101723 0
S 2325555 285 101717 0
S 2330555 285 101715 0
S 2335555 285 101715 0
S 2340554 285 101715 0
S 2345554 285 101717 0
S 2350554 285 101723 0
S 2355553 285 101717 0
S 2360553 285 101723 0
S 2365553 285 101717 0
S 2370552 285 101723 0
S 2375552 285 101723 0
S 2380552 285 101726 0
S 2385552 285 101723 0
S 2390551 285 101726 0
S 2395551 285 101717 0
S 2400551 285 101720 0
S 2405550 285 101723 0
S 2410550 285 101726 0
S 2415550 285 101723 0
S 2420549 285 101723 0
S 2425549 285 101720 0
S 2430549 285 101729 0
S 2435548 285 101723 0
S 2440555 285 101720 0
S 2445548 285 101717 0
S 2450547 285 101709 0
S 2455547 285 101720 0
S 2460547 285 101720 0
S 2465547 285 101720 0
S 2470546 285 101720 0
S 2475553 285 101726 0
S 2480546 285 101726 0
S 2485545 285 101723 0
S 2490545 285 101729 0
S 2495545 285 101723 0
S 2500544 285 101720 0
S 2505544 285 101717 0
S 2510544 285 101715 0
S 2515543 285 101726 0
S 2520543 285 101732 0
S 2525543 285 101726 0
S 2530542 285 101720 0
S 2535542 285 101723 0
S 2540542 285 101720 0
S 2545542 285 101720 0
S 2550541 285 101720 0
S 2555541 285 101729 0
S 2583539 285 101720 1
S 2590539 285 101709 1
S 2597538 285 101723 1
S 2604538 285 101723 1
S 2611537 285 101723 1
S 2618537 285 101719 1
S 2625537 285 101715 1
S 2632536 285 101720 1
S 2639536 285 101722 1
S 2646535 285 101726 1
S 2653535 285 101725 1
S 2660534 285 101720 1
S 2667534 285 101712 1
S 2674533 285 101717 1
S 2681533 285 101720 1
S 2688533 285 101723 1
S 2695532 285 101720 1
S 2702532 285 101723 1
S 2709531 285 101723 1
S 2716531 285 101725 1
S 2723530 285 101719 1
S 2730530 285 101716 1
S 2737530 285 101720 1
S 2744529 285 101722 1
S 2751529 285 101719 1
S 2758528 285 101728 1
S 2765528 285 101723 1
S 2772527 285 101725 1
S 2779527 285 101725 1
S 2786526 285 101719 1
S 2793526 285 101719 1
S 2800526 285 101722 1
S 2807525 285 101720 1
S 2814525 285 101719 1
S 2821524 285 101719 1
S 2828524 285 101719 1
S 2835523 285 101719 1
S 2842523 285 101720 1
S 2849523 285 101716 1
S 2856522 285 101716 1
S 2863522 285 101713 1
S 2870521 285 101716 1
S 2877521 285 101713 1
S 2884520 285 101720 1
S 2891520 285 101713 1
S 2898519 285 101719 1
S 2905519 285 101715 1
S 2912519 285 101722 1
S 2919518 285 101725 1
S 2926518 285 101725 1
S 2933517 285 101723 1
S 2940517 285 101716 1
S 2947516 285 101720 1
S 2954516 285 101723 1
S 2961516 285 101722 1
S 2968515 285 101720 1
S 2975515 285 101722 1
S 2982514 285 101722 1
S 2989514 285 101725 1
S 2996513 285 101720 1
S 3003513 285 101719 1
S 3010512 285 101715 1
S 3017512 285 101722 1
S 3024512 285 101722 1
S 3031511 285 101716 1
S 3038511 285 101719 1
S 3045510 285 101716 1
S 3057510 286 101734 1
S 3064509 286 101728 1
S 3071509 286 101731 1
S 3078508 286 101728 1
S 3085508 286 101732 1
S 3092507 286 101731 1
S 3099507 286 101725 1
S 3106506 286 101729 1
S 3113506 286 101726 1
S 3120506 286 101725 1
S 3127505 286 101729 1
S 3134505 286 101722 1
S 3141504 286 101731 1
S 3148504 286 101722 1
S 3155503 286 101725 1
S 3162503 286 101722 1
S 3169503 286 101726 1
S 3176502 286 101731 1
S 3183502 286 101726 1
S 3190501 286 101732 1
S 3197501 286 101729 1
S 3204500 286 101722 1
S 3211500 286 101731 1
S 3218499 286 101732 1
S 3225499 286 101722 1
S 3232499 286 101725 1
S 3239498 286 101721 1
S 3246498 286 101726 1
S 3253497 286 101725 1
S 3260497 286 101731 1
S 3267496 286 101725 1
S 3274496 286 101724 1
S 3281496 286 101724 1
S 3288495 286 101729 1
S 3295495 286 101725 1
S 3302494 286 101721 1
S 3309494 286 101726 1
S 3316493 286 101724 1
S 3323493 286 101721 1
S 3330492 286 101724 1
S 3337492 286 101724 1
S 3344492 286 101724 1
S 3351491 286 101726 1
S 3358491 286 101726 1
S 3365490 286 101725 1
S 3372490 286 101726 1
S 3379489 286 101722 1
S 3386489 286 101726 1
S 3393489 286 101725 1
S 3400488 286 101722 1
S 3407488 286 101721 1
S 3414487 286 101721 1
S 3421487 286 101726 1
S 3428486 286 101722 1
S 3435486 286 101724 1
S 3442485 286 101725 1
S 3449485 286 101726 1
S 3456485 286 101719 1
S 3463484 286 101726 1
S 3470484 286 101726 1
S 3477483 286 101725 1
S 3484483 286 101731 1
S 3491482 286 101731 1
S 3498482 286 101722 1
S 3505482 286 101722 1
S 3512481 286 101718 1
S 3519481 286 101722 1
S 3526480 286 101725 1
S 3533480 286 101726 1
S 3540479 286 101722 1
S 3547479 286 101722 1
S 3554478 286 101721 1
S 3561478 286 101722 1
S 3568478 286 101718 1
S 3575477 286 101709 1
S 3582477 286 101719 1
S 3589476 286 101724 1
S 3596476 286 101716 1
S 3603475 286 101716 1
S 3610475 286 101721 1
S 3617475 286 101718 1
S 3624474 286 101721 1
S 3631474 286 101719 1
S 3638473 286 101719 1
S 3645473 286 101719 1
S 3652472 286 101715 1
S 3659472 286 101722 1
S 3666471 286 101718 1
S 3673471 286 101713 1
S 3680471 286 101722 1
S 3687470 286 101715 1
S 3694470 286 101715 1
S 3701469 286 101715 1
S 3708469 286 101726 1
S 3715468 286 101728 1
S 3722468 286 101721 1
S 3729468 286 101726 1
S 3736467 286 101735 1
S 3743467 286 101726 1
S 3750466 286 101715 1
S 3757466 286 101722 1
S 3764465 286 101719 1
S 3771465 286 101721 1
S 3778464 286 101718 1
S 3785464 286 101715 1
S 3792464 286 101710 1
S 3799463 286 101712 1
S 3806463 286 101718 1
S 3813462 286 101715 1
S 3820462 286 101725 1
S 3827461 286 101718 1
S 3834461 286 101722 1
S 3841461 286 101722 1
S 3848460 286 101718 1
S 3855460 286 101721 1
S 3862459 286 101721 1
S 3869459 286 101721 1
S 3876458 286 101718 1
S 3883458 286 101718 1
S 3890457 286 101712 1
S 3897457 286 101719 1
S 3904457 286 101721 1
S 3911456 286 101722 1
S 3918456 286 101721 1
S 3925455 286 101718 1
S 3932455 286 101715 1
S 3939454 286 101728 1
S 3946454 286 101726 1
S 3953454 286 101715 1
S 3960453 286 101724 1
S 3967453 286 101719 1
S 3974452 286 101718 1
S 3981452 286 101731 1
S 3988451 286 101729 1
S 3995451 286 101725 1
S 4002450 286 101721 1
S 4009450 286 101725 1
S 4016450 286 101725 1
S 4023449 286 101724 1
S 4030449 286 101722 1
S 4037448 286 101722 1
S 4044448 286 101721 1
S 4051447 286 101716 1
S 4063447 286 101731 1
S 4070446 286 101728 1
S 4077446 286 101725 1
S 4084445 286 101730 1
S 4091445 286 101731 1
S 4098444 286 101731 1
S 4105444 286 101725 1
S 4112444 286 101725 1
S 4119443 286 101722 1
S 4126443 286 101724 1
S 4133442 286 101725 1
S 4140442 286 101725 1
S 4147441 286 101731 1
S 4154441 286 101730 1
S 4161441 286 101725 1
S 4168440 286 101731 1
S 4175440 286 101728 1
S 4182439 286 101732 1
S 4189439 286 101728 1
S 4196438 286 101722 1
S 4203438 286 101721 1
S 4210437 286 101725 1
S 4217437 286 101725 1
S 4224437 286 101725 1
S 4231436 286 101727 1
S 4238436 286 101725 1
S 4245435 286 101730 1
S 4252435 286 101725 1
S 4259434 286 101725 1
S 4266434 286 101728 1
S 4273434 286 101731 1
S 4280433 286 101728 1
S 4287433 286 101728 1
S 4294432 286 101716 1
S 4301432 286 101730 1
S 4308431 286 101727 1
S 4315431 286 101725 1
S 4322430 286 101721 1
S 4329430 286 101722 1
S 4336430 286 101730 1
S 4343429 286 101730 1
S 4350429 286 101727 1
S 4357428 286 101727 1
S 4364428 286 101732 1
S 4371427 286 101730 1
S 4378427 286 101727 1
S 4385427 286 101730 1
S 4392426 286 101721 1
S 4399426 286 101725 1
S 4406425 286 101722 1
S 4413425 286 101722 1
S 4420424 286 101725 1
S 4427424 286 101722 1
S 4434423 286 101727 1
S 4441423 286 101722 1
S 4448423 286 101728 1
S 4455422 286 101730 1
S 4462422 286 101730 1
S 4469421 286 101730 1
S 4476421 286 101727 1
S 4483420 286 101721 1
S 4490420 286 101725 1
S 4497420 286 101730 1
S 4504419 286 101730 1
S 4511419 286 101732 1
S 4518418 286 101725 1
S 4525418 286 101732 1
S 4532417 286 101730 1
S 4539417 286 101725 1
S 4546416 286 101732 1
S 4553416 286 101730 1
S 4560416 286 101732 1
S 4567415 286 101730 1
S 4574415 286 101734 1
S 4581414 286 101731 1
S 4588414 286 101727 1
S 4595413 286 101731 1
S 4602413 286 101727 1
S 4609413 286 101725 1
S 4616412 286 101727 1
S 4623412 286 101727 1
S 4630411 286 101727 1
S 4637411 286 101731 1
S 4644410 286 101727 1
S 4651410 286 101731 1
S 4658409 286 101727 1
S 4665409 286 101730 1
S 4672409 286 101731 1
S 4679408 286 101732 1
S 4686408 286 101725 1
S 4693407 286 101725 1
S 4700407 286 101730 1
S 4707406 286 101725 1
S 4714406 286 101728 1
S 4721406 286 101725 1
S 4728405 286 101734 1
S 4735405 286 101725 1
S 4742404 286 101728 1
S 4749404 286 101731 1
S 4756403 286 101732 1
S 4763403 286 101728 1
S 4770402 286 101727 1
S 4777402 286 101727 1
S 4784402 286 101722 1
S 4791401 286 101724 1
S 4798401 286 101730 1
S 4805400 286 101730 1
S 4812400 286 101730 1
S 4819399 286 101722 1
S 4826399 286 101727 1
S 4833399 286 101719 1
S 4840398 286 101728 1
S 4847398 286 101727 1
S 4854397 286 101727 1
S 4861397 286 101730 1
S 4868396 286 101725 1
S 4875396 286 101735 1
S 4882395 286 101725 1
S 4889395 286 101734 1
S 4896395 286 101731 1
S 4903394 286 101727 1
S 4910394 286 101732 1
S 4917393 286 101728 1
S 4924393 286 101728 1
S 4931392 286 101730 1
S 4938392 286 101731 1
S 4945392 286 101725 1
S 4952391 286 101732 1
S 4959391 286 101722 1
S 4966390 286 101725 1
S 4973390 286 101731 1
S 4980389 286 101730 1
S 4987389 286 101727 1
S 4994388 286 101725 1
S 5001389 286 101732 1
S 5008388 286 101735 1
S 5015387 286 101725 1
S 5022387 286 101732 1
S 5029386 286 101727 1
S 5036386 286 101725 1
S 5043385 286 101719 1
S 5050385 286 101734 1
S 5057385 286 101730 1
S 5069384 286 101728 1
S 5076383 286 101722 1
S 5083383 286 101727 1
S 5090382 286 101725 1
S 5097382 286 101719 1
S 5104382 286 101725 1
S 5111381 286 101725 1
S 5118381 286 101725 1
S 5125380 286 101728 1
S 5132380 286 101724 1
S 5139379 286 101728 1
S 5146379 286 101725 1
S 5153379 286 101725 1
S 5160378 286 101728 1
S 5167378 286 101722 1
S 5174377 286 101724 1
S 5181377 286 101731 1
S 5188376 286 101728 1
S 5195376 286 101731 1
S 5202375 286 101732 1
S 5209375 286 101725 1
S 5216375 286 101727 1
S 5223374 286 101725 1
S 5230374 286 101730 1
S 5237373 286 101725 1
S 5244373 286 101725 1
S 5251372 286 101725 1
S 5258372 286 101730 1
S 5265372 286 101727 1
S 5272371 286 101724 1
S 5279371 286 101727 1
S 5286370 286 101725 1
S 5293370 286 101728 1
S 5300369 286 101728 1
S 5307369 286 101724 1
S 5314368 286 101727 1
S 5321368 286 101727 1
S 5328368 286 101728 1
S 5335367 286 101716 1
S 5342367 286 101724 1
S 5349366 286 101724 1
S 5356366 286 101728 1
S 5363365 286 101728 1
S 5370365 286 101724 1
S 5377365 286 101725 1
S 5384364 286 101716 1
S 5391364 286 101722 1
S 5398363 286 101722 1
S 5405363 286 101722 1
S 5412362 286 101728 1
S 5419362 286 101719 1
S 5426361 286 101727 1
S 5433361 286 101727 1
S 5440361 286 101725 1
S 5447360 286 101725 1
S 5454360 286 101725 1
S 5461359 286 101732 1
S 5468359 286 101725 1
S 5475358 286 101728 1
S 5482358 286 101732 1
S 5489358 286 101725 1
S 5496357 286 101725 1
S 5503357 286 101728 1
S 5510356 286 101725 1
S 5517356 286 101728 1
S 5524355 286 101728 1
S 5531355 286 101725 1
S 5538354 286 101730 1
S 5545354 286 101725 1
S 5552354 286 101727 1
S 5559353 286 101731 1
S 5566353 286 101719 1
S 5573352 286 101718 1
S 5580352 286 101725 1
S 5587351 286 101718 1
S 5594351 286 101727 1
S 5601351 286 101722 1
S 5608350 286 101725 1
S 5615350 286 101727 1
S 5622349 286 101719 1
S 5629349 286 101721 1
S 5636348 286 101722 1
S 5643348 286 101725 1
S 5650347 286 101722 1
S 5657347 286 101716 1
S 5664347 286 101722 1
S 5671346 286 101722 1
S 5678346 286 101727 1
S 5685345 286 101727 1
S 5692345 286 101725 1
S 5699344 286 101724 1
S 5706344 286 101724 1
S 5713344 286 101725 1
S 5720343 286 101719 1
S 5727343 286 101719 1
S 5734342 286 101727 1
S 5741342 286 101725 1
S 5748341 286 101722 1
S 5755341 286 101728 1
S 5762340 286 101728 1
S 5769340 286 101727 1
S 5776340 286 101725 1
S 5783339 286 101725 1
S 5790339 286 101728 1
S 5797338 286 101728 1
S 5804338 286 101730 1
S 5811337 286 101731 1
S 5818337 286 101732 1
S 5825337 286 101725 1
S 5832336 286 101730 1
S 5839336 286 101725 1
S 5846335 286 101730 1
S 5853335 286 101727 1
S 5860334 286 101730 1
S 5867334 286 101727 1
S 5874333 286 101727 1
S 5881333 286 101728 1
S 5888333 286 101727 1
S 5895332 286 101724 1
S 5902332 286 101731 1
S 5909331 286 101725 1
S 5916331 286 101725 1
S 5923330 286 101727 1
S 5930330 286 101728 1
S 5937330 286 101728 1
S 5944329 286 101722 1
S 5951329 286 101725 1
S 5958328 286 101724 1
S 5965328 286 101727 1
S 5972327 286 101728 1
S 5979327 286 101730 1
S 5986326 286 101724 1
S 5993326 286 101730 1
S 6000326 286 101731 1
S 6007325 286 101725 1
S 6014325 286 101721 1
S 6021324 286 101725 1
S 6028324 286 101727 1
S 6035323 286 101731 1
S 6042323 286 101732 1
S 6049323 286 101728 1
S 6056322 286 101735 1
S 6063322 286 101730 1
S 6075321 286 101725 1
S 6082320 286 101730 1
S 6089320 286 101735 1
S 6096320 286 101734 1
S 6140317 286 101722 2
S 6151316 286 101729 2
S 6162315 286 101727 2
S 6173315 286 101732 2
S 6184314 286 101730 2
S 6195313 286 101728 2
S 6206313 286 101724 2
S 6217312 286 101726 2
S 6228311 286 101730 2
S 6239311 286 101727 2
S 6250310 286 101727 2
S 6261309 286 101727 2
S 6272309 286 101727 2
S 6283308 286 101720 2
S 6294307 286 101727 2
S 6305307 286 101728 2
S 6316306 286 101728 2
S 6327305 286 101732 2
S 6338304 286 101728 2
S 6349304 286 101726 2
S 6360303 286 101732 2
S 6371302 286 101729 2
S 6382302 286 101727 2
S 6393301 286 101726 2
S 6404300 286 101725 2
S 6415300 286 101726 2
S 6426299 286 101730 2
S 6437298 286 101728 2
S 6448298 286 101722 2
S 6459297 286 101722 2
S 6470296 286 101726 2
S 6481296 286 101728 2
S 6492295 286 101724 2
S 6503294 286 101723 2
S 6514293 286 101721 2
S 6525293 286 101721 2
S 6536292 286 101724 2
S 6547291 286 101725 2
S 6558291 286 101721 2
S 6569290 286 101721 2
S 6580289 286 101722 2
S 6591289 286 101723 2
S 6602288 286 101722 2
S 6613287 286 101726 2
S 6624287 286 101725 2
S 6635286 286 101723 2
S 6646285 286 101722 2
S 6657285 286 101725 2
S 6668284 286 101720 2
S 6679283 286 101727 2
S 6690282 286 101726 2
S 6701282 286 101723 2
S 6712281 286 101728 2
S 6723280 286 101728 2
S 6734280 286 101721 2
S 6745279 286 101725 2
S 6756278 286 101727 2
S 6767278 286 101731 2
S 6778277 286 101726 2
S 6789276 286 101725 2
S 6800276 286 101727 2
S 6811275 286 101731 2
S 6822274 286 101733 2
S 6833274 286 101728 2
S 6844273 286 101728 2
S 6855272 286 101730 2
S 6866271 286 101730 2
S 6877271 286 101727 2
S 6888270 286 101727 2
S 6899269 286 101730 2
S 6910269 286 101734 2
S 6921268 286 101727 2
S 6932267 286 101730 2
S 6943267 286 101731 2
S 6954266 286 101730 2
S 6965265 286 101723 2
S 6976265 286 101727 2
S 6987264 286 101721 2
S 6998263 286 101725 2
S 7009263 286 101726 2
S 7020262 286 101724 2
S 7031261 286 101719 2
S 7042260 286 101728 2
S 7053260 286 101726 2
S 7064259 286 101724 2
S 7075258 286 101721 2
S 7091257 286 101724 2
S 7102257 286 101724 2
S 7113256 286 101724 2
S 7124255 286 101722 2
S 7135255 286 101716 2
S 7146254 286 101717 2
S 7157253 286 101718 2
S 7168253 286 101718 2
S 7179252 286 101721 2
S 7190251 286 101724 2
S 7201251 286 101720 2
S 7212250 286 101720 2
S 7223249 286 101718 2
S 7234248 286 101723 2
S 7245248 286 101724 2
S 7256247 286 101715 2
S 7267246 286 101722 2
S 7278246 286 101724 2
S 7289245 286 101730 2
S 7300244 286 101730 2
S 7311244 286 101715 2
S 7322243 286 101720 2
S 7333242 286 101724 2
S 7344242 286 101725 2
S 7355241 286 101721 2
S 7366240 286 101718 2
S 7377240 286 101717 2
S 7388239 286 101724 2
S 7399238 286 101724 2
S 7410237 286 101724 2
S 7421237 286 101723 2
S 7432236 286 101718 2
S 7443235 286 101722 2
S 7454235 286 101724 2
S 7465234 286 101724 2
S 7476233 286 101724 2
S 7487233 286 101726 2
S 7498232 286 101724 2
S 7509231 286 101730 2
S 7520231 286 101731 2
S 7531230 286 101727 2
S 7542229 286 101721 2
S 7553229 286 101724 2
S 7564228 286 101724 2
S 7575227 286 101722 2
S 7586226 286 101726 2
S 7597226 286 101726 2
S 7608225 286 101723 2
S 7619224 286 101725 2
S 7630224 286 101724 2
S 7641223 286 101718 2
S 7652222 286 101721 2
S 7663222 286 101726 2
S 7674221 286 101720 2
S 7685220 286 101723 2
S 7696220 286 101723 2
S 7707219 286 101718 2
S 7718218 286 101716 2
S 7729218 286 101718 2
S 7740217 286 101720 2
S 7751216 286 101724 2
S 7762215 286 101718 2
S 7773215 286 101722 2
S 7784214 286 101721 2
S 7795213 286 101717 2
S 7806213 286 101723 2
S 7817212 286 101716 2
S 7828211 286 101722 2
S 7839211 286 101724 2
S 7850210 286 101721 2
S 7861209 286 101724 2
S 7872209 286 101725 2
S 7883208 286 101724 2
S 7894207 286 101722 2
S 7905207 286 101721 2
S 7916206 286 101725 2
S 7927205 286 101721 2
S 7938204 286 101722 2
S 7949204 286 101720 2
S 7960203 286 101725 2
S 7971202 286 101726 2
S 7982202 286 101727 2
S 7993201 286 101722 2
S 8004200 286 101723 2
S 8015200 286 101726 2
S 8026199 286 101724 2
S 8037198 286 101724 2
S 8048198 286 101724 2
S 8059197 286 101727 2
S 8070196 286 101721 2
S 8081196 286 101724 2
S 8097195 286 101732 2
S 8108194 286 101729 2
S 8119193 286 101730 2
S 8130192 286 101726 2
