# capture_start_utc=2026-08-29T17:20:50Z
˜‚ŠŠ‚Š²²‚’j
S 6429299 301 101670 2
S 6440298 301 101673 2
S 6451297 301 101666 2
S 6462297 301 101664 2
S 6473296 301 101668 2
S 6484295 301 101669 2
S 6495295 301 101663 2
S 6506294 301 101662 2
S 6517293 301 101668 2
S 6528293 301 101667 2
S 6539292 301 101664 2
S 6550291 301 101667 2
S 6561290 301 101666 2
[[DEBUG]] Starting [[SENSOR TASK]]
[SELFTEST] compensate: T=150 (exp 150)  P=69964 (exp 69964)  -> PASS
#BMP180 v1 fw=1.4.0 temp_ms=1000
[SELFTEST] teardown: unlink(/dev/bmp180-0) -> 0  -> PASS
[[DEBUG]] BMP180 registered on /dev/bmp180-0
S 53697 301 101677 0
S 58697 301 101674 0
S 63697 301 101674 0
S 68696 301 101674 0
S 73696 301 101674 0
S 78696 301 101677 0
S 83695 301 101674 0
S 88695 301 101662 0
S 93695 301 101674 0
S 98694 301 101674 0
S 103694 301 101665 0
S 108694 301 101674 0
S 113693 301 101674 0
S 118693 301 101674 0
S 123693 301 101674 0
S 128693 301 101659 0
S 133692 301 101662 0
S 138692 301 101659 0
S 143692 301 101674 0
S 148691 301 101665 0
S 153691 301 101674 0
S 158691 301 101674 0
S 163690 301 101674 0
S 168690 301 101674 0
S 173690 301 101674 0
S 178689 301 101659 0
S 183689 301 101665 0
S 188689 301 101674 0
S 193688 301 101674 0
S 198688 301 101674 0
S 203688 301 101662 0
S 208688 301 101674 0
S 213687 301 101674 0
S 218687 301 101674 0
S 223687 301 101674 0
S 228686 301 101674 0
S 233686 301 101674 0
S 238686 301 101674 0
S 243685 301 101665 0
S 248685 301 101665 0
S 253685 301 101674 0
S 258684 301 101674 0
S 263684 301 101674 0
S 268684 301 101674 0
S 273683 301 101674 0
S 278683 301 101674 0
S 283683 301 101674 0
S 288683 301 101674 0
S 293682 301 101674 0
S 298682 301 101674 0
S 303682 301 101674 0
S 308681 301 101662 0
S 313681 301 101674 0
S 318681 301 101674 0
S 323680 301 101674 0
S 328680 301 101674 0
S 333680 301 101662 0
S 338679 301 101674 0
S 343679 301 101665 0
S 348679 301 101674 0
S 353678 301 101674 0
S 358678 301 101674 0
S 363678 301 101662 0
S 368678 301 101665 0
S 373677 301 101674 0
S 378677 301 101674 0
S 383677 301 101674 0
S 388676 301 101674 0
S 393676 301 101662 0
S 398676 301 101674 0
S 403675 301 101674 0
S 408675 301 101674 0
S 413675 301 101674 0
S 418674 301 101674 0
S 423674 301 101656 0
S 428674 301 101674 0
S 433673 301 101662 0
S 438673 301 101674 0
S 443673 301 101674 0
S 448673 301 101674 0
S 453672 301 101674 0
S 458672 301 101674 0
S 463672 301 101674 0
S 468671 301 101665 0
S 473671 301 101674 0
S 478671 301 101674 0
S 483670 301 101674 0
S 488670 301 101674 0
S 493670 301 101665 0
S 498669 301 101674 0
S 503669 301 101662 0
S 508669 301 101677 0
S 513668 301 101674 0
S 518668 301 101662 0
S 523668 301 101674 0
S 528668 301 101674 0
S 533667 301 101674 0
S 538667 301 101674 0
S 543667 301 101662 0
S 548666 301 101674 0
S 553666 301 101674 0
S 558666 301 101674 0
S 563665 301 101662 0
S 568665 301 101662 0
S 573665 301 101662 0
S 578664 301 101674 0
S 583664 301 101674 0
S 588664 301 101662 0
S 593663 301 101674 0
S 598663 301 101674 0
S 603663 301 101674 0
S 608663 301 101674 0
S 613662 301 101674 0
S 618662 301 101659 0
S 623662 301 101662 0
S 628661 301 101674 0
S 633661 301 101662 0
S 638661 301 101674 0
S 643660 301 101677 0
S 648660 301 101662 0
S 653660 301 101674 0
S 658659 301 101674 0
S 663659 301 101674 0
S 668659 301 101662 0
S 673658 301 101665 0
S 678658 301 101674 0
S 683658 301 101674 0
S 688658 301 101662 0
S 693657 301 101665 0
S 698657 301 101674 0
S 703657 301 101674 0
S 708656 301 101674 0
S 713656 301 101674 0
S 718656 301 101674 0
S 723655 301 101662 0
S 728655 301 101674 0
S 733655 301 101677 0
S 738654 301 101674 0
S 743654 301 101674 0
S 748654 301 101662 0
S 753653 301 101674 0
S 758653 301 101665 0
S 763653 301 101659 0
S 768653 301 101674 0
S 773652 301 101674 0
S 778652 301 101674 0
S 783652 301 101674 0
S 788651 301 101674 0
S 793651 301 101662 0
S 798651 301 101674 0
S 803650 301 101665 0
S 808650 301 101674 0
S 813650 301 101674 0
S 818649 301 101662 0
S 823649 301 101674 0
S 828649 301 101674 0
S 833648 301 101674 0
S 838648 301 101665 0
S 843648 301 101674 0
S 848648 301 101662 0
S 853647 301 101662 0
S 858647 301 101662 0
S 863647 301 101674 0
S 868646 301 101674 0
S 873646 301 101674 0
S 878646 301 101674 0
S 883645 301 101677 0
S 888645 301 101674 0
S 893645 301 101659 0
S 898644 301 101674 0
S 903644 301 101674 0
S 908644 301 101674 0
S 913643 301 101674 0
S 918643 301 101677 0
S 923643 301 101674 0
S 928643 301 101674 0
S 933642 301 101674 0
S 938642 301 101674 0
S 943642 301 101674 0
S 948641 301 101674 0
S 953641 301 101674 0
S 958641 301 101674 0
S 963640 301 101674 0
S 968640 301 101674 0
S 973640 301 101674 0
S 978639 301 101674 0
S 983639 301 101677 0
S 988639 301 101674 0
S 993638 301 101674 0
S 998638 301 101674 0
S 1003638 301 101674 0
S 1008645 301 101665 0
S 1013637 301 101659 0
S 1018637 301 101665 0
S 1023637 301 101662 0
S 1028636 301 101674 0
S 1033636 301 101665 0
S 1043635 301 101653 0
S 1048635 301 101650 0
S 1053635 301 101656 0
S 1058634 301 101665 0
S 1063634 301 101656 0
S 1068634 301 101665 0
S 1073633 301 101653 0
S 1078633 301 101668 0
S 1083633 301 101665 0
S 1088633 301 101665 0
S 1093632 301 101665 0
S 1098632 301 101665 0
S 1103632 301 101665 0
S 1108631 301 101665 0
S 1113631 301 101671 0
S 1118631 301 101665 0
S 1123630 301 101665 0
S 1128637 301 101665 0
S 1133630 301 101656 0
S 1138629 301 101656 0
S 1143629 301 101665 0
S 1148629 301 101665 0
S 1153628 301 101665 0
S 1158628 301 101665 0
S 1163635 301 101665 0
S 1168628 301 101653 0
S 1173627 301 101668 0
S 1178627 301 101665 0
S 1183627 301 101665 0
S 1188626 301 101656 0
S 1193626 301 101665 0
S 1198633 301 101665 0
S 1203625 301 101665 0
S 1208625 301 101665 0
S 1213625 301 101647 0
S 1218624 301 101656 0
S 1223624 301 101665 0
S 1228624 301 101665 0
S 1233631 301 101665 0
S 1238623 301 101665 0
S 1243623 301 101665 0
S 1248623 301 101665 0
S 1253622 301 101665 0
S 1258622 301 101665 0
S 1263622 301 101653 0
S 1268621 301 101665 0
S 1273621 301 101653 0
S 1278621 301 101653 0
S 1283620 301 101650 0
S 1288620 301 101665 0
S 1293620 301 101650 0
S 1298619 301 101665 0
S 1303619 301 101650 0
S 1308619 301 101665 0
S 1313618 301 101650 0
S 1318625 301 101665 0
S 1323618 301 101665 0
S 1328618 301 101665 0
S 1333617 301 101665 0
S 1338617 301 101665 0
S 1343617 301 101665 0
S 1348616 301 101665 0
S 1353623 301 101665 0
S 1358616 301 101665 0
S 1363615 301 101665 0
S 1368615 301 101653 0
S 1373615 301 101650 0
S 1378614 301 101665 0
S 1383614 301 101656 0
S 1388621 301 101653 0
S 1393613 301 101665 0
S 1398613 301 101653 0
S 1403613 301 101665 0
S 1408613 301 101653 0
S 1413612 301 101653 0
S 1418612 301 101665 0
S 1423619 301 101665 0
S 1428611 301 101665 0
S 1433611 301 101665 0
S 1438611 301 101665 0
S 1443610 301 101665 0
S 1448610 301 101665 0
S 1453610 301 101653 0
S 1458609 301 101650 0
S 1463609 301 101665 0
S 1468609 301 101665 0
S 1473616 301 101665 0
S 1478608 301 101650 0
S 1483608 301 101650 0
S 1488608 301 101665 0
S 1493607 301 101665 0
S 1498607 301 101665 0
S 1503607 301 101656 0
S 1508613 301 101653 0
S 1513606 301 101665 0
S 1518606 301 101647 0
S 1523605 301 101653 0
S 1528605 301 101665 0
S 1533605 301 101653 0
S 1538604 301 101665 0
S 1543611 301 101665 0
S 1548604 301 101665 0
S 1553603 301 101650 0
S 1558603 301 101653 0
S 1563603 301 101653 0
S 1568603 301 101650 0
S 1573602 301 101665 0
S 1578609 301 101665 0
S 1583602 301 101665 0
S 1588601 301 101665 0
S 1593601 301 101665 0
S 1598601 301 101665 0
S 1603600 301 101665 0
S 1608600 301 101665 0
S 1613600 301 101665 0
S 1618599 301 101665 0
S 1623599 301 101665 0
S 1628599 301 101668 0
S 1633598 301 101665 0
S 1638598 301 101665 0
S 1643598 301 101665 0
S 1648598 301 101647 0
S 1653597 301 101650 0
S 1658597 301 101665 0
S 1663604 301 101665 0
S 1668596 301 101665 0
S 1673596 301 101656 0
S 1678596 301 101665 0
S 1683595 301 101653 0
S 1688595 301 101665 0
S 1693595 301 101665 0
S 1698601 301 101665 0
S 1703594 301 101665 0
S 1708594 301 101665 0
S 1713593 301 101665 0
S 1718593 301 101656 0
S 1723593 301 101650 0
S 1728593 301 101665 0
S 1733599 301 101653 0
S 1738592 301 101665 0
S 1743592 301 101665 0
S 1748591 301 101665 0
S 1753591 301 101665 0
S 1758591 301 101668 0
S 1763590 301 101665 0
S 1768590 301 101665 0
S 1773590 301 101665 0
S 1778589 301 101665 0
S 1783589 301 101665 0
S 1788589 301 101665 0
S 1793588 301 101653 0
S 1798588 301 101665 0
S 1803588 301 101653 0
S 1808588 301 101668 0
S 1813587 301 101665 0
S 1818587 301 101665 0
S 1823587 301 101656 0
S 1828586 301 101668 0
S 1833586 301 101665 0
S 1838586 301 101656 0
S 1843585 301 101665 0
S 1848585 301 101656 0
S 1853592 301 101665 0
S 1858584 301 101665 0
S 1863584 301 101665 0
S 1868584 301 101656 0
S 1873583 301 101656 0
S 1878583 301 101653 0
S 1883583 301 101665 0
S 1888590 301 101653 0
S 1893582 301 101665 0
S 1898582 301 101665 0
S 1903582 301 101665 0
S 1908581 301 101665 0
S 1913581 301 101665 0
S 1918581 301 101650 0
S 1923580 301 101665 0
S 1928580 301 101665 0
S 1933580 301 101653 0
S 1938579 301 101656 0
S 1943579 301 101656 0
S 1948579 301 101665 0
S 1953578 301 101653 0
S 1958578 301 101653 0
S 1963578 301 101656 0
S 1968578 301 101650 0
S 1973577 301 101665 0
S 1978577 301 101665 0
S 1983577 301 101665 0
S 1988576 301 101665 0
S 1993576 301 101665 0
S 1998576 301 101665 0
S 2003575 301 101665 0
S 2008582 301 101656 0
S 2013575 301 101653 0
S 2018574 301 101653 0
S 2023574 301 101653 0
S 2028574 301 101665 0
S 2033573 301 101650 0
S 2038573 301 101665 0
S 2048573 301 101668 0
S 2053572 301 101668 0
S 2058572 301 101653 0
S 2063572 301 101668 0
S 2068571 301 101668 0
S 2073571 301 101656 0
S 2078571 301 101668 0
S 2083570 301 101668 0
S 2088570 301 101668 0
S 2093570 301 101668 0
S 2098569 301 101668 0
S 2103569 301 101659 0
S 2108569 301 101668 0
S 2113568 301 101668 0
S 2118568 301 101668 0
S 2123568 301 101656 0
S 2128568 301 101668 0
S 2133567 301 101668 0
S 2138567 301 101668 0
S 2143567 301 101668 0
S 2148566 301 101668 0
S 2153566 301 101659 0
S 2158566 301 101668 0
S 2163565 301 101662 0
S 2168565 301 101656 0
S 2173565 301 101668 0
S 2178564 301 101671 0
S 2183564 301 101668 0
S 2188564 301 101674 0
S 2193563 301 101653 0
S 2198570 301 101668 0
S 2203563 301 101668 0
S 2208563 301 101659 0
S 2213562 301 101656 0
S 2218562 301 101668 0
S 2223562 301 101656 0
S 2228561 301 101668 0
S 2233568 301 101668 0
S 2238561 301 101668 0
S 2243560 301 101656 0
S 2248560 301 101668 0
S 2253560 301 101668 0
S 2258559 301 101668 0
S 2263559 301 101653 0
S 2268559 301 101668 0
S 2273558 301 101668 0
S 2278558 301 101668 0
S 2283558 301 101668 0
S 2288558 301 101668 0
S 2293557 301 101653 0
S 2298557 301 101659 0
S 2303557 301 101656 0
S 2308556 301 101656 0
S 2313556 301 101650 0
S 2318556 301 101656 0
S 2323555 301 101659 0
S 2328555 301 101656 0
S 2333555 301 101668 0
S 2338554 301 101668 0
S 2343554 301 101653 0
S 2348554 301 101668 0
S 2353553 301 101668 0
S 2358553 301 101650 0
S 2363553 301 101656 0
S 2368553 301 101656 0
S 2373552 301 101659 0
S 2378552 301 101659 0
S 2383552 301 101668 0
S 2388558 301 101668 0
S 2393551 301 101668 0
S 2398551 301 101659 0
S 2403550 301 101656 0
S 2408550 301 101668 0
S 2413550 301 101668 0
S 2418549 301 101668 0
S 2423549 301 101668 0
S 2428549 301 101659 0
S 2433548 301 101668 0
S 2438548 301 101656 0
S 2443548 301 101656 0
S 2448548 301 101668 0
S 2453547 301 101668 0
S 2458547 301 101659 0
S 2463547 301 101668 0
S 2468546 301 101671 0
S 2473546 301 101668 0
S 2478546 301 101659 0
S 2483545 301 101656 0
S 2488545 301 101668 0
S 2493545 301 101656 0
S 2498544 301 101668 0
S 2503544 301 101668 0
S 2508544 301 101659 0
S 2513543 301 101668 0
S 2518543 301 101668 0
S 2523543 301 101668 0
S 2528543 301 101659 0
S 2533542 301 101650 0
S 2538542 301 101668 0
S 2543542 301 101656 0
S 2548541 301 101668 0
S 2553541 301 101668 0
S 2558541 301 101656 0
S 2586539 301 101669 1
S 2593538 301 101665 1
S 2600538 301 101669 1
S 2607538 301 101669 1
S 2614537 301 101663 1
S 2621537 301 101669 1
S 2628536 301 101662 1
S 2635536 301 101671 1
S 2642535 301 101669 1
S 2649535 301 101669 1
S 2656535 301 101669 1
S 2663534 301 101665 1
S 2670534 301 101669 1
S 2677533 301 101665 1
S 2684533 301 101662 1
S 2691532 301 101666 1
S 2698532 301 101657 1
S 2705531 301 101660 1
S 2712531 301 101657 1
S 2719531 301 101657 1
S 2726530 301 101665 1
S 2733530 301 101669 1
S 2740529 301 101666 1
S 2747529 301 101665 1
S 2754528 301 101663 1
S 2761528 301 101659 1
S 2768528 301 101665 1
S 2775527 301 101660 1
S 2782527 301 101662 1
S 2789526 301 101665 1
S 2796526 301 101662 1
S 2803525 301 101654 1
S 2810525 301 101657 1
S 2817524 301 101669 1
S 2824524 301 101665 1
S 2831524 301 101663 1
S 2838523 301 101657 1
S 2845523 301 101660 1
S 2852522 301 101653 1
S 2859522 301 101657 1
S 2866521 301 101659 1
S 2873521 301 101666 1
S 2880521 301 101669 1
S 2887520 301 101659 1
S 2894520 301 101657 1
S 2901519 301 101665 1
S 2908519 301 101659 1
S 2915518 301 101663 1
S 2922518 301 101663 1
S 2929517 301 101659 1
S 2936517 301 101662 1
S 2943517 301 101663 1
S 2950516 301 101657 1
S 2957516 301 101663 1
S 2964515 301 101659 1
S 2971515 301 101657 1
S 2978514 301 101659 1
S 2985514 301 101653 1
S 2992514 301 101660 1
S 2999513 301 101669 1
S 3006513 301 101653 1
S 3013512 301 101657 1
S 3020512 301 101654 1
S 3027511 301 101656 1
S 3034511 301 101656 1
S 3041510 301 101657 1
S 3048510 301 101653 1
S 3060509 302 101672 1
S 3067509 302 101671 1
S 3074508 302 101660 1
S 3081508 302 101666 1
S 3088508 302 101672 1
S 3095507 302 101666 1
S 3102507 302 101663 1
S 3109506 302 101666 1
S 3116506 302 101671 1
S 3123505 302 101672 1
S 3130505 302 101663 1
S 3137504 302 101668 1
S 3144504 302 101663 1
S 3151504 302 101663 1
S 3158503 302 101671 1
S 3165503 302 101662 1
S 3172502 302 101662 1
S 3179502 302 101668 1
S 3186501 302 101663 1
S 3193501 302 101669 1
S 3200501 302 101662 1
S 3207500 302 101662 1
S 3214500 302 101663 1
S 3221499 302 101666 1
S 3228499 302 101666 1
S 3235498 302 101668 1
S 3242498 302 101672 1
S 3249497 302 101668 1
S 3256497 302 101665 1
S 3263497 302 101665 1
S 3270496 302 101662 1
S 3277496 302 101669 1
S 3284495 302 101662 1
S 3291495 302 101665 1
S 3298494 302 101672 1
S 3305494 302 101663 1
S 3312494 302 101657 1
S 3319493 302 101660 1
S 3326493 302 101665 1
S 3333492 302 101663 1
S 3340492 302 101666 1
S 3347491 302 101660 1
S 3354491 302 101660 1
S 3361490 302 101666 1
S 3368490 302 101660 1
S 3375490 302 101665 1
S 3382489 302 101663 1
S 3389489 302 101677 1
S 3396488 302 101666 1
S 3403488 302 101672 1
S 3410487 302 101677 1
S 3417487 302 101666 1
S 3424487 302 101663 1
S 3431486 302 101665 1
S 3438486 302 101659 1
S 3445485 302 101665 1
S 3452485 302 101666 1
S 3459484 302 101662 1
S 3466484 302 101660 1
S 3473483 302 101665 1
S 3480483 302 101668 1
S 3487483 302 101662 1
S 3494482 302 101663 1
S 3501482 302 101662 1
S 3508481 302 101665 1
S 3515481 302 101665 1
S 3522480 302 101663 1
S 3529480 302 101663 1
S 3536480 302 101666 1
S 3543479 302 101663 1
S 3550479 302 101663 1
S 3557478 302 101663 1
S 3564478 302 101663 1
S 3571477 302 101665 1
S 3578477 302 101662 1
S 3585476 302 101659 1
S 3592476 302 101663 1
S 3599476 302 101666 1
S 3606475 302 101662 1
S 3613475 302 101672 1
S 3620474 302 101672 1
S 3627474 302 101662 1
S 3634473 302 101668 1
S 3641473 302 101663 1
S 3648473 302 101666 1
S 3655472 302 101659 1
S 3662472 302 101665 1
S 3669471 302 101665 1
S 3676471 302 101671 1
S 3683470 302 101666 1
S 3690470 302 101666 1
S 3697469 302 101662 1
S 3704469 302 101660 1
S 3711469 302 101672 1
S 3718468 302 101665 1
S 3725468 302 101671 1
S 3732467 302 101666 1
S 3739467 302 101671 1
S 3746466 302 101671 1
S 3753466 302 101668 1
S 3760466 302 101672 1
S 3767465 302 101663 1
S 3774465 302 101672 1
S 3781464 302 101672 1
S 3788464 302 101663 1
S 3795463 302 101657 1
S 3802463 302 101662 1
S 3809462 302 101662 1
S 3816462 302 101666 1
S 3823462 302 101669 1
S 3830461 302 101666 1
S 3837461 302 101665 1
S 3844460 302 101671 1
S 3851460 302 101671 1
S 3858459 302 101669 1
S 3865459 302 101665 1
S 3872459 302 101665 1
S 3879458 302 101662 1
S 3886458 302 101663 1
S 3893457 302 101671 1
S 3900457 302 101666 1
S 3907456 302 101659 1
S 3914456 302 101663 1
S 3921455 302 101663 1
S 3928455 302 101657 1
S 3935455 302 101657 1
S 3942454 302 101659 1
S 3949454 302 101663 1
S 3956453 302 101662 1
S 3963453 302 101660 1
S 3970452 302 101666 1
S 3977452 302 101665 1
S 3984452 302 101665 1
S 3991451 302 101659 1
S 3998451 302 101669 1
S 4005450 302 101660 1
S 4012450 302 101663 1
S 4019449 302 101662 1
S 4026449 302 101665 1
S 4033448 302 101662 1
S 4040448 302 101660 1
S 4047448 302 101662 1
S 4054447 302 101659 1
S 4066446 302 101657 1
S 4073446 302 101666 1
S 4080446 302 101659 1
S 4087445 302 101660 1
S 4094445 302 101660 1
S 4101444 302 101668 1
S 4108444 302 101659 1
S 4115443 302 101666 1
S 4122443 302 101672 1
S 4129442 302 101672 1
S 4136442 302 101671 1
S 4143442 302 101665 1
S 4150441 302 101671 1
S 4157441 302 101662 1
S 4164440 302 101660 1
S 4171440 302 101665 1
S 4178439 302 101662 1
S 4185439 302 101656 1
S 4192439 302 101660 1
S 4199438 302 101657 1
S 4206438 302 101662 1
S 4213437 302 101662 1
S 4220437 302 101666 1
S 4227436 302 101665 1
S 4234436 302 101665 1
S 4241435 302 101663 1
S 4248435 302 101659 1
S 4255435 302 101659 1
S 4262434 302 101665 1
S 4269434 302 101657 1
S 4276433 302 101666 1
S 4283433 302 101663 1
S 4290432 302 101663 1
S 4297432 302 101659 1
S 4304432 302 101665 1
S 4311431 302 101657 1
S 4318431 302 101665 1
S 4325430 302 101663 1
S 4332430 302 101665 1
S 4339429 302 101665 1
S 4346429 302 101665 1
S 4353428 302 101669 1
S 4360428 302 101662 1
S 4367428 302 101666 1
S 4374427 302 101668 1
S 4381427 302 101669 1
S 4388426 302 101669 1
S 4395426 302 101665 1
S 4402425 302 101662 1
S 4409425 302 101659 1
S 4416425 302 101659 1
S 4423424 302 101657 1
S 4430424 302 101659 1
S 4437423 302 101654 1
S 4444423 302 101653 1
S 4451422 302 101656 1
S 4458422 302 101660 1
S 4465421 302 101657 1
S 4472421 302 101656 1
S 4479421 302 101656 1
S 4486420 302 101656 1
S 4493420 302 101660 1
S 4500419 302 101660 1
S 4507419 302 101656 1
S 4514418 302 101659 1
S 4521418 302 101660 1
S 4528418 302 101662 1
S 4535417 302 101668 1
S 4542417 302 101660 1
S 4549416 302 101663 1
S 4556416 302 101662 1
S 4563415 302 101657 1
S 4570415 302 101660 1
S 4577414 302 101659 1
S 4584414 302 101659 1
S 4591414 302 101659 1
S 4598413 302 101657 1
S 4605413 302 101665 1
S 4612412 302 101666 1
S 4619412 302 101659 1
S 4626411 302 101663 1
S 4633411 302 101660 1
S 4640411 302 101662 1
S 4647410 302 101662 1
S 4654410 302 101666 1
S 4661409 302 101659 1
S 4668409 302 101656 1
S 4675408 302 101663 1
S 4682408 302 101660 1
S 4689407 302 101660 1
S 4696407 302 101662 1
S 4703407 302 101656 1
S 4710406 302 101659 1
S 4717406 302 101654 1
S 4724405 302 101662 1
S 4731405 302 101659 1
S 4738404 302 101659 1
S 4745404 302 101665 1
S 4752404 302 101665 1
S 4759403 302 101662 1
S 4766403 302 101669 1
S 4773402 302 101663 1
S 4780402 302 101672 1
S 4787401 302 101666 1
S 4794401 302 101660 1
S 4801400 302 101657 1
S 4808400 302 101657 1
S 4815400 302 101659 1
S 4822399 302 101663 1
S 4829399 302 101663 1
S 4836398 302 101656 1
S 4843398 302 101659 1
S 4850397 302 101662 1
S 4857397 302 101656 1
S 4864397 302 101659 1
S 4871396 302 101657 1
S 4878396 302 101653 1
S 4885395 302 101662 1
S 4892395 302 101659 1
S 4899394 302 101657 1
S 4906394 302 101650 1
S 4913393 302 101666 1
S 4920393 302 101657 1
S 4927393 302 101660 1
S 4934392 302 101662 1
S 4941392 302 101656 1
S 4948391 302 101654 1
S 4955391 302 101659 1
S 4962390 302 101654 1
S 4969390 302 101665 1
S 4976390 302 101657 1
S 4983389 302 101659 1
S 4990389 302 101654 1
S 4997388 302 101653 1
S 5004388 302 101656 1
S 5011387 302 101654 1
S 5018387 302 101654 1
S 5025386 302 101657 1
S 5032386 302 101656 1
S 5039386 302 101659 1
S 5046385 302 101656 1
S 5053385 302 101662 1
S 5060384 302 101659 1
S 5072384 302 101659 1
S 5079383 302 101657 1
S 5086383 302 101659 1
S 5093382 302 101656 1
S 5100382 302 101657 1
S 5107381 302 101660 1
S 5114381 302 101660 1
S 5121380 302 101659 1
S 5128380 302 101654 1
S 5135380 302 101668 1
S 5142379 302 101660 1
S 5149379 302 101659 1
S 5156378 302 101660 1
S 5163378 302 101662 1
S 5170377 302 101659 1
S 5177377 302 101660 1
S 5184377 302 101659 1
S 5191376 302 101665 1
S 5198376 302 101657 1
S 5205375 302 101663 1
S 5212375 302 101662 1
S 5219374 302 101662 1
S 5226374 302 101662 1
S 5233373 302 101665 1
S 5240373 302 101662 1
S 5247373 302 101663 1
S 5254372 302 101663 1
S 5261372 302 101665 1
S 5268371 302 101660 1
S 5275371 302 101660 1
S 5282370 302 101662 1
S 5289370 302 101662 1
S 5296370 302 101659 1
S 5303369 302 101662 1
S 5310369 302 101659 1
S 5317368 302 101657 1
S 5324368 302 101657 1
S 5331367 302 101656 1
S 5338367 302 101659 1
S 5345366 302 101654 1
S 5352366 302 101656 1
S 5359366 302 101657 1
S 5366365 302 101662 1
S 5373365 302 101659 1
S 5380364 302 101660 1
S 5387364 302 101662 1
S 5394363 302 101657 1
S 5401363 302 101656 1
S 5408363 302 101656 1
S 5415362 302 101657 1
S 5422362 302 101657 1
S 5429361 302 101654 1
S 5436361 302 101656 1
S 5443360 302 101657 1
S 5450360 302 101656 1
S 5457359 302 101654 1
S 5464359 302 101659 1
S 5471359 302 101668 1
S 5478358 302 101659 1
S 5485358 302 101662 1
S 5492357 302 101659 1
S 5499357 302 101660 1
S 5506356 302 101660 1
S 5513356 302 101657 1
S 5520356 302 101665 1
S 5527355 302 101659 1
S 5534355 302 101662 1
S 5541354 302 101662 1
S 5548354 302 101663 1
S 5555353 302 101660 1
S 5562353 302 101665 1
S 5569352 302 101665 1
S 5576352 302 101666 1
S 5583352 302 101665 1
S 5590351 302 101662 1
S 5597351 302 101663 1
S 5604350 302 101660 1
S 5611350 302 101663 1
S 5618349 302 101666 1
S 5625349 302 101665 1
S 5632349 302 101657 1
S 5639348 302 101665 1
S 5646348 302 101659 1
S 5653347 302 101659 1
S 5660347 302 101657 1
S 5667346 302 101657 1
S 5674346 302 101660 1
S 5681345 302 101668 1
S 5688345 302 101665 1
S 5695345 302 101660 1
S 5702344 302 101663 1
S 5709344 302 101660 1
S 5716343 302 101663 1
S 5723343 302 101666 1
S 5730342 302 101662 1
S 5737342 302 101672 1
S 5744342 302 101672 1
S 5751341 302 101665 1
S 5758341 302 101668 1
S 5765340 302 101666 1
S 5772340 302 101665 1
S 5779339 302 101663 1
S 5786339 302 101666 1
S 5793338 302 101659 1
S 5800338 302 101665 1
S 5807338 302 101662 1
S 5814337 302 101669 1
S 5821337 302 101665 1
S 5828336 302 101660 1
S 5835336 302 101665 1
S 5842335 302 101665 1
S 5849335 302 101666 1
S 5856335 302 101659 1
S 5863334 302 101663 1
S 5870334 302 101662 1
S 5877333 302 101663 1
S 5884333 302 101669 1
S 5891332 302 101662 1
S 5898332 302 101660 1
S 5905331 302 101668 1
S 5912331 302 101665 1
S 5919331 302 101659 1
S 5926330 302 101659 1
S 5933330 302 101659 1
S 5940329 302 101659 1
S 5947329 302 101668 1
S 5954328 302 101657 1
S 5961328 302 101660 1
S 5968328 302 101659 1
S 5975327 302 101663 1
S 5982327 302 101662 1
S 5989326 302 101662 1
S 5996326 302 101663 1
S 6003325 302 101663 1
S 6010325 302 101657 1
S 6017324 302 101662 1
S 6024324 302 101666 1
S 6031324 302 101660 1
S 6038323 302 101662 1
S 6045323 302 101659 1
S 6052322 302 101660 1
S 6059322 302 101663 1
S 6066321 302 101669 1
S 6078321 302 101669 1
S 6085320 302 101665 1
S 6092320 302 101663 1
S 6099319 302 101666 1
S 6143317 302 101656 2
S 6154316 302 101665 2
S 6165315 302 101663 2
S 6176315 302 101663 2
S 6187314 302 101666 2
S 6198313 302 101661 2
S 6209312 302 101663 2
S 6220312 302 101659 2
S 6231311 302 101659 2
S 6242310 302 101660 2
S 6253310 302 101665 2
S 6264309 302 101662 2
S 6275308 302 101666 2
S 6286308 302 101669 2
S 6297307 302 101666 2
S 6308306 302 101670 2
S 6319306 302 101667 2
S 6330305 302 101665 2
S 6341304 302 101660 2
S 6352304 302 101666 2
S 6363303 302 101663 2
S 6374302 302 101662 2
S 6385301 302 101664 2
S 6396301 302 101663 2
S 6407300 302 101664 2
S 6418299 302 101666 2
S 6429299 302 101661 2
S 6440298 302 101666 2
S 6451297 302 101664 2
S 6462297 302 101666 2
S 6473296 302 101666 2
S 6484295 302 101666 2
S 6495295 302 101662 2
S 6506294 302 101659 2
S 6517293 302 101665 2
S 6528293 302 101663 2
S 6539292 302 101669 2
S 6550291 302 101663 2
S 6561290 302 101664 2
S 6572290 302 101667 2
S 6583289 302 101664 2
S 6594288 302 101662 2
S 6605288 302 101667 2
S 6616287 302 101663 2
S 6627286 302 101671 2
S 6638286 302 101668 2
S 6649285 302 101669 2
S 6660284 302 101669 2
S 6671284 302 101663 2
S 6682283 302 101663 2
S 6693282 302 101663 2
S 6704282 302 101663 2
S 6715281 302 101667 2
S 6726280 302 101660 2
S 6737279 302 101660 2
S 6748279 302 101666 2
S 6759278 302 101665 2
S 6770277 302 101668 2
S 6781277 302 101664 2
S 6792276 302 101662 2
S 6803275 302 101662 2
S 6814275 302 101660 2
S 6825274 302 101664 2
S 6836273 302 101667 2
S 6847273 302 101666 2
S 6858272 302 101666 2
S 6869271 302 101666 2
S 6880271 302 101669 2
S 6891270 302 101670 2
S 6902269 302 101664 2
S 6913268 302 101662 2
S 6924268 302 101667 2
S 6935267 302 101663 2
S 6946266 302 101663 2
S 6957266 302 101671 2
S 6968265 302 101660 2
S 6979264 302 101665 2
S 6990264 302 101669 2
S 7001264 302 101669 2
S 7012262 302 101666 2
S 7023262 302 101664 2
S 7034261 302 101663 2
S 7045260 302 101669 2
S 7056260 302 101663 2
S 7067259 302 101664 2
S 7078258 302 101666 2
S 7094257 302 101669 2
S 7105256 302 101669 2
S 7116256 302 101673 2
S 7127255 302 101669 2
S 7138254 302 101666 2
S 7149254 302 101664 2
S 7160253 302 101661 2
S 7171252 302 101666 2
S 7182252 302 101668 2
S 7193251 302 101664 2
S 7204250 302 101672 2
S 7215250 302 101665 2
S 7226249 302 101673 2
S 7237248 302 101671 2
S 7248248 302 101668 2
S 7259247 302 101659 2
S 7270246 302 101674 2
S 7281245 302 101663 2
S 7292245 302 101668 2
S 7303244 302 101673 2
S 7314243 302 101670 2
S 7325243 302 101666 2
S 7336242 302 101669 2
S 7347241 302 101666 2
S 7358241 302 101660 2
S 7369240 302 101662 2
S 7380239 302 101664 2
S 7391239 302 101661 2
S 7402238 302 101663 2
S 7413237 302 101664 2
S 7424237 302 101666 2
S 7435236 302 101659 2
S 7446235 302 101664 2
S 7457234 302 101664 2
S 7468234 302 101660 2
S 7479233 302 101668 2
S 7490232 302 101664 2
S 7501232 302 101669 2
S 7512231 302 101669 2
S 7523230 302 101669 2
S 7534230 302 101670 2
S 7545229 302 101669 2
S 7556228 302 101675 2
S 7567228 302 101667 2
S 7578227 302 101666 2
S 7589226 302 101669 2
S 7600226 302 101675 2
S 7611225 302 101672 2
S 7622224 302 101668 2
S 7633223 302 101669 2
S 7644223 302 101666 2
S 7655222 302 101672 2
S 7666221 302 101678 2
S 7677221 302 101663 2
S 7688220 302 101664 2
S 7699219 302 101666 2
S 7710219 302 101662 2
S 7721218 302 101662 2
S 7732217 302 101666 2
S 7743217 302 101666 2
S 7754216 302 101667 2
S 7765215 302 101665 2
S 7776215 302 101663 2
S 7787214 302 101673 2
S 7798213 302 101667 2
S 7809212 302 101667 2
S 7820212 302 101667 2
S 7831211 302 101664 2
S 7842210 302 101668 2
S 7853210 302 101672 2
S 7864209 302 101663 2
S 7875208 302 101669 2
S 7886208 302 101666 2
S 7897207 302 101671 2
S 7908206 302 101674 2
S 7919206 302 101666 2
S 7930205 302 101674 2
S 7941204 302 101668 2
S 7952204 302 101664 2
S 7963203 302 101664 2
S 7974202 302 101665 2
S 7985201 302 101665 2
S 7996201 302 101663 2
S 8007200 302 101669 2
S 8018199 302 101663 2
S 8029199 302 101670 2
S 8040198 302 101665 2
S 8051197 302 101660 2
S 8062197 302 101659 2
S 8073196 302 101661 2
S 8084195 302 101664 2
S 8100194 302 101666 2
S 8111194 302 101664 2
S 8122193 302 101663 2
S 8133192 302 101663 2
S 8144192 302 101661 2
S 8155191 302 101660 2
S 8166190 302 101663 2
S 8177189 302 101656 2
S 8188189 302 101665 2
S 8199188 302 101669 2
S 8210187 302 101666 2
S 8221187 302 101663 2
S 8232186 302 101661 2
S 8243185 302 101662 2
S 8254185 302 101661 2
S 8265184 302 101661 2
S 8276183 302 101663 2
S 8287183 302 101666 2
S 8298182 302 101664 2
S 8309181 302 101663 2
S 8320181 302 101666 2
S 8331180 302 101667 2
S 8342179 302 101666 2
S 8353178 302 101674 2
S 8364178 302 101663 2
S 8375177 302 101664 2
S 8386176 302 101661 2
S 8397176 302 101661 2
S 8408175 302 101667 2
S 8419174 302 101662 2
S 8430174 302 101665 2
S 8441173 302 101661 2
S 8452172 302 101660 2
S 8463172 302 101661 2
S 8474171 302 101660 2
S 8485170 302 101669 2
S 8496170 302 101669 2
S 8507169 302 101669 2
S 8518168 302 101664 2
S 8529167 302 101661 2
S 8540167 302 101663 2
S 8551166 302 101660 2
S 8562165 302 101665 2
S 8573165 302 101664 2
S 8584164 302 101661 2
S 8595163 302 101659 2
S 8606163 302 101660 2
S 8617162 302 101662 2
S 8628161 302 101666 2
S 8639161 302 101669 2
S 8650160 302 101665 2
S 8661159 302 101666 2
S 8672159 302 101663 2
S 8683158 302 101669 2
S 8694157 302 101664 2
S 8705156 302 101663 2
S 8716156 302 101660 2
S 8727155 302 101662 2
S 8738154 302 101660 2
S 8749154 302 101660 2
S 8760153 302 101662 2
S 8771152 302 101661 2
S 8782152 302 101660 2
S 8793151 302 101663 2
S 8804150 302 101659 2
S 8815150 302 101654 2
S 8826149 302 101660 2
S 8837148 302 101659 2
S 8848148 302 101660 2
S 8859147 302 101658 2
S 8870146 302 101662 2
S 8881145 302 101661 2
S 8892145 302 101659 2
S 8903144 302 101656 2
S 8914143 302 101660 2
S 8925143 302 101660 2
S 8936142 302 101660 2
S 8947141 302 101657 2
S 8958141 302 101656 2
S 8969140 302 101661 2
S 8980139 302 101669 2
S 8991139 302 101658 2
S 9002139 302 101662 2
S 9013137 302 101657 2
S 9024137 302 101655 2
S 9035136 302 101660 2
S 9046135 302 101664 2
S 9057134 302 101658 2
S 9068134 302 101663 2
S 9079133 302 101660 2
S 9090132 302 101654 2
S 9106131 302 101671 2
S 9117131 302 101660 2
S 9128130 302 101662 2
S 9139129 302 101657 2
S 9150129 302 101656 2
S 9161128 302 101662 2
S 9172127 302 101669 2
S 9183127 302 101665 2
S 9194126 302 101669 2
S 9205125 302 101667 2
S 9216125 302 101663 2
S 9227124 302 101662 2
S 9238123 302 101663 2
S 9249122 302 101661 2
S 9260122 302 101664 2
S 9271121 302 101662 2
S 9282120 302 101660 2
S 9293120 302 101663 2
S 9304119 302 101660 2
S 9315118 302 101666 2
S 9326118 302 101666 2
S 9337117 302 101664 2
S 9348116 302 101660 2
S 9359116 302 101662 2
S 9370115 302 101669 2
S 9381114 302 101669 2
S 9392114 302 101661 2
S 9403113 302 101662 2
S 9414112 302 101658 2
S 9425111 302 101666 2
S 9436111 302 101659 2
S 9447110 302 101660 2
S 9458109 302 101663 2
S 9469109 302 101660 2
S 9480108 302 101665 2
S 9491107 302 101661 2
S 9502107 302 101659 2
S 9513106 302 101665 2
S 9524105 302 101665 2
S 9535105 302 101658 2
S 9546104 302 101662 2
S 9557103 302 101663 2
S 9568103 302 101658 2
S 9579102 302 101664 2
S 9590101 302 101663 2
S 9601100 302 101663 2
S 9612100 302 101662 2
S 9623099 302 101661 2
S 9634098 302 101662 2
S 9645098 302 101664 2
S 9656097 302 101663 2
S 9667096 302 101663 2
S 9678096 302 101663 2
S 9689095 302 101657 2
S 9700094 302 101660 2
S 9711094 302 101666 2
S 9722093 302 101657 2
S 9733092 302 101656 2
S 9744092 302 101658 2
S 9755091 302 101661 2
S 9766090 302 101657 2
S 9777089 302 101656 2
S 9788089 302 101663 2
S 9799088 302 101656 2
S 9810087 302 101662 2
S 9821087 302 101659 2
S 9832086 302 101657 2
S 9843085 302 101660 2
S 9854085 302 101660 2
S 9865084 302 101660 2
S 9876083 302 101654 2
S 9887083 302 101664 2
S 9898082 302 101663 2
S 9909081 302 101662 2
S 9920081 302 101659 2
S 9931080 302 101663 2
S 9942079 302 101660 2
S 9953078 302 101658 2
S 9964078 302 101660 2
S 9975077 302 101660 2
S 9986076 302 101663 2
S 9997076 302 101661 2
S 10008075 302 101660 2
S 10019074 302 101666 2
S 10030074 302 101666 2
S 10041073 302 101662 2
S 10052072 302 101663 2
S 10063072 302 101659 2
S 10074071 302 101661 2
S 10085070 302 101661 2
S 10096070 302 101663 2
S 10112069 302 101663 2
S 10123068 302 101663 2
S 10134067 302 101663 2
S 10145066 302 101662 2
S 10156066 302 101669 2
S 10167065 302 101660 2
S 10178064 302 101665 2
S 10189064 302 101664 2
S 10200063 302 101665 2
S 10211062 302 101662 2
S 10222062 302 101665 2
S 10233061 302 101664 2
S 10244060 302 101663 2
S 10255060 302 101660 2
S 10266059 302 101666 2
S 10277058 302 101669 2
S 10288058 302 101665 2
S 10299057 302 101664 2
S 10310056 302 101666 2
S 10321055 302 101662 2
S 10332055 302 101663 2
S 10343054 302 101661 2
S 10354053 302 101659 2
S 10365053 302 101662 2
S 10376052 302 101663 2
S 10387051 302 101663 2
S 10398051 302 101665 2
S 10409050 302 101663 2
S 10420049 302 101660 2
S 10431049 302 101657 2
S 10442048 302 101661 2
S 10453047 302 101658 2
S 10464047 302 101660 2
S 10475046 302 101660 2
S 10486045 302 101661 2
S 10497044 302 101663 2
S 10508044 302 101660 2
S 10519043 302 101668 2
S 10530042 302 101661 2
S 10541042 302 101663 2
S 10552041 302 101661 2
S 10563040 302 101661 2
S 10574040 302 101664 2
S 10585039 302 101661 2
S 10596038 302 101664 2
S 10607038 302 101660 2
S 10618037 302 101663 2
S 10629036 302 101667 2
S 10640036 302 101665 2
S 10651035 302 101663 2
S 10662034 302 101662 2
S 10673033 302 101665 2
S 10684033 302 101661 2
S 10695032 302 101663 2
S 10706031 302 101666 2
S 10717031 302 101669 2
S 10728030 302 101664 2
S 10739029 302 101660 2
S 10750029 302 101662 2
S 10761028 302 101660 2
S 10772027 302 101660 2
S 10783027 302 101657 2
S 10794026 302 101660 2
S 10805025 302 101664 2
S 10816025 302 101664 2
S 10827024 302 101658 2
S 10838023 302 101663 2
S 10849022 302 101663 2
S 10860022 302 101665 2
S 10871021 302 101666 2
S 10882020 302 101663 2
S 10893020 302 101664 2
S 10904019 302 101662 2
S 10915018 302 101665 2
S 10926018 302 101663 2
S 10937017 302 101660 2
S 10948016 302 101658 2
S 10959016 302 101657 2
S 10970015 302 101657 2
S 10981014 302 101659 2
S 10992014 302 101659 2
S 11003013 302 101656 2
S 11014012 302 101658 2
S 11025011 302 101669 2
S 11036011 302 101659 2
S 11047010 302 101667 2
S 11058009 302 101660 2
S 11069009 302 101665 2
S 11080008 302 101663 2
S 11091007 302 101659 2
S 11102007 302 101658 2
S 11118006 302 101659 2
S 11129005 302 101660 2
S 11140004 302 101657 2
S 11151004 302 101660 2
S 11162003 302 101668 2
S 11173002 302 101659 2
S 11184002 302 101657 2
S 11195001 302 101654 2
S 11206000 302 101656 2
S 11216999 302 101655 2
S 11227999 302 101659 2
S 11238998 302 101659 2
S 11249997 302 101658 2
S 11260997 302 101655 2
S 11271996 302 101660 2
S 11282995 302 101657 2
S 11293995 302 101657 2
S 11304994 302 101666 2
S 11315993 302 101657 2
S 11326993 302 101657 2
S 11337992 302 101663 2
S 11348991 302 101654 2
S 11359991 302 101657 2
S 11370990 302 101663 2
S 11381989 302 101662 2
S 11392988 302 101663 2
S 11403988 302 101662 2
S 11414987 302 101660 2
S 11425986 302 101660 2
S 11436986 302 101657 2
S 11447985 302 101657 2
S 11458984 302 101656 2
S 11469984 302 101657 2
S 11480983 302 101668 2
S 11491982 302 101659 2
S 11502982 302 101657 2
S 11513981 302 101659 2
S 11524980 302 101665 2
S 11535980 302 101665 2
S 11546979 302 101660 2
S 11557978 302 101660 2
S 11568977 302 101662 2
S 11579977 302 101661 2
S 11590976 302 101663 2
S 11601975 302 101662 2
S 11612975 302 101660 2
S 11623974 302 101658 2
S 11634973 302 101659 2
S 11645973 302 101660 2
S 11656972 302 101664 2
S 11732967 302 101663 3
S 11751966 302 101657 3
S 11770965 302 101659 3
S 11789964 302 101660 3
S 11808962 302 101653 3
S 11827961 302 101659 3
S 11846960 302 101660 3
S 11865959 302 101657 3
S 11884958 302 101654 3
S 11903957 302 101657 3
S 11922955 302 101657 3
S 11941954 302 101651 3
S 11960953 302 101656 3
S 11979952 302 101654 3
S 11998951 302 101657 3
S 12017949 302 101657 3
S 12036948 302 101659 3
S 12055947 302 101657 3
S 12074946 302 101659 3
S 12093945 302 101657 3
S 12112943 302 101659 3
S 12135942 302 101666 3
S 12154941 302 101666 3
S 12173940 302 101665 3
S 12192938 302 101663 3
S 12211937 302 101663 3
S 12230936 302 101662 3
S 12249935 302 101662 3
S 12268934 302 101662 3
S 12287933 302 101663 3
S 12306931 302 101661 3
S 12325930 302 101662 3
S 12344929 302 101663 3
S 12363928 302 101662 3
S 12382927 302 101662 3
S 12401925 302 101659 3
S 12420924 302 101655 3
S 12439923 302 101655 3
S 12458922 302 101661 3
S 12477921 302 101663 3
S 12496919 302 101661 3
S 12515918 302 101663 3
S 12534917 302 101665 3
S 12553916 302 101663 3
S 12572915 302 101656 3
S 12591914 302 101658 3
S 12610912 302 101661 3
S 12629911 302 101661 3
S 12648910 302 101657 3
S 12667909 302 101662 3
S 12686908 302 101660 3
S 12705906 302 101655 3
S 12724905 302 101657 3
S 12743904 302 101662 3
S 12762903 302 101656 3
S 12781902 302 101663 3
S 12800900 302 101667 3
S 12819899 302 101662 3
S 12838898 302 101661 3
S 12857897 302 101667 3
S 12876896 302 101665 3
S 12895895 302 101666 3
S 12914893 302 101667 3
S 12933892 302 101664 3
S 12952891 302 101662 3
S 12971890 302 101666 3
S 12990889 302 101666 3
S 13009887 302 101663 3
S 13028886 302 101661 3
S 13047885 302 101662 3
S 13066884 302 101654 3
S 13085883 302 101658 3
S 13104881 302 101663 3
S 13123880 302 101659 3
S 13146879 302 101661 3
S 13165878 302 101661 3
S 13184876 302 101658 3
S 13203875 302 101657 3
S 13222874 302 101649 3
S 13241873 302 101658 3
S 13260872 302 101655 3
S 13279871 302 101659 3
S 13298869 302 101657 3
S 13317868 302 101661 3
S 13336867 302 101661 3
S 13355866 302 101661 3
S 13374865 302 101660 3
S 13393863 302 101658 3
S 13412862 302 101661 3
S 13431861 302 101660 3
S 13450860 302 101661 3
S 13469859 302 101661 3
S 13488857 302 101657 3
S 13507856 302 101661 3
S 13526855 302 101660 3
S 13545854 302 101655 3
S 13564853 302 101659 3
S 13583852 302 101658 3
S 13602850 302 101658 3
S 13621849 302 101656 3
S 13640848 302 101656 3
S 13659847 302 101656 3
S 13678846 302 101653 3
S 13697844 302 101656 3
S 13716843 302 101658 3
S 13735842 302 101657 3
S 13754841 302 101654 3
S 13773840 302 101658 3
S 13792838 302 101656 3
S 13811837 302 101657 3
S 13830836 302 101658 3
S 13849835 302 101656 3
S 13868834 302 101661 3
S 13887833 302 101662 3
S 13906831 302 101663 3
S 13925830 302 101662 3
S 13944829 302 101661 3
S 13963828 302 101658 3
S 13982827 302 101655 3
S 14001826 302 101658 3
S 14020824 302 101652 3
S 14039823 302 101659 3
S 14058822 302 101659 3
S 14077821 302 101661 3
S 14096819 302 101661 3
S 14115818 302 101660 3
S 14134817 302 101656 3
S 14157815 302 101663 3
S 14176814 302 101661 3
S 14195813 302 101658 3
S 14214812 302 101658 3
S 14233811 302 101662 3
S 14252810 302 101658 3
S 14271809 302 101662 3
S 14290807 302 101662 3
S 14309806 302 101665 3
S 14328805 302 101661 3
S 14347804 302 101663 3
S 14366803 302 101666 3
S 14385801 302 101668 3
S 14404800 302 101665 3
S 14423799 302 101665 3
S 14442798 302 101659 3
S 14461797 302 101658 3
S 14480795 302 101662 3
S 14499794 302 101664 3
S 14518793 302 101662 3
S 14537792 302 101663 3
S 14556791 302 101664 3
S 14575790 302 101663 3
S 14594788 302 101663 3
S 14613787 302 101665 3
S 14632786 302 101668 3
S 14651785 302 101668 3
S 14670784 302 101665 3
S 14689782 302 101666 3
S 14708781 302 101663 3
S 14727780 302 101665 3
S 14746779 302 101658 3
S 14765778 302 101664 3
S 14784776 302 101664 3
S 14803775 302 101666 3
S 14822774 302 101663 3
S 14841773 302 101667 3
S 14860772 302 101665 3
S 14879771 302 101666 3
S 14898769 302 101661 3
S 14917768 302 101663 3
S 14936767 302 101659 3
S 14955766 302 101661 3
S 14974765 302 101662 3
S 14993763 302 101661 3
S 15012762 302 101663 3
S 15031761 302 101661 3
S 15050760 302 101659 3
S 15069759 302 101663 3
S 15088757 302 101661 3
S 15107756 302 101660 3
S 15126755 302 101662 3
S 15145754 302 101662 3
S 15168752 302 101661 3
S 15187751 302 101663 3
S 15206750 302 101659 3
S 15225749 302 101659 3
S 15244748 302 101657 3
S 15263747 302 101666 3
S 15282745 302 101664 3
S 15301744 302 101664 3
S 15320743 302 101665 3
S 15339742 302 101666 3
S 15358741 302 101665 3
S 15377739 302 101664 3
S 15396738 302 101667 3
S 15415737 302 101661 3
S 15434736 302 101658 3
S 15453735 302 101660 3
S 15472733 302 101659 3
S 15491732 302 101660 3
S 15510731 302 101662 3
S 15529730 302 101662 3
S 15548729 302 101658 3
S 15567728 302 101657 3
S 15586726 302 101664 3
S 15605725 302 101662 3
S 15624724 302 101662 3
S 15643723 302 101660 3
S 15662722 302 101657 3
S 15681720 302 101661 3
S 15700719 302 101664 3
S 15719718 302 101662 3
S 15738717 302 101659 3
S 15757716 302 101663 3
S 15776714 302 101659 3
S 15795713 302 101657 3
S 15814712 302 101660 3
S 15833711 302 101659 3
S 15852710 302 101663 3
S 15871709 302 101657 3
S 15890707 302 101660 3
S 15909706 302 101660 3
S 15928705 302 101663 3
S 15947704 302 101666 3
S 15966703 302 101666 3
S 15985701 302 101664 3
S 16004700 302 101666 3
S 16023699 302 101667 3
S 16042698 302 101663 3
S 16061697 302 101660 3
S 16080695 302 101664 3
S 16099694 302 101663 3
S 16118693 302 101663 3
S 16137692 302 101664 3
S 16156691 302 101663 3
S 16179689 302 101657 3
S 16198688 302 101660 3
S 16217687 302 101660 3
S 16236686 302 101658 3
S 16255685 302 101660 3
S 16274683 302 101665 3
S 16293682 302 101662 3
S 16312681 302 101665 3
S 16331680 302 101663 3
S 16350679 302 101663 3
S 16369677 302 101662 3
S 16388676 302 101661 3
S 16407675 302 101662 3
S 16426674 302 101665 3
S 16445673 302 101662 3
S 16464671 302 101655 3
S 16483670 302 101656 3
S 16502669 302 101654 3
S 16521668 302 101660 3
S 16540667 302 101657 3
S 16559666 302 101656 3
S 16578664 302 101657 3
S 16597663 302 101656 3
S 16616662 302 101661 3
S 16635661 302 101658 3
S 16654660 302 101660 3
S 16673658 302 101655 3
S 16692657 302 101656 3
S 16711656 302 101670 3
S 16730655 302 101664 3
S 16749654 302 101662 3
S 16768652 302 101664 3
S 16787651 302 101660 3
S 16806650 302 101662 3
S 16825649 302 101662 3
S 16844648 302 101661 3
S 16863647 302 101659 3
S 16882645 302 101665 3
S 16901644 302 101662 3
S 16920643 302 101663 3
S 16939642 302 101663 3
S 16958641 302 101664 3
S 16977639 302 101662 3
S 16996638 302 101663 3
S 17015637 302 101662 3
S 17034636 302 101660 3
S 17053635 302 101659 3
S 17072633 302 101661 3
S 17091632 302 101662 3
S 17110631 302 101662 3
S 17129630 302 101664 3
S 17148629 302 101660 3
S 17167628 302 101662 3
S 17190626 302 101664 3
S 17209625 302 101665 3
S 17228624 302 101665 3
S 17247623 302 101662 3
S 17266621 302 101665 3
S 17285620 302 101665 3
S 17304619 302 101660 3
S 17323618 302 101663 3
S 17342617 302 101660 3
S 17361615 302 101660 3
S 17380614 302 101661 3
S 17399613 302 101665 3
S 17418612 302 101659 3
S 17437611 302 101663 3
S 17456609 302 101664 3
S 17475608 302 101657 3
S 17494607 302 101660 3
S 17513606 302 101659 3
S 17532605 302 101659 3
S 17551604 302 101662 3
S 17570602 302 101663 3
S 17589601 302 101660 3
S 17608600 302 101663 3
S 17627599 302 101667 3
S 17646598 302 101663 3
S 17665596 302 101668 3
S 17684595 302 101665 3
S 17703594 302 101661 3
S 17722593 302 101667 3
S 17741592 302 101668 3
S 17760590 302 101663 3
S 17779589 302 101669 3
S 17798588 302 101664 3
S 17817587 302 101662 3
S 17836586 302 101662 3
S 17855585 302 101667 3
S 17874583 302 101663 3
S 17893582 302 101660 3
S 17912581 302 101662 3
S 17931580 302 101666 3
S 17950579 302 101664 3
S 17969577 302 101665 3
S 17988576 302 101666 3
S 18007575 302 101667 3
S 18026574 302 101663 3
S 18045573 302 101667 3
S 18064571 302 101667 3
S 18083570 302 101666 3
S 18102569 302 101671 3
S 18121568 302 101669 3
S 18140567 302 101669 3
S 18159566 302 101675 3
S 18178564 302 101664 3
S 18201563 301 101659 3
S 18220562 301 101659 3
S 18239561 301 101665 3
S 18258559 301 101664 3
S 18277558 301 101661 3
S 18296557 301 101663 3
S 18315556 301 101667 3
S 18334555 301 101663 3
S 18353553 301 101667 3
S 18372552 301 101664 3
S 18391551 301 101667 3
S 18410550 301 101666 3
S 18429549 301 101661 3
S 18448547 301 101662 3
S 18467546 301 101659 3
S 18486545 301 101661 3
S 18505544 301 101660 3
S 18524543 301 101662 3
S 18543542 301 101666 3
S 18562540 301 101664 3
S 18581539 301 101661 3
S 18600538 301 101664 3
S 18619537 301 101663 3
S 18638536 301 101662 3
S 18657534 301 101664 3
S 18676533 301 101668 3
S 18695532 301 101668 3
S 18714531 301 101669 3
S 18733530 301 101670 3
S 18752528 301 101666 3
S 18771527 301 101668 3
S 18790526 301 101667 3
S 18809525 301 101670 3
S 18828524 301 101667 3
S 18847523 301 101668 3
S 18866521 301 101670 3
S 18885520 301 101668 3
S 18904519 301 101667 3
S 18923518 301 101667 3
S 18942517 301 101662 3
S 18961515 301 101666 3
S 18980514 301 101664 3
S 18999513 301 101665 3
S 19018512 301 101666 3
S 19037511 301 101661 3
S 19056509 301 101667 3
S 19075508 301 101666 3
S 19094507 301 101670 3
S 19113506 301 101663 3
S 19132505 301 101668 3
S 19151504 301 101667 3
S 19170502 301 101664 3
S 19189501 301 101669 3
S 19212500 301 101662 3
S 19231499 301 101659 3
S 19250497 301 101662 3
S 19269496 301 101663 3
S 19288495 301 101665 3
S 19307494 301 101661 3
S 19326493 301 101657 3
S 19345491 301 101658 3
S 19364490 301 101663 3
S 19383489 301 101664 3
S 19402488 301 101662 3
S 19421487 301 101660 3
S 19440485 301 101659 3
S 19459484 301 101658 3
S 19478483 301 101659 3
S 19497482 301 101657 3
S 19516481 301 101661 3
S 19535480 301 101657 3
S 19554478 301 101660 3
S 19573477 301 101663 3
S 19592476 301 101663 3
S 19611475 301 101655 3
S 19630474 301 101660 3
S 19649472 301 101661 3
S 19668471 301 101665 3
S 19687470 301 101662 3
S 19706469 301 101663 3
S 19725468 301 101664 3
S 19744466 301 101666 3
S 19763465 301 101665 3
S 19782464 301 101662 3
S 19801463 301 101664 3
S 19820462 301 101663 3
S 19839461 301 101663 3
S 19858459 301 101659 3
S 19877458 301 101662 3
S 19896457 301 101665 3
S 19915456 301 101666 3
S 19934455 301 101665 3
S 19953453 301 101663 3
S 19972452 301 101662 3
S 19991451 301 101665 3
S 20010450 301 101665 3
S 20029449 301 101665 3
S 20048447 301 101662 3
S 20067446 301 101666 3
S 20086445 301 101663 3
S 20105444 301 101665 3
S 20124443 301 101665 3
