# capture_start_utc=2026-08-30T11:12:47Z
S 6140317 287 101738 2
S 6151316 287 101737 2
S 6162315 287 101737 2
S 6173315 287 101737 2
S 6184314 287 101734 2
S 6195313 287 101731 2
S 6206313 287 101731 2
S 6217312 287 101736 2
S 6228311 287 101736 2
S 6239311 287 101731 2
S 6250310 287 101734 2
S 6261309 287 101735 2
[[DEBUG]] Starting [[SENSOR TASK]]
[SELFTEST] compensate: T=150 (exp 150)  P=69964 (exp 69964)  -> PASS
[[DEBUG]] bus recovery on /dev/i2c-1 -> PASS
#BMP180 v1 fw=1.5.0 temp_ms=1000
[[DEBUG]] BMP180 registered on /dev/bmp180-0
S 50697 287 101727 0
S 55697 287 101736 0
S 60697 287 101739 0
S 65697 287 101736 0
S 70696 287 101730 0
S 75696 287 101733 0
S 80696 287 101733 0
S 85695 287 101736 0
S 90695 287 101736 0
S 95695 287 101733 0
S 100694 287 101736 0
S 105694 287 101739 0
S 110694 287 101733 0
S 115693 287 101736 0
S 120693 287 101730 0
S 125693 287 101736 0
S 130692 287 101739 0
S 135692 287 101736 0
S 140692 287 101733 0
S 145692 287 101736 0
S 150691 287 101730 0
S 155691 287 101730 0
S 160691 287 101730 0
S 165690 287 101739 0
S 170690 287 101727 0
S 175690 287 101742 0
S 180689 287 101730 0
S 185689 287 101733 0
S 190689 287 101739 0
S 195688 287 101742 0
S 200688 287 101739 0
S 205688 287 101730 0
S 210687 287 101736 0
S 215687 287 101739 0
S 220687 287 101736 0
S 225687 287 101733 0
S 230686 287 101736 0
S 235686 287 101736 0
S 240686 287 101733 0
S 245685 287 101736 0
S 250685 287 101733 0
S 255685 287 101736 0
S 260684 287 101742 0
S 265684 287 101742 0
S 270684 287 101730 0
S 275683 287 101736 0
S 280683 287 101733 0
S 285683 287 101736 0
S 290682 287 101733 0
S 295682 287 101727 0
S 300682 287 101736 0
S 305682 287 101727 0
S 310681 287 101733 0
S 315681 287 101739 0
S 320681 287 101733 0
S 325680 287 101730 0
S 330680 287 101730 0
S 335680 287 101736 0
S 340679 287 101730 0
S 345679 287 101730 0
S 350679 287 101730 0
S 355678 287 101736 0
S 360678 287 101736 0
S 365678 287 101739 0
S 370677 287 101733 0
S 375677 287 101733 0
S 380677 287 101739 0
S 385677 287 101736 0
S 390676 287 101733 0
S 395676 287 101733 0
S 400676 287 101736 0
S 405675 287 101736 0
S 410675 287 101733 0
S 415675 287 101727 0
S 420674 287 101736 0
S 425674 287 101736 0
S 430674 287 101736 0
S 435673 287 101736 0
S 440673 287 101733 0
S 445673 287 101733 0
S 450672 287 101727 0
S 455672 287 101733 0
S 460672 287 101739 0
S 465672 287 101733 0
S 470671 287 101739 0
S 475671 287 101733 0
S 480671 287 101730 0
S 485670 287 101739 0
S 490670 287 101736 0
S 495670 287 101736 0
S 500669 287 101730 0
S 505669 287 101730 0
S 510669 287 101733 0
S 515668 287 101730 0
S 520668 287 101739 0
S 525668 287 101739 0
S 530667 287 101733 0
S 535667 287 101736 0
S 540667 287 101736 0
S 545667 287 101730 0
S 550666 287 101733 0
S 555666 287 101739 0
S 560666 287 101736 0
S 565665 287 101736 0
S 570665 287 101724 0
S 575665 287 101733 0
S 580664 287 101736 0
S 585664 287 101730 0
S 590664 287 101730 0
S 595663 287 101727 0
S 600663 287 101730 0
S 605663 287 101736 0
S 610662 287 101736 0
S 615662 287 101733 0
S 620662 287 101727 0
S 625662 287 101727 0
S 630661 287 101721 0
S 635661 287 101727 0
S 640661 287 101730 0
S 645660 287 101733 0
S 650660 287 101739 0
S 655660 287 101739 0
S 660659 287 101727 0
S 665659 287 101727 0
S 670659 287 101736 0
S 675658 287 101733 0
S 680658 287 101727 0
S 685658 287 101736 0
S 690657 287 101733 0
S 695657 287 101733 0
S 700657 287 101724 0
S 705657 287 101736 0
S 710656 287 101733 0
S 715656 287 101736 0
S 720656 287 101730 0
S 725655 287 101733 0
S 730655 287 101727 0
S 735655 287 101730 0
S 740654 287 101727 0
S 745654 287 101721 0
S 750654 287 101727 0
S 755653 287 101727 0
S 760653 287 101724 0
S 765653 287 101724 0
S 770652 287 101727 0
S 775652 287 101736 0
S 780652 287 101736 0
S 785652 287 101727 0
S 790651 287 101730 0
S 795651 287 101733 0
S 800651 287 101727 0
S 805650 287 101733 0
S 810650 287 101727 0
S 815650 287 101727 0
S 820649 287 101727 0
S 825649 287 101733 0
S 830649 287 101733 0
S 835648 287 101733 0
S 840648 287 101733 0
S 845648 287 101730 0
S 850647 287 101736 0
S 855647 287 101727 0
S 860647 287 101730 0
S 865647 287 101736 0
S 870646 287 101730 0
S 875646 287 101730 0
S 880646 287 101730 0
S 885645 287 101727 0
S 890645 287 101730 0
S 895645 287 101727 0
S 900644 287 101730 0
S 905644 287 101733 0
S 910644 287 101730 0
S 915643 287 101730 0
S 920643 287 101733 0
S 925643 287 101733 0
S 930642 287 101739 0
S 935642 287 101730 0
S 940642 287 101739 0
S 945642 287 101730 0
S 950641 287 101736 0
S 955641 287 101736 0
S 960641 287 101739 0
S 965640 287 101739 0
S 970640 287 101739 0
S 975640 287 101742 0
S 980639 287 101739 0
S 985639 287 101736 0
S 990639 287 101736 0
S 995638 287 101742 0
S 1000639 287 101733 0
S 1005638 287 101733 0
S 1010637 287 101724 0
S 1015637 287 101736 0
S 1020637 287 101733 0
S 1025644 287 101742 0
S 1030636 287 101739 0
S 1040636 287 101745 0
S 1045635 287 101742 0
S 1050635 287 101736 0
S 1055635 287 101736 0
S 1060641 287 101736 0
S 1065634 287 101730 0
S 1070634 287 101736 0
S 1075633 287 101730 0
S 1080633 287 101733 0
S 1085633 287 101736 0
S 1090632 287 101736 0
S 1095639 287 101736 0
S 1100632 287 101736 0
S 1105632 287 101733 0
S 1110631 287 101733 0
S 1115631 287 101736 0
S 1120631 287 101736 0
S 1125630 287 101736 0
S 1130630 287 101733 0
S 1135630 287 101736 0
S 1140629 287 101730 0
S 1145629 287 101727 0
S 1150629 287 101736 0
S 1155628 287 101736 0
S 1160628 287 101730 0
S 1165628 287 101736 0
S 1170627 287 101736 0
S 1175627 287 101733 0
S 1180634 287 101733 0
S 1185627 287 101727 0
S 1190626 287 101733 0
S 1195626 287 101724 0
S 1200626 287 101724 0
S 1205625 287 101742 0
S 1210625 287 101736 0
S 1215632 287 101736 0
S 1220624 287 101730 0
S 1225624 287 101733 0
S 1230624 287 101736 0
S 1235623 287 101727 0
S 1240623 287 101742 0
S 1245623 287 101739 0
S 1250630 287 101736 0
S 1255622 287 101736 0
S 1260622 287 101736 0
S 1265622 287 101736 0
S 1270621 287 101739 0
S 1275621 287 101736 0
S 1280621 287 101739 0
S 1285620 287 101745 0
S 1290620 287 101733 0
S 1295620 287 101736 0
S 1300619 287 101733 0
S 1305619 287 101736 0
S 1310619 287 101739 0
S 1315618 287 101730 0
S 1320618 287 101739 0
S 1325618 287 101727 0
S 1330617 287 101730 0
S 1335624 287 101742 0
S 1340617 287 101724 0
S 1345617 287 101733 0
S 1350616 287 101733 0
S 1355616 287 101736 0
S 1360616 287 101742 0
S 1365615 287 101730 0
S 1370622 287 101736 0
S 1375615 287 101736 0
S 1380614 287 101736 0
S 1385614 287 101724 0
S 1390614 287 101733 0
S 1395613 287 101730 0
S 1400613 287 101727 0
S 1405620 287 101724 0
S 1410612 287 101736 0
S 1415612 287 101736 0
S 1420612 287 101730 0
S 1425612 287 101730 0
S 1430611 287 101736 0
S 1435611 287 101733 0
S 1440611 287 101730 0
S 1445610 287 101733 0
S 1450610 287 101724 0
S 1455610 287 101730 0
S 1460609 287 101727 0
S 1465609 287 101733 0
S 1470609 287 101739 0
S 1475608 287 101733 0
S 1480608 287 101724 0
S 1485608 287 101730 0
S 1490607 287 101733 0
S 1495607 287 101736 0
S 1500607 287 101733 0
S 1505607 287 101730 0
S 1510606 287 101736 0
S 1515606 287 101727 0
S 1520606 287 101742 0
S 1525612 287 101730 0
S 1530605 287 101736 0
S 1535605 287 101739 0
S 1540604 287 101739 0
S 1545604 287 101736 0
S 1550604 287 101730 0
S 1555603 287 101733 0
S 1560610 287 101733 0
S 1565603 287 101739 0
S 1570602 287 101736 0
S 1575602 287 101739 0
S 1580602 287 101730 0
S 1585602 287 101736 0
S 1590601 287 101736 0
S 1595601 287 101733 0
S 1600601 287 101736 0
S 1605600 287 101730 0
S 1610600 287 101733 0
S 1615600 287 101739 0
S 1620599 287 101730 0
S 1625599 287 101727 0
S 1630599 287 101733 0
S 1635598 287 101739 0
S 1640598 287 101742 0
S 1645598 287 101739 0
S 1650597 287 101733 0
S 1655597 287 101736 0
S 1660597 287 101736 0
S 1665597 287 101739 0
S 1670596 287 101736 0
S 1675596 287 101736 0
S 1680596 287 101736 0
S 1685595 287 101736 0
S 1690595 287 101736 0
S 1695595 287 101745 0
S 1700594 287 101736 0
S 1705594 287 101736 0
S 1710594 287 101730 0
S 1715600 287 101724 0
S 1720593 287 101730 0
S 1725593 287 101730 0
S 1730592 287 101736 0
S 1735592 287 101733 0
S 1740592 287 101733 0
S 1745592 287 101736 0
S 1750598 287 101736 0
S 1755591 287 101730 0
S 1760591 287 101736 0
S 1765590 287 101727 0
S 1770590 287 101736 0
S 1775590 287 101739 0
S 1780589 287 101730 0
S 1785589 287 101739 0
S 1790589 287 101742 0
S 1795588 287 101733 0
S 1800588 287 101730 0
S 1805588 287 101730 0
S 1810587 287 101730 0
S 1815587 287 101739 0
S 1820587 287 101730 0
S 1825587 287 101733 0
S 1830586 287 101730 0
S 1835586 287 101733 0
S 1840586 287 101730 0
S 1845585 287 101736 0
S 1850585 287 101730 0
S 1855585 287 101730 0
S 1860584 287 101733 0
S 1865584 287 101730 0
S 1870584 287 101742 0
S 1875583 287 101727 0
S 1880583 287 101724 0
S 1885583 287 101736 0
S 1890582 287 101730 0
S 1895582 287 101733 0
S 1900582 287 101730 0
S 1905589 287 101727 0
S 1910581 287 101730 0
S 1915581 287 101727 0
S 1920581 287 101730 0
S 1925580 287 101736 0
S 1930580 287 101730 0
S 1935580 287 101724 0
S 1940586 287 101730 0
S 1945579 287 101727 0
S 1950579 287 101733 0
S 1955578 287 101733 0
S 1960578 287 101733 0
S 1965578 287 101736 0
S 1970577 287 101739 0
S 1975577 287 101730 0
S 1980577 287 101733 0
S 1985577 287 101730 0
S 1990576 287 101733 0
S 1995576 287 101727 0
S 2000576 287 101736 0
S 2005575 287 101733 0
S 2010575 287 101727 0
S 2015575 287 101736 0
S 2020574 287 101730 0
S 2025574 287 101739 0
S 2030574 287 101736 0
S 2035573 287 101736 0
S 2045573 287 101739 0
S 2050572 287 101736 0
S 2055572 287 101736 0
S 2060572 287 101736 0
S 2065572 287 101730 0
S 2070571 287 101736 0
S 2075571 287 101739 0
S 2080571 287 101739 0
S 2085570 287 101730 0
S 2090570 287 101730 0
S 2095577 287 101736 0
S 2100569 287 101730 0
S 2105569 287 101736 0
S 2110569 287 101727 0
S 2115568 287 101739 0
S 2120568 287 101724 0
S 2125568 287 101730 0
S 2130575 287 101736 0
S 2135567 287 101733 0
S 2140567 287 101730 0
S 2145567 287 101730 0
S 2150566 287 101736 0
S 2155566 287 101730 0
S 2160566 287 101733 0
S 2165565 287 101736 0
S 2170565 287 101730 0
S 2175565 287 101733 0
S 2180564 287 101727 0
S 2185564 287 101733 0
S 2190564 287 101739 0
S 2195563 287 101736 0
S 2200563 287 101736 0
S 2205563 287 101730 0
S 2210562 287 101730 0
S 2215562 287 101730 0
S 2220562 287 101727 0
S 2225562 287 101727 0
S 2230561 287 101733 0
S 2235561 287 101733 0
S 2240561 287 101727 0
S 2245560 287 101730 0
S 2250567 287 101727 0
S 2255560 287 101736 0
S 2260559 287 101727 0
S 2265559 287 101730 0
S 2270559 287 101724 0
S 2275558 287 101724 0
S 2280558 287 101715 0
S 2285565 287 101724 0
S 2290557 287 101724 0
S 2295557 287 101724 0
S 2300557 287 101736 0
S 2305557 287 101736 0
S 2310556 287 101736 0
S 2315556 287 101730 0
S 2320556 287 101730 0
S 2325555 287 101739 0
S 2330555 287 101736 0
S 2335555 287 101724 0
S 2340554 287 101727 0
S 2345554 287 101736 0
S 2350554 287 101727 0
S 2355553 287 101727 0
S 2360553 287 101733 0
S 2365553 287 101727 0
S 2370552 287 101736 0
S 2375552 287 101730 0
S 2380552 287 101736 0
S 2385552 287 101727 0
S 2390551 287 101724 0
S 2395551 287 101736 0
S 2400551 287 101730 0
S 2405550 287 101724 0
S 2410550 287 101727 0
S 2415550 287 101733 0
S 2420549 287 101727 0
S 2425549 287 101724 0
S 2430549 287 101736 0
S 2435548 287 101730 0
S 2440555 287 101733 0
S 2445548 287 101727 0
S 2450547 287 101727 0
S 2455547 287 101736 0
S 2460547 287 101730 0
S 2465547 287 101736 0
S 2470546 287 101730 0
S 2475553 287 101730 0
S 2480546 287 101730 0
S 2485545 287 101730 0
S 2490545 287 101730 0
S 2495545 287 101733 0
S 2500544 287 101727 0
S 2505544 287 101730 0
S 2510544 287 101727 0
S 2515543 287 101724 0
S 2520543 287 101727 0
S 2525543 287 101733 0
S 2530542 287 101730 0
S 2535542 287 101730 0
S 2540542 287 101730 0
S 2545542 287 101724 0
S 2550541 287 101721 0
S 2555541 287 101718 0
S 2583539 287 101730 1
S 2590539 287 101727 1
S 2597538 287 101724 1
S 2604538 287 101724 1
S 2611537 287 101722 1
S 2618537 287 101728 1
S 2625537 287 101727 1
S 2632536 287 101727 1
S 2639536 287 101722 1
S 2646535 287 101730 1
S 2653535 287 101730 1
S 2660534 287 101733 1
S 2667534 287 101730 1
S 2674533 287 101733 1
S 2681533 287 101725 1
S 2688533 287 101727 1
S 2695532 287 101721 1
S 2702532 287 101725 1
S 2709531 287 101725 1
S 2716531 287 101727 1
S 2723530 287 101722 1
S 2730530 287 101727 1
S 2737530 287 101722 1
S 2744529 287 101724 1
S 2751529 287 101722 1
S 2758528 287 101725 1
S 2765528 287 101721 1
S 2772527 287 101724 1
S 2779527 287 101728 1
S 2786526 287 101721 1
S 2793526 287 101730 1
S 2800526 287 101727 1
S 2807525 287 101721 1
S 2814525 287 101728 1
S 2821524 287 101728 1
S 2828524 287 101727 1
S 2835523 287 101730 1
S 2842523 287 101724 1
S 2849523 287 101724 1
S 2856522 287 101718 1
S 2863522 287 101724 1
S 2870521 287 101727 1
S 2877521 287 101724 1
S 2884520 287 101734 1
S 2891520 287 101727 1
S 2898519 287 101730 1
S 2905519 287 101724 1
S 2912519 287 101725 1
S 2919518 287 101724 1
S 2926518 287 101720 1
S 2933517 287 101725 1
S 2940517 287 101724 1
S 2947516 287 101724 1
S 2954516 287 101721 1
S 2961516 287 101721 1
S 2968515 287 101722 1
S 2975515 287 101718 1
S 2982514 287 101720 1
S 2989514 287 101722 1
S 2996513 287 101720 1
S 3003513 287 101720 1
S 3010512 287 101721 1
S 3017512 287 101722 1
S 3024512 287 101717 1
S 3031511 287 101724 1
S 3038511 287 101724 1
S 3045510 287 101722 1
S 3057510 287 101721 1
S 3064509 287 101725 1
S 3071509 287 101718 1
S 3078508 287 101715 1
S 3085508 287 101718 1
S 3092507 287 101722 1
S 3099507 287 101724 1
S 3106506 287 101721 1
S 3113506 287 101721 1
S 3120506 287 101725 1
S 3127505 287 101725 1
S 3134505 287 101730 1
S 3141504 287 101722 1
S 3148504 287 101725 1
S 3155503 287 101724 1
S 3162503 287 101720 1
S 3169503 287 101715 1
S 3176502 287 101720 1
S 3183502 287 101722 1
S 3190501 287 101717 1
S 3197501 287 101722 1
S 3204500 287 101727 1
S 3211500 287 101724 1
S 3218499 287 101724 1
S 3225499 287 101721 1
S 3232499 287 101728 1
S 3239498 287 101722 1
S 3246498 287 101728 1
S 3253497 287 101725 1
S 3260497 287 101724 1
S 3267496 287 101728 1
S 3274496 287 101721 1
S 3281496 287 101724 1
S 3288495 287 101724 1
S 3295495 287 101727 1
S 3302494 287 101728 1
S 3309494 287 101724 1
S 3316493 287 101724 1
S 3323493 287 101727 1
S 3330492 287 101727 1
S 3337492 287 101724 1
S 3344492 287 101722 1
S 3351491 287 101727 1
S 3358491 287 101724 1
S 3365490 287 101724 1
S 3372490 287 101720 1
S 3379489 287 101724 1
S 3386489 287 101720 1
S 3393489 287 101722 1
S 3400488 287 101725 1
S 3407488 287 101724 1
S 3414487 287 101722 1
S 3421487 287 101727 1
S 3428486 287 101731 1
S 3435486 287 101724 1
S 3442485 287 101724 1
S 3449485 287 101724 1
S 3456485 287 101725 1
S 3463484 287 101721 1
S 3470484 287 101728 1
S 3477483 287 101724 1
S 3484483 287 101728 1
S 3491482 287 101725 1
S 3498482 287 101720 1
S 3505482 287 101718 1
S 3512481 287 101722 1
S 3519481 287 101728 1
S 3526480 287 101724 1
S 3533480 287 101721 1
S 3540479 287 101725 1
S 3547479 287 101730 1
S 3554478 287 101724 1
S 3561478 287 101725 1
S 3568478 287 101722 1
S 3575477 287 101724 1
S 3582477 287 101728 1
S 3589476 287 101725 1
S 3596476 287 101725 1
S 3603475 287 101728 1
S 3610475 287 101727 1
S 3617475 287 101728 1
S 3624474 287 101731 1
S 3631474 287 101725 1
S 3638473 287 101725 1
S 3645473 287 101728 1
S 3652472 287 101724 1
S 3659472 287 101724 1
S 3666471 287 101724 1
S 3673471 287 101722 1
S 3680471 287 101728 1
S 3687470 287 101725 1
S 3694470 287 101722 1
S 3701469 287 101724 1
S 3708469 287 101724 1
S 3715468 287 101724 1
S 3722468 287 101721 1
S 3729468 287 101720 1
S 3736467 287 101721 1
S 3743467 287 101721 1
S 3750466 287 101725 1
S 3757466 287 101722 1
S 3764465 287 101720 1
S 3771465 287 101722 1
S 3778464 287 101727 1
S 3785464 287 101725 1
S 3792464 287 101725 1
S 3799463 287 101728 1
S 3806463 287 101731 1
S 3813462 287 101722 1
S 3820462 287 101725 1
S 3827461 287 101724 1
S 3834461 287 101727 1
S 3841461 287 101722 1
S 3848460 287 101725 1
S 3855460 287 101724 1
S 3862459 287 101725 1
S 3869459 287 101728 1
S 3876458 287 101730 1
S 3883458 287 101724 1
S 3890457 287 101724 1
S 3897457 287 101725 1
S 3904457 287 101720 1
S 3911456 287 101718 1
S 3918456 287 101724 1
S 3925455 287 101724 1
S 3932455 287 101724 1
S 3939454 287 101725 1
S 3946454 287 101722 1
S 3953454 287 101724 1
S 3960453 287 101724 1
S 3967453 287 101728 1
S 3974452 287 101725 1
S 3981452 287 101724 1
S 3988451 287 101730 1
S 3995451 287 101725 1
S 4002450 287 101722 1
S 4009450 287 101727 1
S 4016450 287 101727 1
S 4023449 287 101728 1
S 4030449 287 101724 1
S 4037448 287 101721 1
S 4044448 287 101717 1
S 4051447 287 101734 1
S 4063447 287 101737 1
S 4070446 287 101739 1
S 4077446 287 101743 1
S 4084445 287 101736 1
S 4091445 287 101733 1
S 4098444 287 101733 1
S 4105444 287 101730 1
S 4112444 287 101729 1
S 4119443 287 101729 1
S 4126443 287 101734 1
S 4133442 287 101734 1
S 4140442 287 101733 1
S 4147441 287 101732 1
S 4154441 287 101739 1
S 4161441 287 101729 1
S 4168440 287 101730 1
S 4175440 287 101729 1
S 4182439 287 101733 1
S 4189439 287 101734 1
S 4196438 287 101737 1
S 4203438 287 101726 1
S 4210437 287 101733 1
S 4217437 287 101732 1
S 4224437 287 101740 1
S 4231436 287 101733 1
S 4238436 287 101734 1
S 4245435 287 101736 1
S 4252435 287 101739 1
S 4259434 287 101736 1
S 4266434 287 101742 1
S 4273434 287 101734 1
S 4280433 287 101736 1
S 4287433 287 101736 1
S 4294432 287 101737 1
S 4301432 287 101734 1
S 4308431 287 101734 1
S 4315431 287 101739 1
S 4322430 287 101732 1
S 4329430 287 101734 1
S 4336430 287 101739 1
S 4343429 287 101739 1
S 4350429 287 101739 1
S 4357428 287 101737 1
S 4364428 287 101734 1
S 4371427 287 101739 1
S 4378427 287 101740 1
S 4385427 287 101736 1
S 4392426 287 101733 1
S 4399426 287 101737 1
S 4406425 287 101736 1
S 4413425 287 101733 1
S 4420424 287 101734 1
S 4427424 287 101740 1
S 4434423 287 101733 1
S 4441423 287 101739 1
S 4448423 287 101733 1
S 4455422 287 101736 1
S 4462422 287 101742 1
S 4469421 287 101739 1
S 4476421 287 101737 1
S 4483420 287 101734 1
S 4490420 287 101739 1
S 4497420 287 101733 1
S 4504419 287 101737 1
S 4511419 287 101732 1
S 4518418 287 101737 1
S 4525418 287 101734 1
S 4532417 287 101736 1
S 4539417 287 101737 1
S 4546416 287 101736 1
S 4553416 287 101734 1
S 4560416 287 101739 1
S 4567415 287 101739 1
S 4574415 287 101730 1
S 4581414 287 101733 1
S 4588414 287 101726 1
S 4595413 287 101734 1
S 4602413 287 101734 1
S 4609413 287 101730 1
S 4616412 287 101736 1
S 4623412 287 101737 1
S 4630411 287 101736 1
S 4637411 287 101733 1
S 4644410 287 101736 1
S 4651410 287 101737 1
S 4658409 287 101727 1
S 4665409 287 101730 1
S 4672409 287 101733 1
S 4679408 287 101729 1
S 4686408 287 101729 1
S 4693407 287 101732 1
S 4700407 287 101734 1
S 4707406 287 101733 1
S 4714406 287 101733 1
S 4721406 287 101733 1
S 4728405 287 101732 1
S 4735405 287 101737 1
S 4742404 287 101736 1
S 4749404 287 101732 1
S 4756403 287 101732 1
S 4763403 287 101736 1
S 4770402 287 101730 1
S 4777402 287 101730 1
S 4784402 287 101734 1
S 4791401 287 101734 1
S 4798401 287 101730 1
S 4805400 287 101734 1
S 4812400 287 101733 1
S 4819399 287 101736 1
S 4826399 287 101734 1
S 4833399 287 101733 1
S 4840398 287 101730 1
S 4847398 287 101736 1
S 4854397 287 101736 1
S 4861397 287 101730 1
S 4868396 287 101734 1
S 4875396 287 101732 1
S 4882395 287 101726 1
S 4889395 287 101733 1
S 4896395 287 101727 1
S 4903394 287 101729 1
S 4910394 287 101733 1
S 4917393 287 101734 1
S 4924393 287 101732 1
S 4931392 287 101732 1
S 4938392 287 101727 1
S 4945392 287 101734 1
S 4952391 287 101726 1
S 4959391 287 101733 1
S 4966390 287 101732 1
S 4973390 287 101729 1
S 4980389 287 101734 1
S 4987389 287 101732 1
S 4994388 287 101730 1
S 5001389 287 101730 1
S 5008388 287 101730 1
S 5015387 287 101732 1
S 5022387 287 101729 1
S 5029386 287 101732 1
S 5036386 287 101730 1
S 5043385 287 101727 1
S 5050385 287 101729 1
S 5057385 287 101727 1
S 5069384 287 101737 1
S 5076383 287 101736 1
S 5083383 287 101737 1
S 5090382 287 101732 1
S 5097382 287 101736 1
S 5104382 287 101739 1
S 5111381 287 101733 1
S 5118381 287 101736 1
S 5125380 287 101736 1
S 5132380 287 101730 1
S 5139379 287 101733 1
S 5146379 287 101740 1
S 5153379 287 101729 1
S 5160378 287 101732 1
S 5167378 287 101736 1
S 5174377 287 101733 1
S 5181377 287 101734 1
S 5188376 287 101732 1
S 5195376 287 101737 1
S 5202375 287 101732 1
S 5209375 287 101739 1
S 5216375 287 101730 1
S 5223374 287 101736 1
S 5230374 287 101732 1
S 5237373 287 101730 1
S 5244373 287 101736 1
S 5251372 287 101737 1
S 5258372 287 101732 1
S 5265372 287 101734 1
S 5272371 287 101737 1
S 5279371 287 101733 1
S 5286370 287 101736 1
S 5293370 287 101734 1
S 5300369 287 101729 1
S 5307369 287 101732 1
S 5314368 287 101732 1
S 5321368 287 101734 1
S 5328368 287 101732 1
S 5335367 287 101734 1
S 5342367 287 101739 1
S 5349366 287 101733 1
S 5356366 287 101737 1
S 5363365 287 101737 1
S 5370365 287 101736 1
S 5377365 287 101736 1
S 5384364 287 101736 1
S 5391364 287 101733 1
S 5398363 287 101734 1
S 5405363 287 101733 1
S 5412362 287 101736 1
S 5419362 287 101737 1
S 5426361 287 101737 1
S 5433361 287 101732 1
S 5440361 287 101736 1
S 5447360 287 101732 1
S 5454360 287 101733 1
S 5461359 287 101734 1
S 5468359 287 101733 1
S 5475358 287 101732 1
S 5482358 287 101732 1
S 5489358 287 101734 1
S 5496357 287 101734 1
S 5503357 287 101736 1
S 5510356 287 101739 1
S 5517356 287 101737 1
S 5524355 287 101733 1
S 5531355 287 101734 1
S 5538354 287 101730 1
S 5545354 287 101733 1
S 5552354 287 101737 1
S 5559353 287 101739 1
S 5566353 287 101737 1
S 5573352 287 101737 1
S 5580352 287 101737 1
S 5587351 287 101739 1
S 5594351 287 101734 1
S 5601351 287 101733 1
S 5608350 287 101739 1
S 5615350 287 101733 1
S 5622349 287 101736 1
S 5629349 287 101736 1
S 5636348 287 101737 1
S 5643348 287 101737 1
S 5650347 287 101740 1
S 5657347 287 101740 1
S 5664347 287 101740 1
S 5671346 287 101742 1
S 5678346 287 101742 1
S 5685345 287 101742 1
S 5692345 287 101733 1
S 5699344 287 101736 1
S 5706344 287 101742 1
S 5713344 287 101737 1
S 5720343 287 101740 1
S 5727343 287 101736 1
S 5734342 287 101736 1
S 5741342 287 101733 1
S 5748341 287 101734 1
S 5755341 287 101734 1
S 5762340 287 101739 1
S 5769340 287 101739 1
S 5776340 287 101739 1
S 5783339 287 101732 1
S 5790339 287 101734 1
S 5797338 287 101739 1
S 5804338 287 101730 1
S 5811337 287 101737 1
S 5818337 287 101736 1
S 5825337 287 101733 1
S 5832336 287 101739 1
S 5839336 287 101742 1
S 5846335 287 101740 1
S 5853335 287 101739 1
S 5860334 287 101739 1
S 5867334 287 101733 1
S 5874333 287 101732 1
S 5881333 287 101734 1
S 5888333 287 101737 1
S 5895332 287 101734 1
S 5902332 287 101733 1
S 5909331 287 101737 1
S 5916331 287 101733 1
S 5923330 287 101742 1
S 5930330 287 101737 1
S 5937330 287 101734 1
S 5944329 287 101739 1
S 5951329 287 101737 1
S 5958328 287 101740 1
S 5965328 287 101736 1
S 5972327 287 101734 1
S 5979327 287 101736 1
S 5986326 287 101737 1
S 5993326 287 101732 1
S 6000326 287 101736 1
S 6007325 287 101739 1
S 6014325 287 101736 1
S 6021324 287 101734 1
S 6028324 287 101737 1
S 6035323 287 101733 1
S 6042323 287 101736 1
S 6049323 287 101734 1
S 6056322 287 101739 1
S 6063322 287 101733 1
S 6075321 287 101733 1
S 6082320 287 101736 1
S 6089320 287 101733 1
S 6096320 287 101728 1
S 6140317 287 101737 2
S 6151316 287 101734 2
S 6162315 287 101733 2
S 6173315 287 101734 2
S 6184314 287 101735 2
S 6195313 287 101731 2
S 6206313 287 101736 2
S 6217312 287 101730 2
S 6228311 287 101735 2
S 6239311 287 101734 2
S 6250310 287 101731 2
S 6261309 287 101734 2
S 6272309 287 101731 2
S 6283308 287 101734 2
S 6294307 287 101731 2
S 6305307 287 101734 2
S 6316306 287 101737 2
S 6327305 287 101735 2
S 6338304 287 101731 2
S 6349304 287 101734 2
S 6360303 287 101729 2
S 6371302 287 101733 2
S 6382302 287 101732 2
S 6393301 287 101731 2
S 6404300 287 101730 2
S 6415300 287 101729 2
S 6426299 287 101731 2
S 6437298 287 101729 2
S 6448298 287 101731 2
S 6459297 287 101733 2
S 6470296 287 101730 2
S 6481296 287 101731 2
S 6492295 287 101735 2
S 6503294 287 101729 2
S 6514293 287 101734 2
S 6525293 287 101729 2
S 6536292 287 101728 2
S 6547291 287 101727 2
S 6558291 287 101731 2
S 6569290 287 101734 2
S 6580289 287 101734 2
S 6591289 287 101732 2
S 6602288 287 101732 2
S 6613287 287 101729 2
S 6624287 287 101734 2
S 6635286 287 101736 2
S 6646285 287 101736 2
S 6657285 287 101730 2
S 6668284 287 101732 2
S 6679283 287 101728 2
S 6690282 287 101729 2
S 6701282 287 101728 2
S 6712281 287 101726 2
S 6723280 287 101726 2
S 6734280 287 101729 2
S 6745279 287 101731 2
S 6756278 287 101731 2
S 6767278 287 101728 2
S 6778277 287 101728 2
S 6789276 287 101731 2
S 6800276 287 101729 2
S 6811275 287 101729 2
S 6822274 287 101730 2
S 6833274 287 101732 2
S 6844273 287 101728 2
S 6855272 287 101726 2
S 6866271 287 101724 2
S 6877271 287 101730 2
S 6888270 287 101726 2
S 6899269 287 101728 2
S 6910269 287 101731 2
S 6921268 287 101726 2
S 6932267 287 101727 2
S 6943267 287 101730 2
S 6954266 287 101729 2
S 6965265 287 101723 2
S 6976265 287 101727 2
S 6987264 287 101723 2
S 6998263 287 101726 2
S 7009263 287 101727 2
S 7020262 287 101728 2
S 7031261 287 101725 2
S 7042260 287 101726 2
S 7053260 287 101730 2
S 7064259 287 101723 2
S 7075258 287 101723 2
S 7091257 287 101731 2
S 7102257 287 101730 2
S 7113256 287 101732 2
S 7124255 287 101731 2
S 7135255 287 101733 2
S 7146254 287 101733 2
S 7157253 287 101740 2
S 7168253 287 101735 2
S 7179252 287 101737 2
S 7190251 287 101735 2
S 7201251 287 101737 2
S 7212250 287 101736 2
S 7223249 287 101736 2
S 7234248 287 101737 2
S 7245248 287 101733 2
S 7256247 287 101729 2
S 7267246 287 101735 2
S 7278246 287 101728 2
S 7289245 287 101729 2
S 7300244 287 101729 2
S 7311244 287 101732 2
S 7322243 287 101726 2
S 7333242 287 101729 2
S 7344242 287 101726 2
S 7355241 287 101729 2
S 7366240 287 101728 2
S 7377240 287 101727 2
S 7388239 287 101731 2
S 7399238 287 101732 2
S 7410237 287 101736 2
S 7421237 287 101735 2
S 7432236 287 101728 2
S 7443235 287 101730 2
S 7454235 287 101728 2
S 7465234 287 101727 2
S 7476233 287 101730 2
S 7487233 287 101730 2
S 7498232 287 101731 2
S 7509231 287 101729 2
S 7520231 287 101728 2
S 7531230 287 101725 2
S 7542229 287 101730 2
S 7553229 287 101728 2
S 7564228 287 101729 2
S 7575227 287 101723 2
S 7586226 287 101727 2
S 7597226 287 101729 2
S 7608225 287 101726 2
S 7619224 287 101726 2
S 7630224 287 101727 2
S 7641223 287 101729 2
S 7652222 287 101725 2
S 7663222 287 101729 2
S 7674221 287 101731 2
S 7685220 287 101730 2
S 7696220 287 101729 2
S 7707219 287 101726 2
S 7718218 287 101729 2
S 7729218 287 101729 2
S 7740217 287 101731 2
S 7751216 287 101727 2
S 7762215 287 101728 2
S 7773215 287 101729 2
S 7784214 287 101722 2
S 7795213 287 101726 2
S 7806213 287 101731 2
S 7817212 287 101728 2
S 7828211 287 101729 2
S 7839211 287 101730 2
S 7850210 287 101727 2
S 7861209 287 101735 2
S 7872209 287 101732 2
S 7883208 287 101730 2
S 7894207 287 101731 2
S 7905207 287 101726 2
S 7916206 287 101732 2
S 7927205 287 101728 2
S 7938204 287 101729 2
S 7949204 287 101728 2
S 7960203 287 101729 2
S 7971202 287 101729 2
S 7982202 287 101729 2
S 7993201 287 101729 2
S 8004200 287 101732 2
S 8015200 287 101728 2
S 8026199 287 101729 2
S 8037198 287 101729 2
S 8048198 287 101732 2
S 8059197 287 101729 2
S 8070196 287 101732 2
S 8081196 287 101729 2
S 8097195 287 101738 2
S 8108194 287 101737 2
S 8119193 287 101732 2
S 8130192 287 101735 2
S 8141192 287 101738 2
S 8152191 287 101736 2
S 8163190 287 101732 2
S 8174190 287 101736 2
S 8185189 287 101732 2
S 8196188 287 101734 2
S 8207188 287 101732 2
S 8218187 287 101734 2
S 8229186 287 101732 2
S 8240186 287 101732 2
S 8251185 287 101734 2
S 8262184 287 101735 2
S 8273184 287 101736 2
S 8284183 287 101734 2
S 8295182 287 101738 2
S 8306181 287 101737 2
S 8317181 287 101732 2
S 8328180 287 101738 2
S 8339179 287 101735 2
S 8350179 287 101735 2
S 8361178 287 101736 2
S 8372177 287 101736 2
S 8383177 287 101737 2
S 8394176 287 101736 2
S 8405175 287 101734 2
S 8416175 287 101733 2
S 8427174 287 101730 2
S 8438173 287 101736 2
S 8449173 287 101735 2
S 8460172 287 101736 2
S 8471171 287 101739 2
S 8482170 287 101741 2
S 8493170 287 101739 2
S 8504169 287 101737 2
S 8515168 287 101739 2
S 8526168 287 101735 2
S 8537167 287 101738 2
S 8548166 287 101731 2
S 8559166 287 101730 2
S 8570165 287 101733 2
S 8581164 287 101732 2
S 8592164 287 101732 2
S 8603163 287 101735 2
S 8614162 287 101732 2
S 8625162 287 101738 2
S 8636161 287 101729 2
S 8647160 287 101729 2
S 8658159 287 101732 2
S 8669159 287 101733 2
S 8680158 287 101734 2
S 8691157 287 101730 2
S 8702157 287 101729 2
S 8713156 287 101732 2
S 8724155 287 101735 2
S 8735155 287 101732 2
S 8746154 287 101734 2
S 8757153 287 101730 2
S 8768153 287 101730 2
S 8779152 287 101733 2
S 8790151 287 101729 2
S 8801151 287 101729 2
S 8812150 287 101729 2
S 8823149 287 101728 2
S 8834148 287 101729 2
S 8845148 287 101729 2
S 8856147 287 101729 2
S 8867146 287 101735 2
S 8878146 287 101732 2
S 8889145 287 101725 2
S 8900144 287 101729 2
S 8911144 287 101727 2
S 8922143 287 101731 2
S 8933142 287 101731 2
S 8944142 287 101734 2
S 8955141 287 101729 2
S 8966140 287 101732 2
S 8977140 287 101734 2
S 8988139 287 101729 2
S 8999138 287 101734 2
S 9010137 287 101730 2
S 9021137 287 101732 2
S 9032136 287 101727 2
S 9043135 287 101729 2
S 9054135 287 101731 2
S 9065134 287 101730 2
S 9076133 287 101728 2
S 9087133 287 101732 2
S 9103132 288 101736 2
S 9114131 288 101737 2
S 9125130 288 101735 2
S 9136130 288 101735 2
S 9147129 288 101735 2
S 9158128 288 101735 2
S 9169128 288 101741 2
S 9180127 288 101741 2
S 9191126 288 101733 2
S 9202125 288 101739 2
S 9213125 288 101738 2
S 9224124 288 101735 2
S 9235123 288 101741 2
S 9246123 288 101727 2
S 9257122 288 101735 2
S 9268121 288 101735 2
S 9279121 288 101735 2
S 9290120 288 101735 2
S 9301119 288 101735 2
S 9312119 288 101734 2
S 9323118 288 101734 2
S 9334117 288 101735 2
S 9345117 288 101736 2
S 9356116 288 101733 2
S 9367115 288 101741 2
S 9378114 288 101737 2
S 9389114 288 101734 2
S 9400113 288 101734 2
S 9411112 288 101732 2
S 9422112 288 101739 2
S 9433111 288 101737 2
S 9444110 288 101740 2
S 9455110 288 101735 2
S 9466109 288 101735 2
S 9477108 288 101735 2
S 9488108 288 101735 2
S 9499107 288 101732 2
S 9510106 288 101734 2
S 9521106 288 101738 2
S 9532105 288 101736 2
S 9543104 288 101735 2
S 9554103 288 101740 2
S 9565103 288 101738 2
S 9576102 288 101738 2
S 9587101 288 101738 2
S 9598101 288 101738 2
S 9609100 288 101735 2
S 9620099 288 101738 2
S 9631099 288 101736 2
S 9642098 288 101741 2
S 9653097 288 101736 2
S 9664097 288 101736 2
S 9675096 288 101738 2
S 9686095 288 101742 2
S 9697095 288 101735 2
S 9708094 288 101736 2
S 9719093 288 101737 2
S 9730092 288 101738 2
S 9741092 288 101734 2
S 9752091 288 101734 2
S 9763090 288 101735 2
S 9774090 288 101736 2
S 9785089 288 101738 2
S 9796088 288 101741 2
S 9807088 288 101739 2
S 9818087 288 101742 2
S 9829086 288 101740 2
S 9840086 288 101743 2
S 9851085 288 101742 2
S 9862084 288 101740 2
S 9873084 288 101739 2
S 9884083 288 101739 2
S 9895082 288 101738 2
S 9906081 288 101739 2
S 9917081 288 101743 2
S 9928080 288 101739 2
S 9939079 288 101738 2
S 9950079 288 101739 2
S 9961078 288 101733 2
S 9972077 288 101738 2
S 9983077 288 101740 2
S 9994076 288 101737 2
S 10005075 288 101733 2
S 10016075 288 101735 2
S 10027074 288 101737 2
S 10038073 288 101734 2
S 10049073 288 101732 2
S 10060072 288 101736 2
S 10071071 288 101738 2
S 10082070 288 101732 2
S 10093070 288 101735 2
S 10109069 287 101739 2
S 10120068 287 101737 2
S 10131067 287 101742 2
S 10142067 287 101738 2
S 10153066 287 101742 2
S 10164065 287 101738 2
S 10175065 287 101739 2
S 10186064 287 101738 2
S 10197063 287 101735 2
S 10208063 287 101737 2
S 10219062 287 101732 2
S 10230061 287 101738 2
S 10241061 287 101736 2
S 10252060 287 101736 2
S 10263059 287 101736 2
S 10274058 287 101738 2
S 10285058 287 101734 2
S 10296057 287 101732 2
S 10307056 287 101734 2
S 10318056 287 101729 2
S 10329055 287 101732 2
S 10340054 287 101735 2
S 10351054 287 101726 2
S 10362053 287 101735 2
S 10373052 287 101726 2
S 10384052 287 101725 2
S 10395051 287 101726 2
S 10406050 287 101731 2
S 10417050 287 101730 2
S 10428049 287 101733 2
S 10439048 287 101730 2
S 10450047 287 101733 2
S 10461047 287 101724 2
S 10472046 287 101729 2
S 10483045 287 101725 2
S 10494045 287 101729 2
S 10505044 287 101726 2
S 10516043 287 101728 2
S 10527043 287 101731 2
S 10538042 287 101730 2
S 10549041 287 101732 2
S 10560041 287 101724 2
S 10571040 287 101728 2
S 10582039 287 101729 2
S 10593039 287 101734 2
S 10604038 287 101732 2
S 10615037 287 101731 2
S 10626036 287 101728 2
S 10637036 287 101733 2
S 10648035 287 101733 2
S 10659034 287 101735 2
S 10670034 287 101735 2
S 10681033 287 101737 2
S 10692032 287 101735 2
S 10703032 287 101733 2
S 10714031 287 101733 2
S 10725030 287 101735 2
S 10736030 287 101734 2
S 10747029 287 101727 2
S 10758028 287 101737 2
S 10769028 287 101730 2
S 10780027 287 101734 2
S 10791026 287 101731 2
S 10802025 287 101732 2
S 10813025 287 101732 2
S 10824024 287 101731 2
S 10835023 287 101726 2
S 10846023 287 101729 2
S 10857022 287 101731 2
S 10868021 287 101723 2
S 10879021 287 101730 2
S 10890020 287 101724 2
S 10901019 287 101730 2
S 10912019 287 101728 2
S 10923018 287 101731 2
S 10934017 287 101731 2
S 10945017 287 101726 2
S 10956016 287 101733 2
S 10967015 287 101732 2
S 10978014 287 101738 2
S 10989014 287 101733 2
S 11000013 287 101729 2
S 11011012 287 101728 2
S 11022012 287 101730 2
S 11033011 287 101730 2
S 11044010 287 101729 2
S 11055010 287 101729 2
S 11066009 287 101730 2
S 11077008 287 101731 2
S 11088008 287 101731 2
S 11099007 287 101731 2
S 11115006 287 101732 2
S 11126005 287 101734 2
S 11137005 287 101731 2
S 11148004 287 101732 2
S 11159003 287 101737 2
S 11170002 287 101732 2
S 11181002 287 101731 2
S 11192001 287 101730 2
S 11203000 287 101731 2
S 11214000 287 101731 2
S 11224999 287 101736 2
S 11235998 287 101734 2
S 11246998 287 101733 2
S 11257997 287 101729 2
S 11268996 287 101726 2
S 11279996 287 101731 2
S 11290995 287 101728 2
S 11301994 287 101729 2
S 11312994 287 101730 2
S 11323993 287 101735 2
S 11334992 287 101735 2
S 11345991 287 101730 2
S 11356991 287 101735 2
S 11367990 287 101738 2
S 11378989 287 101735 2
S 11389989 287 101733 2
S 11400988 287 101734 2
S 11411987 287 101733 2
S 11422987 287 101737 2
S 11433986 287 101732 2
S 11444985 287 101735 2
S 11455985 287 101735 2
S 11466984 287 101729 2
S 11477983 287 101730 2
S 11488983 287 101735 2
S 11499982 287 101735 2
S 11510981 287 101735 2
S 11521980 287 101735 2
S 11532980 287 101730 2
S 11543979 287 101729 2
S 11554978 287 101732 2
S 11565978 287 101732 2
S 11576977 287 101741 2
S 11587976 287 101735 2
S 11598976 287 101735 2
S 11609975 287 101737 2
S 11620974 287 101739 2
S 11631974 287 101738 2
S 11642973 287 101737 2
S 11653972 287 101736 2
S 11729967 287 101735 3
S 11748966 287 101735 3
S 11767965 287 101735 3
S 11786964 287 101735 3
S 11805963 287 101737 3
S 11824962 287 101737 3
S 11843960 287 101735 3
S 11862959 287 101738 3
S 11881958 287 101738 3
S 11900957 287 101729 3
S 11919956 287 101731 3
S 11938954 287 101736 3
S 11957953 287 101733 3
S 11976952 287 101736 3
S 11995951 287 101737 3
S 12014950 287 101733 3
S 12033948 287 101736 3
S 12052947 287 101733 3
S 12071946 287 101730 3
S 12090945 287 101729 3
S 12109944 287 101732 3
S 12132942 288 101744 3
S 12151941 288 101741 3
S 12170940 288 101742 3
S 12189939 288 101744 3
S 12208938 288 101743 3
S 12227936 288 101740 3
S 12246935 288 101740 3
S 12265934 288 101741 3
S 12284933 288 101741 3
S 12303932 288 101743 3
S 12322930 288 101743 3
S 12341929 288 101745 3
S 12360928 288 101737 3
S 12379927 288 101736 3
S 12398926 288 101738 3
S 12417924 288 101741 3
S 12436923 288 101739 3
S 12455922 288 101740 3
S 12474921 288 101737 3
S 12493920 288 101738 3
S 12512919 288 101739 3
S 12531917 288 101737 3
S 12550916 288 101735 3
S 12569915 288 101736 3
S 12588914 288 101737 3
S 12607913 288 101733 3
S 12626911 288 101739 3
S 12645910 288 101735 3
S 12664909 288 101735 3
S 12683908 288 101734 3
S 12702907 288 101738 3
S 12721905 288 101735 3
S 12740904 288 101734 3
S 12759903 288 101737 3
S 12778902 288 101738 3
S 12797901 288 101739 3
S 12816900 288 101737 3
S 12835898 288 101736 3
S 12854897 288 101735 3
S 12873896 288 101731 3
S 12892895 288 101734 3
S 12911894 288 101736 3
S 12930892 288 101732 3
S 12949891 288 101732 3
S 12968890 288 101734 3
S 12987889 288 101729 3
S 13006888 288 101729 3
S 13025886 288 101734 3
S 13044885 288 101732 3
S 13063884 288 101734 3
S 13082883 288 101735 3
S 13101882 288 101731 3
S 13120881 288 101734 3
S 13143879 288 101738 3
S 13162878 288 101736 3
S 13181877 288 101737 3
S 13200876 288 101732 3
S 13219874 288 101733 3
S 13238873 288 101737 3
S 13257872 288 101736 3
S 13276871 288 101738 3
S 13295870 288 101732 3
S 13314868 288 101735 3
S 13333867 288 101733 3
S 13352866 288 101735 3
S 13371865 288 101734 3
S 13390864 288 101737 3
S 13409862 288 101734 3
S 13428861 288 101736 3
S 13447860 288 101731 3
S 13466859 288 101733 3
S 13485858 288 101732 3
S 13504857 288 101731 3
S 13523855 288 101729 3
S 13542854 288 101729 3
S 13561853 288 101730 3
S 13580852 288 101732 3
S 13599851 288 101732 3
S 13618849 288 101732 3
S 13637848 288 101734 3
S 13656847 288 101736 3
S 13675846 288 101734 3
S 13694845 288 101730 3
S 13713843 288 101733 3
S 13732842 288 101735 3
S 13751841 288 101737 3
S 13770840 288 101733 3
S 13789839 288 101734 3
S 13808838 288 101733 3
S 13827836 288 101732 3
S 13846835 288 101734 3
S 13865834 288 101728 3
S 13884833 288 101729 3
S 13903832 288 101728 3
S 13922830 288 101734 3
S 13941829 288 101737 3
S 13960828 288 101737 3
S 13979827 288 101738 3
S 13998826 288 101734 3
S 14017824 288 101733 3
S 14036823 288 101732 3
S 14055822 288 101726 3
S 14074821 288 101732 3
S 14093820 288 101729 3
S 14112819 288 101735 3
S 14131817 288 101733 3
S 14154816 288 101737 3
S 14173815 288 101732 3
S 14192814 288 101734 3
S 14211812 288 101738 3
S 14230811 288 101739 3
S 14249810 288 101735 3
S 14268809 288 101736 3
S 14287808 288 101735 3
S 14306806 288 101737 3
S 14325805 288 101734 3
S 14344804 288 101731 3
S 14363803 288 101738 3
S 14382802 288 101734 3
S 14401800 288 101732 3
S 14420799 288 101731 3
S 14439798 288 101732 3
S 14458797 288 101731 3
S 14477796 288 101731 3
S 14496795 288 101729 3
S 14515793 288 101732 3
S 14534792 288 101734 3
S 14553791 288 101733 3
S 14572790 288 101731 3
S 14591789 288 101730 3
S 14610787 288 101734 3
S 14629786 288 101734 3
S 14648785 288 101732 3
S 14667784 288 101729 3
S 14686783 288 101735 3
S 14705781 288 101735 3
S 14724780 288 101735 3
S 14743779 288 101732 3
S 14762778 288 101737 3
S 14781777 288 101734 3
S 14800776 288 101734 3
S 14819774 288 101731 3
S 14838773 288 101732 3
S 14857772 288 101729 3
S 14876771 288 101738 3
S 14895770 288 101737 3
S 14914768 288 101735 3
S 14933767 288 101733 3
S 14952766 288 101734 3
S 14971765 288 101736 3
S 14990764 288 101737 3
S 15009762 288 101737 3
S 15028761 288 101736 3
S 15047760 288 101735 3
S 15066759 288 101736 3
S 15085758 288 101735 3
S 15104757 288 101737 3
S 15123755 288 101734 3
S 15142754 288 101735 3
S 15165753 288 101739 3
S 15184752 288 101742 3
S 15203750 288 101736 3
S 15222749 288 101737 3
S 15241748 288 101735 3
S 15260747 288 101738 3
S 15279746 288 101739 3
S 15298744 288 101736 3
S 15317743 288 101734 3
S 15336742 288 101736 3
S 15355741 288 101739 3
S 15374740 288 101737 3
S 15393738 288 101739 3
S 15412737 288 101738 3
S 15431736 288 101734 3
S 15450735 288 101737 3
S 15469734 288 101735 3
S 15488733 288 101735 3
S 15507731 288 101734 3
S 15526730 288 101737 3
S 15545729 288 101738 3
S 15564728 288 101739 3
S 15583727 288 101740 3
S 15602725 288 101739 3
S 15621724 288 101735 3
S 15640723 288 101737 3
S 15659722 288 101738 3
S 15678721 288 101740 3
S 15697719 288 101738 3
S 15716718 288 101736 3
S 15735717 288 101738 3
S 15754716 288 101738 3
S 15773715 288 101734 3
S 15792714 288 101736 3
S 15811712 288 101732 3
S 15830711 288 101734 3
S 15849710 288 101734 3
S 15868709 288 101737 3
S 15887708 288 101740 3
S 15906706 288 101734 3
S 15925705 288 101739 3
S 15944704 288 101740 3
S 15963703 288 101738 3
S 15982702 288 101736 3
S 16001701 288 101737 3
S 16020699 288 101738 3
S 16039698 288 101738 3
S 16058697 288 101738 3
S 16077696 288 101737 3
S 16096695 288 101738 3
S 16115693 288 101743 3
S 16134692 288 101739 3
S 16153691 288 101742 3
S 16176689 288 101748 3
S 16195688 288 101744 3
S 16214687 288 101744 3
S 16233686 288 101743 3
S 16252685 288 101736 3
S 16271684 288 101736 3
S 16290682 288 101740 3
S 16309681 288 101740 3
S 16328680 288 101741 3
S 16347679 288 101740 3
S 16366678 288 101739 3
S 16385676 288 101737 3
S 16404675 288 101740 3
S 16423674 288 101738 3
S 16442673 288 101737 3
S 16461672 288 101741 3
S 16480671 288 101743 3
S 16499669 288 101743 3
S 16518668 288 101736 3
S 16537667 288 101737 3
S 16556666 288 101737 3
S 16575665 288 101735 3
S 16594663 288 101741 3
S 16613662 288 101739 3
S 16632661 288 101738 3
S 16651660 288 101744 3
S 16670659 288 101739 3
S 16689657 288 101739 3
S 16708656 288 101738 3
S 16727655 288 101736 3
S 16746654 288 101738 3
S 16765653 288 101738 3
S 16784652 288 101735 3
S 16803650 288 101738 3
S 16822649 288 101742 3
S 16841648 288 101734 3
S 16860647 288 101733 3
S 16879646 288 101735 3
S 16898644 288 101737 3
S 16917643 288 101739 3
S 16936642 288 101733 3
S 16955641 288 101737 3
S 16974640 288 101735 3
S 16993638 288 101735 3
S 17012637 288 101735 3
S 17031636 288 101734 3
S 17050635 288 101736 3
S 17069634 288 101736 3
S 17088633 288 101733 3
S 17107631 288 101735 3
S 17126630 288 101735 3
S 17145629 288 101735 3
S 17164628 288 101732 3
S 17187626 288 101734 3
S 17206625 288 101738 3
S 17225624 288 101738 3
S 17244623 288 101735 3
S 17263622 288 101732 3
S 17282620 288 101734 3
S 17301619 288 101731 3
S 17320618 288 101731 3
S 17339617 288 101733 3
S 17358616 288 101732 3
S 17377614 288 101732 3
S 17396613 288 101730 3
S 17415612 288 101729 3
S 17434611 288 101735 3
S 17453610 288 101734 3
S 17472609 288 101728 3
S 17491607 288 101728 3
S 17510606 288 101731 3
S 17529605 288 101730 3
S 17548604 288 101731 3
S 17567603 288 101733 3
S 17586601 288 101737 3
S 17605600 288 101737 3
S 17624599 288 101730 3
S 17643598 288 101734 3
S 17662597 288 101735 3
S 17681595 288 101738 3
S 17700594 288 101735 3
S 17719593 288 101736 3
S 17738592 288 101729 3
S 17757591 288 101734 3
S 17776590 288 101731 3
S 17795588 288 101731 3
S 17814587 288 101728 3
S 17833586 288 101729 3
S 17852585 288 101729 3
S 17871584 288 101732 3
S 17890582 288 101731 3
S 17909581 288 101728 3
S 17928580 288 101726 3
S 17947579 288 101728 3
S 17966578 288 101727 3
S 17985576 288 101733 3
S 18004575 288 101733 3
S 18023574 288 101738 3
S 18042573 288 101732 3
S 18061572 288 101731 3
S 18080571 288 101735 3
S 18099569 288 101733 3
S 18118568 288 101735 3
S 18137567 288 101735 3
S 18156566 288 101733 3
S 18175565 288 101728 3
S 18198563 288 101735 3
S 18217562 288 101741 3
S 18236561 288 101741 3
S 18255560 288 101737 3
S 18274558 288 101738 3
S 18293557 288 101738 3
S 18312556 288 101734 3
S 18331555 288 101735 3
S 18350554 288 101734 3
S 18369552 288 101734 3
S 18388551 288 101738 3
S 18407550 288 101734 3
S 18426549 288 101737 3
S 18445548 288 101735 3
S 18464547 288 101734 3
S 18483545 288 101735 3
S 18502544 288 101737 3
S 18521543 288 101732 3
S 18540542 288 101737 3
S 18559541 288 101737 3
S 18578539 288 101734 3
S 18597538 288 101738 3
S 18616537 288 101729 3
S 18635536 288 101732 3
S 18654535 288 101733 3
S 18673533 288 101737 3
S 18692532 288 101738 3
S 18711531 288 101735 3
S 18730530 288 101734 3
S 18749529 288 101740 3
S 18768528 288 101737 3
S 18787526 288 101732 3
S 18806525 288 101734 3
S 18825524 288 101736 3
S 18844523 288 101734 3
S 18863522 288 101736 3
S 18882520 288 101735 3
S 18901519 288 101734 3
S 18920518 288 101738 3
S 18939517 288 101738 3
S 18958516 288 101737 3
S 18977514 288 101740 3
S 18996513 288 101739 3
S 19015512 288 101738 3
S 19034511 288 101733 3
S 19053510 288 101734 3
S 19072509 288 101735 3
S 19091507 288 101733 3
S 19110506 288 101729 3
S 19129505 288 101736 3
S 19148504 288 101737 3
S 19167503 288 101737 3
S 19186501 288 101734 3
S 19209500 288 101734 3
S 19228499 288 101735 3
S 19247498 288 101734 3
S 19266496 288 101732 3
S 19285495 288 101735 3
S 19304494 288 101737 3
S 19323493 288 101736 3
S 19342492 288 101735 3
S 19361490 288 101734 3
S 19380489 288 101731 3
S 19399488 288 101735 3
S 19418487 288 101728 3
S 19437486 288 101729 3
S 19456485 288 101735 3
S 19475483 288 101731 3
S 19494482 288 101728 3
S 19513481 288 101733 3
S 19532480 288 101729 3
S 19551479 288 101724 3
S 19570477 288 101728 3
S 19589476 288 101728 3
S 19608475 288 101730 3
S 19627474 288 101728 3
S 19646473 288 101732 3
S 19665471 288 101727 3
S 19684470 288 101731 3
S 19703469 288 101731 3
S 19722468 288 101725 3
S 19741467 288 101730 3
S 19760466 288 101734 3
S 19779464 288 101734 3
S 19798463 288 101731 3
S 19817462 288 101731 3
S 19836461 288 101730 3
S 19855460 288 101734 3
S 19874458 288 101731 3
S 19893457 288 101736 3
S 19912456 288 101732 3
S 19931455 288 101731 3
S 19950454 288 101732 3
S 19969452 288 101731 3
S 19988451 288 101734 3
S 20007450 288 101733 3
S 20026449 288 101736 3
S 20045448 288 101730 3
S 20064447 288 101731 3
S 20083445 288 101734 3
S 20102444 288 101729 3
S 20121443 288 101727 3
S 20140442 288 101732 3
S 20159441 288 101730 3
S 20178439 288 101730 3
S 20197438 288 101735 3
S 20220437 288 101733 3
S 20239436 288 101734 3
S 20258434 288 101733 3
S 20277433 288 101731 3
S 20296432 288 101733 3
S 20315431 288 101731 3
S 20334430 288 101729 3
S 20353428 288 101734 3
S 20372427 288 101733 3
S 20391426 288 101732 3
S 20410425 288 101734 3
S 20429424 288 101732 3
S 20448423 288 101734 3
S 20467421 288 101732 3
S 20486420 288 101733 3
S 20505419 288 101730 3
S 20524418 288 101730 3
S 20543417 288 101728 3
S 20562415 288 101728 3
S 20581414 288 101729 3
S 20600413 288 101730 3
S 20619412 288 101732 3
S 20638411 288 101732 3
S 20657409 288 101731 3
S 20676408 288 101731 3
S 20695407 288 101731 3
S 20714406 288 101733 3
S 20733405 288 101731 3
S 20752404 288 101732 3
S 20771402 288 101734 3
S 20790401 288 101730 3
S 20809400 288 101735 3
S 20828399 288 101732 3
S 20847398 288 101735 3
S 20866396 288 101737 3
S 20885395 288 101734 3
S 20904394 288 101732 3
S 20923393 288 101735 3
S 20942392 288 101735 3
S 20961390 288 101734 3
S 20980389 288 101738 3
S 20999388 288 101734 3
S 21018387 288 101733 3
S 21037386 288 101734 3
S 21056385 288 101736 3
S 21075383 288 101735 3
S 21094382 288 101737 3
S 21113381 288 101735 3
S 21132380 288 101737 3
S 21151379 288 101735 3
S 21170377 288 101733 3
S 21189376 288 101734 3
S 21208375 288 101737 3
S 21231373 288 101737 3
S 21250372 288 101735 3
S 21261372 288 101736 2
S 21272371 288 101737 2
S 21283370 288 101741 2
S 21294370 288 101733 2
S 21305369 288 101728 2
S 21316368 288 101735 2
S 21327368 288 101735 2
S 21338367 288 101735 2
S 21349366 288 101735 2
S 21360366 288 101735 2
S 21371365 288 101735 2
S 21382364 288 101732 2
S 21393363 288 101735 2
S 21404363 288 101737 2
S 21415362 288 101734 2
S 21426361 288 101735 2
S 21437361 288 101731 2
S 21448360 288 101736 2
S 21459359 288 101737 2
S 21470359 288 101736 2
S 21481358 288 101736 2
S 21492357 288 101732 2
S 21503357 288 101728 2
S 21514356 288 101727 2
S 21525355 288 101734 2
S 21536355 288 101732 2
S 21547354 288 101732 2
S 21558353 288 101730 2
S 21569352 288 101732 2
S 21580352 288 101732 2
S 21591351 288 101736 2
S 21602350 288 101736 2
S 21613350 288 101735 2
S 21624349 288 101733 2
S 21635348 288 101738 2
S 21646348 288 101734 2
S 21657347 288 101738 2
S 21668346 288 101735 2
S 21679346 288 101738 2
S 21690345 288 101732 2
S 21701344 288 101735 2
S 21712344 288 101735 2
S 21723343 288 101735 2
S 21734342 288 101735 2
S 21745341 288 101737 2
S 21756341 288 101734 2
S 21767340 288 101738 2
S 21778339 288 101738 2
S 21789339 288 101737 2
S 21800338 288 101733 2
S 21811337 288 101734 2
S 21822337 288 101733 2
S 21833336 288 101734 2
S 21844335 288 101738 2
S 21855335 288 101736 2
S 21866334 288 101736 2
S 21877333 288 101738 2
S 21888333 288 101737 2
S 21899332 288 101735 2
S 21910331 288 101730 2
S 21921330 288 101734 2
S 21932330 288 101733 2
S 21943329 288 101738 2
S 21954328 288 101734 2
S 21965328 288 101738 2
S 21976327 288 101737 2
S 21987326 288 101735 2
S 21998326 288 101738 2
S 22009325 288 101735 2
S 22020324 288 101736 2
S 22031324 288 101739 2
S 22042323 288 101736 2
S 22053322 288 101737 2
S 22064322 288 101740 2
S 22075321 288 101733 2
S 22086320 288 101739 2
S 22097319 288 101738 2
S 22108319 288 101742 2
S 22119318 288 101739 2
S 22130317 288 101736 2
S 22141317 288 101736 2
S 22152316 288 101737 2
S 22163315 288 101741 2
S 22174315 288 101743 2
S 22185314 288 101741 2
S 22196313 288 101743 2
S 22207313 288 101744 2
S 22218312 288 101741 2
S 22234311 287 101732 2
S 22245310 287 101727 2
S 22256310 287 101731 2
S 22267309 287 101735 2
S 22278308 287 101736 2
S 22289307 287 101735 2
S 22300307 287 101728 2
S 22311306 287 101726 2
S 22322305 287 101734 2
S 22333305 287 101735 2
S 22344304 287 101738 2
S 22355303 287 101734 2
S 22366303 287 101733 2
S 22377302 287 101730 2
S 22388301 287 101732 2
S 22399301 287 101732 2
S 22410300 287 101735 2
S 22421299 287 101734 2
S 22432299 287 101735 2
S 22443298 287 101732 2
S 22454297 287 101738 2
S 22465296 287 101728 2
S 22476296 287 101731 2
S 22487295 287 101727 2
S 22498294 287 101732 2
S 22509294 287 101734 2
S 22520293 287 101736 2
S 22531292 287 101736 2
S 22542292 287 101733 2
S 22553291 287 101733 2
S 22564290 287 101735 2
S 22575290 287 101735 2
S 22586289 287 101732 2
S 22597288 287 101734 2
S 22608288 287 101733 2
S 22619287 287 101734 2
S 22630286 287 101737 2
S 22641285 287 101740 2
S 22652285 287 101731 2
S 22663284 287 101729 2
S 22674283 287 101734 2
S 22685283 287 101732 2
S 22696282 287 101735 2
S 22707281 287 101737 2
S 22718281 287 101735 2
S 22729280 287 101733 2
S 22740279 287 101734 2
S 22751279 287 101737 2
S 22762278 287 101737 2
S 22773277 287 101736 2
S 22784277 287 101735 2
S 22795276 287 101737 2
S 22806275 287 101738 2
S 22817274 287 101735 2
S 22828274 287 101736 2
S 22839273 287 101735 2
S 22850272 287 101735 2
S 22861272 287 101733 2
S 22872271 287 101730 2
S 22883270 287 101732 2
S 22894270 287 101732 2
S 22905269 287 101735 2
S 22916268 287 101738 2
S 22927268 287 101735 2
S 22938267 287 101738 2
S 22949266 287 101729 2
S 22960266 287 101732 2
S 22971265 287 101735 2
S 22982264 287 101737 2
S 22993263 287 101734 2
S 23004263 287 101733 2
S 23015262 287 101735 2
S 23026261 287 101734 2
S 23037261 287 101733 2
S 23048260 287 101731 2
S 23059259 287 101727 2
S 23070259 287 101732 2
S 23081258 287 101731 2
S 23092257 287 101732 2
S 23103257 287 101732 2
S 23114256 287 101736 2
S 23125255 287 101734 2
S 23136255 287 101732 2
S 23147254 287 101734 2
S 23158253 287 101732 2
S 23169252 287 101735 2
S 23180252 287 101736 2
S 23191251 287 101732 2
S 23202250 287 101735 2
S 23213250 287 101734 2
S 23224249 287 101732 2
S 23240248 287 101735 2
S 23251247 287 101729 2
S 23262247 287 101732 2
S 23273246 287 101729 2
S 23284245 287 101728 2
S 23295245 287 101731 2
S 23306244 287 101729 2
S 23317243 287 101733 2
S 23328243 287 101731 2
S 23339242 287 101730 2
S 23350241 287 101733 2
S 23361240 287 101734 2
S 23372240 287 101731 2
S 23383239 287 101730 2
S 23394238 287 101735 2
S 23405238 287 101733 2
S 23416237 287 101735 2
S 23427236 287 101729 2
S 23438236 287 101737 2
S 23449235 287 101728 2
S 23460234 287 101733 2
S 23471234 287 101735 2
S 23482233 287 101733 2
S 23493232 287 101734 2
S 23504232 287 101732 2
S 23515231 287 101734 2
S 23526230 287 101732 2
S 23537229 287 101732 2
S 23548229 287 101736 2
S 23559228 287 101735 2
S 23570227 287 101735 2
S 23581227 287 101736 2
S 23592226 287 101736 2
S 23603225 287 101728 2
S 23614225 287 101732 2
S 23625224 287 101730 2
S 23636223 287 101731 2
S 23647223 287 101729 2
S 23658222 287 101730 2
S 23669221 287 101732 2
S 23680221 287 101735 2
S 23691220 287 101734 2
S 23702219 287 101732 2
S 23713218 287 101733 2
S 23724218 287 101732 2
S 23735217 287 101730 2
S 23746216 287 101732 2
S 23757216 287 101732 2
S 23768215 287 101732 2
S 23779214 287 101732 2
S 23790214 287 101729 2
S 23801213 287 101731 2
S 23812212 287 101730 2
S 23823212 287 101727 2
S 23834211 287 101729 2
S 23845210 287 101729 2
S 23856210 287 101730 2
S 23867209 287 101732 2
S 23878208 287 101730 2
S 23889207 287 101729 2
S 23900207 287 101735 2
S 23911206 287 101729 2
S 23922205 287 101730 2
S 23933205 287 101729 2
S 23944204 287 101730 2
S 23955203 287 101733 2
S 23966203 287 101731 2
S 23977202 287 101730 2
S 23988201 287 101730 2
S 23999201 287 101729 2
S 24010200 287 101727 2
S 24021199 287 101733 2
S 24032199 287 101732 2
S 24043198 287 101735 2
S 24054197 287 101731 2
S 24065196 287 101732 2
S 24076196 287 101732 2
S 24087195 287 101731 2
S 24098194 287 101731 2
S 24109194 287 101730 2
S 24120193 287 101735 2
S 24131192 287 101738 2
S 24142192 287 101734 2
S 24153191 287 101731 2
S 24164190 287 101732 2
S 24175190 287 101732 2
S 24186189 287 101732 2
S 24197188 287 101731 2
S 24208188 287 101735 2
S 24219187 287 101731 2
S 24230186 287 101730 2
S 24246185 287 101736 2
S 24257184 287 101732 2
S 24268184 287 101732 2
S 24279183 287 101732 2
S 24290182 287 101733 2
S 24301182 287 101730 2
S 24312181 287 101735 2
S 24323180 287 101738 2
S 24334180 287 101734 2
S 24345179 287 101729 2
S 24356178 287 101735 2
S 24367178 287 101731 2
S 24378177 287 101732 2
S 24389176 287 101732 2
S 24400176 287 101733 2
S 24411175 287 101733 2
S 24422174 287 101736 2
S 24433173 287 101733 2
S 24444173 287 101732 2
S 24455172 287 101736 2
S 24466171 287 101737 2
S 24477171 287 101735 2
S 24488170 287 101735 2
S 24499169 287 101730 2
S 24510169 287 101731 2
S 24521168 287 101731 2
S 24532167 287 101730 2
S 24543167 287 101727 2
S 24554166 287 101736 2
S 24565165 287 101729 2
S 24576165 287 101734 2
S 24587164 287 101732 2
S 24598163 287 101731 2
S 24609162 287 101733 2
S 24620162 287 101732 2
S 24631161 287 101732 2
S 24642160 287 101733 2
S 24653160 287 101732 2
S 24664159 287 101732 2
S 24675158 287 101727 2
S 24686158 287 101732 2
S 24697157 287 101732 2
S 24708156 287 101729 2
S 24719156 287 101732 2
S 24730155 287 101733 2
S 24741154 287 101731 2
S 24752154 287 101729 2
S 24763153 287 101726 2
S 24774152 287 101729 2
S 24785151 287 101732 2
S 24796151 287 101730 2
S 24807150 287 101728 2
S 24818149 287 101732 2
S 24829149 287 101729 2
S 24840148 287 101732 2
S 24851147 287 101730 2
S 24862147 287 101732 2
S 24873146 287 101732 2
S 24884145 287 101734 2
S 24895145 287 101732 2
S 24906144 287 101729 2
S 24917143 287 101731 2
S 24928143 287 101730 2
S 24939142 287 101729 2
S 24950141 287 101729 2
S 24961140 287 101726 2
S 24972140 287 101729 2
S 24983139 287 101728 2
S 24994138 287 101729 2
S 25005138 287 101726 2
S 25016137 287 101724 2
S 25027136 287 101730 2
S 25038136 287 101729 2
S 25049135 287 101727 2
S 25060134 287 101728 2
S 25071134 287 101731 2
S 25082133 287 101731 2
S 25093132 287 101730 2
S 25104132 287 101726 2
S 25115131 287 101726 2
S 25126130 287 101728 2
S 25137129 287 101727 2
S 25148129 287 101732 2
S 25159128 287 101729 2
S 25170127 287 101729 2
S 25181127 287 101732 2
S 25192126 287 101730 2
S 25203125 287 101734 2
S 25214125 287 101731 2
S 25225124 287 101731 2
S 25236123 287 101728 2
S 25252122 287 101733 2
S 25263122 287 101733 2
S 25274121 287 101737 2
S 25285120 287 101733 2
S 25296120 287 101733 2
S 25307119 287 101731 2
S 25318118 287 101730 2
S 25329117 287 101732 2
S 25340117 287 101729 2
S 25351116 287 101729 2
S 25362115 287 101735 2
S 25373115 287 101725 2
S 25384114 287 101730 2
S 25395113 287 101734 2
S 25406113 287 101728 2
S 25417112 287 101730 2
S 25428111 287 101734 2
S 25439111 287 101735 2
S 25450110 287 101736 2
S 25461109 287 101735 2
S 25472109 287 101733 2
S 25483108 287 101731 2
S 25494107 287 101735 2
S 25505106 287 101733 2
S 25516106 287 101730 2
S 25527105 287 101729 2
S 25538104 287 101726 2
S 25549104 287 101728 2
S 25560103 287 101731 2
S 25571102 287 101734 2
S 25582102 287 101726 2
S 25593101 287 101729 2
S 25604100 287 101731 2
S 25615100 287 101731 2
S 25626099 287 101727 2
S 25637098 287 101729 2
S 25648098 287 101731 2
S 25659097 287 101729 2
S 25670096 287 101729 2
S 25681095 287 101734 2
S 25692095 287 101725 2
S 25703094 287 101726 2
S 25714093 287 101728 2
S 25725093 287 101729 2
S 25736092 287 101732 2
S 25747091 287 101726 2
S 25758091 287 101727 2
S 25769090 287 101732 2
S 25780089 287 101728 2
S 25791089 287 101730 2
S 25802088 287 101730 2
S 25813087 287 101728 2
S 25824087 287 101734 2
S 25835086 287 101729 2
S 25846085 287 101732 2
S 25857084 287 101735 2
S 25868084 287 101729 2
S 25879083 287 101729 2
S 25890082 287 101731 2
S 25901082 287 101732 2
S 25912081 287 101725 2
S 25923080 287 101731 2
S 25934080 287 101728 2
S 25945079 287 101728 2
S 25956078 287 101721 2
S 25967078 287 101734 2
S 25978077 287 101732 2
S 25989076 287 101729 2
S 26000076 287 101733 2
S 26011075 287 101728 2
S 26022074 287 101731 2
S 26033073 287 101729 2
S 26044073 287 101729 2
S 26055072 287 101735 2
S 26066071 287 101738 2
S 26077071 287 101735 2
S 26088070 287 101732 2
S 26099069 287 101729 2
S 26110069 287 101729 2
S 26121068 287 101729 2
S 26132067 287 101732 2
S 26143067 287 101726 2
S 26154066 287 101731 2
S 26165065 287 101731 2
S 26176065 287 101732 2
S 26187064 287 101733 2
S 26198063 287 101732 2
S 26209062 287 101725 2
S 26220062 287 101724 2
S 26231061 287 101726 2
S 26242060 287 101728 2
S 26258059 287 101730 2
S 26269059 287 101730 2
S 26280058 287 101734 2
S 26291057 287 101733 2
S 26302057 287 101732 2
S 26313056 287 101725 2
S 26324055 287 101729 2
S 26335055 287 101726 2
S 26346054 287 101723 2
S 26357053 287 101725 2
S 26368053 287 101727 2
S 26379052 287 101726 2
S 26390051 287 101726 2
S 26401050 287 101732 2
S 26412050 287 101724 2
S 26423049 287 101731 2
S 26434048 287 101727 2
S 26445048 287 101729 2
S 26456047 287 101725 2
S 26467046 287 101726 2
S 26478046 287 101731 2
S 26489045 287 101733 2
S 26500044 287 101732 2
S 26511044 287 101735 2
S 26522043 287 101732 2
S 26533042 287 101733 2
S 26544042 287 101735 2
S 26555041 287 101731 2
S 26566040 287 101731 2
S 26577039 287 101733 2
S 26588039 287 101731 2
S 26599038 287 101732 2
S 26610037 287 101735 2
S 26621037 287 101732 2
S 26632036 287 101734 2
S 26643035 287 101726 2
S 26654035 287 101733 2
S 26665034 287 101734 2
S 26676033 287 101733 2
S 26687033 287 101732 2
S 26698032 287 101733 2
S 26709031 287 101729 2
S 26720031 287 101725 2
S 26731030 287 101737 2
S 26742029 287 101732 2
S 26753028 287 101734 2
S 26764028 287 101736 2
S 26775027 287 101730 2
S 26786026 287 101735 2
S 26797026 287 101734 2
S 26808025 287 101735 2
S 26819024 287 101732 2
S 26830024 287 101734 2
S 26841023 287 101732 2
S 26852022 287 101736 2
S 26863022 287 101738 2
S 26874021 287 101734 2
S 26885020 287 101736 2
S 26896020 287 101735 2
S 26907019 287 101735 2
S 26918018 287 101735 2
S 26929017 287 101732 2
S 26940017 287 101733 2
S 26951016 287 101735 2
S 26962015 287 101734 2
S 26973015 287 101735 2
S 26984014 287 101730 2
S 26995013 287 101732 2
S 27006013 287 101733 2
S 27017012 287 101735 2
S 27028011 287 101731 2
S 27039011 287 101732 2
S 27050010 287 101734 2
S 27061009 287 101732 2
S 27072009 287 101734 2
S 27083008 287 101734 2
S 27094007 287 101732 2
S 27105006 287 101735 2
S 27116006 287 101735 2
S 27127005 287 101737 2
S 27138004 287 101732 2
S 27149004 287 101732 2
S 27160003 287 101732 2
S 27171002 287 101733 2
S 27182002 287 101730 2
S 27193001 287 101729 2
S 27204000 287 101732 2
S 27215000 287 101738 2
S 27225999 287 101735 2
S 27236998 287 101732 2
S 27247998 287 101732 2
S 27263997 287 101736 2
S 27274996 287 101738 2
S 27285995 287 101740 2
S 27296994 287 101741 2
S 27307994 287 101740 2
S 27318993 287 101737 2
S 27329992 287 101732 2
S 27340992 287 101733 2
S 27351991 287 101732 2
S 27362990 287 101735 2
S 27373990 287 101734 2
S 27384989 287 101730 2
S 27395988 287 101735 2
S 27406988 287 101732 2
S 27417987 287 101735 2
S 27428986 287 101729 2
S 27439986 287 101736 2
S 27450985 287 101733 2
S 27461984 287 101732 2
S 27472983 287 101736 2
S 27483983 287 101735 2
S 27494982 287 101734 2
S 27505981 287 101733 2
S 27516981 287 101734 2
S 27527980 287 101735 2
S 27538979 287 101735 2
S 27549979 287 101735 2
S 27560978 287 101735 2
S 27571977 287 101736 2
S 27582977 287 101735 2
S 27593976 287 101737 2
S 27604975 287 101735 2
S 27615975 287 101737 2
S 27626974 287 101737 2
S 27637973 287 101732 2
S 27648972 287 101728 2
S 27659972 287 101730 2
S 27670971 287 101735 2
S 27681970 287 101737 2
S 27692970 287 101735 2
S 27703969 287 101735 2
S 27714968 287 101734 2
S 27725968 287 101732 2
S 27736967 287 101730 2
S 27747966 287 101729 2
S 27758966 287 101735 2
S 27769965 287 101735 2
S 27780964 287 101735 2
S 27791964 287 101732 2
S 27802963 287 101734 2
S 27813962 287 101731 2
S 27824961 287 101730 2
S 27835961 287 101735 2
S 27846960 287 101729 2
S 27857959 287 101737 2
S 27868959 287 101727 2
S 27879958 287 101735 2
S 27890957 287 101732 2
S 27901957 287 101734 2
S 27912956 287 101732 2
S 27923955 287 101735 2
S 27934955 287 101732 2
S 27945954 287 101731 2
S 27956953 287 101733 2
S 27967953 287 101737 2
S 27978952 287 101736 2
S 27989951 287 101729 2
S 28000951 287 101731 2
S 28011950 287 101729 2
S 28022949 287 101731 2
S 28033948 287 101737 2
S 28044948 287 101733 2
S 28055947 287 101735 2
S 28066946 287 101731 2
S 28077946 287 101738 2
S 28088945 287 101736 2
S 28099944 287 101735 2
S 28110944 287 101732 2
S 28121943 287 101732 2
S 28132942 287 101734 2
S 28143942 287 101727 2
S 28154941 287 101726 2
S 28165940 287 101727 2
S 28176939 287 101729 2
S 28187939 287 101728 2
S 28198938 287 101726 2
S 28209937 287 101729 2
S 28220937 287 101727 2
S 28231936 287 101729 2
S 28242935 287 101730 2
S 28253935 287 101732 2
S 28269934 287 101729 2
S 28280933 287 101723 2
S 28291932 287 101726 2
S 28302932 287 101738 2
S 28313931 287 101727 2
S 28324930 287 101728 2
S 28335930 287 101733 2
S 28346929 287 101736 2
S 28357928 287 101733 2
S 28368927 287 101726 2
S 28379927 287 101731 2
S 28390926 287 101729 2
S 28401925 287 101733 2
S 28412925 287 101723 2
S 28423924 287 101728 2
S 28434923 287 101729 2
S 28445923 287 101729 2
S 28456922 287 101730 2
S 28467921 287 101725 2
S 28478921 287 101723 2
S 28489920 287 101726 2
S 28500919 287 101729 2
S 28511919 287 101729 2
S 28522918 287 101726 2
S 28533917 287 101730 2
S 28544916 287 101727 2
S 28555916 287 101730 2
S 28566915 287 101730 2
S 28577914 287 101729 2
S 28588914 287 101732 2
S 28599913 287 101726 2
S 28610912 287 101729 2
S 28621912 287 101727 2
S 28632911 287 101729 2
S 28643910 287 101729 2
S 28654910 287 101732 2
S 28665909 287 101734 2
S 28676908 287 101726 2
S 28687908 287 101725 2
S 28698907 287 101729 2
S 28709906 287 101729 2
S 28720905 287 101728 2
S 28731905 287 101726 2
S 28742904 287 101726 2
S 28753903 287 101727 2
S 28764903 287 101725 2
S 28775902 287 101727 2
S 28786901 287 101727 2
S 28797901 287 101724 2
S 28808900 287 101728 2
S 28819899 287 101732 2
S 28830899 287 101732 2
S 28841898 287 101730 2
S 28852897 287 101730 2
S 28863897 287 101728 2
S 28874896 287 101729 2
S 28885895 287 101726 2
S 28896894 287 101728 2
S 28907894 287 101729 2
S 28918893 287 101728 2
S 28929892 287 101726 2
S 28940892 287 101718 2
S 28951891 287 101726 2
S 28962890 287 101728 2
S 28973890 287 101729 2
S 28984889 287 101729 2
S 28995888 287 101728 2
S 29006888 287 101726 2
S 29017887 287 101729 2
S 29028886 287 101723 2
S 29039886 287 101721 2
S 29050885 287 101723 2
S 29061884 287 101724 2
S 29072883 287 101723 2
S 29083883 287 101722 2
S 29094882 287 101730 2
S 29105881 287 101724 2
S 29116881 287 101723 2
S 29127880 287 101726 2
S 29138879 287 101728 2
S 29149879 287 101726 2
S 29160878 287 101726 2
S 29171877 287 101730 2
S 29182877 287 101729 2
S 29193876 287 101728 2
S 29204875 287 101727 2
S 29215875 287 101726 2
S 29226874 287 101734 2
S 29237873 287 101725 2
S 29248872 287 101728 2
S 29259872 287 101732 2
S 29275871 287 101735 2
S 29286870 287 101730 2
S 29297869 287 101735 2
S 29308869 287 101729 2
S 29319868 287 101725 2
S 29330867 287 101732 2
S 29341867 287 101732 2
S 29352866 287 101724 2
S 29363865 287 101727 2
S 29374865 287 101729 2
S 29385864 287 101733 2
S 29396863 287 101729 2
S 29407863 287 101733 2
S 29418862 287 101727 2
S 29429861 287 101732 2
S 29440860 287 101725 2
S 29451860 287 101726 2
S 29462859 287 101732 2
S 29473858 287 101730 2
S 29484858 287 101723 2
S 29495857 287 101726 2
S 29506856 287 101732 2
S 29517856 287 101733 2
S 29528855 287 101732 2
S 29539854 287 101730 2
S 29550854 287 101732 2
S 29561853 287 101728 2
S 29572852 287 101731 2
S 29583852 287 101731 2
S 29594851 287 101733 2
S 29605850 287 101729 2
S 29616849 287 101732 2
S 29627849 287 101732 2
S 29638848 287 101732 2
S 29649847 287 101729 2
S 29660847 287 101731 2
S 29671846 287 101731 2
S 29682845 287 101731 2
S 29693845 287 101727 2
S 29704844 287 101731 2
S 29715843 287 101732 2
S 29726843 287 101733 2
S 29737842 287 101734 2
S 29748841 287 101727 2
S 29759841 287 101728 2
S 29770840 287 101724 2
S 29781839 287 101728 2
S 29792838 287 101724 2
S 29803838 287 101726 2
S 29814837 287 101735 2
S 29825836 287 101724 2
S 29836836 287 101729 2
S 29847835 287 101725 2
S 29858834 287 101725 2
S 29869834 287 101728 2
S 29880833 287 101723 2
S 29891832 287 101729 2
S 29902832 287 101722 2
S 29913831 287 101728 2
S 29924830 287 101723 2
S 29935830 287 101729 2
S 29946829 287 101728 2
S 29957828 287 101728 2
S 29968827 287 101729 2
S 29979827 287 101723 2
S 29990826 287 101723 2
S 30001826 287 101721 2
S 30012825 287 101721 2
S 30023824 287 101729 2
S 30034823 287 101723 2
S 30045823 287 101726 2
S 30056822 287 101727 2
S 30067821 287 101723 2
S 30078821 287 101723 2
S 30089820 287 101724 2
S 30100819 287 101718 2
S 30111819 287 101720 2
S 30122818 287 101726 2
S 30133817 287 101726 2
S 30144816 287 101730 2
S 30155816 287 101726 2
S 30166815 287 101726 2
S 30177814 287 101728 2
S 30188814 287 101726 2
S 30199813 287 101726 2
S 30210812 287 101728 2
S 30221812 287 101723 2
S 30232811 287 101722 2
S 30243810 287 101729 2
S 30254810 287 101722 2
S 30265809 287 101724 2
S 30281808 287 101732 2
S 30292807 287 101724 2
S 30303807 287 101727 2
S 30314806 287 101729 2
S 30325805 287 101731 2
S 30336804 287 101729 2
S 30347804 287 101723 2
S 30358803 287 101726 2
S 30369802 287 101728 2
S 30380802 287 101731 2
S 30391801 287 101730 2
S 30402800 287 101733 2
S 30413800 287 101729 2
S 30424799 287 101732 2
S 30435798 287 101732 2
S 30446798 287 101732 2
S 30457797 287 101732 2
S 30468796 287 101729 2
S 30479796 287 101727 2
S 30490795 287 101725 2
S 30501794 287 101737 2
S 30512793 287 101733 2
S 30523793 287 101726 2
S 30534792 287 101731 2
S 30545791 287 101726 2
S 30556791 287 101729 2
S 30567790 287 101731 2
S 30578789 287 101730 2
S 30589789 287 101729 2
S 30600788 287 101735 2
S 30611787 287 101734 2
S 30622787 287 101731 2
S 30633786 287 101732 2
S 30644785 287 101732 2
S 30655785 287 101729 2
S 30666784 287 101723 2
S 30677783 287 101721 2
S 30688782 287 101732 2
S 30699782 287 101730 2
S 30710781 287 101732 2
S 30721780 287 101730 2
S 30732780 287 101736 2
S 30743779 287 101730 2
S 30754778 287 101729 2
S 30765778 287 101730 2
S 30776777 287 101729 2
S 30787776 287 101730 2
S 30798776 287 101729 2
S 30809775 287 101723 2
S 30820774 287 101726 2
S 30831774 287 101729 2
S 30842773 287 101728 2
S 30853772 287 101729 2
S 30864771 287 101732 2
S 30875771 287 101731 2
S 30886770 287 101733 2
S 30897769 287 101732 2
S 30908769 287 101730 2
S 30919768 287 101731 2
S 30930767 287 101731 2
S 30941767 287 101723 2
S 30952766 287 101721 2
S 30963765 287 101728 2
S 30974765 287 101736 2
S 30985764 287 101730 2
S 30996763 287 101730 2
S 31007763 287 101729 2
S 31018762 287 101729 2
S 31029761 287 101729 2
S 31040760 287 101729 2
S 31051760 287 101729 2
S 31062759 287 101730 2
S 31073758 287 101735 2
S 31084758 287 101729 2
S 31095757 287 101729 2
S 31106756 287 101739 2
S 31117756 287 101726 2
S 31128755 287 101729 2
S 31139754 287 101731 2
S 31150754 287 101726 2
S 31161753 287 101731 2
S 31172752 287 101732 2
S 31183752 287 101729 2
S 31194751 287 101729 2
S 31205750 287 101728 2
S 31216749 287 101729 2
S 31227749 287 101726 2
S 31238748 287 101733 2
S 31249747 287 101729 2
S 31260747 287 101732 2
S 31271746 287 101735 2
S 31287745 287 101732 2
S 31298744 287 101736 2
S 31309744 287 101732 2
S 31320743 287 101730 2
S 31331742 287 101729 2
S 31342742 287 101735 2
S 31353741 287 101735 2
S 31364740 287 101737 2
S 31375740 287 101735 2
S 31386739 287 101731 2
S 31397738 287 101733 2
S 31408737 287 101729 2
S 31419737 287 101729 2
S 31430736 287 101729 2
S 31441735 287 101731 2
S 31452735 287 101729 2
S 31463734 287 101728 2
S 31474733 287 101729 2
S 31485733 287 101731 2
S 31496732 287 101730 2
S 31507731 287 101735 2
S 31518731 287 101732 2
S 31529730 287 101729 2
S 31540729 287 101725 2
S 31551729 287 101730 2
S 31562728 287 101732 2
S 31573727 287 101732 2
S 31584726 287 101732 2
S 31595726 287 101731 2
S 31606725 287 101728 2
S 31617724 287 101728 2
S 31628724 287 101733 2
S 31639723 287 101730 2
S 31650722 287 101731 2
S 31661722 287 101731 2
S 31672721 287 101733 2
S 31683720 287 101733 2
S 31694720 287 101733 2
S 31705719 287 101735 2
S 31716718 287 101739 2
S 31727718 287 101737 2
S 31738717 287 101739 2
S 31749716 287 101740 2
S 31760715 287 101738 2
S 31771715 287 101741 2
S 31782714 287 101738 2
S 31793713 287 101735 2
S 31804713 287 101737 2
S 31815712 287 101735 2
S 31826711 287 101729 2
S 31837711 287 101734 2
S 31848710 287 101731 2
S 31859709 287 101734 2
S 31870709 287 101735 2
S 31881708 287 101735 2
S 31892707 287 101735 2
S 31903707 287 101734 2
S 31914706 287 101736 2
S 31925705 287 101735 2
S 31936704 287 101738 2
S 31947704 287 101733 2
S 31958703 287 101735 2
S 31969702 287 101736 2
S 31980702 287 101738 2
S 31991701 287 101732 2
S 32002700 287 101735 2
S 32013700 287 101735 2
S 32024699 287 101734 2
S 32035698 287 101737 2
S 32046698 287 101738 2
S 32057697 287 101735 2
S 32068696 287 101733 2
S 32079696 287 101735 2
S 32090695 287 101738 2
S 32101694 287 101737 2
S 32112693 287 101731 2
S 32123693 287 101738 2
S 32134692 287 101733 2
S 32145691 287 101735 2
S 32156691 287 101735 2
S 32167690 287 101738 2
S 32178689 287 101738 2
S 32189689 287 101732 2
S 32200688 287 101733 2
S 32211687 287 101734 2
S 32222687 287 101732 2
S 32233686 287 101733 2
S 32244685 287 101737 2
S 32255685 287 101735 2
S 32266684 287 101737 2
S 32277683 287 101735 2
S 32293682 287 101735 2
S 32304681 287 101734 2
S 32315681 287 101737 2
S 32326680 287 101735 2
S 32337679 287 101739 2
S 32348679 287 101738 2
S 32359678 287 101742 2
S 32370677 287 101738 2
S 32381677 287 101737 2
S 32392676 287 101731 2
S 32403675 287 101740 2
S 32414675 287 101738 2
S 32425674 287 101735 2
S 32436673 287 101737 2
S 32447673 287 101738 2
S 32458672 287 101740 2
S 32469671 287 101736 2
S 32480670 287 101733 2
S 32491670 287 101737 2
S 32502669 287 101733 2
S 32513668 287 101738 2
S 32524668 287 101732 2
S 32535667 287 101738 2
S 32546666 287 101735 2
S 32557666 287 101732 2
S 32568665 287 101738 2
S 32579664 287 101734 2
S 32590664 287 101739 2
S 32601663 287 101735 2
S 32612662 287 101739 2
S 32623662 287 101735 2
S 32634661 287 101734 2
S 32645660 287 101729 2
S 32656659 287 101733 2
S 32667659 287 101733 2
S 32678658 287 101735 2
S 32689657 287 101731 2
S 32700657 287 101731 2
S 32711656 287 101729 2
S 32722655 287 101729 2
S 32733655 287 101732 2
S 32744654 287 101729 2
S 32755653 287 101730 2
S 32766653 287 101733 2
S 32777652 287 101731 2
S 32788651 287 101734 2
S 32799651 287 101729 2
S 32810650 287 101732 2
S 32821649 287 101726 2
S 32832648 287 101732 2
S 32843648 287 101729 2
S 32854647 287 101729 2
S 32865646 287 101734 2
S 32876646 287 101728 2
S 32887645 287 101731 2
S 32898644 287 101729 2
S 32909644 287 101726 2
S 32920643 287 101730 2
S 32931642 287 101731 2
S 32942642 287 101727 2
S 32953641 287 101726 2
S 32964640 287 101726 2
S 32975640 287 101726 2
S 32986639 287 101725 2
S 32997638 287 101721 2
S 33008637 287 101730 2
S 33019637 287 101726 2
S 33030636 287 101726 2
S 33041635 287 101733 2
S 33052635 287 101729 2
S 33063634 287 101732 2
S 33074633 287 101733 2
S 33085633 287 101736 2
S 33096632 287 101733 2
S 33107631 287 101731 2
S 33118631 287 101732 2
S 33129630 287 101730 2
S 33140629 287 101733 2
S 33151629 287 101729 2
S 33162628 287 101729 2
S 33173627 287 101732 2
S 33184626 287 101730 2
S 33195626 287 101727 2
S 33206625 287 101729 2
S 33217624 287 101730 2
S 33228624 287 101727 2
S 33239623 287 101724 2
S 33250622 287 101731 2
S 33261622 287 101728 2
S 33272621 287 101724 2
S 33283620 287 101729 2
S 33299619 287 101730 2
S 33310619 287 101731 2
S 33321618 287 101730 2
S 33332617 287 101729 2
S 33343617 287 101735 2
S 33354616 287 101734 2
S 33365615 287 101735 2
S 33376614 287 101735 2
S 33387614 287 101737 2
S 33398613 287 101731 2
S 33409612 287 101732 2
S 33420612 287 101735 2
S 33431611 287 101736 2
S 33442610 287 101736 2
S 33453610 287 101732 2
S 33464609 287 101732 2
S 33475608 287 101735 2
S 33486608 287 101738 2
S 33497607 287 101733 2
S 33508606 287 101732 2
S 33519606 287 101732 2
S 33530605 287 101734 2
S 33541604 287 101735 2
S 33552603 287 101736 2
S 33563603 287 101734 2
S 33574602 287 101735 2
S 33585601 287 101734 2
S 33596601 287 101732 2
S 33607600 287 101732 2
S 33618599 287 101732 2
S 33629599 287 101731 2
S 33640598 287 101732 2
S 33651597 287 101735 2
S 33662597 287 101729 2
S 33673596 287 101731 2
S 33684595 287 101732 2
S 33695595 287 101734 2
S 33706594 287 101739 2
S 33717593 287 101734 2
S 33728592 287 101737 2
S 33739592 287 101736 2
S 33750591 287 101736 2
S 33761590 287 101735 2
S 33772590 287 101731 2
S 33783589 287 101727 2
S 33794588 287 101728 2
S 33805588 287 101731 2
S 33816587 287 101729 2
S 33827586 287 101732 2
S 33838586 287 101729 2
S 33849585 287 101732 2
S 33860584 287 101729 2
S 33871584 287 101728 2
S 33882583 287 101728 2
S 33893582 287 101725 2
S 33904581 287 101729 2
S 33915581 287 101727 2
S 33926580 287 101733 2
S 33937579 287 101725 2
S 33948579 287 101732 2
S 33959578 287 101726 2
S 33970577 287 101726 2
S 33981577 287 101727 2
S 33992576 287 101723 2
S 34003575 287 101726 2
S 34014575 287 101729 2
S 34025574 287 101725 2
S 34036573 287 101729 2
S 34047573 287 101728 2
S 34058572 287 101726 2
S 34069571 287 101729 2
S 34080570 287 101729 2
S 34091570 287 101729 2
S 34102569 287 101723 2
S 34113568 287 101727 2
S 34124568 287 101729 2
S 34135567 287 101726 2
S 34146566 287 101731 2
S 34157566 287 101725 2
S 34168565 287 101730 2
S 34179564 287 101728 2
S 34190564 287 101724 2
S 34201563 287 101732 2
S 34212562 287 101723 2
S 34223562 287 101725 2
S 34234561 287 101721 2
S 34245560 287 101722 2
S 34256559 287 101726 2
S 34267559 287 101726 2
S 34278558 287 101723 2
S 34289557 287 101725 2
S 34305556 287 101728 2
S 34316556 287 101731 2
S 34327555 287 101731 2
S 34338554 287 101728 2
S 34349554 287 101726 2
S 34360553 287 101722 2
S 34371552 287 101729 2
S 34382552 287 101731 2
S 34393551 287 101729 2
S 34404550 287 101729 2
S 34415550 287 101729 2
S 34426549 287 101729 2
S 34437548 287 101726 2
S 34448547 287 101723 2
S 34459547 287 101725 2
S 34470546 287 101728 2
S 34481545 287 101726 2
S 34492545 287 101726 2
S 34503544 287 101726 2
S 34514543 287 101725 2
S 34525543 287 101726 2
S 34536542 287 101726 2
S 34547541 287 101726 2
S 34558541 287 101722 2
S 34569540 287 101724 2
S 34580539 287 101726 2
S 34591539 287 101722 2
S 34602538 287 101725 2
S 34613537 287 101721 2
S 34624536 287 101723 2
S 34635536 287 101724 2
S 34646535 287 101721 2
S 34657534 287 101726 2
S 34668534 287 101724 2
S 34679533 287 101723 2
S 34690532 287 101719 2
S 34701532 287 101726 2
S 34712531 287 101723 2
S 34723530 287 101722 2
S 34734530 287 101721 2
S 34745529 287 101723 2
S 34756528 287 101726 2
S 34767528 287 101727 2
S 34778527 287 101722 2
S 34789526 287 101723 2
S 34800525 287 101726 2
S 34811525 287 101723 2
S 34822524 287 101720 2
S 34833523 287 101727 2
S 34844523 287 101729 2
S 34855522 287 101726 2
S 34866521 287 101721 2
S 34877521 287 101730 2
S 34888520 287 101720 2
S 34899519 287 101726 2
S 34910519 287 101720 2
S 34921518 287 101730 2
S 34932517 287 101726 2
S 34943517 287 101726 2
S 34954516 287 101729 2
S 34965515 287 101732 2
S 34976514 287 101727 2
S 34987514 287 101729 2
S 34998513 287 101729 2
S 35009512 287 101726 2
S 35020512 287 101724 2
S 35031511 287 101721 2
S 35042510 287 101726 2
S 35053510 287 101726 2
S 35064509 287 101729 2
S 35075508 287 101724 2
S 35086508 287 101725 2
S 35097507 287 101729 2
S 35108506 287 101729 2
S 35119506 287 101726 2
S 35130505 287 101731 2
S 35141504 287 101728 2
S 35152503 287 101727 2
S 35163503 287 101725 2
S 35174502 287 101729 2
S 35185501 287 101729 2
S 35196501 287 101720 2
S 35207500 287 101726 2
S 35218499 287 101729 2
S 35229499 287 101729 2
S 35240498 287 101732 2
S 35251497 287 101727 2
S 35262497 287 101727 2
S 35273496 287 101722 2
S 35284495 287 101725 2
S 35295495 287 101724 2
S 35311494 288 101736 2
S 35322493 288 101732 2
S 35333492 288 101738 2
S 35344491 288 101731 2
S 35355491 288 101733 2
S 35366490 288 101733 2
S 35377489 288 101734 2
S 35388489 288 101731 2
S 35399488 288 101730 2
S 35410487 288 101733 2
S 35421487 288 101730 2
S 35432486 288 101729 2
S 35443485 288 101731 2
S 35454485 288 101732 2
S 35465484 288 101734 2
S 35476483 288 101734 2
S 35487483 288 101731 2
S 35498482 288 101733 2
S 35509481 288 101732 2
S 35520480 288 101734 2
S 35531480 288 101730 2
S 35542479 288 101727 2
S 35553478 288 101736 2
S 35564478 288 101732 2
S 35575477 288 101735 2
S 35586476 288 101735 2
S 35597476 288 101734 2
S 35608475 288 101733 2
S 35619474 288 101733 2
S 35630474 288 101734 2
S 35641473 288 101734 2
S 35652472 288 101730 2
S 35663472 288 101735 2
S 35674471 288 101733 2
S 35685470 288 101733 2
S 35696469 288 101731 2
S 35707469 288 101732 2
S 35718468 288 101734 2
S 35729467 288 101732 2
S 35740467 288 101734 2
S 35751466 288 101735 2
S 35762465 288 101732 2
S 35773465 288 101735 2
S 35784464 288 101733 2
S 35795463 288 101731 2
S 35806463 288 101731 2
S 35817462 288 101729 2
S 35828461 288 101738 2
S 35839461 288 101737 2
S 35850460 288 101735 2
S 35861459 288 101736 2
S 35872458 288 101735 2
S 35883458 288 101734 2
S 35894457 288 101735 2
S 35905456 288 101735 2
S 35916456 288 101735 2
S 35927455 288 101735 2
S 35938454 288 101735 2
S 35949454 288 101738 2
S 35960453 288 101738 2
S 35971452 288 101735 2
S 35982452 288 101732 2
S 35993451 288 101729 2
S 36004450 288 101737 2
S 36015450 288 101736 2
S 36026449 288 101729 2
S 36037448 288 101731 2
S 36048447 288 101737 2
S 36059447 288 101735 2
S 36070446 288 101739 2
S 36081445 288 101738 2
S 36092445 288 101738 2
S 36103444 288 101740 2
S 36114443 288 101738 2
S 36125443 288 101735 2
S 36136442 288 101732 2
S 36147441 288 101736 2
S 36158441 288 101738 2
S 36169440 288 101734 2
S 36180439 288 101735 2
S 36191439 288 101737 2
S 36202438 288 101733 2
S 36213437 288 101737 2
S 36224436 288 101735 2
S 36235436 288 101734 2
S 36246435 288 101737 2
S 36257434 288 101735 2
S 36268434 288 101738 2
S 36279433 288 101735 2
S 36290432 288 101733 2
S 36301432 288 101731 2
S 36317431 288 101743 2
S 36328430 288 101741 2
S 36339429 288 101741 2
S 36350429 288 101738 2
S 36361428 288 101737 2
S 36372427 288 101732 2
S 36383427 288 101735 2
S 36394426 288 101735 2
S 36405425 288 101735 2
S 36416424 288 101735 2
S 36427424 288 101736 2
S 36438423 288 101741 2
S 36449422 288 101738 2
S 36460422 288 101738 2
S 36471421 288 101730 2
S 36482420 288 101738 2
S 36493420 288 101740 2
S 36504419 288 101741 2
S 36515418 288 101735 2
S 36526418 288 101735 2
S 36537417 288 101737 2
S 36548416 288 101738 2
S 36559416 288 101739 2
S 36570415 288 101735 2
S 36581414 288 101739 2
S 36592413 288 101736 2
S 36603413 288 101738 2
S 36614412 288 101741 2
S 36625411 288 101732 2
S 36636411 288 101735 2
S 36647410 288 101738 2
S 36658409 288 101738 2
S 36669409 288 101740 2
S 36680408 288 101741 2
S 36691407 288 101735 2
S 36702407 288 101735 2
S 36713406 288 101736 2
S 36724405 288 101737 2
S 36735405 288 101735 2
S 36746404 288 101730 2
S 36757403 288 101742 2
S 36768402 288 101740 2
S 36779402 288 101741 2
S 36790401 288 101737 2
S 36801400 288 101742 2
S 36812400 288 101738 2
S 36823399 288 101735 2
S 36834398 288 101738 2
S 36845398 288 101735 2
S 36856397 288 101738 2
S 36867396 288 101730 2
S 36878396 288 101735 2
S 36889395 288 101733 2
S 36900394 288 101732 2
S 36911394 288 101735 2
S 36922393 288 101741 2
S 36933392 288 101740 2
S 36944391 288 101739 2
S 36955391 288 101734 2
S 36966390 288 101738 2
S 36977389 288 101735 2
S 36988389 288 101736 2
S 36999388 288 101735 2
S 37010387 288 101734 2
S 37021387 288 101735 2
S 37032386 288 101735 2
S 37043385 288 101741 2
S 37054385 288 101739 2
S 37065384 288 101732 2
S 37076383 288 101731 2
S 37087383 288 101729 2
S 37098382 288 101740 2
S 37109381 288 101735 2
S 37120380 288 101736 2
S 37131380 288 101742 2
S 37142379 288 101739 2
S 37153378 288 101736 2
S 37164378 288 101740 2
S 37175377 288 101736 2
S 37186376 288 101738 2
S 37197376 288 101738 2
S 37208375 288 101740 2
S 37219374 288 101732 2
S 37230374 288 101738 2
S 37241373 288 101741 2
S 37252372 288 101736 2
S 37263372 288 101743 2
S 37274371 288 101737 2
S 37285370 288 101738 2
S 37296369 288 101741 2
S 37307369 288 101738 2
S 37323368 288 101738 2
S 37334367 288 101740 2
S 37345366 288 101737 2
S 37356366 288 101740 2
S 37367365 288 101744 2
S 37378364 288 101740 2
S 37389364 288 101744 2
S 37400363 288 101735 2
S 37411362 288 101734 2
S 37422362 288 101731 2
S 37433361 288 101730 2
S 37444360 288 101737 2
S 37455360 288 101736 2
S 37466359 288 101738 2
S 37477358 288 101733 2
S 37488357 288 101735 2
S 37499357 288 101733 2
S 37510356 288 101732 2
S 37521355 288 101734 2
S 37532355 288 101737 2
S 37543354 288 101735 2
S 37554353 288 101737 2
S 37565353 288 101742 2
S 37576352 288 101738 2
S 37587351 288 101735 2
S 37598351 288 101736 2
S 37609350 288 101738 2
S 37620349 288 101743 2
S 37631349 288 101739 2
S 37642348 288 101739 2
S 37653347 288 101740 2
S 37664346 288 101739 2
S 37675346 288 101741 2
S 37686345 288 101741 2
S 37697344 288 101742 2
S 37708344 288 101739 2
S 37719343 288 101738 2
S 37730342 288 101738 2
S 37741342 288 101741 2
S 37752341 288 101738 2
S 37763340 288 101741 2
S 37774340 288 101741 2
S 37785339 288 101737 2
S 37796338 288 101740 2
S 37807338 288 101735 2
S 37818337 288 101737 2
S 37829336 288 101744 2
S 37840335 288 101743 2
S 37851335 288 101741 2
S 37862334 288 101741 2
S 37873333 288 101741 2
S 37884333 288 101741 2
S 37895332 288 101738 2
S 37906331 288 101741 2
S 37917331 288 101734 2
S 37928330 288 101740 2
S 37939329 288 101741 2
S 37950329 288 101739 2
S 37961328 288 101736 2
S 37972327 288 101738 2
S 37983327 288 101737 2
S 37994326 288 101740 2
S 38005325 288 101738 2
S 38016324 288 101733 2
S 38027324 288 101739 2
S 38038323 288 101738 2
S 38049322 288 101740 2
S 38060322 288 101738 2
S 38071321 288 101739 2
S 38082320 288 101742 2
S 38093320 288 101736 2
S 38104319 288 101741 2
S 38115318 288 101741 2
S 38126318 288 101736 2
S 38137317 288 101744 2
S 38148316 288 101737 2
S 38159316 288 101741 2
S 38170315 288 101736 2
S 38181314 288 101738 2
S 38192313 288 101739 2
S 38203313 288 101739 2
S 38214312 288 101740 2
S 38225311 288 101738 2
S 38236311 288 101740 2
S 38247310 288 101741 2
S 38258309 288 101740 2
S 38269309 288 101738 2
S 38280308 288 101736 2
S 38291307 288 101737 2
S 38302307 288 101735 2
S 38313306 288 101738 2
S 38329305 287 101737 2
S 38340304 287 101736 2
S 38351304 287 101735 2
S 38362303 287 101732 2
S 38373302 287 101733 2
S 38384301 287 101735 2
S 38395301 287 101736 2
S 38406300 287 101739 2
S 38417299 287 101743 2
S 38428299 287 101732 2
S 38439298 287 101738 2
S 38450297 287 101737 2
S 38461297 287 101735 2
S 38472296 287 101736 2
S 38483295 287 101737 2
S 38494295 287 101738 2
S 38505294 287 101730 2
S 38516293 287 101733 2
S 38527293 287 101736 2
S 38538292 287 101732 2
S 38549291 287 101735 2
S 38560290 287 101738 2
S 38571290 287 101735 2
S 38582289 287 101729 2
S 38593288 287 101731 2
S 38604288 287 101736 2
S 38615287 287 101730 2
S 38626286 287 101738 2
S 38637286 287 101735 2
S 38648285 287 101734 2
S 38659284 287 101739 2
S 38670284 287 101734 2
S 38681283 287 101740 2
S 38692282 287 101738 2
S 38703282 287 101735 2
S 38714281 287 101735 2
S 38725280 287 101738 2
S 38736279 287 101735 2
S 38747279 287 101742 2
S 38758278 287 101738 2
S 38769277 287 101740 2
S 38780277 287 101738 2
S 38791276 287 101738 2
S 38802275 287 101735 2
S 38813275 287 101740 2
S 38824274 287 101739 2
S 38835273 287 101735 2
S 38846273 287 101737 2
S 38857272 287 101734 2
S 38868271 287 101735 2
S 38879271 287 101735 2
S 38890270 287 101731 2
S 38901269 287 101736 2
S 38912268 287 101733 2
S 38923268 287 101735 2
S 38934267 287 101734 2
S 38945266 287 101735 2
S 38956266 287 101735 2
S 38967265 287 101731 2
S 38978264 287 101738 2
S 38989264 287 101737 2
S 39000264 287 101732 2
S 39011262 287 101735 2
S 39022262 287 101732 2
S 39033261 287 101736 2
S 39044260 287 101734 2
S 39055260 287 101726 2
S 39066259 287 101732 2
S 39077258 287 101733 2
S 39088257 287 101732 2
S 39099257 287 101729 2
S 39110256 287 101731 2
S 39121255 287 101731 2
S 39132255 287 101733 2
S 39143254 287 101739 2
S 39154253 287 101732 2
S 39165253 287 101738 2
S 39176252 287 101736 2
S 39187251 287 101735 2
S 39198251 287 101735 2
S 39209250 287 101734 2
S 39220249 287 101729 2
S 39231249 287 101735 2
S 39242248 287 101735 2
S 39253247 287 101732 2
S 39264246 287 101730 2
S 39275246 287 101735 2
S 39286245 287 101727 2
S 39297244 287 101730 2
S 39308244 287 101731 2
S 39319243 287 101734 2
S 39335242 287 101739 2
S 39346241 287 101738 2
S 39357241 287 101736 2
S 39368240 287 101737 2
S 39379239 287 101736 2
S 39390239 287 101732 2
S 39401238 287 101735 2
S 39412237 287 101733 2
S 39423237 287 101735 2
S 39434236 287 101735 2
S 39445235 287 101738 2
S 39456234 287 101736 2
S 39467234 287 101735 2
S 39478233 287 101732 2
S 39489232 287 101733 2
S 39500232 287 101732 2
S 39511231 287 101732 2
S 39522230 287 101725 2
S 39533230 287 101731 2
S 39544229 287 101732 2
S 39555228 287 101731 2
S 39566228 287 101735 2
S 39577227 287 101733 2
S 39588226 287 101739 2
S 39599226 287 101736 2
S 39610225 287 101737 2
S 39621224 287 101737 2
S 39632223 287 101735 2
S 39643223 287 101735 2
S 39654222 287 101735 2
S 39665221 287 101731 2
S 39676221 287 101731 2
S 39687220 287 101733 2
S 39698219 287 101732 2
S 39709219 287 101731 2
S 39720218 287 101735 2
S 39731217 287 101732 2
S 39742217 287 101731 2
S 39753216 287 101728 2
S 39764215 287 101729 2
S 39775215 287 101732 2
S 39786214 287 101731 2
S 39797213 287 101728 2
S 39808212 287 101734 2
S 39819212 287 101733 2
S 39830211 287 101726 2
S 39841210 287 101731 2
S 39852210 287 101726 2
S 39863209 287 101728 2
S 39874208 287 101736 2
S 39885208 287 101732 2
S 39896207 287 101735 2
S 39907206 287 101734 2
S 39918206 287 101740 2
S 39929205 287 101736 2
S 39940204 287 101731 2
S 39951204 287 101733 2
S 39962203 287 101731 2
S 39973202 287 101724 2
S 39984201 287 101729 2
S 39995201 287 101731 2
S 40006200 287 101731 2
S 40017199 287 101735 2
S 40028199 287 101730 2
S 40039198 287 101730 2
S 40050197 287 101727 2
S 40061197 287 101729 2
S 40072196 287 101729 2
S 40083195 287 101735 2
S 40094195 287 101732 2
S 40105194 287 101734 2
S 40116193 287 101731 2
S 40127193 287 101728 2
S 40138192 287 101732 2
S 40149191 287 101732 2
S 40160190 287 101728 2
