# capture_start_utc=2026-08-30T11:14:07Z
S 4199438 286 101728 1
S 4206438 286 101734 1
S 4213437 286 101733 1
S 4220437 286 101730 1
S 4227436 286 101725 1
S 4234436 286 101730 1
S 4241436 286 101731 1
S 4248435 286 101728 1
S 4255435 286 101728 1
S 4262434 286 101734 1
S 4269434 286 101728 1
S 4276433 286 101736 1
S 4283433 286 101728 1
S 4290432 286 101731 1
S 4297432 286 101734 1
S 4304432 286 101728 1
S 4311431 286 101733 1
S 4318431 286 101728 1
S 4325430 286 101728 1
S 4332430 286 101728 1
S 4339429 286 101728 1
S 4346429 286 101727 1
[[DEBUG]] Starting [[SENSOR TASK]]
[SELFTEST] compensate: T=150 (exp 150)  P=69964 (exp 69964)  -> PASS
#BMP180 v1 fw=1.5.0 temp_ms=1000
[[DEBUG]] BMP180 registered on /dev/bmp180-0
S 46698 286 101736 0
S 51697 286 101724 0
S 56697 286 101730 0
S 61697 286 101733 0
S 66696 286 101730 0
S 71696 286 101727 0
S 76696 286 101727 0
S 81696 286 101727 0
S 86695 286 101724 0
S 91695 286 101736 0
S 96695 286 101730 0
S 101694 286 101730 0
S 106694 286 101727 0
S 111694 286 101736 0
S 116693 286 101727 0
S 121693 286 101730 0
S 126693 286 101724 0
S 131692 286 101736 0
S 136692 286 101730 0
S 141692 286 101730 0
S 146691 286 101727 0
S 151691 286 101724 0
S 156691 286 101730 0
S 161691 286 101724 0
S 166690 286 101730 0
S 171690 286 101724 0
S 176690 286 101736 0
S 181689 286 101724 0
S 186689 286 101727 0
S 191689 286 101730 0
S 196688 286 101727 0
S 201688 286 101727 0
S 206688 286 101727 0
S 211687 286 101733 0
S 216687 286 101727 0
S 221687 286 101724 0
S 226686 286 101736 0
S 231686 286 101730 0
S 236686 286 101727 0
S 241686 286 101730 0
S 246685 286 101730 0
S 251685 286 101727 0
S 256685 286 101724 0
S 261684 286 101730 0
S 266684 286 101730 0
S 271684 286 101730 0
S 276683 286 101724 0
S 281683 286 101730 0
S 286683 286 101730 0
S 291682 286 101736 0
S 296682 286 101724 0
S 301682 286 101730 0
S 306681 286 101736 0
S 311681 286 101727 0
S 316681 286 101730 0
S 321681 286 101730 0
S 326680 286 101736 0
S 331680 286 101724 0
S 336680 286 101727 0
S 341679 286 101727 0
S 346679 286 101727 0
S 351679 286 101730 0
S 356678 286 101730 0
S 361678 286 101730 0
S 366678 286 101724 0
S 371677 286 101727 0
S 376677 286 101736 0
S 381677 286 101736 0
S 386676 286 101736 0
S 391676 286 101730 0
S 396676 286 101721 0
S 401676 286 101730 0
S 406675 286 101736 0
S 411675 286 101730 0
S 416675 286 101736 0
S 421674 286 101736 0
S 426674 286 101736 0
S 431674 286 101727 0
S 436673 286 101724 0
S 441673 286 101730 0
S 446673 286 101733 0
S 451672 286 101724 0
S 456672 286 101736 0
S 461672 286 101730 0
S 466671 286 101733 0
S 471671 286 101736 0
S 476671 286 101736 0
S 481671 286 101730 0
S 486670 286 101736 0
S 491670 286 101730 0
S 496670 286 101736 0
S 501669 286 101736 0
S 506669 286 101727 0
S 511669 286 101736 0
S 516668 286 101724 0
S 521668 286 101730 0
S 526668 286 101730 0
S 531667 286 101724 0
S 536667 286 101736 0
S 541667 286 101733 0
S 546666 286 101724 0
S 551666 286 101724 0
S 556666 286 101721 0
S 561666 286 101730 0
S 566665 286 101730 0
S 571665 286 101730 0
S 576665 286 101724 0
S 581664 286 101730 0
S 586664 286 101730 0
S 591664 286 101733 0
S 596663 286 101733 0
S 601663 286 101730 0
S 606663 286 101730 0
S 611662 286 101733 0
S 616662 286 101727 0
S 621662 286 101730 0
S 626661 286 101724 0
S 631661 286 101724 0
S 636661 286 101730 0
S 641661 286 101727 0
S 646660 286 101724 0
S 651660 286 101730 0
S 656660 286 101730 0
S 661659 286 101730 0
S 666659 286 101727 0
S 671659 286 101730 0
S 676658 286 101736 0
S 681658 286 101733 0
S 686658 286 101730 0
S 691657 286 101730 0
S 696657 286 101736 0
S 701657 286 101736 0
S 706656 286 101724 0
S 711656 286 101730 0
S 716656 286 101730 0
S 721656 286 101733 0
S 726655 286 101724 0
S 731655 286 101730 0
S 736655 286 101730 0
S 741654 286 101727 0
S 746654 286 101736 0
S 751654 286 101736 0
S 756653 286 101736 0
S 761653 286 101724 0
S 766653 286 101724 0
S 771652 286 101727 0
S 776652 286 101727 0
S 781652 286 101727 0
S 786651 286 101724 0
S 791651 286 101724 0
S 796651 286 101724 0
S 801651 286 101727 0
S 806650 286 101724 0
S 811650 286 101733 0
S 816650 286 101730 0
S 821649 286 101736 0
S 826649 286 101736 0
S 831649 286 101730 0
S 836648 286 101736 0
S 841648 286 101736 0
S 846648 286 101727 0
S 851647 286 101727 0
S 856647 286 101727 0
S 861647 286 101727 0
S 866646 286 101730 0
S 871646 286 101733 0
S 876646 286 101724 0
S 881646 286 101727 0
S 886645 286 101730 0
S 891645 286 101724 0
S 896645 286 101730 0
S 901644 286 101724 0
S 906644 286 101730 0
S 911644 286 101736 0
S 916643 286 101727 0
S 921643 286 101730 0
S 926643 286 101739 0
S 931642 286 101724 0
S 936642 286 101730 0
S 941642 286 101730 0
S 946641 286 101724 0
S 951641 286 101727 0
S 956641 286 101730 0
S 961641 286 101730 0
S 966640 286 101733 0
S 971640 286 101742 0
S 976640 286 101724 0
S 981639 286 101736 0
S 986639 286 101736 0
S 991639 286 101730 0
S 996638 286 101736 0
S 1001639 286 101736 0
S 1006638 286 101736 0
S 1011637 286 101736 0
S 1016637 286 101736 0
S 1021637 286 101730 0
S 1026644 286 101736 0
S 1036636 286 101724 0
S 1041636 286 101724 0
S 1046635 286 101730 0
S 1051635 286 101730 0
S 1056635 286 101724 0
S 1061634 286 101730 0
S 1066634 286 101718 0
S 1071634 286 101724 0
S 1076633 286 101724 0
S 1081633 286 101715 0
S 1086633 286 101724 0
S 1091632 286 101718 0
S 1096632 286 101724 0
S 1101632 286 101724 0
S 1106631 286 101724 0
S 1111638 286 101724 0
S 1116631 286 101721 0
S 1121631 286 101730 0
S 1126630 286 101724 0
S 1131630 286 101724 0
S 1136630 286 101730 0
S 1141629 286 101724 0
S 1146636 286 101730 0
S 1151629 286 101727 0
S 1156628 286 101730 0
S 1161628 286 101730 0
S 1166628 286 101724 0
S 1171627 286 101721 0
S 1176627 286 101730 0
S 1181634 286 101730 0
S 1186626 286 101724 0
S 1191626 286 101721 0
S 1196626 286 101724 0
S 1201626 286 101721 0
S 1206625 286 101730 0
S 1211625 286 101730 0
S 1216625 286 101727 0
S 1221624 286 101730 0
S 1226624 286 101724 0
S 1231624 286 101724 0
S 1236623 286 101724 0
S 1241623 286 101724 0
S 1246623 286 101724 0
S 1251622 286 101730 0
S 1256622 286 101724 0
S 1261622 286 101724 0
S 1266621 286 101730 0
S 1271621 286 101718 0
S 1276621 286 101718 0
S 1281621 286 101724 0
S 1286620 286 101724 0
S 1291620 286 101715 0
S 1296620 286 101721 0
S 1301619 286 101718 0
S 1306619 286 101724 0
S 1311619 286 101718 0
S 1316618 286 101724 0
S 1321618 286 101721 0
S 1326618 286 101721 0
S 1331617 286 101724 0
S 1336624 286 101724 0
S 1341617 286 101730 0
S 1346616 286 101724 0
S 1351616 286 101724 0
S 1356616 286 101724 0
S 1361616 286 101730 0
S 1366615 286 101733 0
S 1371615 286 101724 0
S 1376615 286 101721 0
S 1381614 286 101724 0
S 1386614 286 101727 0
S 1391614 286 101718 0
S 1396613 286 101730 0
S 1401613 286 101730 0
S 1406613 286 101730 0
S 1411612 286 101724 0
S 1416612 286 101730 0
S 1421612 286 101718 0
S 1426611 286 101730 0
S 1431611 286 101724 0
S 1436611 286 101730 0
S 1441611 286 101730 0
S 1446610 286 101730 0
S 1451610 286 101718 0
S 1456617 286 101724 0
S 1461609 286 101718 0
S 1466609 286 101724 0
S 1471609 286 101724 0
S 1476608 286 101718 0
S 1481608 286 101724 0
S 1486608 286 101727 0
S 1491614 286 101724 0
S 1496607 286 101730 0
S 1501607 286 101724 0
S 1506606 286 101721 0
S 1511606 286 101724 0
S 1516606 286 101730 0
S 1521606 286 101718 0
S 1526605 286 101727 0
S 1531605 286 101724 0
S 1536605 286 101730 0
S 1541604 286 101733 0
S 1546604 286 101730 0
S 1551604 286 101721 0
S 1556603 286 101730 0
S 1561603 286 101715 0
S 1566603 286 101724 0
S 1571602 286 101724 0
S 1576602 286 101738 0
S 1581602 286 101721 0
S 1586601 286 101727 0
S 1591601 286 101724 0
S 1596601 286 101733 0
S 1601601 286 101730 0
S 1606600 286 101718 0
S 1611600 286 101730 0
S 1616600 286 101724 0
S 1621599 286 101730 0
S 1626599 286 101724 0
S 1631599 286 101730 0
S 1636598 286 101721 0
S 1641598 286 101724 0
S 1646605 286 101718 0
S 1651597 286 101721 0
S 1656597 286 101721 0
S 1661597 286 101724 0
S 1666596 286 101730 0
S 1671596 286 101727 0
S 1676596 286 101724 0
S 1681603 286 101724 0
S 1686595 286 101724 0
S 1691595 286 101724 0
S 1696595 286 101727 0
S 1701594 286 101730 0
S 1706594 286 101718 0
S 1711594 286 101718 0
S 1716593 286 101724 0
S 1721593 286 101721 0
S 1726593 286 101730 0
S 1731592 286 101715 0
S 1736592 286 101730 0
S 1741592 286 101730 0
S 1746591 286 101730 0
S 1751591 286 101718 0
S 1756591 286 101730 0
S 1761591 286 101724 0
S 1766590 286 101730 0
S 1771590 286 101724 0
S 1776590 286 101718 0
S 1781589 286 101730 0
S 1786589 286 101724 0
S 1791589 286 101724 0
S 1796588 286 101724 0
S 1801588 286 101724 0
S 1806588 286 101718 0
S 1811587 286 101718 0
S 1816587 286 101724 0
S 1821587 286 101730 0
S 1826586 286 101724 0
S 1831586 286 101721 0
S 1836593 286 101724 0
S 1841586 286 101724 0
S 1846585 286 101721 0
S 1851585 286 101724 0
S 1856585 286 101724 0
S 1861584 286 101730 0
S 1866584 286 101718 0
S 1871591 286 101730 0
S 1876583 286 101724 0
S 1881583 286 101721 0
S 1886583 286 101724 0
S 1891582 286 101730 0
S 1896582 286 101730 0
S 1901582 286 101718 0
S 1906581 286 101727 0
S 1911581 286 101718 0
S 1916581 286 101721 0
S 1921581 286 101724 0
S 1926580 286 101727 0
S 1931580 286 101724 0
S 1936580 286 101724 0
S 1941579 286 101721 0
S 1946579 286 101721 0
S 1951579 286 101721 0
S 1956578 286 101724 0
S 1961578 286 101724 0
S 1966578 286 101730 0
S 1971577 286 101724 0
S 1976577 286 101724 0
S 1981577 286 101721 0
S 1986576 286 101724 0
S 1991583 286 101724 0
S 1996576 286 101721 0
S 2001576 286 101724 0
S 2006575 286 101730 0
S 2011575 286 101730 0
S 2016575 286 101724 0
S 2021574 286 101724 0
S 2026581 286 101730 0
S 2031574 286 101730 0
S 2041573 286 101724 0
S 2046573 286 101724 0
S 2051572 286 101718 0
S 2056572 286 101730 0
S 2061579 286 101730 0
S 2066571 286 101727 0
S 2071571 286 101730 0
S 2076571 286 101727 0
S 2081571 286 101724 0
S 2086570 286 101730 0
S 2091570 286 101730 0
S 2096570 286 101724 0
S 2101569 286 101724 0
S 2106569 286 101724 0
S 2111569 286 101730 0
S 2116568 286 101730 0
S 2121568 286 101727 0
S 2126568 286 101730 0
S 2131567 286 101724 0
S 2136567 286 101718 0
S 2141567 286 101724 0
S 2146566 286 101721 0
S 2151566 286 101724 0
S 2156566 286 101733 0
S 2161566 286 101724 0
S 2166565 286 101721 0
S 2171565 286 101718 0
S 2176565 286 101724 0
S 2181571 286 101727 0
S 2186564 286 101724 0
S 2191564 286 101718 0
S 2196563 286 101718 0
S 2201563 286 101718 0
S 2206563 286 101730 0
S 2211562 286 101718 0
S 2216569 286 101730 0
S 2221562 286 101724 0
S 2226561 286 101724 0
S 2231561 286 101715 0
S 2236561 286 101727 0
S 2241561 286 101721 0
S 2246560 286 101718 0
S 2251560 286 101727 0
S 2256560 286 101730 0
S 2261559 286 101718 0
S 2266559 286 101721 0
S 2271559 286 101724 0
S 2276558 286 101727 0
S 2281558 286 101730 0
S 2286558 286 101730 0
S 2291557 286 101730 0
S 2296557 286 101724 0
S 2301557 286 101718 0
S 2306556 286 101727 0
S 2311556 286 101721 0
S 2316556 286 101724 0
S 2321556 286 101730 0
S 2326555 286 101730 0
S 2331555 286 101718 0
S 2336555 286 101724 0
S 2341554 286 101724 0
S 2346554 286 101730 0
S 2351554 286 101721 0
S 2356553 286 101721 0
S 2361553 286 101724 0
S 2366553 286 101724 0
S 2371559 286 101721 0
S 2376552 286 101730 0
S 2381552 286 101724 0
S 2386551 286 101730 0
S 2391551 286 101727 0
S 2396551 286 101724 0
S 2401551 286 101721 0
S 2406557 286 101718 0
S 2411550 286 101730 0
S 2416550 286 101727 0
S 2421549 286 101724 0
S 2426549 286 101724 0
S 2431549 286 101730 0
S 2436548 286 101724 0
S 2441548 286 101724 0
S 2446548 286 101730 0
S 2451547 286 101724 0
S 2456547 286 101721 0
S 2461547 286 101724 0
S 2466546 286 101721 0
S 2471546 286 101724 0
S 2476546 286 101730 0
S 2481546 286 101724 0
S 2486545 286 101718 0
S 2491545 286 101724 0
S 2496545 286 101724 0
S 2501544 286 101718 0
S 2506544 286 101727 0
S 2511544 286 101724 0
S 2516543 286 101718 0
S 2521543 286 101727 0
S 2526543 286 101730 0
S 2531542 286 101730 0
S 2536542 286 101724 0
S 2541542 286 101724 0
S 2546541 286 101718 0
S 2551541 286 101724 0
S 2579539 286 101724 1
S 2586539 286 101724 1
S 2593539 286 101730 1
S 2600538 286 101727 1
S 2607538 286 101727 1
S 2614537 286 101725 1
S 2621537 286 101727 1
S 2628536 286 101725 1
S 2635536 286 101730 1
S 2642535 286 101727 1
S 2649535 286 101725 1
S 2656535 286 101725 1
S 2663534 286 101725 1
S 2670534 286 101731 1
S 2677533 286 101722 1
S 2684533 286 101725 1
S 2691532 286 101724 1
S 2698532 286 101719 1
S 2705532 286 101721 1
S 2712531 286 101722 1
S 2719531 286 101727 1
S 2726530 286 101728 1
S 2733530 286 101718 1
S 2740529 286 101716 1
S 2747529 286 101724 1
S 2754528 286 101725 1
S 2761528 286 101724 1
S 2768528 286 101721 1
S 2775527 286 101727 1
S 2782527 286 101727 1
S 2789526 286 101719 1
S 2796526 286 101721 1
S 2803525 286 101725 1
S 2810525 286 101719 1
S 2817525 286 101719 1
S 2824524 286 101721 1
S 2831524 286 101724 1
S 2838523 286 101718 1
S 2845523 286 101725 1
S 2852522 286 101730 1
S 2859522 286 101722 1
S 2866521 286 101725 1
S 2873521 286 101719 1
S 2880521 286 101724 1
S 2887520 286 101719 1
S 2894520 286 101716 1
S 2901519 286 101722 1
S 2908519 286 101718 1
S 2915518 286 101724 1
S 2922518 286 101724 1
S 2929518 286 101724 1
S 2936517 286 101718 1
S 2943517 286 101727 1
S 2950516 286 101722 1
S 2957516 286 101724 1
S 2964515 286 101725 1
S 2971515 286 101725 1
S 2978514 286 101730 1
S 2985514 286 101730 1
S 2992514 286 101724 1
S 2999513 286 101728 1
S 3006513 286 101722 1
S 3013512 286 101728 1
S 3020512 286 101725 1
S 3027511 286 101721 1
S 3034511 286 101722 1
S 3041511 286 101722 1
S 3053510 286 101722 1
S 3060509 286 101719 1
S 3067509 286 101718 1
S 3074508 286 101719 1
S 3081508 286 101716 1
S 3088508 286 101722 1
S 3095507 286 101719 1
S 3102507 286 101721 1
S 3109506 286 101715 1
S 3116506 286 101716 1
S 3123505 286 101721 1
S 3130505 286 101721 1
S 3137505 286 101719 1
S 3144504 286 101716 1
S 3151504 286 101715 1
S 3158503 286 101719 1
S 3165503 286 101724 1
S 3172502 286 101722 1
S 3179502 286 101718 1
S 3186501 286 101719 1
S 3193501 286 101715 1
S 3200501 286 101721 1
S 3207500 286 101712 1
S 3214500 286 101719 1
S 3221499 286 101719 1
S 3228499 286 101718 1
S 3235498 286 101716 1
S 3242498 286 101721 1
S 3249498 286 101721 1
S 3256497 286 101716 1
S 3263497 286 101725 1
S 3270496 286 101722 1
S 3277496 286 101722 1
S 3284495 286 101713 1
S 3291495 286 101719 1
S 3298494 286 101719 1
S 3305494 286 101725 1
S 3312494 286 101725 1
S 3319493 286 101719 1
S 3326493 286 101725 1
S 3333492 286 101722 1
S 3340492 286 101722 1
S 3347491 286 101730 1
S 3354491 286 101728 1
S 3361491 286 101725 1
S 3368490 286 101718 1
S 3375490 286 101722 1
S 3382489 286 101721 1
S 3389489 286 101722 1
S 3396488 286 101725 1
S 3403488 286 101722 1
S 3410487 286 101719 1
S 3417487 286 101722 1
S 3424487 286 101725 1
S 3431486 286 101724 1
S 3438486 286 101722 1
S 3445485 286 101719 1
S 3452485 286 101719 1
S 3459484 286 101721 1
S 3466484 286 101722 1
S 3473484 286 101725 1
S 3480483 286 101725 1
S 3487483 286 101722 1
S 3494482 286 101722 1
S 3501482 286 101719 1
S 3508481 286 101725 1
S 3515481 286 101719 1
S 3522480 286 101721 1
S 3529480 286 101719 1
S 3536480 286 101719 1
S 3543479 286 101719 1
S 3550479 286 101728 1
S 3557478 286 101724 1
S 3564478 286 101727 1
S 3571477 286 101718 1
S 3578477 286 101718 1
S 3585477 286 101719 1
S 3592476 286 101722 1
S 3599476 286 101719 1
S 3606475 286 101725 1
S 3613475 286 101719 1
S 3620474 286 101715 1
S 3627474 286 101721 1
S 3634473 286 101721 1
S 3641473 286 101725 1
S 3648473 286 101719 1
S 3655472 286 101721 1
S 3662472 286 101721 1
S 3669471 286 101724 1
S 3676471 286 101724 1
S 3683470 286 101722 1
S 3690470 286 101725 1
S 3697470 286 101718 1
S 3704469 286 101713 1
S 3711469 286 101722 1
S 3718468 286 101722 1
S 3725468 286 101713 1
S 3732467 286 101725 1
S 3739467 286 101719 1
S 3746466 286 101722 1
S 3753466 286 101727 1
S 3760466 286 101721 1
S 3767465 286 101725 1
S 3774465 286 101725 1
S 3781464 286 101724 1
S 3788464 286 101722 1
S 3795463 286 101722 1
S 3802463 286 101721 1
S 3809463 286 101728 1
S 3816462 286 101718 1
S 3823462 286 101719 1
S 3830461 286 101722 1
S 3837461 286 101718 1
S 3844460 286 101719 1
S 3851460 286 101719 1
S 3858459 286 101719 1
S 3865459 286 101719 1
S 3872459 286 101715 1
S 3879458 286 101721 1
S 3886458 286 101725 1
S 3893457 286 101721 1
S 3900457 286 101719 1
S 3907456 286 101727 1
S 3914456 286 101719 1
S 3921456 286 101731 1
S 3928455 286 101719 1
S 3935455 286 101721 1
S 3942454 286 101719 1
S 3949454 286 101731 1
S 3956453 286 101718 1
S 3963453 286 101725 1
S 3970452 286 101721 1
S 3977452 286 101724 1
S 3984452 286 101725 1
S 3991451 286 101722 1
S 3998451 286 101731 1
S 4005450 286 101725 1
S 4012450 286 101725 1
S 4019449 286 101727 1
S 4026449 286 101725 1
S 4033449 286 101725 1
S 4040448 286 101724 1
S 4047448 286 101716 1
S 4059447 286 101730 1
S 4066446 286 101730 1
S 4073446 286 101727 1
S 4080446 286 101731 1
S 4087445 286 101734 1
S 4094445 286 101727 1
S 4101444 286 101724 1
S 4108444 286 101727 1
S 4115443 286 101730 1
S 4122443 286 101727 1
S 4129443 286 101725 1
