# capture_start_utc=2026-08-29T17:21:55Z
 299 101664 2
S 65399613 299 101668 2
S 65410612 299 101671 2
S 65421611 299 101667 2
S 65432611 299 101672 2
S 65443610 299 101668 2
S 65454609 299 101667 2
S 65465609 299 101669 2
S 65476608 299 101663 2
S 65492607 299 101668 2
S 65503606 299 101665 2
S 65514606 299 101666 2
S 65525605 299 101663 2
S 65536604 299 101667 2
S 65547604 299 101666 2
S 65558603 299 101670 2
S 65569602 299 101666 2
S 65580602 299 101669 2
S 65591601 299 101671 2
S 65602600 299 101669 2
S 65613599 299 101671 2
S 65624599 299 101668 2
S 65635598 299 101669 2
S 65646597 299 101669 2
S 65657597 299 101668 2
S 65668596 299 101669 2
S 65679595 299 101669 2
S 65690595 299 101671 2
S 65701594 299 101670 2
S 65712593 299 101670 2
S 65723593 299 101672 2
S 65734592 299 101672 2
S 65745591 299 101671 2
S 65756591 299 101669 2
S 65767590 299 101669 2
S 65778589 299 101672 2
S 65789588 299 101674 2
S 65800588 299 101669 2
S 65811587 299 101671 2
S 65822586 299 101672 2
S 65833586 299 101674 2
S 65844585 299 101669 2
S 65855584 299 101670 2
S 65866584 299 101669 2
S 65877583 299 101671 2
S 65888582 299 101672 2
S 65899582 299 101667 2
S 65910581 299 101668 2
S 65921580 299 101672 2
S 65932580 299 101671 2
S 65943579 299 101670 2
S 65954578 299 101670 2
S 65965577 299 101672 2
S 65976577 299 101667 2
S 65987576 299 101672 2
S 65998575 299 101665 2
S 66009575 299 101670 2
S 66020574 299 101669 2
S 66031573 299 101670 2
S 66042573 299 101673 2
S 66053572 299 101670 2
S 66064571 299 101670 2
S 66075571 299 101672 2
S 66086570 299 101674 2
S 66097569 299 101675 2
S 66108569 299 101672 2
S 66119568 299 101672 2
S 66130567 299 101672 2
S 66141566 299 101669 2
S 66152566 299 101673 2
S 66163565 299 101670 2
S 66174564 299 101668 2
S 66185564 299 101670 2
S 66196563 299 101673 2
S 66207562 299 101675 2
S 66218562 299 101668 2
S 66229561 299 101669 2
S 66240560 299 101671 2
S 66251560 299 101672 2
S 66262559 299 101672 2
S 66273558 299 101671 2
S 66284558 299 101672 2
S 66295557 299 101669 2
S 66306556 299 101672 2
S 66317555 299 101672 2
S 66328555 299 101670 2
S 66339554 299 101674 2
S 66350553 299 101669 2
S 66361553 299 101674 2
S 66372552 299 101677 2
S 66383551 299 101674 2
S 66394551 299 101673 2
S 66405550 299 101670 2
S 66416549 299 101669 2
S 66427549 299 101674 2
S 66438548 299 101674 2
S 66449547 299 101672 2
S 66460547 299 101672 2
S 66471546 299 101671 2
S 66482545 299 101667 2
S 66498544 299 101668 2
S 66509543 299 101671 2
S 66520543 299 101666 2
S 66531542 299 101666 2
S 66542541 299 101667 2
S 66553541 299 101668 2
S 66564540 299 101668 2
S 66575539 299 101662 2
S 66586539 299 101668 2
S 66597538 299 101666 2
S 66608537 299 101666 2
S 66619537 299 101667 2
S 66630536 299 101671 2
S 66641535 299 101666 2
S 66652535 299 101667 2
S 66663534 299 101668 2
S 66674533 299 101666 2
S 66685532 299 101666 2
S 66696532 299 101671 2
S 66707531 299 101665 2
S 66718530 299 101669 2
S 66729530 299 101666 2
S 66740529 299 101670 2
S 66751528 299 101670 2
S 66762528 299 101666 2
S 66773527 299 101671 2
S 66784526 299 101666 2
S 66795526 299 101668 2
S 66806525 299 101667 2
S 66817524 299 101662 2
S 66828524 299 101666 2
S 66839523 299 101663 2
S 66850522 299 101670 2
S 66861521 299 101672 2
S 66872521 299 101667 2
S 66883520 299 101664 2
S 66894519 299 101663 2
S 66905519 299 101665 2
S 66916518 299 101662 2
S 66927517 299 101666 2
S 66938517 299 101663 2
S 66949516 299 101666 2
S 66960515 299 101671 2
S 66971515 299 101668 2
S 66982514 299 101671 2
S 66993513 299 101669 2
S 67004513 299 101666 2
S 67015512 299 101672 2
S 67026511 299 101666 2
S 67037510 299 101664 2
S 67048510 299 101668 2
S 67059509 299 101674 2
S 67070508 299 101673 2
S 67081508 299 101667 2
S 67092507 299 101671 2
S 67103506 299 101666 2
S 67114506 299 101668 2
S 67125505 299 101670 2
S 67136504 299 101670 2
S 67147504 299 101670 2
S 67158503 299 101669 2
S 67169502 299 101666 2
S 67180502 299 101668 2
S 67191501 299 101670 2
S 67202500 299 101666 2
S 67213499 299 101663 2
S 67224499 299 101667 2
S 67235498 299 101666 2
S 67246497 299 101667 2
S 67257497 299 101670 2
S 67268496 299 101669 2
S 67279495 299 101668 2
S 67290495 299 101669 2
S 67301494 299 101667 2
S 67312493 299 101664 2
S 67323493 299 101670 2
S 67334492 299 101670 2
S 67345491 299 101668 2
S 67356491 299 101669 2
S 67367490 299 101674 2
S 67378489 299 101668 2
S 67389488 299 101671 2
S 67400488 299 101671 2
S 67411487 299 101670 2
S 67422486 299 101666 2
S 67433486 299 101673 2
S 67444485 299 101676 2
S 67455484 299 101670 2
S 67466484 299 101670 2
S 67477483 299 101671 2
S 67488482 299 101671 2
S 67504481 299 101669 2
S 67515481 299 101668 2
S 67526480 299 101671 2
S 67537479 299 101668 2
S 67548479 299 101668 2
S 67559478 299 101663 2
S 67570477 299 101664 2
S 67581476 299 101668 2
S 67592476 299 101664 2
S 67603475 299 101665 2
S 67614474 299 101668 2
S 67625474 299 101667 2
S 67636473 299 101665 2
S 67647472 299 101674 2
S 67658472 299 101662 2
S 67669471 299 101668 2
S 67680470 299 101668 2
S 67691470 299 101669 2
S 67702469 299 101668 2
S 67713468 299 101668 2
S 67724468 299 101670 2
S 67735467 299 101668 2
S 67746466 299 101673 2
S 67757465 299 101664 2
S 67768465 299 101665 2
S 67779464 299 101668 2
S 67790463 299 101668 2
S 67801463 299 101664 2
S 67812462 299 101664 2
S 67823461 299 101665 2
S 67834461 299 101670 2
S 67845460 299 101669 2
S 67856459 299 101666 2
S 67867459 299 101670 2
S 67878458 299 101667 2
S 67889457 299 101664 2
S 67900457 299 101667 2
S 67911456 299 101670 2
S 67922455 299 101670 2
S 67933454 299 101667 2
S 67944454 299 101668 2
S 67955453 299 101665 2
S 67966452 299 101669 2
S 67977452 299 101669 2
S 67988451 299 101664 2
S 67999450 299 101669 2
S 68010450 299 101668 2
S 68021449 299 101665 2
S 68032448 299 101670 2
S 68043448 299 101670 2
S 68054447 299 101673 2
S 68065446 299 101668 2
S 68076446 299 101667 2
S 68087445 299 101667 2
S 68098444 299 101665 2
S 68109443 299 101669 2
S 68120443 299 101669 2
S 68131442 299 101670 2
S 68142441 299 101671 2
S 68153441 299 101672 2
S 68164440 299 101672 2
S 68175439 299 101670 2
S 68186439 299 101669 2
S 68197438 299 101669 2
S 68208437 299 101668 2
S 68219437 299 101672 2
S 68230436 299 101677 2
S 68241435 299 101666 2
S 68252435 299 101671 2
S 68263434 299 101668 2
S 68274433 299 101669 2
S 68285432 299 101670 2
S 68296432 299 101667 2
S 68307431 299 101668 2
S 68318430 299 101672 2
S 68329430 299 101668 2
S 68340429 299 101666 2
S 68351428 299 101668 2
S 68362428 299 101671 2
S 68373427 299 101674 2
S 68384426 299 101668 2
S 68395426 299 101665 2
S 68406425 299 101668 2
S 68417424 299 101668 2
S 68428424 299 101663 2
S 68439423 299 101668 2
S 68450422 299 101662 2
S 68461421 299 101666 2
S 68472421 299 101664 2
S 68483420 299 101668 2
S 68494419 299 101666 2
S 68510418 299 101669 2
S 68521418 299 101668 2
S 68532417 299 101667 2
S 68543416 299 101668 2
S 68554416 299 101668 2
S 68565415 299 101664 2
S 68576414 299 101665 2
S 68587414 299 101665 2
S 68598413 299 101667 2
S 68609412 299 101667 2
S 68620412 299 101668 2
S 68631411 299 101665 2
S 68642410 299 101666 2
S 68653409 299 101666 2
S 68664409 299 101667 2
S 68675408 299 101667 2
S 68686407 299 101663 2
S 68697407 299 101666 2
S 68708406 299 101668 2
S 68719405 299 101665 2
S 68730405 299 101667 2
S 68741404 299 101671 2
S 68752403 299 101671 2
S 68763403 299 101665 2
S 68774402 299 101662 2
S 68785401 299 101665 2
S 68796401 299 101668 2
S 68807400 299 101668 2
S 68818399 299 101665 2
S 68829398 299 101670 2
S 68840398 299 101670 2
S 68851397 299 101669 2
S 68862396 299 101671 2
S 68873396 299 101666 2
S 68884395 299 101667 2
S 68895394 299 101668 2
S 68906394 299 101668 2
S 68917393 299 101670 2
S 68928392 299 101668 2
S 68939392 299 101666 2
S 68950391 299 101664 2
S 68961390 299 101665 2
S 68972390 299 101663 2
S 68983389 299 101665 2
S 68994388 299 101665 2
S 69005387 299 101662 2
S 69016387 299 101666 2
S 69027386 299 101666 2
S 69038385 299 101665 2
S 69049385 299 101666 2
S 69060384 299 101669 2
S 69071383 299 101668 2
S 69082383 299 101671 2
S 69093382 299 101665 2
S 69104381 299 101662 2
S 69115381 299 101667 2
S 69126380 299 101667 2
S 69137379 299 101668 2
S 69148379 299 101668 2
S 69159378 299 101665 2
S 69170377 299 101664 2
S 69181376 299 101667 2
S 69192376 299 101668 2
S 69203375 299 101669 2
S 69214374 299 101665 2
S 69225374 299 101669 2
S 69236373 299 101671 2
S 69247372 299 101671 2
S 69258372 299 101668 2
S 69269371 299 101667 2
S 69280370 299 101670 2
S 69291370 299 101670 2
S 69302369 299 101671 2
S 69313368 299 101671 2
S 69324368 299 101670 2
S 69335367 299 101675 2
S 69346366 299 101677 2
S 69357365 299 101669 2
S 69368365 299 101674 2
S 69379364 299 101672 2
S 69390363 299 101668 2
S 69401363 299 101666 2
S 69412362 299 101667 2
S 69423361 299 101673 2
S 69434361 299 101666 2
S 69445360 299 101667 2
S 69456359 299 101670 2
S 69467359 299 101671 2
S 69478358 299 101667 2
S 69489357 299 101668 2
S 69500357 299 101671 2
S 69516356 299 101674 2
S 69527355 299 101672 2
S 69538354 299 101668 2
S 69549353 299 101671 2
S 69560353 299 101670 2
S 69571352 299 101671 2
S 69582351 299 101671 2
S 69593351 299 101670 2
S 69604350 299 101671 2
S 69615349 299 101669 2
S 69626349 299 101668 2
S 69637348 299 101665 2
S 69648347 299 101666 2
S 69659347 299 101666 2
S 69670346 299 101671 2
S 69681345 299 101671 2
S 69692345 299 101665 2
S 69703344 299 101666 2
S 69714343 299 101668 2
S 69725342 299 101664 2
S 69736342 299 101671 2
S 69747341 299 101671 2
S 69758340 299 101671 2
S 69769340 299 101668 2
S 69780339 299 101672 2
S 69791338 299 101670 2
S 69802338 299 101671 2
S 69813337 299 101671 2
S 69824336 299 101671 2
S 69835336 299 101672 2
S 69846335 299 101671 2
S 69857334 299 101668 2
S 69868334 299 101667 2
S 69879333 299 101670 2
S 69890332 299 101671 2
S 69901331 299 101666 2
S 69912331 299 101670 2
S 69923330 299 101667 2
S 69934329 299 101667 2
S 69945329 299 101671 2
S 69956328 299 101668 2
S 69967327 299 101668 2
S 69978327 299 101666 2
S 69989326 299 101669 2
S 70000326 299 101669 2
S 70011325 299 101664 2
S 70022324 299 101667 2
S 70033323 299 101669 2
S 70044323 299 101669 2
S 70055322 299 101667 2
S 70066321 299 101670 2
S 70077320 299 101671 2
S 70088320 299 101666 2
S 70099319 299 101668 2
S 70110318 299 101668 2
S 70121318 299 101672 2
S 70132317 299 101671 2
S 70143316 299 101672 2
S 70154316 299 101671 2
S 70165315 299 101671 2
S 70176314 299 101666 2
S 70187314 299 101668 2
S 70198313 299 101668 2
S 70209312 299 101666 2
S 70220312 299 101667 2
S 70231311 299 101668 2
S 70242310 299 101673 2
S 70253309 299 101667 2
S 70264309 299 101665 2
S 70275308 299 101665 2
S 70286307 299 101668 2
S 70297307 299 101672 2
S 70308306 299 101665 2
S 70319305 299 101665 2
S 70330305 299 101669 2
S 70341304 299 101662 2
S 70352303 299 101671 2
S 70363303 299 101670 2
S 70374302 299 101665 2
S 70385301 299 101669 2
S 70396301 299 101671 2
S 70407300 299 101672 2
S 70418299 299 101670 2
S 70429298 299 101665 2
S 70440298 299 101668 2
S 70451297 299 101665 2
S 70462296 299 101667 2
S 70473296 299 101668 2
S 70484295 299 101668 2
S 70495294 299 101671 2
S 70506294 299 101669 2
S 70522293 299 101662 2
S 70533292 299 101665 2
S 70544291 299 101665 2
S 70555291 299 101656 2
S 70566290 299 101660 2
S 70577289 299 101660 2
S 70588289 299 101661 2
S 70599288 299 101662 2
S 70610287 299 101658 2
S 70621286 299 101658 2
S 70632286 299 101662 2
S 70643285 299 101663 2
S 70654284 299 101662 2
S 70665284 299 101659 2
S 70676283 299 101660 2
S 70687282 299 101653 2
S 70698282 299 101659 2
S 70709281 299 101659 2
S 70720280 299 101662 2
S 70731280 299 101659 2
S 70742279 299 101668 2
S 70753278 299 101661 2
S 70764278 299 101661 2
S 70775277 299 101659 2
S 70786276 299 101662 2
S 70797275 299 101665 2
S 70808275 299 101661 2
S 70819274 299 101662 2
S 70830273 299 101663 2
S 70841273 299 101662 2
S 70852272 299 101662 2
S 70863271 299 101658 2
S 70874271 299 101659 2
S 70885270 299 101663 2
S 70896269 299 101663 2
S 70907269 299 101661 2
S 70918268 299 101664 2
S 70929267 299 101664 2
S 70940267 299 101663 2
S 70951266 299 101664 2
S 70962265 299 101661 2
S 70973264 299 101664 2
S 70984264 299 101664 2
S 70995263 299 101668 2
S 71006262 299 101670 2
S 71017262 299 101673 2
S 71028261 299 101665 2
S 71039260 299 101667 2
S 71050260 299 101662 2
S 71061259 299 101669 2
S 71072258 299 101663 2
S 71083258 299 101664 2
S 71094257 299 101664 2
S 71105256 299 101662 2
S 71116256 299 101662 2
S 71127255 299 101658 2
S 71138254 299 101665 2
S 71149253 299 101659 2
S 71160253 299 101663 2
S 71171252 299 101664 2
S 71182251 299 101656 2
S 71193251 299 101653 2
S 71204250 299 101661 2
S 71215249 299 101664 2
S 71226249 299 101663 2
S 71237248 299 101661 2
S 71248247 299 101666 2
S 71259247 299 101668 2
S 71270246 299 101669 2
S 71281245 299 101669 2
S 71292245 299 101668 2
S 71303244 299 101671 2
S 71314243 299 101670 2
S 71325242 299 101662 2
S 71336242 299 101667 2
[[DEBUG]] Starting [[SENSOR TASK]]
[SELFTEST] compensate: T=150 (exp 150)  P=69964 (exp 69964)  -> PASS
#BMP180 v1 fw=1.4.0 temp_ms=1000
[SELFTEST] teardown: unlink(/dev/bmp180-0) -> 0  -> PASS
[[DEBUG]] BMP180 registered on /dev/bmp180-0
S 53697 299 101676 0
S 58697 299 101673 0
S 63697 299 101676 0
S 68696 299 101673 0
S 73696 299 101673 0
S 78696 299 101676 0
S 83695 299 101673 0
S 88695 299 101673 0
S 93695 299 101673 0
S 98694 299 101676 0
S 103694 299 101679 0
S 108694 299 101664 0
S 113693 299 101667 0
S 118693 299 101676 0
S 123693 299 101673 0
S 128693 299 101670 0
S 133692 299 101670 0
S 138692 299 101667 0
S 143692 299 101670 0
S 148691 299 101664 0
S 153691 299 101673 0
S 158691 299 101664 0
S 163690 299 101682 0
S 168690 299 101673 0
S 173690 299 101670 0
S 178689 299 101673 0
S 183689 299 101670 0
S 188689 299 101673 0
S 193688 299 101670 0
S 198688 299 101670 0
S 203688 299 101673 0
S 208688 299 101673 0
S 213687 299 101679 0
S 218687 299 101667 0
S 223687 299 101670 0
S 228686 299 101664 0
S 233686 299 101676 0
S 238686 299 101673 0
S 243685 299 101673 0
S 248685 299 101673 0
S 253685 299 101676 0
S 258684 299 101661 0
S 263684 299 101670 0
S 268684 299 101667 0
S 273683 299 101664 0
S 278683 299 101673 0
S 283683 299 101676 0
S 288683 299 101670 0
S 293682 299 101670 0
S 298682 299 101673 0
S 303682 299 101676 0
S 308681 299 101670 0
S 313681 299 101670 0
S 318681 299 101676 0
S 323680 299 101664 0
S 328680 299 101664 0
S 333680 299 101670 0
S 338679 299 101667 0
S 343679 299 101679 0
S 348679 299 101661 0
S 353678 299 101673 0
S 358678 299 101676 0
S 363678 299 101664 0
S 368678 299 101667 0
S 373677 299 101670 0
S 378677 299 101670 0
S 383677 299 101661 0
S 388676 299 101673 0
S 393676 299 101670 0
S 398676 299 101667 0
S 403675 299 101676 0
S 408675 299 101670 0
S 413675 299 101670 0
S 418674 299 101664 0
S 423674 299 101670 0
S 428674 299 101664 0
S 433673 299 101670 0
S 438673 299 101670 0
S 443673 299 101673 0
S 448673 299 101673 0
S 453672 299 101682 0
S 458672 299 101676 0
S 463672 299 101673 0
S 468671 299 101664 0
S 473671 299 101670 0
S 478671 299 101670 0
S 483670 299 101664 0
S 488670 299 101670 0
S 493670 299 101673 0
S 498669 299 101676 0
S 503669 299 101667 0
S 508669 299 101670 0
S 513668 299 101676 0
S 518668 299 101676 0
S 523668 299 101670 0
S 528668 299 101670 0
S 533667 299 101658 0
S 538667 299 101670 0
S 543667 299 101664 0
S 548666 299 101673 0
S 553666 299 101664 0
S 558666 299 101667 0
S 563665 299 101676 0
S 568665 299 101670 0
S 573665 299 101676 0
S 578664 299 101679 0
S 583664 299 101664 0
S 588664 299 101682 0
S 593663 299 101676 0
S 598663 299 101676 0
S 603663 299 101676 0
S 608663 299 101679 0
S 613662 299 101676 0
S 618662 299 101673 0
S 623662 299 101673 0
S 628661 299 101673 0
S 633661 299 101673 0
S 638661 299 101676 0
S 643660 299 101679 0
S 648660 299 101667 0
S 653660 299 101679 0
S 658659 299 101682 0
S 663659 299 101670 0
S 668659 299 101673 0
S 673658 299 101676 0
S 678658 299 101673 0
S 683658 299 101679 0
S 688658 299 101673 0
S 693657 299 101670 0
S 698657 299 101679 0
S 703657 299 101673 0
S 708656 299 101676 0
S 713656 299 101676 0
S 718656 299 101673 0
S 723655 299 101670 0
S 728655 299 101679 0
S 733655 299 101679 0
S 738654 299 101676 0
S 743654 299 101676 0
S 748654 299 101673 0
S 753653 299 101670 0
S 758653 299 101670 0
S 763653 299 101673 0
S 768653 299 101682 0
S 773652 299 101682 0
S 778652 299 101670 0
S 783652 299 101673 0
S 788651 299 101670 0
S 793651 299 101676 0
S 798651 299 101676 0
S 803650 299 101676 0
S 808650 299 101676 0
S 813650 299 101687 0
S 818649 299 101682 0
S 823649 299 101682 0
S 828649 299 101673 0
S 833648 299 101679 0
S 838648 299 101679 0
S 843648 299 101673 0
S 848648 299 101679 0
S 853647 299 101679 0
S 858647 299 101682 0
S 863647 299 101679 0
S 868646 299 101679 0
S 873646 299 101670 0
S 878646 299 101676 0
S 883645 299 101676 0
S 888645 299 101676 0
S 893645 299 101687 0
S 898644 299 101670 0
S 903644 299 101670 0
S 908644 299 101673 0
S 913643 299 101673 0
S 918643 299 101673 0
S 923643 299 101673 0
S 928643 299 101673 0
S 933642 299 101676 0
S 938642 299 101684 0
S 943642 299 101676 0
S 948641 299 101679 0
S 953641 299 101673 0
S 958641 299 101676 0
S 963640 299 101676 0
S 968640 299 101679 0
S 973640 299 101667 0
S 978639 299 101667 0
S 983639 299 101670 0
S 988639 299 101676 0
S 993638 299 101673 0
S 998638 299 101676 0
S 1003638 299 101673 0
S 1008645 299 101673 0
S 1013637 299 101676 0
S 1018637 299 101673 0
S 1023637 299 101679 0
S 1028636 299 101670 0
S 1033636 299 101670 0
S 1043635 298 101664 0
S 1048635 298 101667 0
S 1053635 298 101664 0
S 1058634 298 101661 0
S 1063634 298 101667 0
S 1068634 298 101667 0
S 1073633 298 101664 0
S 1078633 298 101664 0
S 1083633 298 101670 0
S 1088633 298 101667 0
S 1093632 298 101664 0
S 1098632 298 101667 0
S 1103632 298 101670 0
S 1108631 298 101658 0
S 1113631 298 101658 0
S 1118631 298 101664 0
S 1123630 298 101664 0
S 1128637 298 101664 0
S 1133630 298 101658 0
S 1138629 298 101670 0
S 1143629 298 101664 0
S 1148629 298 101664 0
S 1153628 298 101661 0
S 1158628 298 101658 0
S 1163635 298 101667 0
S 1168628 298 101667 0
S 1173627 298 101661 0
S 1178627 298 101664 0
S 1183627 298 101670 0
S 1188626 298 101667 0
S 1193626 298 101658 0
S 1198633 298 101661 0
S 1203625 298 101661 0
S 1208625 298 101661 0
S 1213625 298 101658 0
S 1218624 298 101664 0
S 1223624 298 101667 0
S 1228624 298 101661 0
S 1233631 298 101661 0
S 1238623 298 101664 0
S 1243623 298 101655 0
S 1248623 298 101661 0
S 1253622 298 101661 0
S 1258622 298 101664 0
S 1263622 298 101667 0
S 1268621 298 101661 0
S 1273621 298 101661 0
S 1278621 298 101673 0
S 1283620 298 101658 0
S 1288620 298 101667 0
S 1293620 298 101670 0
S 1298619 298 101667 0
S 1303619 298 101664 0
S 1308619 298 101661 0
S 1313618 298 101661 0
S 1318625 298 101664 0
S 1323618 298 101658 0
S 1328618 298 101661 0
S 1333617 298 101667 0
S 1338617 298 101667 0
S 1343617 298 101667 0
S 1348616 298 101664 0
S 1353623 298 101658 0
S 1358616 298 101667 0
S 1363615 298 101664 0
S 1368615 298 101658 0
S 1373615 298 101664 0
S 1378614 298 101667 0
S 1383614 298 101667 0
S 1388621 298 101664 0
S 1393613 298 101664 0
S 1398613 298 101667 0
S 1403613 298 101661 0
S 1408613 298 101673 0
S 1413612 298 101667 0
S 1418612 298 101664 0
S 1423619 298 101664 0
S 1428611 298 101667 0
S 1433611 298 101670 0
S 1438611 298 101664 0
S 1443610 298 101664 0
S 1448610 298 101658 0
S 1453610 298 101661 0
S 1458609 298 101664 0
S 1463609 298 101670 0
S 1468609 298 101664 0
S 1473616 298 101670 0
S 1478608 298 101661 0
S 1483608 298 101664 0
S 1488608 298 101667 0
S 1493607 298 101664 0
S 1498607 298 101667 0
S 1503607 298 101670 0
S 1508613 298 101667 0
S 1513606 298 101670 0
S 1518606 298 101667 0
S 1523605 298 101667 0
S 1528605 298 101670 0
S 1533605 298 101670 0
S 1538604 298 101664 0
S 1543611 298 101664 0
S 1548604 298 101664 0
S 1553603 298 101667 0
S 1558603 298 101664 0
S 1563603 298 101661 0
S 1568603 298 101667 0
S 1573602 298 101664 0
S 1578609 298 101670 0
S 1583602 298 101664 0
S 1588601 298 101664 0
S 1593601 298 101667 0
S 1598601 298 101670 0
S 1603600 298 101664 0
S 1608600 298 101664 0
S 1613600 298 101670 0
S 1618599 298 101664 0
S 1623599 298 101667 0
S 1628599 298 101661 0
S 1633598 298 101664 0
S 1638598 298 101661 0
S 1643598 298 101664 0
S 1648598 298 101667 0
S 1653597 298 101661 0
S 1658597 298 101664 0
S 1663604 298 101664 0
S 1668596 298 101661 0
S 1673596 298 101661 0
S 1678596 298 101667 0
S 1683595 298 101667 0
S 1688595 298 101664 0
S 1693595 298 101664 0
S 1698601 298 101658 0
S 1703594 298 101658 0
S 1708594 298 101661 0
S 1713593 298 101661 0
S 1718593 298 101670 0
S 1723593 298 101673 0
S 1728593 298 101664 0
S 1733599 298 101664 0
S 1738592 298 101658 0
S 1743592 298 101667 0
S 1748591 298 101661 0
S 1753591 298 101664 0
S 1758591 298 101661 0
S 1763590 298 101667 0
S 1768590 298 101667 0
S 1773590 298 101664 0
S 1778589 298 101667 0
S 1783589 298 101661 0
S 1788589 298 101664 0
S 1793588 298 101664 0
S 1798588 298 101661 0
S 1803588 298 101661 0
S 1808588 298 101664 0
S 1813587 298 101667 0
S 1818587 298 101661 0
S 1823587 298 101661 0
S 1828586 298 101664 0
S 1833586 298 101667 0
S 1838586 298 101661 0
S 1843585 298 101664 0
S 1848585 298 101667 0
S 1853592 298 101661 0
S 1858584 298 101664 0
S 1863584 298 101664 0
S 1868584 298 101661 0
S 1873583 298 101664 0
S 1878583 298 101667 0
S 1883583 298 101670 0
S 1888590 298 101661 0
S 1893582 298 101658 0
S 1898582 298 101673 0
S 1903582 298 101661 0
S 1908581 298 101673 0
S 1913581 298 101661 0
S 1918581 298 101673 0
S 1923580 298 101664 0
S 1928580 298 101658 0
S 1933580 298 101670 0
S 1938579 298 101664 0
S 1943579 298 101661 0
S 1948579 298 101658 0
S 1953578 298 101670 0
S 1958578 298 101658 0
S 1963578 298 101658 0
S 1968578 298 101667 0
S 1973577 298 101667 0
S 1978577 298 101664 0
S 1983577 298 101667 0
S 1988576 298 101667 0
S 1993576 298 101667 0
S 1998576 298 101670 0
S 2003575 298 101664 0
S 2008582 298 101661 0
S 2013575 298 101670 0
S 2018574 298 101664 0
S 2023574 298 101664 0
S 2028574 298 101661 0
S 2033573 298 101658 0
S 2038573 298 101658 0
S 2048573 298 101661 0
S 2053572 298 101664 0
S 2058572 298 101661 0
S 2063572 298 101658 0
S 2068571 298 101652 0
S 2073571 298 101652 0
S 2078571 298 101658 0
S 2083570 298 101664 0
S 2088570 298 101658 0
S 2093570 298 101655 0
S 2098569 298 101658 0
S 2103569 298 101661 0
S 2108569 298 101664 0
S 2113568 298 101658 0
S 2118568 298 101658 0
S 2123568 298 101664 0
S 2128568 298 101664 0
S 2133567 298 101661 0
S 2138567 298 101664 0
S 2143567 298 101655 0
S 2148566 298 101658 0
S 2153566 298 101658 0
S 2158566 298 101658 0
S 2163565 298 101652 0
S 2168565 298 101655 0
S 2173565 298 101655 0
S 2178564 298 101658 0
S 2183564 298 101652 0
S 2188564 298 101658 0
S 2193563 298 101664 0
S 2198570 298 101661 0
S 2203563 298 101652 0
S 2208563 298 101661 0
S 2213562 298 101655 0
S 2218562 298 101661 0
S 2223562 298 101664 0
S 2228561 298 101667 0
S 2233568 298 101661 0
S 2238561 298 101658 0
S 2243560 298 101664 0
S 2248560 298 101670 0
S 2253560 298 101661 0
S 2258559 298 101664 0
S 2263559 298 101661 0
S 2268559 298 101661 0
S 2273558 298 101667 0
S 2278558 298 101661 0
S 2283558 298 101664 0
S 2288558 298 101664 0
S 2293557 298 101655 0
S 2298557 298 101658 0
S 2303557 298 101655 0
S 2308556 298 101652 0
S 2313556 298 101658 0
S 2318556 298 101664 0
S 2323555 298 101658 0
S 2328555 298 101658 0
S 2333555 298 101652 0
S 2338554 298 101655 0
S 2343554 298 101655 0
S 2348554 298 101661 0
S 2353553 298 101658 0
S 2358553 298 101658 0
S 2363553 298 101658 0
S 2368553 298 101655 0
S 2373552 298 101655 0
S 2378552 298 101664 0
S 2383552 298 101658 0
S 2388558 298 101670 0
S 2393551 298 101661 0
S 2398551 298 101661 0
S 2403550 298 101667 0
S 2408550 298 101661 0
S 2413550 298 101658 0
S 2418549 298 101652 0
S 2423549 298 101661 0
S 2428549 298 101652 0
S 2433548 298 101667 0
S 2438548 298 101664 0
S 2443548 298 101661 0
S 2448548 298 101664 0
S 2453547 298 101664 0
S 2458547 298 101661 0
S 2463547 298 101655 0
S 2468546 298 101661 0
S 2473546 298 101658 0
S 2478546 298 101661 0
S 2483545 298 101658 0
S 2488545 298 101664 0
S 2493545 298 101664 0
S 2498544 298 101664 0
S 2503544 298 101664 0
S 2508544 298 101658 0
S 2513543 298 101661 0
S 2518543 298 101664 0
S 2523543 298 101664 0
S 2528543 298 101655 0
S 2533542 298 101664 0
S 2538542 298 101664 0
S 2543542 298 101664 0
S 2548541 298 101664 0
S 2553541 298 101664 0
S 2558541 298 101658 0
S 2586539 298 101661 1
S 2593538 298 101655 1
S 2600538 298 101659 1
S 2607538 298 101659 1
S 2614537 298 101659 1
S 2621537 298 101662 1
S 2628536 298 101658 1
S 2635536 298 101661 1
S 2642535 298 101667 1
S 2649535 298 101659 1
S 2656535 298 101661 1
S 2663534 298 101665 1
S 2670534 298 101661 1
S 2677533 298 101661 1
S 2684533 298 101664 1
S 2691532 298 101656 1
S 2698532 298 101662 1
S 2705531 298 101661 1
S 2712531 298 101661 1
S 2719531 298 101664 1
S 2726530 298 101656 1
S 2733530 298 101664 1
S 2740529 298 101661 1
S 2747529 298 101664 1
S 2754528 298 101662 1
S 2761528 298 101658 1
S 2768528 298 101656 1
S 2775527 298 101659 1
S 2782527 298 101661 1
S 2789526 298 101656 1
S 2796526 298 101656 1
S 2803525 298 101662 1
S 2810525 298 101659 1
S 2817524 298 101664 1
S 2824524 298 101664 1
S 2831524 298 101656 1
S 2838523 298 101658 1
S 2845523 298 101659 1
S 2852522 298 101662 1
S 2859522 298 101667 1
S 2866521 298 101664 1
S 2873521 298 101659 1
S 2880521 298 101656 1
S 2887520 298 101658 1
S 2894520 298 101658 1
S 2901519 298 101659 1
S 2908519 298 101662 1
S 2915518 298 101668 1
S 2922518 298 101659 1
S 2929517 298 101658 1
S 2936517 298 101667 1
S 2943517 298 101671 1
S 2950516 298 101665 1
S 2957516 298 101656 1
S 2964515 298 101662 1
S 2971515 298 101659 1
S 2978514 298 101656 1
S 2985514 298 101655 1
S 2992514 298 101664 1
S 2999513 298 101664 1
S 3006513 298 101661 1
S 3013512 298 101664 1
S 3020512 298 101662 1
S 3027511 298 101661 1
S 3034511 298 101658 1
S 3041510 298 101662 1
S 3048510 298 101659 1
S 3060509 298 101674 1
S 3067509 298 101667 1
S 3074508 298 101674 1
S 3081508 298 101670 1
S 3088508 298 101673 1
S 3095507 298 101671 1
S 3102507 298 101673 1
S 3109506 298 101673 1
S 3116506 298 101668 1
S 3123505 298 101679 1
S 3130505 298 101671 1
S 3137504 298 101670 1
S 3144504 298 101677 1
S 3151504 298 101674 1
S 3158503 298 101670 1
S 3165503 298 101679 1
S 3172502 298 101670 1
S 3179502 298 101670 1
S 3186501 298 101665 1
S 3193501 298 101671 1
S 3200501 298 101671 1
S 3207500 298 101670 1
S 3214500 298 101670 1
S 3221499 298 101673 1
S 3228499 298 101667 1
S 3235498 298 101670 1
S 3242498 298 101665 1
S 3249497 298 101665 1
S 3256497 298 101671 1
S 3263497 298 101668 1
S 3270496 298 101670 1
S 3277496 298 101673 1
S 3284495 298 101665 1
S 3291495 298 101668 1
S 3298494 298 101671 1
S 3305494 298 101667 1
S 3312494 298 101673 1
S 3319493 298 101671 1
S 3326493 298 101671 1
S 3333492 298 101674 1
S 3340492 298 101670 1
S 3347491 298 101667 1
S 3354491 298 101667 1
S 3361490 298 101673 1
S 3368490 298 101673 1
S 3375490 298 101673 1
S 3382489 298 101674 1
S 3389489 298 101668 1
S 3396488 298 101662 1
S 3403488 298 101673 1
S 3410487 298 101676 1
S 3417487 298 101671 1
S 3424487 298 101667 1
S 3431486 298 101670 1
S 3438486 298 101670 1
S 3445485 298 101671 1
S 3452485 298 101670 1
S 3459484 298 101668 1
S 3466484 298 101670 1
S 3473483 298 101671 1
S 3480483 298 101664 1
S 3487483 298 101667 1
S 3494482 298 101670 1
S 3501482 298 101673 1
S 3508481 298 101673 1
S 3515481 298 101668 1
S 3522480 298 101673 1
S 3529480 298 101668 1
S 3536480 298 101667 1
S 3543479 298 101665 1
S 3550479 298 101674 1
S 3557478 298 101667 1
S 3564478 298 101668 1
S 3571477 298 101664 1
S 3578477 298 101674 1
S 3585476 298 101662 1
S 3592476 298 101673 1
S 3599476 298 101664 1
S 3606475 298 101665 1
S 3613475 298 101667 1
S 3620474 298 101668 1
S 3627474 298 101664 1
S 3634473 298 101661 1
S 3641473 298 101667 1
S 3648473 298 101671 1
S 3655472 298 101664 1
S 3662472 298 101671 1
S 3669471 298 101667 1
S 3676471 298 101668 1
S 3683470 298 101667 1
S 3690470 298 101664 1
S 3697469 298 101667 1
S 3704469 298 101667 1
S 3711469 298 101670 1
S 3718468 298 101667 1
S 3725468 298 101667 1
S 3732467 298 101665 1
S 3739467 298 101664 1
S 3746466 298 101667 1
S 3753466 298 101670 1
S 3760466 298 101667 1
S 3767465 298 101667 1
S 3774465 298 101671 1
S 3781464 298 101662 1
S 3788464 298 101668 1
S 3795463 298 101662 1
S 3802463 298 101665 1
S 3809462 298 101665 1
S 3816462 298 101667 1
S 3823462 298 101668 1
S 3830461 298 101670 1
S 3837461 298 101665 1
S 3844460 298 101667 1
S 3851460 298 101670 1
S 3858459 298 101664 1
S 3865459 298 101665 1
S 3872459 298 101665 1
S 3879458 298 101668 1
S 3886458 298 101665 1
S 3893457 298 101665 1
S 3900457 298 101668 1
S 3907456 298 101667 1
S 3914456 298 101671 1
S 3921455 298 101671 1
S 3928455 298 101668 1
S 3935455 298 101668 1
S 3942454 298 101671 1
S 3949454 298 101667 1
S 3956453 298 101667 1
S 3963453 298 101670 1
S 3970452 298 101670 1
S 3977452 298 101667 1
S 3984452 298 101673 1
S 3991451 298 101670 1
S 3998451 298 101665 1
S 4005450 298 101670 1
S 4012450 298 101664 1
S 4019449 298 101665 1
S 4026449 298 101668 1
S 4033448 298 101667 1
S 4040448 298 101670 1
S 4047448 298 101671 1
S 4054447 298 101667 1
S 4066446 298 101671 1
S 4073446 298 101664 1
S 4080446 298 101664 1
S 4087445 298 101665 1
S 4094445 298 101665 1
S 4101444 298 101676 1
S 4108444 298 101664 1
S 4115443 298 101668 1
S 4122443 298 101671 1
S 4129442 298 101670 1
S 4136442 298 101668 1
S 4143442 298 101674 1
S 4150441 298 101667 1
S 4157441 298 101667 1
S 4164440 298 101668 1
S 4171440 298 101670 1
S 4178439 298 101664 1
S 4185439 298 101671 1
S 4192439 298 101668 1
S 4199438 298 101667 1
S 4206438 298 101667 1
S 4213437 298 101664 1
S 4220437 298 101667 1
S 4227436 298 101671 1
S 4234436 298 101664 1
S 4241435 298 101671 1
S 4248435 298 101668 1
S 4255435 298 101667 1
S 4262434 298 101667 1
S 4269434 298 101673 1
S 4276433 298 101662 1
S 4283433 298 101667 1
S 4290432 298 101670 1
S 4297432 298 101664 1
S 4304432 298 101667 1
S 4311431 298 101664 1
S 4318431 298 101665 1
S 4325430 298 101664 1
S 4332430 298 101664 1
S 4339429 298 101664 1
S 4346429 298 101665 1
S 4353428 298 101665 1
S 4360428 298 101671 1
S 4367428 298 101668 1
S 4374427 298 101670 1
S 4381427 298 101667 1
S 4388426 298 101667 1
S 4395426 298 101670 1
S 4402425 298 101670 1
S 4409425 298 101671 1
S 4416425 298 101676 1
S 4423424 298 101674 1
S 4430424 298 101670 1
S 4437423 298 101682 1
S 4444423 298 101677 1
S 4451422 298 101665 1
S 4458422 298 101673 1
S 4465421 298 101668 1
S 4472421 298 101673 1
S 4479421 298 101670 1
S 4486420 298 101676 1
S 4493420 298 101668 1
S 4500419 298 101667 1
S 4507419 298 101668 1
S 4514418 298 101674 1
S 4521418 298 101665 1
S 4528418 298 101670 1
S 4535417 298 101664 1
S 4542417 298 101667 1
S 4549416 298 101668 1
S 4556416 298 101667 1
S 4563415 298 101673 1
S 4570415 298 101674 1
S 4577414 298 101671 1
S 4584414 298 101673 1
S 4591414 298 101671 1
S 4598413 298 101667 1
S 4605413 298 101679 1
S 4612412 298 101664 1
S 4619412 298 101670 1
S 4626411 298 101671 1
S 4633411 298 101677 1
S 4640411 298 101679 1
S 4647410 298 101673 1
S 4654410 298 101667 1
S 4661409 298 101670 1
S 4668409 298 101671 1
S 4675408 298 101679 1
S 4682408 298 101673 1
S 4689407 298 101671 1
S 4696407 298 101671 1
S 4703407 298 101679 1
S 4710406 298 101682 1
S 4717406 298 101670 1
S 4724405 298 101680 1
S 4731405 298 101679 1
S 4738404 298 101671 1
S 4745404 298 101677 1
S 4752404 298 101671 1
S 4759403 298 101673 1
S 4766403 298 101670 1
S 4773402 298 101673 1
S 4780402 298 101668 1
S 4787401 298 101671 1
S 4794401 298 101668 1
S 4801400 298 101673 1
S 4808400 298 101668 1
S 4815400 298 101674 1
S 4822399 298 101673 1
S 4829399 298 101668 1
S 4836398 298 101668 1
S 4843398 298 101674 1
S 4850397 298 101676 1
S 4857397 298 101670 1
S 4864397 298 101674 1
S 4871396 298 101671 1
S 4878396 298 101671 1
S 4885395 298 101670 1
S 4892395 298 101676 1
S 4899394 298 101679 1
S 4906394 298 101670 1
S 4913393 298 101676 1
S 4920393 298 101674 1
S 4927393 298 101670 1
S 4934392 298 101670 1
S 4941392 298 101668 1
S 4948391 298 101674 1
S 4955391 298 101674 1
S 4962390 298 101674 1
S 4969390 298 101668 1
S 4976390 298 101667 1
S 4983389 298 101670 1
S 4990389 298 101665 1
S 4997388 298 101670 1
S 5004388 298 101662 1
S 5011387 298 101671 1
S 5018387 298 101667 1
S 5025386 298 101664 1
S 5032386 298 101670 1
S 5039386 298 101665 1
S 5046385 298 101668 1
S 5053385 298 101667 1
S 5060384 298 101671 1
S 5072384 298 101655 1
S 5079383 298 101661 1
S 5086383 298 101667 1
S 5093382 298 101662 1
S 5100382 298 101662 1
S 5107381 298 101659 1
S 5114381 298 101664 1
S 5121380 298 101658 1
S 5128380 298 101656 1
S 5135380 298 101664 1
S 5142379 298 101658 1
S 5149379 298 101659 1
S 5156378 298 101667 1
S 5163378 298 101661 1
S 5170377 298 101664 1
S 5177377 298 101662 1
S 5184377 298 101662 1
S 5191376 298 101661 1
S 5198376 298 101662 1
S 5205375 298 101665 1
S 5212375 298 101664 1
S 5219374 298 101665 1
S 5226374 298 101664 1
S 5233373 298 101661 1
S 5240373 298 101661 1
S 5247373 298 101667 1
S 5254372 298 101665 1
S 5261372 298 101665 1
S 5268371 298 101665 1
S 5275371 298 101665 1
S 5282370 298 101665 1
S 5289370 298 101670 1
S 5296370 298 101667 1
S 5303369 298 101670 1
S 5310369 298 101668 1
S 5317368 298 101664 1
S 5324368 298 101664 1
S 5331367 298 101658 1
S 5338367 298 101661 1
S 5345366 298 101661 1
S 5352366 298 101664 1
S 5359366 298 101659 1
S 5366365 298 101661 1
S 5373365 298 101658 1
S 5380364 298 101659 1
S 5387364 298 101659 1
S 5394363 298 101659 1
S 5401363 298 101664 1
S 5408363 298 101665 1
S 5415362 298 101664 1
S 5422362 298 101662 1
S 5429361 298 101661 1
S 5436361 298 101662 1
S 5443360 298 101658 1
S 5450360 298 101662 1
S 5457359 298 101664 1
S 5464359 298 101658 1
S 5471359 298 101661 1
S 5478358 298 101656 1
S 5485358 298 101662 1
S 5492357 298 101661 1
S 5499357 298 101659 1
S 5506356 298 101658 1
S 5513356 298 101667 1
S 5520356 298 101662 1
S 5527355 298 101656 1
S 5534355 298 101664 1
S 5541354 298 101664 1
S 5548354 298 101655 1
S 5555353 298 101659 1
S 5562353 298 101659 1
S 5569352 298 101658 1
S 5576352 298 101658 1
S 5583352 298 101656 1
S 5590351 298 101662 1
S 5597351 298 101658 1
S 5604350 298 101661 1
S 5611350 298 101667 1
S 5618349 298 101661 1
S 5625349 298 101668 1
S 5632349 298 101664 1
S 5639348 298 101659 1
S 5646348 298 101662 1
S 5653347 298 101662 1
S 5660347 298 101661 1
S 5667346 298 101670 1
S 5674346 298 101664 1
S 5681345 298 101653 1
S 5688345 298 101665 1
S 5695345 298 101658 1
S 5702344 298 101661 1
S 5709344 298 101656 1
S 5716343 298 101662 1
S 5723343 298 101667 1
S 5730342 298 101668 1
S 5737342 298 101656 1
S 5744342 298 101665 1
S 5751341 298 101661 1
S 5758341 298 101661 1
S 5765340 298 101661 1
S 5772340 298 101665 1
S 5779339 298 101661 1
S 5786339 298 101668 1
S 5793338 298 101658 1
S 5800338 298 101662 1
S 5807338 298 101664 1
S 5814337 298 101662 1
S 5821337 298 101668 1
S 5828336 298 101668 1
S 5835336 298 101667 1
S 5842335 298 101665 1
S 5849335 298 101668 1
S 5856335 298 101664 1
S 5863334 298 101661 1
S 5870334 298 101659 1
S 5877333 298 101665 1
S 5884333 298 101658 1
S 5891332 298 101668 1
S 5898332 298 101659 1
S 5905331 298 101662 1
S 5912331 298 101659 1
S 5919331 298 101658 1
S 5926330 298 101655 1
S 5933330 298 101659 1
S 5940329 298 101659 1
S 5947329 298 101656 1
S 5954328 298 101659 1
S 5961328 298 101662 1
S 5968328 298 101661 1
S 5975327 298 101661 1
S 5982327 298 101656 1
S 5989326 298 101664 1
S 5996326 298 101659 1
S 6003325 298 101659 1
S 6010325 298 101662 1
S 6017324 298 101665 1
S 6024324 298 101661 1
S 6031324 298 101659 1
S 6038323 298 101661 1
S 6045323 298 101659 1
S 6052322 298 101653 1
S 6059322 298 101661 1
S 6066321 298 101662 1
S 6078321 298 101662 1
S 6085320 298 101664 1
S 6092320 298 101659 1
S 6099319 298 101664 1
S 6143317 298 101659 2
S 6154316 298 101656 2
S 6165315 298 101655 2
S 6176315 298 101658 2
S 6187314 298 101657 2
S 6198313 298 101657 2
S 6209312 298 101656 2
S 6220312 298 101653 2
S 6231311 298 101658 2
S 6242310 298 101652 2
S 6253310 298 101659 2
S 6264309 298 101655 2
S 6275308 298 101662 2
S 6286308 298 101659 2
S 6297307 298 101658 2
S 6308306 298 101658 2
S 6319306 298 101655 2
S 6330305 298 101656 2
S 6341304 298 101656 2
S 6352304 298 101656 2
S 6363303 298 101661 2
S 6374302 298 101658 2
S 6385301 298 101655 2
S 6396301 298 101656 2
S 6407300 298 101661 2
S 6418299 298 101659 2
S 6429299 298 101656 2
S 6440298 298 101659 2
S 6451297 298 101663 2
S 6462297 298 101661 2
S 6473296 298 101655 2
S 6484295 298 101657 2
S 6495295 298 101655 2
S 6506294 298 101660 2
S 6517293 298 101661 2
S 6528293 298 101662 2
S 6539292 298 101658 2
S 6550291 298 101656 2
S 6561290 298 101655 2
S 6572290 298 101657 2
S 6583289 298 101655 2
S 6594288 298 101656 2
S 6605288 298 101653 2
S 6616287 298 101657 2
S 6627286 298 101655 2
S 6638286 298 101652 2
S 6649285 298 101658 2
S 6660284 298 101655 2
S 6671284 298 101649 2
S 6682283 298 101655 2
S 6693282 298 101650 2
S 6704282 298 101649 2
S 6715281 298 101654 2
S 6726280 298 101652 2
S 6737279 298 101654 2
S 6748279 298 101650 2
S 6759278 298 101654 2
S 6770277 298 101653 2
S 6781277 298 101652 2
S 6792276 298 101652 2
S 6803275 298 101652 2
S 6814275 298 101651 2
S 6825274 298 101661 2
S 6836273 298 101656 2
S 6847273 298 101658 2
S 6858272 298 101656 2
S 6869271 298 101657 2
S 6880271 298 101647 2
S 6891270 298 101653 2
S 6902269 298 101660 2
S 6913268 298 101658 2
S 6924268 298 101657 2
S 6935267 298 101659 2
S 6946266 298 101649 2
S 6957266 298 101656 2
S 6968265 298 101652 2
S 6979264 298 101652 2
S 6990264 298 101656 2
S 7001264 298 101656 2
S 7012262 298 101657 2
S 7023262 298 101662 2
S 7034261 298 101658 2
S 7045260 298 101652 2
S 7056260 298 101652 2
S 7067259 298 101655 2
S 7078258 298 101651 2
S 7094257 298 101667 2
S 7105256 298 101667 2
S 7116256 298 101662 2
S 7127255 298 101661 2
S 7138254 298 101658 2
S 7149254 298 101658 2
S 7160253 298 101665 2
S 7171252 298 101659 2
S 7182252 298 101663 2
S 7193251 298 101662 2
S 7204250 298 101655 2
S 7215250 298 101659 2
S 7226249 298 101661 2
S 7237248 298 101662 2
S 7248248 298 101662 2
S 7259247 298 101665 2
S 7270246 298 101662 2
S 7281245 298 101664 2
S 7292245 298 101665 2
S 7303244 298 101661 2
S 7314243 298 101662 2
S 7325243 298 101662 2
S 7336242 298 101667 2
S 7347241 298 101660 2
S 7358241 298 101660 2
S 7369240 298 101661 2
S 7380239 298 101663 2
S 7391239 298 101661 2
S 7402238 298 101659 2
S 7413237 298 101659 2
S 7424237 298 101659 2
S 7435236 298 101662 2
S 7446235 298 101663 2
S 7457234 298 101664 2
S 7468234 298 101662 2
S 7479233 298 101664 2
S 7490232 298 101665 2
S 7501232 298 101667 2
S 7512231 298 101666 2
S 7523230 298 101665 2
S 7534230 298 101663 2
S 7545229 298 101662 2
S 7556228 298 101666 2
S 7567228 298 101665 2
S 7578227 298 101663 2
S 7589226 298 101665 2
S 7600226 298 101664 2
S 7611225 298 101665 2
S 7622224 298 101665 2
S 7633223 298 101669 2
S 7644223 298 101663 2
S 7655222 298 101663 2
S 7666221 298 101665 2
S 7677221 298 101665 2
S 7688220 298 101670 2
S 7699219 298 101669 2
S 7710219 298 101662 2
S 7721218 298 101664 2
S 7732217 298 101660 2
S 7743217 298 101666 2
S 7754216 298 101665 2
S 7765215 298 101667 2
S 7776215 298 101666 2
S 7787214 298 101665 2
S 7798213 298 101665 2
S 7809212 298 101665 2
S 7820212 298 101664 2
S 7831211 298 101662 2
S 7842210 298 101663 2
S 7853210 298 101665 2
S 7864209 298 101671 2
S 7875208 298 101672 2
S 7886208 298 101669 2
S 7897207 298 101664 2
S 7908206 298 101667 2
S 7919206 298 101665 2
S 7930205 298 101667 2
S 7941204 298 101664 2
S 7952204 298 101663 2
S 7963203 298 101665 2
S 7974202 298 101662 2
S 7985201 298 101660 2
S 7996201 298 101661 2
S 8007200 298 101662 2
S 8018199 298 101665 2
S 8029199 298 101665 2
S 8040198 298 101662 2
S 8051197 298 101662 2
S 8062197 298 101667 2
S 8073196 298 101667 2
S 8084195 298 101665 2
S 8100194 298 101663 2
S 8111194 298 101661 2
S 8122193 298 101660 2
S 8133192 298 101665 2
S 8144192 298 101667 2
S 8155191 298 101662 2
S 8166190 298 101664 2
S 8177189 298 101665 2
S 8188189 298 101662 2
S 8199188 298 101663 2
S 8210187 298 101662 2
S 8221187 298 101663 2
S 8232186 298 101667 2
S 8243185 298 101667 2
S 8254185 298 101662 2
S 8265184 298 101662 2
S 8276183 298 101664 2
S 8287183 298 101667 2
S 8298182 298 101661 2
S 8309181 298 101661 2
S 8320181 298 101660 2
S 8331180 298 101662 2
S 8342179 298 101663 2
S 8353178 298 101656 2
S 8364178 298 101656 2
S 8375177 298 101654 2
S 8386176 298 101657 2
S 8397176 298 101654 2
S 8408175 298 101658 2
S 8419174 298 101662 2
S 8430174 298 101659 2
S 8441173 298 101658 2
S 8452172 298 101657 2
S 8463172 298 101662 2
S 8474171 298 101662 2
S 8485170 298 101656 2
S 8496170 298 101656 2
S 8507169 298 101665 2
S 8518168 298 101660 2
S 8529167 298 101656 2
S 8540167 298 101657 2
S 8551166 298 101661 2
S 8562165 298 101660 2
S 8573165 298 101660 2
S 8584164 298 101659 2
S 8595163 298 101659 2
S 8606163 298 101659 2
S 8617162 298 101659 2
S 8628161 298 101662 2
S 8639161 298 101664 2
S 8650160 298 101660 2
S 8661159 298 101655 2
S 8672159 298 101658 2
S 8683158 298 101662 2
S 8694157 298 101660 2
S 8705156 298 101655 2
S 8716156 298 101665 2
S 8727155 298 101662 2
S 8738154 298 101665 2
S 8749154 298 101661 2
S 8760153 298 101656 2
S 8771152 298 101661 2
S 8782152 298 101660 2
S 8793151 298 101656 2
S 8804150 298 101659 2
S 8815150 298 101657 2
S 8826149 298 101662 2
S 8837148 298 101662 2
S 8848148 298 101663 2
S 8859147 298 101661 2
S 8870146 298 101662 2
S 8881145 298 101659 2
S 8892145 298 101662 2
S 8903144 298 101664 2
S 8914143 298 101661 2
S 8925143 298 101665 2
S 8936142 298 101662 2
S 8947141 298 101656 2
S 8958141 298 101665 2
S 8969140 298 101656 2
S 8980139 298 101657 2
S 8991139 298 101659 2
S 9002139 298 101664 2
S 9013137 298 101660 2
S 9024137 298 101664 2
S 9035136 298 101658 2
S 9046135 298 101657 2
S 9057134 298 101662 2
S 9068134 298 101659 2
S 9079133 298 101662 2
S 9090132 298 101663 2
S 9106131 298 101659 2
S 9117131 298 101655 2
S 9128130 298 101661 2
S 9139129 298 101660 2
S 9150129 298 101660 2
S 9161128 298 101656 2
S 9172127 298 101657 2
S 9183127 298 101659 2
S 9194126 298 101661 2
S 9205125 298 101658 2
S 9216125 298 101659 2
S 9227124 298 101659 2
S 9238123 298 101660 2
S 9249122 298 101660 2
S 9260122 298 101663 2
S 9271121 298 101660 2
S 9282120 298 101659 2
S 9293120 298 101657 2
S 9304119 298 101656 2
S 9315118 298 101664 2
S 9326118 298 101658 2
S 9337117 298 101662 2
S 9348116 298 101657 2
S 9359116 298 101665 2
S 9370115 298 101661 2
S 9381114 298 101663 2
S 9392114 298 101659 2
S 9403113 298 101663 2
S 9414112 298 101666 2
S 9425111 298 101665 2
S 9436111 298 101660 2
S 9447110 298 101662 2
S 9458109 298 101657 2
S 9469109 298 101662 2
S 9480108 298 101666 2
S 9491107 298 101663 2
S 9502107 298 101662 2
S 9513106 298 101665 2
S 9524105 298 101664 2
S 9535105 298 101660 2
S 9546104 298 101657 2
S 9557103 298 101664 2
S 9568103 298 101663 2
S 9579102 298 101660 2
S 9590101 298 101663 2
S 9601100 298 101659 2
S 9612100 298 101662 2
S 9623099 298 101663 2
S 9634098 298 101659 2
S 9645098 298 101659 2
S 9656097 298 101662 2
S 9667096 298 101660 2
S 9678096 298 101662 2
S 9689095 298 101664 2
S 9700094 298 101660 2
S 9711094 298 101662 2
S 9722093 298 101660 2
S 9733092 298 101657 2
S 9744092 298 101661 2
S 9755091 298 101659 2
S 9766090 298 101659 2
S 9777089 298 101656 2
S 9788089 298 101662 2
S 9799088 298 101663 2
S 9810087 298 101659 2
S 9821087 298 101660 2
S 9832086 298 101662 2
S 9843085 298 101663 2
S 9854085 298 101662 2
S 9865084 298 101661 2
S 9876083 298 101662 2
S 9887083 298 101662 2
S 9898082 298 101664 2
S 9909081 298 101663 2
S 9920081 298 101665 2
S 9931080 298 101666 2
S 9942079 298 101662 2
S 9953078 298 101665 2
S 9964078 298 101665 2
S 9975077 298 101667 2
S 9986076 298 101662 2
S 9997076 298 101664 2
S 10008075 298 101667 2
S 10019074 298 101661 2
S 10030074 298 101658 2
S 10041073 298 101666 2
S 10052072 298 101667 2
S 10063072 298 101663 2
S 10074071 298 101663 2
S 10085070 298 101662 2
S 10096070 298 101664 2
S 10112069 298 101665 2
S 10123068 298 101663 2
S 10134067 298 101661 2
S 10145066 298 101660 2
S 10156066 298 101659 2
S 10167065 298 101662 2
S 10178064 298 101661 2
S 10189064 298 101654 2
S 10200063 298 101656 2
S 10211062 298 101657 2
S 10222062 298 101653 2
S 10233061 298 101659 2
S 10244060 298 101655 2
S 10255060 298 101659 2
S 10266059 298 101659 2
S 10277058 298 101659 2
S 10288058 298 101659 2
S 10299057 298 101658 2
S 10310056 298 101654 2
S 10321055 298 101659 2
S 10332055 298 101656 2
S 10343054 298 101657 2
S 10354053 298 101656 2
S 10365053 298 101652 2
S 10376052 298 101658 2
S 10387051 298 101659 2
S 10398051 298 101659 2
S 10409050 298 101660 2
S 10420049 298 101661 2
S 10431049 298 101660 2
S 10442048 298 101660 2
S 10453047 298 101659 2
S 10464047 298 101661 2
S 10475046 298 101659 2
S 10486045 298 101659 2
S 10497044 298 101659 2
S 10508044 298 101659 2
S 10519043 298 101661 2
S 10530042 298 101659 2
S 10541042 298 101655 2
S 10552041 298 101656 2
S 10563040 298 101660 2
S 10574040 298 101663 2
S 10585039 298 101655 2
S 10596038 298 101659 2
S 10607038 298 101658 2
S 10618037 298 101656 2
S 10629036 298 101661 2
S 10640036 298 101661 2
S 10651035 298 101658 2
S 10662034 298 101659 2
S 10673033 298 101661 2
S 10684033 298 101660 2
S 10695032 298 101661 2
S 10706031 298 101660 2
S 10717031 298 101661 2
S 10728030 298 101663 2
S 10739029 298 101661 2
S 10750029 298 101659 2
S 10761028 298 101659 2
S 10772027 298 101656 2
S 10783027 298 101656 2
S 10794026 298 101659 2
S 10805025 298 101660 2
S 10816025 298 101659 2
S 10827024 298 101663 2
S 10838023 298 101663 2
S 10849022 298 101661 2
S 10860022 298 101660 2
S 10871021 298 101665 2
S 10882020 298 101658 2
S 10893020 298 101663 2
S 10904019 298 101658 2
S 10915018 298 101662 2
S 10926018 298 101656 2
S 10937017 298 101660 2
S 10948016 298 101659 2
S 10959016 298 101656 2
S 10970015 298 101662 2
S 10981014 298 101659 2
S 10992014 298 101654 2
S 11003013 298 101659 2
S 11014012 298 101656 2
S 11025011 298 101653 2
S 11036011 298 101656 2
S 11047010 298 101659 2
S 11058009 298 101660 2
S 11069009 298 101661 2
S 11080008 298 101661 2
S 11091007 298 101663 2
S 11102007 298 101659 2
S 11118006 298 101670 2
S 11129005 298 101670 2
S 11140004 298 101670 2
S 11151004 298 101663 2
S 11162003 298 101666 2
S 11173002 298 101665 2
S 11184002 298 101670 2
S 11195001 298 101667 2
S 11206000 298 101666 2
S 11216999 298 101665 2
S 11227999 298 101665 2
S 11238998 298 101667 2
S 11249997 298 101666 2
S 11260997 298 101665 2
S 11271996 298 101667 2
S 11282995 298 101667 2
S 11293995 298 101668 2
S 11304994 298 101667 2
S 11315993 298 101670 2
S 11326993 298 101675 2
S 11337992 298 101667 2
S 11348991 298 101667 2
S 11359991 298 101671 2
S 11370990 298 101667 2
S 11381989 298 101667 2
S 11392988 298 101666 2
S 11403988 298 101667 2
S 11414987 298 101665 2
S 11425986 298 101664 2
S 11436986 298 101665 2
S 11447985 298 101668 2
S 11458984 298 101666 2
S 11469984 298 101670 2
S 11480983 298 101669 2
S 11491982 298 101667 2
S 11502982 298 101665 2
S 11513981 298 101667 2
S 11524980 298 101668 2
S 11535980 298 101672 2
S 11546979 298 101668 2
S 11557978 298 101669 2
S 11568977 298 101667 2
S 11579977 298 101669 2
S 11590976 298 101669 2
S 11601975 298 101665 2
S 11612975 298 101666 2
S 11623974 298 101671 2
S 11634973 298 101667 2
S 11645973 298 101664 2
S 11656972 298 101668 2
S 11732967 298 101664 3
S 11751966 298 101666 3
S 11770965 298 101663 3
S 11789964 298 101665 3
S 11808962 298 101664 3
S 11827961 298 101662 3
S 11846960 298 101663 3
S 11865959 298 101664 3
S 11884958 298 101663 3
S 11903957 298 101662 3
S 11922955 298 101662 3
S 11941954 298 101664 3
S 11960953 298 101665 3
S 11979952 298 101666 3
S 11998951 298 101667 3
S 12017949 298 101664 3
S 12036948 298 101664 3
S 12055947 298 101663 3
S 12074946 298 101665 3
S 12093945 298 101665 3
S 12112943 298 101665 3
S 12135942 298 101664 3
S 12154941 298 101663 3
S 12173940 298 101665 3
S 12192938 298 101660 3
S 12211937 298 101662 3
S 12230936 298 101663 3
S 12249935 298 101661 3
S 12268934 298 101661 3
S 12287933 298 101659 3
S 12306931 298 101655 3
S 12325930 298 101660 3
S 12344929 298 101658 3
S 12363928 298 101659 3
S 12382927 298 101660 3
S 12401925 298 101659 3
S 12420924 298 101660 3
S 12439923 298 101662 3
S 12458922 298 101657 3
S 12477921 298 101659 3
S 12496919 298 101659 3
S 12515918 298 101656 3
S 12534917 298 101654 3
S 12553916 298 101656 3
S 12572915 298 101657 3
S 12591914 298 101655 3
S 12610912 298 101660 3
S 12629911 298 101661 3
S 12648910 298 101662 3
S 12667909 298 101663 3
S 12686908 298 101662 3
S 12705906 298 101665 3
S 12724905 298 101665 3
S 12743904 298 101665 3
S 12762903 298 101665 3
S 12781902 298 101663 3
S 12800900 298 101663 3
S 12819899 298 101659 3
S 12838898 298 101659 3
S 12857897 298 101662 3
S 12876896 298 101659 3
S 12895895 298 101657 3
S 12914893 298 101659 3
S 12933892 298 101659 3
S 12952891 298 101661 3
S 12971890 298 101665 3
S 12990889 298 101662 3
S 13009887 298 101663 3
S 13028886 298 101660 3
S 13047885 298 101660 3
S 13066884 298 101663 3
S 13085883 298 101663 3
S 13104881 298 101663 3
S 13123880 298 101668 3
S 13146879 298 101671 3
S 13165878 298 101669 3
S 13184876 298 101667 3
S 13203875 298 101667 3
S 13222874 298 101661 3
S 13241873 298 101662 3
S 13260872 298 101662 3
S 13279871 298 101663 3
S 13298869 298 101663 3
S 13317868 298 101663 3
S 13336867 298 101665 3
S 13355866 298 101660 3
S 13374865 298 101663 3
S 13393863 298 101664 3
S 13412862 298 101661 3
S 13431861 298 101665 3
S 13450860 298 101663 3
S 13469859 298 101663 3
S 13488857 298 101658 3
S 13507856 298 101661 3
S 13526855 298 101664 3
S 13545854 298 101666 3
S 13564853 298 101660 3
S 13583852 298 101663 3
S 13602850 298 101661 3
S 13621849 298 101663 3
S 13640848 298 101661 3
S 13659847 298 101665 3
S 13678846 298 101666 3
S 13697844 298 101663 3
S 13716843 298 101664 3
S 13735842 298 101666 3
S 13754841 298 101665 3
S 13773840 298 101667 3
S 13792838 298 101663 3
S 13811837 298 101668 3
S 13830836 298 101666 3
S 13849835 298 101660 3
S 13868834 298 101662 3
S 13887833 298 101665 3
S 13906831 298 101663 3
S 13925830 298 101666 3
S 13944829 298 101663 3
S 13963828 298 101666 3
S 13982827 298 101664 3
S 14001826 298 101663 3
S 14020824 298 101659 3
S 14039823 298 101660 3
S 14058822 298 101662 3
S 14077821 298 101660 3
S 14096819 298 101656 3
S 14115818 298 101659 3
S 14134817 298 101659 3
S 14157815 298 101666 3
S 14176814 298 101669 3
S 14195813 298 101668 3
S 14214812 298 101664 3
S 14233811 298 101664 3
S 14252810 298 101667 3
S 14271809 298 101664 3
S 14290807 298 101665 3
S 14309806 298 101667 3
S 14328805 298 101668 3
S 14347804 298 101669 3
S 14366803 298 101665 3
S 14385801 298 101662 3
S 14404800 298 101662 3
S 14423799 298 101668 3
S 14442798 298 101668 3
S 14461797 298 101665 3
S 14480795 298 101667 3
S 14499794 298 101667 3
S 14518793 298 101663 3
S 14537792 298 101668 3
S 14556791 298 101667 3
S 14575790 298 101668 3
S 14594788 298 101673 3
S 14613787 298 101665 3
S 14632786 298 101667 3
S 14651785 298 101666 3
S 14670784 298 101667 3
S 14689782 298 101669 3
S 14708781 298 101670 3
S 14727780 298 101665 3
S 14746779 298 101667 3
S 14765778 298 101665 3
S 14784776 298 101669 3
S 14803775 298 101671 3
S 14822774 298 101664 3
S 14841773 298 101666 3
S 14860772 298 101665 3
S 14879771 298 101665 3
S 14898769 298 101667 3
S 14917768 298 101666 3
S 14936767 298 101662 3
S 14955766 298 101668 3
S 14974765 298 101662 3
S 14993763 298 101665 3
S 15012762 298 101669 3
S 15031761 298 101668 3
S 15050760 298 101667 3
S 15069759 298 101666 3
S 15088757 298 101670 3
S 15107756 298 101669 3
S 15126755 298 101668 3
S 15145754 298 101667 3
S 15168752 298 101667 3
S 15187751 298 101666 3
S 15206750 298 101671 3
S 15225749 298 101667 3
S 15244748 298 101672 3
S 15263747 298 101668 3
S 15282745 298 101668 3
S 15301744 298 101668 3
S 15320743 298 101667 3
S 15339742 298 101666 3
S 15358741 298 101668 3
S 15377739 298 101669 3
S 15396738 298 101668 3
S 15415737 298 101671 3
S 15434736 298 101664 3
S 15453735 298 101665 3
S 15472733 298 101665 3
S 15491732 298 101664 3
S 15510731 298 101672 3
S 15529730 298 101667 3
S 15548729 298 101672 3
S 15567728 298 101668 3
S 15586726 298 101669 3
S 15605725 298 101665 3
S 15624724 298 101665 3
S 15643723 298 101669 3
S 15662722 298 101673 3
S 15681720 298 101673 3
S 15700719 298 101673 3
S 15719718 298 101670 3
S 15738717 298 101671 3
S 15757716 298 101673 3
S 15776714 298 101673 3
S 15795713 298 101671 3
S 15814712 298 101671 3
S 15833711 298 101673 3
S 15852710 298 101672 3
S 15871709 298 101668 3
S 15890707 298 101671 3
S 15909706 298 101668 3
S 15928705 298 101669 3
S 15947704 298 101665 3
S 15966703 298 101663 3
S 15985701 298 101665 3
S 16004700 298 101669 3
S 16023699 298 101667 3
S 16042698 298 101668 3
S 16061697 298 101665 3
S 16080695 298 101663 3
S 16099694 298 101664 3
S 16118693 298 101662 3
S 16137692 298 101665 3
S 16156691 298 101668 3
S 16179689 298 101664 3
S 16198688 298 101665 3
S 16217687 298 101663 3
S 16236686 298 101666 3
S 16255685 298 101666 3
S 16274683 298 101661 3
S 16293682 298 101669 3
S 16312681 298 101662 3
S 16331680 298 101661 3
S 16350679 298 101663 3
S 16369677 298 101667 3
S 16388676 298 101667 3
S 16407675 298 101666 3
S 16426674 298 101663 3
S 16445673 298 101664 3
S 16464671 298 101659 3
S 16483670 298 101662 3
S 16502669 298 101665 3
S 16521668 298 101660 3
S 16540667 298 101663 3
S 16559666 298 101661 3
S 16578664 298 101663 3
S 16597663 298 101664 3
S 16616662 298 101667 3
S 16635661 298 101663 3
S 16654660 298 101667 3
S 16673658 298 101666 3
S 16692657 298 101670 3
S 16711656 298 101667 3
S 16730655 298 101665 3
S 16749654 298 101665 3
S 16768652 298 101664 3
S 16787651 298 101661 3
S 16806650 298 101657 3
S 16825649 298 101664 3
S 16844648 298 101663 3
S 16863647 298 101665 3
S 16882645 298 101659 3
S 16901644 298 101663 3
S 16920643 298 101663 3
S 16939642 298 101664 3
S 16958641 298 101666 3
S 16977639 298 101663 3
S 16996638 298 101663 3
S 17015637 298 101663 3
S 17034636 298 101662 3
S 17053635 298 101662 3
S 17072633 298 101660 3
S 17091632 298 101662 3
S 17110631 298 101662 3
S 17129630 298 101665 3
S 17148629 298 101660 3
S 17167628 298 101660 3
S 17190626 298 101659 3
S 17209625 298 101661 3
S 17228624 298 101663 3
S 17247623 298 101661 3
S 17266621 298 101662 3
S 17285620 298 101663 3
S 17304619 298 101658 3
S 17323618 298 101662 3
S 17342617 298 101665 3
S 17361615 298 101657 3
S 17380614 298 101662 3
S 17399613 298 101656 3
S 17418612 298 101663 3
S 17437611 298 101660 3
S 17456609 298 101663 3
S 17475608 298 101660 3
S 17494607 298 101663 3
S 17513606 298 101665 3
S 17532605 298 101660 3
S 17551604 298 101662 3
S 17570602 298 101658 3
S 17589601 298 101661 3
S 17608600 298 101665 3
S 17627599 298 101664 3
S 17646598 298 101662 3
S 17665596 298 101662 3
S 17684595 298 101665 3
S 17703594 298 101663 3
S 17722593 298 101660 3
S 17741592 298 101663 3
S 17760590 298 101661 3
S 17779589 298 101660 3
S 17798588 298 101663 3
S 17817587 298 101663 3
S 17836586 298 101665 3
S 17855585 298 101665 3
S 17874583 298 101661 3
S 17893582 298 101665 3
S 17912581 298 101665 3
S 17931580 298 101666 3
S 17950579 298 101669 3
S 17969577 298 101667 3
S 17988576 298 101665 3
S 18007575 298 101663 3
S 18026574 298 101661 3
S 18045573 298 101662 3
S 18064571 298 101661 3
S 18083570 298 101661 3
S 18102569 298 101666 3
S 18121568 298 101665 3
S 18140567 298 101660 3
S 18159566 298 101659 3
S 18178564 298 101663 3
S 18201563 298 101667 3
S 18220562 298 101668 3
S 18239561 298 101667 3
S 18258559 298 101663 3
S 18277558 298 101663 3
S 18296557 298 101666 3
S 18315556 298 101665 3
S 18334555 298 101667 3
S 18353553 298 101670 3
S 18372552 298 101663 3
S 18391551 298 101666 3
S 18410550 298 101668 3
S 18429549 298 101669 3
S 18448547 298 101663 3
S 18467546 298 101665 3
S 18486545 298 101663 3
S 18505544 298 101665 3
S 18524543 298 101660 3
S 18543542 298 101665 3
S 18562540 298 101665 3
S 18581539 298 101662 3
S 18600538 298 101668 3
S 18619537 298 101670 3
S 18638536 298 101668 3
S 18657534 298 101669 3
S 18676533 298 101671 3
S 18695532 298 101673 3
S 18714531 298 101672 3
S 18733530 298 101669 3
S 18752528 298 101673 3
S 18771527 298 101671 3
S 18790526 298 101675 3
S 18809525 298 101671 3
S 18828524 298 101666 3
S 18847523 298 101669 3
S 18866521 298 101667 3
S 18885520 298 101668 3
S 18904519 298 101671 3
S 18923518 298 101666 3
S 18942517 298 101675 3
S 18961515 298 101671 3
S 18980514 298 101671 3
S 18999513 298 101668 3
S 19018512 298 101669 3
S 19037511 298 101673 3
S 19056509 298 101672 3
S 19075508 298 101673 3
S 19094507 298 101672 3
S 19113506 298 101672 3
S 19132505 298 101671 3
S 19151504 298 101668 3
S 19170502 298 101670 3
S 19189501 298 101669 3
S 19212500 298 101669 3
S 19231499 298 101665 3
S 19250497 298 101670 3
S 19269496 298 101667 3
S 19288495 298 101670 3
S 19307494 298 101669 3
S 19326493 298 101666 3
S 19345491 298 101668 3
S 19364490 298 101667 3
S 19383489 298 101671 3
S 19402488 298 101665 3
S 19421487 298 101667 3
S 19440485 298 101667 3
S 19459484 298 101668 3
S 19478483 298 101667 3
S 19497482 298 101667 3
S 19516481 298 101668 3
S 19535480 298 101669 3
S 19554478 298 101670 3
S 19573477 298 101663 3
S 19592476 298 101665 3
S 19611475 298 101667 3
S 19630474 298 101673 3
S 19649472 298 101670 3
S 19668471 298 101669 3
S 19687470 298 101669 3
S 19706469 298 101672 3
S 19725468 298 101666 3
S 19744466 298 101670 3
S 19763465 298 101673 3
S 19782464 298 101674 3
S 19801463 298 101667 3
S 19820462 298 101670 3
S 19839461 298 101672 3
S 19858459 298 101670 3
S 19877458 298 101666 3
S 19896457 298 101669 3
S 19915456 298 101669 3
S 19934455 298 101671 3
S 19953453 298 101672 3
S 19972452 298 101670 3
S 19991451 298 101669 3
S 20010450 298 101673 3
S 20029449 298 101674 3
S 20048447 298 101673 3
S 20067446 298 101673 3
S 20086445 298 101670 3
S 20105444 298 101672 3
S 20124443 298 101671 3
S 20143442 298 101673 3
S 20162440 298 101670 3
S 20181439 298 101671 3
S 20200438 298 101671 3
S 20223436 298 101661 3
S 20242435 298 101662 3
S 20261434 298 101662 3
S 20280433 298 101659 3
S 20299432 298 101658 3
S 20318431 298 101662 3
S 20337429 298 101660 3
S 20356428 298 101662 3
S 20375427 298 101658 3
S 20394426 298 101658 3
S 20413425 298 101660 3
S 20432423 298 101664 3
S 20451422 298 101665 3
S 20470421 298 101665 3
S 20489420 298 101658 3
S 20508419 298 101665 3
S 20527418 298 101670 3
S 20546416 298 101667 3
S 20565415 298 101665 3
S 20584414 298 101663 3
S 20603413 298 101663 3
S 20622412 298 101662 3
S 20641410 298 101663 3
S 20660409 298 101658 3
S 20679408 298 101663 3
S 20698407 298 101663 3
S 20717406 298 101661 3
S 20736404 298 101663 3
S 20755403 298 101663 3
S 20774402 298 101667 3
S 20793401 298 101665 3
S 20812400 298 101664 3
S 20831399 298 101659 3
S 20850397 298 101663 3
S 20869396 298 101667 3
S 20888395 298 101661 3
S 20907394 298 101667 3
S 20926393 298 101669 3
S 20945391 298 101665 3
S 20964390 298 101667 3
S 20983389 298 101662 3
S 21002388 298 101665 3
S 21021387 298 101663 3
S 21040385 298 101664 3
S 21059384 298 101665 3
S 21078383 298 101662 3
S 21097382 298 101663 3
S 21116381 298 101665 3
S 21135380 298 101664 3
S 21154378 298 101662 3
S 21173377 298 101664 3
S 21192376 298 101670 3
S 21211375 298 101669 3
S 21234373 298 101665 3
S 21253372 298 101665 3
S 21264371 298 101662 2
S 21275371 298 101666 2
S 21286370 298 101664 2
S 21297369 298 101661 2
S 21308369 298 101661 2
S 21319368 298 101667 2
S 21330367 298 101664 2
S 21341367 298 101661 2
S 21352366 298 101664 2
S 21363365 298 101665 2
S 21374365 298 101666 2
S 21385364 298 101664 2
S 21396363 298 101664 2
S 21407363 298 101667 2
S 21418362 298 101666 2
S 21429361 298 101665 2
S 21440360 298 101667 2
S 21451360 298 101668 2
S 21462359 298 101667 2
S 21473358 298 101667 2
S 21484358 298 101664 2
S 21495357 298 101666 2
S 21506356 298 101672 2
S 21517356 298 101669 2
S 21528355 298 101669 2
S 21539354 298 101670 2
S 21550354 298 101667 2
S 21561353 298 101666 2
S 21572352 298 101667 2
S 21583352 298 101665 2
S 21594351 298 101669 2
S 21605350 298 101673 2
S 21616349 298 101672 2
S 21627349 298 101669 2
S 21638348 298 101667 2
S 21649347 298 101668 2
S 21660347 298 101675 2
S 21671346 298 101673 2
S 21682345 298 101672 2
S 21693345 298 101670 2
S 21704344 298 101671 2
S 21715343 298 101668 2
S 21726343 298 101671 2
S 21737342 298 101668 2
S 21748341 298 101667 2
S 21759341 298 101665 2
S 21770340 298 101666 2
S 21781339 298 101664 2
S 21792338 298 101666 2
S 21803338 298 101667 2
S 21814337 298 101663 2
S 21825336 298 101666 2
S 21836336 298 101667 2
S 21847335 298 101658 2
S 21858334 298 101660 2
S 21869334 298 101663 2
S 21880333 298 101667 2
S 21891332 298 101664 2
S 21902332 298 101669 2
S 21913331 298 101670 2
S 21924330 298 101664 2
S 21935330 298 101668 2
S 21946329 298 101670 2
S 21957328 298 101670 2
S 21968327 298 101664 2
S 21979327 298 101671 2
S 21990326 298 101669 2
S 22001326 298 101668 2
S 22012325 298 101670 2
S 22023324 298 101667 2
S 22034323 298 101664 2
S 22045323 298 101667 2
S 22056322 298 101664 2
S 22067321 298 101667 2
S 22078321 298 101667 2
S 22089320 298 101667 2
S 22100319 298 101668 2
S 22111319 298 101665 2
S 22122318 298 101665 2
S 22133317 298 101661 2
S 22144316 298 101668 2
S 22155316 298 101669 2
S 22166315 298 101670 2
S 22177314 298 101665 2
S 22188314 298 101665 2
S 22199313 298 101670 2
S 22210312 298 101669 2
S 22221312 298 101669 2
S 22237311 298 101681 2
S 22248310 298 101675 2
S 22259309 298 101672 2
S 22270309 298 101674 2
S 22281308 298 101673 2
S 22292307 298 101670 2
S 22303307 298 101671 2
S 22314306 298 101676 2
S 22325305 298 101670 2
S 22336304 298 101676 2
S 22347304 298 101674 2
S 22358303 298 101676 2
S 22369302 298 101674 2
S 22380302 298 101673 2
S 22391301 298 101670 2
S 22402300 298 101670 2
S 22413300 298 101672 2
S 22424299 298 101674 2
S 22435298 298 101673 2
S 22446298 298 101669 2
S 22457297 298 101673 2
S 22468296 298 101673 2
S 22479296 298 101666 2
S 22490295 298 101670 2
S 22501294 298 101675 2
S 22512293 298 101673 2
S 22523293 298 101669 2
S 22534292 298 101673 2
S 22545291 298 101676 2
S 22556291 298 101673 2
S 22567290 298 101673 2
S 22578289 298 101676 2
S 22589289 298 101676 2
S 22600288 298 101677 2
S 22611287 298 101673 2
S 22622287 298 101670 2
S 22633286 298 101672 2
S 22644285 298 101673 2
S 22655285 298 101676 2
S 22666284 298 101671 2
S 22677283 298 101676 2
S 22688282 298 101674 2
S 22699282 298 101668 2
S 22710281 298 101670 2
S 22721280 298 101671 2
S 22732280 298 101674 2
S 22743279 298 101662 2
S 22754278 298 101670 2
S 22765278 298 101673 2
S 22776277 298 101674 2
S 22787276 298 101671 2
S 22798276 298 101673 2
S 22809275 298 101674 2
S 22820274 298 101670 2
S 22831274 298 101674 2
S 22842273 298 101676 2
S 22853272 298 101676 2
S 22864271 298 101672 2
S 22875271 298 101677 2
S 22886270 298 101673 2
S 22897269 298 101672 2
S 22908269 298 101671 2
S 22919268 298 101676 2
S 22930267 298 101677 2
S 22941267 298 101679 2
S 22952266 298 101675 2
S 22963265 298 101671 2
S 22974265 298 101674 2
S 22985264 298 101673 2
S 22996263 298 101671 2
S 23007263 298 101670 2
S 23018262 298 101676 2
S 23029261 298 101675 2
S 23040260 298 101673 2
S 23051260 298 101670 2
S 23062259 298 101676 2
S 23073258 298 101676 2
S 23084258 298 101670 2
S 23095257 298 101677 2
S 23106256 298 101676 2
S 23117256 298 101678 2
S 23128255 298 101678 2
S 23139254 298 101678 2
S 23150254 298 101679 2
S 23161253 298 101680 2
S 23172252 298 101675 2
S 23183252 298 101677 2
S 23194251 298 101678 2
S 23205250 298 101680 2
S 23216249 298 101680 2
S 23227249 298 101678 2
S 23243248 298 101670 2
S 23254247 298 101675 2
S 23265246 298 101671 2
S 23276246 298 101670 2
S 23287245 298 101669 2
S 23298244 298 101669 2
S 23309244 298 101672 2
S 23320243 298 101667 2
S 23331242 298 101670 2
S 23342242 298 101671 2
S 23353241 298 101669 2
S 23364240 298 101661 2
S 23375240 298 101668 2
S 23386239 298 101668 2
S 23397238 298 101666 2
S 23408237 298 101665 2
S 23419237 298 101668 2
S 23430236 298 101666 2
S 23441235 298 101669 2
S 23452235 298 101668 2
S 23463234 298 101663 2
S 23474233 298 101664 2
S 23485233 298 101664 2
S 23496232 298 101662 2
S 23507231 298 101670 2
S 23518231 298 101665 2
S 23529230 298 101664 2
S 23540229 298 101667 2
S 23551229 298 101668 2
S 23562228 298 101676 2
S 23573227 298 101669 2
S 23584226 298 101669 2
S 23595226 298 101669 2
S 23606225 298 101667 2
S 23617224 298 101669 2
S 23628224 298 101670 2
S 23639223 298 101669 2
S 23650222 298 101670 2
S 23661222 298 101672 2
S 23672221 298 101667 2
S 23683220 298 101672 2
S 23694220 298 101669 2
S 23705219 298 101667 2
S 23716218 298 101670 2
S 23727218 298 101667 2
S 23738217 298 101666 2
S 23749216 298 101667 2
S 23760215 298 101664 2
S 23771215 298 101661 2
S 23782214 298 101669 2
S 23793213 298 101665 2
S 23804213 298 101667 2
S 23815212 298 101670 2
S 23826211 298 101668 2
S 23837211 298 101665 2
S 23848210 298 101666 2
S 23859209 298 101667 2
S 23870209 298 101662 2
S 23881208 298 101665 2
S 23892207 298 101666 2
S 23903207 298 101663 2
S 23914206 298 101669 2
S 23925205 298 101668 2
S 23936204 298 101665 2
S 23947204 298 101664 2
S 23958203 298 101665 2
S 23969202 298 101661 2
S 23980202 298 101661 2
S 23991201 298 101662 2
S 24002201 298 101663 2
S 24013200 298 101661 2
S 24024199 298 101661 2
S 24035198 298 101661 2
S 24046198 298 101662 2
S 24057197 298 101661 2
S 24068196 298 101661 2
S 24079196 298 101661 2
S 24090195 298 101657 2
S 24101194 298 101662 2
S 24112193 298 101661 2
S 24123193 298 101661 2
S 24134192 298 101662 2
S 24145191 298 101662 2
S 24156191 298 101661 2
S 24167190 298 101656 2
S 24178189 298 101662 2
S 24189189 298 101662 2
S 24200188 298 101662 2
S 24211187 298 101663 2
S 24222187 298 101663 2
S 24233186 298 101660 2
S 24249185 298 101663 2
S 24260184 298 101665 2
S 24271184 298 101659 2
S 24282183 298 101665 2
S 24293182 298 101658 2
S 24304181 298 101659 2
S 24315181 298 101661 2
S 24326180 298 101656 2
S 24337179 298 101657 2
S 24348179 298 101661 2
S 24359178 298 101661 2
S 24370177 298 101664 2
S 24381177 298 101660 2
S 24392176 298 101658 2
S 24403175 298 101659 2
S 24414175 298 101658 2
S 24425174 298 101659 2
S 24436173 298 101664 2
S 24447173 298 101662 2
S 24458172 298 101660 2
S 24469171 298 101655 2
S 24480170 298 101662 2
S 24491170 298 101661 2
S 24502169 298 101664 2
S 24513168 298 101664 2
S 24524168 298 101662 2
S 24535167 298 101658 2
S 24546166 298 101660 2
S 24557166 298 101658 2
S 24568165 298 101663 2
S 24579164 298 101663 2
S 24590164 298 101661 2
S 24601163 298 101664 2
S 24612162 298 101665 2
S 24623162 298 101665 2
S 24634161 298 101661 2
S 24645160 298 101667 2
S 24656159 298 101667 2
S 24667159 298 101667 2
S 24678158 298 101666 2
S 24689157 298 101665 2
S 24700157 298 101667 2
S 24711156 298 101668 2
S 24722155 298 101665 2
S 24733155 298 101663 2
S 24744154 298 101667 2
S 24755153 298 101663 2
S 24766153 298 101664 2
S 24777152 298 101663 2
S 24788151 298 101663 2
S 24799151 298 101662 2
S 24810150 298 101658 2
S 24821149 298 101663 2
S 24832148 298 101664 2
S 24843148 298 101661 2
S 24854147 298 101664 2
S 24865146 298 101661 2
S 24876146 298 101659 2
S 24887145 298 101661 2
S 24898144 298 101656 2
S 24909144 298 101663 2
S 24920143 298 101659 2
S 24931142 298 101658 2
S 24942142 298 101660 2
S 24953141 298 101659 2
S 24964140 298 101663 2
S 24975140 298 101664 2
S 24986139 298 101666 2
S 24997138 298 101666 2
S 25008137 298 101664 2
S 25019137 298 101664 2
S 25030136 298 101664 2
S 25041135 298 101658 2
S 25052135 298 101667 2
S 25063134 298 101663 2
S 25074133 298 101661 2
S 25085133 298 101658 2
S 25096132 298 101662 2
S 25107131 298 101661 2
S 25118131 298 101657 2
S 25129130 298 101665 2
S 25140129 298 101659 2
S 25151129 298 101666 2
S 25162128 298 101662 2
S 25173127 298 101664 2
S 25184126 298 101662 2
S 25195126 298 101665 2
S 25206125 298 101664 2
S 25217124 298 101666 2
S 25228124 298 101664 2
S 25239123 298 101663 2
S 25255122 298 101664 2
S 25266121 298 101664 2
S 25277121 298 101665 2
S 25288120 298 101664 2
S 25299119 298 101666 2
S 25310119 298 101659 2
S 25321118 298 101663 2
S 25332117 298 101659 2
S 25343117 298 101663 2
S 25354116 298 101663 2
S 25365115 298 101661 2
S 25376114 298 101668 2
S 25387114 298 101665 2
S 25398113 298 101660 2
S 25409112 298 101669 2
S 25420112 298 101663 2
S 25431111 298 101667 2
S 25442110 298 101665 2
S 25453110 298 101659 2
S 25464109 298 101665 2
S 25475108 298 101665 2
S 25486108 298 101670 2
S 25497107 298 101663 2
S 25508106 298 101661 2
S 25519106 298 101667 2
S 25530105 298 101667 2
S 25541104 298 101666 2
S 25552103 298 101665 2
S 25563103 298 101661 2
S 25574102 298 101664 2
S 25585101 298 101665 2
S 25596101 298 101670 2
S 25607100 298 101666 2
S 25618099 298 101663 2
S 25629099 298 101664 2
S 25640098 298 101669 2
S 25651097 298 101666 2
S 25662097 298 101663 2
S 25673096 298 101664 2
S 25684095 298 101664 2
S 25695095 298 101669 2
S 25706094 298 101667 2
S 25717093 298 101664 2
S 25728092 298 101665 2
S 25739092 298 101668 2
S 25750091 298 101661 2
S 25761090 298 101665 2
S 25772090 298 101661 2
S 25783089 298 101665 2
S 25794088 298 101664 2
S 25805088 298 101667 2
S 25816087 298 101665 2
S 25827086 298 101667 2
S 25838086 298 101664 2
S 25849085 298 101666 2
S 25860084 298 101667 2
S 25871084 298 101664 2
S 25882083 298 101662 2
S 25893082 298 101664 2
S 25904081 298 101665 2
S 25915081 298 101666 2
S 25926080 298 101657 2
S 25937079 298 101664 2
S 25948079 298 101662 2
S 25959078 298 101665 2
S 25970077 298 101665 2
S 25981077 298 101667 2
S 25992076 298 101666 2
S 26003075 298 101664 2
S 26014075 298 101663 2
S 26025074 298 101664 2
S 26036073 298 101663 2
S 26047073 298 101663 2
S 26058072 298 101670 2
S 26069071 298 101661 2
S 26080070 298 101665 2
S 26091070 298 101669 2
S 26102069 298 101666 2
S 26113068 298 101661 2
S 26124068 298 101659 2
S 26135067 298 101658 2
S 26146066 298 101659 2
S 26157066 298 101664 2
S 26168065 298 101664 2
S 26179064 298 101664 2
S 26190064 298 101663 2
S 26201063 298 101660 2
S 26212062 298 101661 2
S 26223062 298 101661 2
S 26234061 298 101664 2
S 26245060 298 101666 2
S 26261059 298 101662 2
S 26272058 298 101663 2
S 26283058 298 101659 2
S 26294057 298 101664 2
S 26305056 298 101661 2
S 26316056 298 101662 2
S 26327055 298 101657 2
S 26338054 298 101660 2
S 26349054 298 101665 2
S 26360053 298 101661 2
S 26371052 298 101664 2
S 26382052 298 101665 2
S 26393051 298 101661 2
S 26404050 298 101664 2
S 26415050 298 101667 2
S 26426049 298 101664 2
S 26437048 298 101660 2
S 26448047 298 101666 2
S 26459047 298 101666 2
S 26470046 298 101658 2
S 26481045 298 101658 2
S 26492045 298 101664 2
S 26503044 298 101666 2
S 26514043 298 101664 2
S 26525043 298 101663 2
S 26536042 298 101662 2
S 26547041 298 101660 2
S 26558041 298 101662 2
S 26569040 298 101662 2
S 26580039 298 101663 2
S 26591039 298 101660 2
S 26602038 298 101661 2
S 26613037 298 101659 2
S 26624036 298 101660 2
S 26635036 298 101662 2
S 26646035 298 101664 2
S 26657034 298 101664 2
S 26668034 298 101664 2
S 26679033 298 101667 2
S 26690032 298 101667 2
S 26701032 298 101661 2
S 26712031 298 101662 2
S 26723030 298 101662 2
S 26734030 298 101663 2
S 26745029 298 101667 2
S 26756028 298 101665 2
S 26767028 298 101661 2
S 26778027 298 101662 2
S 26789026 298 101664 2
S 26800025 298 101661 2
S 26811025 298 101667 2
S 26822024 298 101663 2
S 26833023 298 101662 2
S 26844023 298 101663 2
S 26855022 298 101664 2
S 26866021 298 101664 2
S 26877021 298 101661 2
S 26888020 298 101660 2
S 26899019 298 101661 2
S 26910019 298 101664 2
S 26921018 298 101657 2
S 26932017 298 101661 2
S 26943017 298 101663 2
S 26954016 298 101664 2
S 26965015 298 101663 2
S 26976014 298 101660 2
S 26987014 298 101659 2
S 26998013 298 101661 2
S 27009012 298 101664 2
S 27020012 298 101666 2
S 27031011 298 101662 2
S 27042010 298 101662 2
S 27053010 298 101664 2
S 27064009 298 101666 2
S 27075008 298 101663 2
S 27086008 298 101664 2
S 27097007 298 101667 2
S 27108006 298 101664 2
S 27119006 298 101665 2
S 27130005 298 101664 2
S 27141004 298 101664 2
S 27152003 298 101665 2
S 27163003 298 101663 2
S 27174002 298 101664 2
S 27185001 298 101664 2
S 27196001 298 101664 2
S 27207000 298 101661 2
S 27217999 298 101664 2
S 27228999 298 101663 2
S 27239998 298 101664 2
S 27250997 298 101661 2
S 27266996 298 101662 2
S 27277996 298 101666 2
S 27288995 298 101668 2
S 27299994 298 101667 2
S 27310994 298 101666 2
S 27321993 298 101661 2
S 27332992 298 101667 2
S 27343991 298 101665 2
S 27354991 298 101664 2
S 27365990 298 101661 2
S 27376989 298 101664 2
S 27387989 298 101666 2
S 27398988 298 101664 2
S 27409987 298 101662 2
S 27420987 298 101662 2
S 27431986 298 101664 2
S 27442985 298 101656 2
S 27453985 298 101662 2
S 27464984 298 101665 2
S 27475983 298 101661 2
S 27486983 298 101660 2
S 27497982 298 101658 2
S 27508981 298 101660 2
S 27519980 298 101658 2
S 27530980 298 101658 2
S 27541979 298 101658 2
S 27552978 298 101660 2
S 27563978 298 101664 2
S 27574977 298 101660 2
S 27585976 298 101661 2
S 27596976 298 101662 2
S 27607975 298 101659 2
S 27618974 298 101660 2
S 27629974 298 101662 2
S 27640973 298 101652 2
S 27651972 298 101658 2
S 27662972 298 101658 2
S 27673971 298 101661 2
S 27684970 298 101664 2
S 27695969 298 101658 2
S 27706969 298 101661 2
S 27717968 298 101661 2
S 27728967 298 101664 2
S 27739967 298 101661 2
S 27750966 298 101661 2
S 27761965 298 101660 2
S 27772965 298 101658 2
S 27783964 298 101661 2
S 27794963 298 101658 2
S 27805963 298 101658 2
S 27816962 298 101662 2
S 27827961 298 101658 2
S 27838961 298 101655 2
S 27849960 298 101661 2
S 27860959 298 101660 2
S 27871958 298 101658 2
S 27882958 298 101658 2
S 27893957 298 101661 2
S 27904956 298 101660 2
S 27915956 298 101661 2
S 27926955 298 101659 2
S 27937954 298 101662 2
S 27948954 298 101658 2
S 27959953 298 101663 2
S 27970952 298 101658 2
S 27981952 298 101659 2
S 27992951 298 101661 2
S 28003950 298 101660 2
S 28014950 298 101658 2
S 28025949 298 101658 2
S 28036948 298 101653 2
S 28047947 298 101659 2
S 28058947 298 101652 2
S 28069946 298 101654 2
S 28080945 298 101656 2
S 28091945 298 101652 2
S 28102944 298 101654 2
S 28113943 298 101655 2
S 28124943 298 101657 2
S 28135942 298 101656 2
S 28146941 298 101658 2
S 28157941 298 101655 2
S 28168940 298 101654 2
S 28179939 298 101658 2
S 28190939 298 101655 2
S 28201938 298 101655 2
S 28212937 298 101655 2
S 28223936 298 101655 2
S 28234936 298 101656 2
S 28245935 298 101663 2
S 28256934 298 101657 2
S 28272933 298 101661 2
S 28283933 298 101659 2
S 28294932 298 101659 2
S 28305931 298 101660 2
S 28316931 298 101667 2
S 28327930 298 101667 2
S 28338929 298 101667 2
S 28349929 298 101664 2
S 28360928 298 101663 2
S 28371927 298 101663 2
S 28382927 298 101660 2
S 28393926 298 101662 2
S 28404925 298 101664 2
S 28415924 298 101661 2
S 28426924 298 101662 2
S 28437923 298 101661 2
S 28448922 298 101664 2
S 28459922 298 101660 2
S 28470921 298 101667 2
S 28481920 298 101659 2
S 28492920 298 101661 2
S 28503919 298 101658 2
S 28514918 298 101658 2
S 28525918 298 101664 2
S 28536917 298 101666 2
S 28547916 298 101664 2
S 28558916 298 101661 2
S 28569915 298 101659 2
S 28580914 298 101658 2
S 28591913 298 101660 2
S 28602913 298 101657 2
S 28613912 298 101659 2
S 28624911 298 101663 2
S 28635911 298 101665 2
S 28646910 298 101662 2
S 28657909 298 101661 2
S 28668909 298 101660 2
S 28679908 298 101661 2
S 28690907 298 101665 2
S 28701907 298 101663 2
S 28712906 298 101665 2
S 28723905 298 101664 2
S 28734905 298 101664 2
S 28745904 298 101663 2
S 28756903 298 101657 2
S 28767902 298 101658 2
S 28778902 298 101661 2
S 28789901 298 101662 2
S 28800900 298 101661 2
S 28811900 298 101657 2
S 28822899 298 101662 2
S 28833898 298 101658 2
S 28844898 298 101662 2
S 28855897 298 101663 2
S 28866896 298 101666 2
S 28877896 298 101663 2
S 28888895 298 101663 2
S 28899894 298 101658 2
S 28910894 298 101658 2
S 28921893 298 101661 2
S 28932892 298 101659 2
S 28943891 298 101658 2
S 28954891 298 101658 2
S 28965890 298 101659 2
S 28976889 298 101660 2
S 28987889 298 101660 2
S 28998888 298 101660 2
S 29009887 298 101655 2
S 29020887 298 101660 2
S 29031886 298 101661 2
S 29042885 298 101661 2
S 29053885 298 101658 2
S 29064884 298 101661 2
S 29075883 298 101657 2
S 29086883 298 101660 2
S 29097882 298 101661 2
S 29108881 298 101661 2
S 29119880 298 101662 2
S 29130880 298 101660 2
S 29141879 298 101662 2
S 29152878 298 101664 2
S 29163878 298 101661 2
S 29174877 298 101661 2
S 29185876 298 101661 2
S 29196876 298 101661 2
S 29207875 298 101661 2
S 29218874 298 101664 2
S 29229874 298 101663 2
S 29240873 298 101664 2
S 29251872 298 101664 2
S 29262872 298 101662 2
S 29278871 298 101664 2
S 29289870 298 101661 2
S 29300869 298 101662 2
S 29311868 298 101661 2
S 29322868 298 101664 2
S 29333867 298 101661 2
S 29344866 298 101664 2
S 29355866 298 101666 2
S 29366865 298 101666 2
S 29377864 298 101667 2
S 29388864 298 101662 2
S 29399863 298 101664 2
S 29410862 298 101662 2
S 29421862 298 101665 2
S 29432861 298 101662 2
S 29443860 298 101664 2
S 29454860 298 101663 2
S 29465859 298 101667 2
S 29476858 298 101664 2
S 29487857 298 101663 2
S 29498857 298 101661 2
S 29509856 298 101663 2
S 29520855 298 101667 2
S 29531855 298 101667 2
S 29542854 298 101660 2
S 29553853 298 101660 2
S 29564853 298 101665 2
S 29575852 298 101659 2
S 29586851 298 101661 2
S 29597851 298 101664 2
S 29608850 298 101667 2
S 29619849 298 101658 2
S 29630849 298 101661 2
S 29641848 298 101659 2
S 29652847 298 101656 2
S 29663846 298 101664 2
S 29674846 298 101664 2
S 29685845 298 101664 2
S 29696844 298 101664 2
S 29707844 298 101661 2
S 29718843 298 101666 2
S 29729842 298 101664 2
S 29740842 298 101662 2
S 29751841 298 101658 2
S 29762840 298 101664 2
S 29773840 298 101661 2
S 29784839 298 101661 2
S 29795838 298 101663 2
S 29806838 298 101658 2
S 29817837 298 101665 2
S 29828836 298 101660 2
S 29839835 298 101661 2
S 29850835 298 101658 2
S 29861834 298 101658 2
S 29872833 298 101663 2
S 29883833 298 101661 2
S 29894832 298 101655 2
S 29905831 298 101658 2
S 29916831 298 101658 2
S 29927830 298 101657 2
S 29938829 298 101661 2
S 29949829 298 101664 2
S 29960828 298 101662 2
S 29971827 298 101662 2
S 29982827 298 101664 2
S 29993826 298 101667 2
S 30004825 298 101660 2
S 30015824 298 101664 2
S 30026824 298 101663 2
S 30037823 298 101665 2
S 30048822 298 101667 2
S 30059822 298 101662 2
S 30070821 298 101662 2
S 30081820 298 101663 2
S 30092820 298 101663 2
S 30103819 298 101670 2
S 30114818 298 101664 2
S 30125818 298 101660 2
S 30136817 298 101663 2
S 30147816 298 101666 2
S 30158816 298 101661 2
S 30169815 298 101658 2
S 30180814 298 101658 2
S 30191813 298 101659 2
S 30202813 298 101662 2
S 30213812 298 101661 2
S 30224811 298 101665 2
S 30235811 298 101660 2
S 30246810 298 101665 2
S 30257809 298 101661 2
S 30268809 298 101665 2
S 30284808 298 101664 2
S 30295807 298 101660 2
S 30306806 298 101662 2
S 30317806 298 101662 2
S 30328805 298 101660 2
S 30339804 298 101659 2
S 30350804 298 101661 2
S 30361803 298 101662 2
S 30372802 298 101658 2
S 30383801 298 101658 2
S 30394801 298 101661 2
S 30405800 298 101659 2
S 30416799 298 101662 2
S 30427799 298 101659 2
S 30438798 298 101661 2
S 30449797 298 101659 2
S 30460797 298 101658 2
S 30471796 298 101653 2
S 30482795 298 101661 2
S 30493795 298 101658 2
S 30504794 298 101656 2
S 30515793 298 101659 2
S 30526793 298 101656 2
S 30537792 298 101658 2
S 30548791 298 101658 2
S 30559790 298 101658 2
S 30570790 298 101654 2
S 30581789 298 101662 2
S 30592788 298 101669 2
S 30603788 298 101661 2
S 30614787 298 101661 2
S 30625786 298 101662 2
S 30636786 298 101661 2
S 30647785 298 101660 2
S 30658784 298 101658 2
S 30669784 298 101655 2
S 30680783 298 101655 2
S 30691782 298 101658 2
S 30702782 298 101654 2
S 30713781 298 101662 2
S 30724780 298 101657 2
S 30735779 298 101657 2
S 30746779 298 101658 2
S 30757778 298 101658 2
S 30768777 298 101661 2
S 30779777 298 101661 2
S 30790776 298 101661 2
S 30801775 298 101663 2
S 30812775 298 101663 2
S 30823774 298 101666 2
S 30834773 298 101661 2
S 30845773 298 101658 2
S 30856772 298 101658 2
S 30867771 298 101661 2
S 30878771 298 101658 2
S 30889770 298 101658 2
S 30900769 298 101655 2
S 30911768 298 101655 2
S 30922768 298 101656 2
S 30933767 298 101658 2
S 30944766 298 101658 2
S 30955766 298 101652 2
S 30966765 298 101649 2
S 30977764 298 101653 2
S 30988764 298 101658 2
S 30999763 298 101658 2
S 31010762 298 101658 2
S 31021762 298 101654 2
S 31032761 298 101654 2
S 31043760 298 101655 2
S 31054760 298 101649 2
S 31065759 298 101652 2
S 31076758 298 101652 2
S 31087757 298 101655 2
S 31098757 298 101656 2
S 31109756 298 101654 2
S 31120755 298 101655 2
S 31131755 298 101654 2
S 31142754 298 101655 2
S 31153753 298 101650 2
S 31164753 298 101655 2
S 31175752 298 101655 2
S 31186751 298 101655 2
S 31197751 298 101655 2
S 31208750 298 101661 2
S 31219749 298 101657 2
S 31230749 298 101655 2
S 31241748 298 101655 2
S 31252747 298 101653 2
S 31263746 298 101660 2
S 31274746 298 101655 2
S 31290745 298 101661 2
S 31301744 298 101664 2
S 31312743 298 101665 2
S 31323743 298 101662 2
S 31334742 298 101670 2
S 31345741 298 101673 2
S 31356741 298 101673 2
S 31367740 298 101667 2
S 31378739 298 101672 2
S 31389739 298 101670 2
S 31400738 298 101670 2
S 31411737 298 101670 2
S 31422737 298 101670 2
S 31433736 298 101665 2
S 31444735 298 101664 2
S 31455734 298 101665 2
S 31466734 298 101664 2
S 31477733 298 101661 2
S 31488732 298 101658 2
S 31499732 298 101663 2
S 31510731 298 101664 2
S 31521730 298 101661 2
S 31532730 298 101661 2
S 31543729 298 101664 2
S 31554728 298 101664 2
S 31565728 298 101662 2
S 31576727 298 101660 2
S 31587726 298 101659 2
S 31598726 298 101662 2
S 31609725 298 101662 2
S 31620724 298 101664 2
S 31631723 298 101664 2
S 31642723 298 101656 2
S 31653722 298 101661 2
S 31664721 298 101668 2
S 31675721 298 101664 2
S 31686720 298 101664 2
S 31697719 298 101661 2
S 31708719 298 101667 2
S 31719718 298 101669 2
S 31730717 298 101661 2
S 31741717 298 101660 2
S 31752716 298 101670 2
S 31763715 298 101660 2
S 31774715 298 101665 2
S 31785714 298 101661 2
S 31796713 298 101659 2
S 31807712 298 101661 2
S 31818712 298 101664 2
S 31829711 298 101665 2
S 31840710 298 101667 2
S 31851710 298 101659 2
S 31862709 298 101660 2
S 31873708 298 101667 2
S 31884708 298 101661 2
S 31895707 298 101670 2
S 31906706 298 101667 2
S 31917706 298 101665 2
S 31928705 298 101668 2
S 31939704 298 101666 2
S 31950704 298 101667 2
S 31961703 298 101667 2
S 31972702 298 101666 2
S 31983701 298 101667 2
S 31994701 298 101665 2
S 32005700 298 101668 2
S 32016699 298 101659 2
S 32027699 298 101666 2
S 32038698 298 101668 2
S 32049697 298 101663 2
S 32060697 298 101655 2
S 32071696 298 101661 2
S 32082695 298 101667 2
S 32093695 298 101661 2
S 32104694 298 101664 2
S 32115693 298 101665 2
S 32126693 298 101664 2
S 32137692 298 101665 2
S 32148691 298 101667 2
S 32159690 298 101664 2
S 32170690 298 101663 2
S 32181689 298 101661 2
S 32192688 298 101669 2
S 32203688 298 101668 2
S 32214687 298 101665 2
S 32225686 298 101667 2
S 32236686 298 101668 2
S 32247685 298 101663 2
S 32258684 298 101660 2
S 32269684 298 101667 2
S 32280683 298 101668 2
S 32296682 298 101659 2
S 32307681 298 101659 2
S 32318681 298 101657 2
S 32329680 298 101651 2
S 32340679 298 101653 2
S 32351678 298 101662 2
S 32362678 298 101659 2
S 32373677 298 101660 2
S 32384676 298 101655 2
S 32395676 298 101658 2
S 32406675 298 101655 2
S 32417674 298 101655 2
S 32428674 298 101657 2
S 32439673 298 101659 2
S 32450672 298 101658 2
S 32461672 298 101658 2
S 32472671 298 101661 2
S 32483670 298 101651 2
S 32494670 298 101659 2
S 32505669 298 101655 2
S 32516668 298 101658 2
S 32527667 298 101656 2
S 32538667 298 101658 2
S 32549666 298 101657 2
S 32560665 298 101660 2
S 32571665 298 101661 2
S 32582664 298 101655 2
S 32593663 298 101658 2
S 32604663 298 101662 2
S 32615662 298 101659 2
S 32626661 298 101658 2
S 32637661 298 101658 2
S 32648660 298 101658 2
S 32659659 298 101665 2
S 32670659 298 101660 2
S 32681658 298 101660 2
S 32692657 298 101661 2
S 32703656 298 101663 2
S 32714656 298 101664 2
S 32725655 298 101660 2
S 32736654 298 101656 2
S 32747654 298 101659 2
S 32758653 298 101663 2
S 32769652 298 101662 2
S 32780652 298 101662 2
S 32791651 298 101661 2
S 32802650 298 101661 2
S 32813650 298 101663 2
S 32824649 298 101659 2
S 32835648 298 101662 2
S 32846648 298 101663 2
S 32857647 298 101662 2
S 32868646 298 101658 2
S 32879645 298 101661 2
S 32890645 298 101667 2
S 32901644 298 101663 2
S 32912643 298 101664 2
S 32923643 298 101661 2
S 32934642 298 101667 2
S 32945641 298 101662 2
S 32956641 298 101663 2
S 32967640 298 101660 2
S 32978639 298 101661 2
S 32989639 298 101661 2
S 33000639 298 101661 2
S 33011637 298 101661 2
S 33022637 298 101664 2
S 33033636 298 101659 2
S 33044635 298 101664 2
S 33055634 298 101664 2
S 33066634 298 101663 2
S 33077633 298 101666 2
S 33088632 298 101663 2
S 33099632 298 101664 2
S 33110631 298 101661 2
S 33121630 298 101667 2
S 33132630 298 101666 2
S 33143629 298 101666 2
S 33154628 298 101670 2
S 33165628 298 101669 2
S 33176627 298 101669 2
S 33187626 298 101667 2
S 33198626 298 101669 2
S 33209625 298 101670 2
S 33220624 298 101665 2
S 33231623 298 101664 2
S 33242623 298 101663 2
S 33253622 298 101666 2
S 33264621 298 101665 2
S 33275621 298 101670 2
S 33286620 298 101666 2
S 33302619 298 101671 2
S 33313618 298 101671 2
S 33324618 298 101664 2
S 33335617 298 101666 2
S 33346616 298 101666 2
S 33357616 298 101668 2
S 33368615 298 101670 2
S 33379614 298 101672 2
S 33390614 298 101667 2
S 33401613 298 101669 2
S 33412612 298 101669 2
S 33423611 298 101670 2
S 33434611 298 101665 2
S 33445610 298 101670 2
S 33456609 298 101668 2
S 33467609 298 101664 2
S 33478608 298 101666 2
S 33489607 298 101659 2
S 33500607 298 101665 2
S 33511606 298 101662 2
S 33522605 298 101661 2
S 33533605 298 101661 2
S 33544604 298 101660 2
S 33555603 298 101661 2
S 33566603 298 101662 2
S 33577602 298 101661 2
S 33588601 298 101661 2
S 33599600 298 101658 2
S 33610600 298 101659 2
S 33621599 298 101660 2
S 33632598 298 101663 2
S 33643598 298 101662 2
S 33654597 298 101661 2
S 33665596 298 101661 2
S 33676596 298 101662 2
S 33687595 298 101661 2
S 33698594 298 101664 2
S 33709594 298 101661 2
S 33720593 298 101662 2
S 33731592 298 101663 2
S 33742592 298 101661 2
S 33753591 298 101661 2
S 33764590 298 101665 2
S 33775589 298 101665 2
S 33786589 298 101663 2
S 33797588 298 101662 2
S 33808587 298 101664 2
S 33819587 298 101662 2
S 33830586 298 101664 2
S 33841585 298 101664 2
S 33852585 298 101664 2
S 33863584 298 101665 2
S 33874583 298 101662 2
S 33885583 298 101667 2
S 33896582 298 101664 2
S 33907581 298 101662 2
S 33918581 298 101662 2
S 33929580 298 101666 2
S 33940579 298 101662 2
S 33951578 298 101668 2
S 33962578 298 101670 2
S 33973577 298 101668 2
S 33984576 298 101667 2
S 33995576 298 101668 2
S 34006575 298 101665 2
S 34017574 298 101667 2
S 34028574 298 101663 2
S 34039573 298 101664 2
S 34050572 298 101664 2
S 34061572 298 101664 2
S 34072571 298 101665 2
S 34083570 298 101664 2
S 34094570 298 101665 2
S 34105569 298 101665 2
S 34116568 298 101670 2
S 34127567 298 101664 2
S 34138567 298 101667 2
S 34149566 298 101669 2
S 34160565 298 101661 2
S 34171565 298 101667 2
S 34182564 298 101663 2
S 34193563 298 101668 2
S 34204563 298 101670 2
S 34215562 298 101668 2
S 34226561 298 101662 2
S 34237561 298 101661 2
S 34248560 298 101658 2
S 34259559 298 101660 2
S 34270559 298 101658 2
S 34281558 298 101663 2
S 34292557 298 101659 2
S 34308556 298 101662 2
S 34319555 298 101664 2
S 34330555 298 101664 2
S 34341554 298 101665 2
S 34352553 298 101661 2
S 34363553 298 101661 2
S 34374552 298 101661 2
S 34385551 298 101662 2
S 34396551 298 101664 2
S 34407550 298 101668 2
S 34418549 298 101665 2
S 34429549 298 101662 2
S 34440548 298 101658 2
S 34451547 298 101660 2
S 34462547 298 101664 2
S 34473546 298 101663 2
S 34484545 298 101659 2
S 34495544 298 101660 2
S 34506544 298 101662 2
S 34517543 298 101664 2
S 34528542 298 101655 2
S 34539542 298 101664 2
S 34550541 298 101657 2
S 34561540 298 101662 2
S 34572540 298 101665 2
S 34583539 298 101661 2
S 34594538 298 101660 2
S 34605538 298 101663 2
S 34616537 298 101661 2
S 34627536 298 101661 2
S 34638536 298 101664 2
S 34649535 298 101666 2
S 34660534 298 101667 2
S 34671533 298 101665 2
S 34682533 298 101663 2
S 34693532 298 101664 2
S 34704531 298 101662 2
S 34715531 298 101665 2
S 34726530 298 101658 2
S 34737529 298 101662 2
S 34748529 298 101664 2
S 34759528 298 101661 2
S 34770527 298 101665 2
S 34781527 298 101661 2
S 34792526 298 101663 2
S 34803525 298 101665 2
S 34814525 298 101661 2
S 34825524 298 101663 2
S 34836523 298 101661 2
S 34847522 298 101663 2
S 34858522 298 101655 2
S 34869521 298 101661 2
S 34880520 298 101653 2
S 34891520 298 101661 2
S 34902519 298 101659 2
S 34913518 298 101654 2
S 34924518 298 101656 2
S 34935517 298 101658 2
S 34946516 298 101658 2
S 34957516 298 101658 2
S 34968515 298 101652 2
S 34979514 298 101660 2
S 34990514 298 101663 2
S 35001514 298 101661 2
S 35012512 298 101664 2
S 35023511 298 101664 2
S 35034511 298 101664 2
S 35045510 298 101663 2
S 35056509 298 101664 2
S 35067509 298 101661 2
S 35078508 298 101665 2
S 35089507 298 101664 2
S 35100507 298 101664 2
S 35111506 298 101664 2
S 35122505 298 101664 2
S 35133505 298 101662 2
S 35144504 298 101660 2
S 35155503 298 101663 2
S 35166503 298 101661 2
S 35177502 298 101662 2
S 35188501 298 101659 2
S 35199500 298 101661 2
S 35210500 298 101664 2
S 35221499 298 101664 2
S 35232498 298 101664 2
S 35243498 298 101658 2
S 35254497 298 101663 2
S 35265496 298 101658 2
S 35276496 298 101657 2
S 35287495 298 101658 2
S 35298494 298 101658 2
S 35314493 298 101667 2
S 35325493 298 101666 2
S 35336492 298 101664 2
S 35347491 298 101665 2
S 35358491 298 101659 2
S 35369490 298 101667 2
S 35380489 298 101661 2
S 35391488 298 101664 2
S 35402488 298 101664 2
S 35413487 298 101663 2
S 35424486 298 101663 2
S 35435486 298 101661 2
S 35446485 298 101664 2
S 35457484 298 101669 2
S 35468484 298 101664 2
S 35479483 298 101667 2
S 35490482 298 101665 2
S 35501482 298 101669 2
S 35512481 298 101670 2
S 35523480 298 101665 2
S 35534480 298 101664 2
S 35545479 298 101666 2
S 35556478 298 101664 2
S 35567477 298 101667 2
S 35578477 298 101665 2
S 35589476 298 101668 2
S 35600475 298 101665 2
S 35611475 298 101669 2
S 35622474 298 101664 2
S 35633473 298 101668 2
S 35644473 298 101670 2
S 35655472 298 101669 2
S 35666471 298 101670 2
S 35677471 298 101670 2
S 35688470 298 101665 2
S 35699469 298 101666 2
S 35710469 298 101667 2
S 35721468 298 101670 2
S 35732467 298 101670 2
S 35743466 298 101670 2
S 35754466 298 101667 2
S 35765465 298 101667 2
S 35776464 298 101665 2
S 35787464 298 101667 2
S 35798463 298 101667 2
S 35809462 298 101666 2
S 35820462 298 101668 2
S 35831461 298 101664 2
S 35842460 298 101669 2
S 35853460 298 101670 2
S 35864459 298 101662 2
S 35875458 298 101667 2
S 35886458 298 101668 2
S 35897457 298 101667 2
S 35908456 298 101668 2
S 35919455 298 101669 2
S 35930455 298 101672 2
S 35941454 298 101669 2
S 35952453 298 101670 2
S 35963453 298 101672 2
S 35974452 298 101667 2
S 35985451 298 101667 2
S 35996451 298 101668 2
S 36007450 298 101667 2
S 36018449 298 101668 2
S 36029449 298 101668 2
S 36040448 298 101668 2
S 36051447 298 101669 2
S 36062447 298 101663 2
S 36073446 298 101667 2
S 36084445 298 101667 2
S 36095444 298 101669 2
S 36106444 298 101665 2
S 36117443 298 101670 2
S 36128442 298 101668 2
S 36139442 298 101667 2
S 36150441 298 101669 2
S 36161440 298 101668 2
S 36172440 298 101667 2
S 36183439 298 101668 2
S 36194438 298 101670 2
S 36205438 298 101671 2
S 36216437 298 101664 2
S 36227436 298 101664 2
S 36238436 298 101664 2
S 36249435 298 101667 2
S 36260434 298 101670 2
S 36271433 298 101666 2
S 36282433 298 101667 2
S 36293432 298 101669 2
S 36304431 298 101669 2
S 36320430 298 101666 2
S 36331430 298 101661 2
S 36342429 298 101663 2
S 36353428 298 101659 2
S 36364428 298 101664 2
S 36375427 298 101662 2
S 36386426 298 101659 2
S 36397426 298 101661 2
S 36408425 298 101660 2
S 36419424 298 101655 2
S 36430424 298 101658 2
S 36441423 298 101661 2
S 36452422 298 101658 2
S 36463421 298 101658 2
S 36474421 298 101664 2
S 36485420 298 101662 2
S 36496419 298 101662 2
S 36507419 298 101661 2
S 36518418 298 101661 2
S 36529417 298 101661 2
S 36540417 298 101656 2
S 36551416 298 101655 2
S 36562415 298 101661 2
S 36573415 298 101653 2
S 36584414 298 101655 2
S 36595413 298 101658 2
S 36606413 298 101655 2
S 36617412 298 101653 2
S 36628411 298 101657 2
S 36639410 298 101658 2
S 36650410 298 101664 2
S 36661409 298 101658 2
S 36672408 298 101660 2
S 36683408 298 101658 2
S 36694407 298 101658 2
S 36705406 298 101658 2
S 36716406 298 101655 2
S 36727405 298 101656 2
S 36738404 298 101655 2
S 36749404 298 101655 2
S 36760403 298 101661 2
S 36771402 298 101655 2
S 36782402 298 101653 2
S 36793401 298 101654 2
S 36804400 298 101655 2
S 36815399 298 101655 2
S 36826399 298 101655 2
S 36837398 298 101656 2
S 36848397 298 101658 2
S 36859397 298 101655 2
S 36870396 298 101652 2
S 36881395 298 101659 2
S 36892395 298 101653 2
S 36903394 298 101658 2
S 36914393 298 101657 2
S 36925393 298 101657 2
S 36936392 298 101654 2
S 36947391 298 101652 2
S 36958391 298 101658 2
S 36969390 298 101658 2
S 36980389 298 101656 2
S 36991388 298 101653 2
S 37002388 298 101658 2
S 37013387 298 101661 2
S 37024386 298 101657 2
S 37035386 298 101656 2
S 37046385 298 101662 2
S 37057384 298 101659 2
S 37068384 298 101655 2
S 37079383 298 101657 2
S 37090382 298 101655 2
S 37101382 298 101654 2
S 37112381 298 101649 2
S 37123380 298 101657 2
S 37134380 298 101658 2
S 37145379 298 101653 2
S 37156378 298 101657 2
S 37167377 298 101660 2
S 37178377 298 101660 2
S 37189376 298 101658 2
S 37200375 298 101657 2
S 37211375 298 101658 2
S 37222374 298 101659 2
S 37233373 298 101659 2
S 37244373 298 101653 2
S 37255372 298 101658 2
S 37266371 298 101656 2
S 37277371 298 101652 2
S 37288370 298 101658 2
S 37299369 298 101658 2
S 37310369 298 101655 2
S 37326368 298 101666 2
S 37337367 298 101665 2
S 37348366 298 101665 2
S 37359365 298 101667 2
S 37370365 298 101666 2
S 37381364 298 101665 2
S 37392363 298 101668 2
S 37403363 298 101666 2
S 37414362 298 101664 2
S 37425361 298 101667 2
S 37436361 298 101666 2
S 37447360 298 101666 2
S 37458359 298 101666 2
S 37469359 298 101667 2
S 37480358 298 101664 2
S 37491357 298 101664 2
S 37502357 298 101661 2
S 37513356 298 101662 2
S 37524355 298 101664 2
S 37535354 298 101661 2
S 37546354 298 101667 2
S 37557353 298 101666 2
S 37568352 298 101663 2
S 37579352 298 101663 2
S 37590351 298 101663 2
S 37601350 298 101659 2
S 37612350 298 101664 2
S 37623349 298 101660 2
S 37634348 298 101661 2
S 37645348 298 101666 2
S 37656347 298 101667 2
S 37667346 298 101661 2
S 37678346 298 101667 2
S 37689345 298 101667 2
S 37700344 298 101671 2
S 37711343 298 101665 2
S 37722343 298 101662 2
S 37733342 298 101663 2
S 37744341 298 101665 2
S 37755341 298 101666 2
S 37766340 298 101661 2
S 37777339 298 101662 2
S 37788339 298 101661 2
S 37799338 298 101664 2
S 37810337 298 101664 2
S 37821337 298 101661 2
S 37832336 298 101660 2
S 37843335 298 101659 2
S 37854335 298 101663 2
S 37865334 298 101662 2
S 37876333 298 101661 2
S 37887332 298 101659 2
S 37898332 298 101658 2
S 37909331 298 101659 2
S 37920330 298 101660 2
S 37931330 298 101659 2
S 37942329 298 101659 2
S 37953328 298 101660 2
S 37964328 298 101661 2
S 37975327 298 101657 2
S 37986326 298 101658 2
S 37997326 298 101657 2
S 38008325 298 101661 2
S 38019324 298 101661 2
S 38030324 298 101655 2
S 38041323 298 101658 2
S 38052322 298 101659 2
S 38063321 298 101665 2
S 38074321 298 101661 2
S 38085320 298 101658 2
S 38096319 298 101659 2
S 38107319 298 101659 2
S 38118318 298 101658 2
S 38129317 298 101655 2
S 38140317 298 101657 2
S 38151316 298 101659 2
S 38162315 298 101664 2
S 38173315 298 101664 2
S 38184314 298 101664 2
S 38195313 298 101664 2
S 38206313 298 101661 2
S 38217312 298 101662 2
S 38228311 298 101661 2
S 38239310 298 101661 2
S 38250310 298 101661 2
S 38261309 298 101660 2
S 38272308 298 101661 2
S 38283308 298 101661 2
S 38294307 298 101664 2
S 38305306 298 101659 2
S 38316306 298 101659 2
S 38332305 298 101670 2
S 38343304 298 101665 2
S 38354303 298 101668 2
S 38365303 298 101668 2
S 38376302 298 101667 2
S 38387301 298 101664 2
S 38398301 298 101665 2
S 38409300 298 101665 2
S 38420299 298 101669 2
S 38431298 298 101670 2
S 38442298 298 101670 2
S 38453297 298 101670 2
S 38464296 298 101673 2
S 38475296 298 101666 2
S 38486295 298 101668 2
S 38497294 298 101668 2
S 38508294 298 101670 2
S 38519293 298 101667 2
S 38530292 298 101668 2
S 38541292 298 101665 2
S 38552291 298 101667 2
S 38563290 298 101664 2
S 38574290 298 101664 2
S 38585289 298 101663 2
S 38596288 298 101662 2
S 38607287 298 101666 2
S 38618287 298 101668 2
S 38629286 298 101662 2
S 38640285 298 101666 2
S 38651285 298 101664 2
S 38662284 298 101666 2
S 38673283 298 101667 2
S 38684283 298 101668 2
S 38695282 298 101667 2
S 38706281 298 101666 2
S 38717281 298 101663 2
S 38728280 298 101664 2
S 38739279 298 101667 2
S 38750279 298 101663 2
S 38761278 298 101665 2
S 38772277 298 101664 2
S 38783276 298 101666 2
S 38794276 298 101666 2
S 38805275 298 101665 2
S 38816274 298 101667 2
S 38827274 298 101665 2
S 38838273 298 101665 2
S 38849272 298 101664 2
S 38860272 298 101670 2
S 38871271 298 101664 2
S 38882270 298 101665 2
S 38893270 298 101666 2
S 38904269 298 101670 2
S 38915268 298 101667 2
S 38926268 298 101665 2
S 38937267 298 101667 2
S 38948266 298 101665 2
S 38959265 298 101666 2
S 38970265 298 101661 2
S 38981264 298 101661 2
S 38992263 298 101664 2
S 39003263 298 101667 2
S 39014262 298 101670 2
S 39025261 298 101664 2
