# capture_start_utc=2026-08-30T11:16:00Z
S 7296245 285 101728 2
S 7307244 285 101726 2
S 7318243 285 101726 2
S 7329242 285 101728 2
S 7340242 285 101724 2
S 7351241 285 101725 2
S 7362240 285 101730 2
S 7373240 285 101726 2
S 7384239 285 101731 2
S 7395238 285 101729 2
S 7406238 285 101721 2
S 7417237 285 101729 2
S 7428236 285 101725 2
S 7439236 285 101725 2
S 7450235 285 101ÿ[[DEBUG]] Starting [[SENSOR TASK]]
[SELFTEST] compensate: T=150 (exp 150)  P=69964 (exp 69964)  -> PASS
#BMP180 v1 fw=1.4.0 temp_ms=1000
[[DEBUG]] BMP180 registered on /dev/bmp180-0
S 46698 285 101726 0
S 51697 285 101729 0
S 56697 285 101732 0
S 61697 285 101726 0
S 66696 285 101726 0
S 71696 285 101720 0
S 76696 285 101723 0
S 81695 285 101720 0
S 86695 285 101717 0
S 91695 285 101717 0
S 96695 285 101720 0
S 101694 285 101729 0
S 106694 285 101726 0
S 111694 285 101720 0
S 116693 285 101720 0
S 121693 285 101726 0
S 126693 285 101717 0
S 131692 285 101723 0
S 136692 285 101720 0
S 141692 285 101726 0
S 146691 285 101729 0
S 151691 285 101723 0
S 156691 285 101723 0
S 161690 285 101726 0
S 166690 285 101732 0
S 171690 285 101726 0
S 176690 285 101726 0
S 181689 285 101720 0
S 186689 285 101729 0
S 191689 285 101735 0
S 196688 285 101729 0
S 201688 285 101732 0
S 206688 285 101732 0
S 211687 285 101735 0
S 216687 285 101735 0
S 221687 285 101735 0
S 226686 285 101729 0
S 231686 285 101726 0
S 236686 285 101735 0
S 241685 285 101732 0
S 246685 285 101735 0
S 251685 285 101729 0
S 256685 285 101738 0
S 261684 285 101729 0
S 266684 285 101729 0
S 271684 285 101729 0
S 276683 285 101726 0
S 281683 285 101726 0
S 286683 285 101723 0
S 291682 285 101732 0
S 296682 285 101732 0
S 301682 285 101720 0
S 306681 285 101732 0
S 311681 285 101720 0
S 316681 285 101729 0
S 321680 285 101729 0
S 326680 285 101729 0
S 331680 285 101717 0
S 336680 285 101732 0
S 341679 285 101720 0
S 346679 285 101729 0
S 351679 285 101729 0
S 356678 285 101726 0
S 361678 285 101717 0
S 366678 285 101720 0
S 371677 285 101729 0
S 376677 285 101729 0
S 381677 285 101720 0
S 386676 285 101735 0
S 391676 285 101732 0
S 396676 285 101720 0
S 401675 285 101723 0
S 406675 285 101732 0
S 411675 285 101732 0
S 416675 285 101735 0
S 421674 285 101729 0
S 426674 285 101726 0
S 431674 285 101714 0
S 436673 285 101717 0
S 441673 285 101720 0
S 446673 285 101720 0
S 451672 285 101720 0
S 456672 285 101732 0
S 461672 285 101717 0
S 466671 285 101720 0
S 471671 285 101720 0
S 476671 285 101729 0
S 481670 285 101720 0
S 486670 285 101732 0
S 491670 285 101720 0
S 496670 285 101732 0
S 501669 285 101729 0
S 506669 285 101723 0
S 511669 285 101726 0
S 516668 285 101732 0
S 521668 285 101732 0
S 526668 285 101735 0
S 531667 285 101729 0
S 536667 285 101720 0
S 541667 285 101726 0
S 546666 285 101726 0
S 551666 285 101735 0
S 556666 285 101735 0
S 561665 285 101732 0
S 566665 285 101732 0
S 571665 285 101741 0
S 576665 285 101729 0
S 581664 285 101720 0
S 586664 285 101732 0
S 591664 285 101729 0
S 596663 285 101717 0
S 601663 285 101726 0
S 606663 285 101729 0
S 611662 285 101726 0
S 616662 285 101732 0
S 621662 285 101729 0
S 626661 285 101735 0
S 631661 285 101732 0
S 636661 285 101720 0
S 641660 285 101726 0
S 646660 285 101735 0
S 651660 285 101729 0
S 656660 285 101729 0
S 661659 285 101723 0
S 666659 285 101726 0
S 671659 285 101729 0
S 676658 285 101738 0
S 681658 285 101729 0
S 686658 285 101720 0
S 691657 285 101720 0
S 696657 285 101723 0
S 701657 285 101735 0
S 706656 285 101726 0
S 711656 285 101726 0
S 716656 285 101720 0
S 721655 285 101726 0
S 726655 285 101723 0
S 731655 285 101732 0
S 736655 285 101726 0
S 741654 285 101732 0
S 746654 285 101720 0
S 751654 285 101726 0
S 756653 285 101726 0
S 761653 285 101732 0
S 766653 285 101738 0
S 771652 285 101729 0
S 776652 285 101735 0
S 781652 285 101732 0
S 786651 285 101729 0
S 791651 285 101729 0
S 796651 285 101729 0
S 801650 285 101726 0
S 806650 285 101729 0
S 811650 285 101732 0
S 816650 285 101729 0
S 821649 285 101738 0
S 826649 285 101735 0
S 831649 285 101735 0
S 836648 285 101729 0
S 841648 285 101726 0
S 846648 285 101726 0
S 851647 285 101735 0
S 856647 285 101738 0
S 861647 285 101732 0
S 866646 285 101729 0
S 871646 285 101729 0
S 876646 285 101729 0
S 881645 285 101732 0
S 886645 285 101735 0
S 891645 285 101732 0
S 896645 285 101738 0
S 901644 285 101738 0
S 906644 285 101726 0
S 911644 285 101729 0
S 916643 285 101738 0
S 921643 285 101729 0
S 926643 285 101729 0
S 931642 285 101738 0
S 936642 285 101729 0
S 941642 285 101729 0
S 946641 285 101729 0
S 951641 285 101729 0
S 956641 285 101735 0
S 961640 285 101729 0
S 966640 285 101735 0
S 971640 285 101723 0
S 976640 285 101729 0
S 981639 285 101729 0
S 986639 285 101735 0
S 991639 285 101732 0
S 996638 285 101732 0
S 1001639 285 101735 0
S 1006638 285 101738 0
S 1011637 285 101726 0
S 1016637 285 101735 0
S 1021637 285 101738 0
S 1026643 285 101735 0
S 1036636 285 101735 0
S 1041635 285 101726 0
S 1046635 285 101726 0
S 1051635 285 101717 0
S 1056635 285 101735 0
S 1061634 285 101723 0
S 1066634 285 101729 0
S 1071634 285 101729 0
S 1076640 285 101720 0
S 1081633 285 101726 0
S 1086633 285 101720 0
S 1091632 285 101720 0
S 1096632 285 101723 0
S 1101632 285 101729 0
S 1106631 285 101723 0
S 1111638 285 101729 0
S 1116631 285 101726 0
S 1121630 285 101726 0
S 1126630 285 101723 0
S 1131630 285 101726 0
S 1136630 285 101720 0
S 1141629 285 101723 0
S 1146636 285 101723 0
S 1151629 285 101729 0
S 1156628 285 101720 0
S 1161628 285 101726 0
S 1166628 285 101717 0
S 1171627 285 101729 0
S 1176627 285 101726 0
S 1181634 285 101726 0
S 1186626 285 101717 0
S 1191626 285 101723 0
S 1196626 285 101726 0
S 1201625 285 101717 0
S 1206625 285 101726 0
S 1211625 285 101723 0
S 1216632 285 101723 0
S 1221624 285 101729 0
S 1226624 285 101726 0
S 1231624 285 101720 0
S 1236623 285 101723 0
S 1241623 285 101723 0
S 1246623 285 101723 0
S 1251622 285 101717 0
S 1256622 285 101723 0
S 1261622 285 101720 0
S 1266628 285 101723 0
S 1271621 285 101726 0
S 1276621 285 101723 0
S 1281620 285 101711 0
S 1286620 285 101723 0
S 1291620 285 101720 0
S 1296620 285 101720 0
S 1301626 285 101714 0
S 1306619 285 101723 0
S 1311619 285 101720 0
S 1316618 285 101726 0
S 1321618 285 101729 0
S 1326618 285 101729 0
S 1331617 285 101720 0
S 1336624 285 101729 0
S 1341617 285 101720 0
S 1346616 285 101726 0
S 1351616 285 101726 0
S 1356616 285 101723 0
S 1361615 285 101732 0
S 1366615 285 101726 0
S 1371622 285 101726 0
S 1376615 285 101726 0
S 1381614 285 101729 0
S 1386614 285 101726 0
S 1391614 285 101720 0
S 1396613 285 101729 0
S 1401613 285 101726 0
S 1406613 285 101726 0
S 1411612 285 101723 0
S 1416612 285 101723 0
S 1421612 285 101720 0
S 1426611 285 101723 0
S 1431611 285 101720 0
S 1436611 285 101720 0
S 1441610 285 101723 0
S 1446610 285 101723 0
S 1451610 285 101729 0
S 1456617 285 101726 0
S 1461609 285 101726 0
S 1466609 285 101720 0
S 1471609 285 101720 0
S 1476608 285 101723 0
S 1481608 285 101729 0
S 1486608 285 101711 0
S 1491614 285 101723 0
S 1496607 285 101723 0
S 1501607 285 101726 0
S 1506606 285 101717 0
S 1511606 285 101726 0
S 1516606 285 101720 0
S 1521605 285 101723 0
S 1526612 285 101720 0
S 1531605 285 101723 0
S 1536605 285 101723 0
S 1541604 285 101729 0
S 1546604 285 101720 0
S 1551604 285 101723 0
S 1556603 285 101720 0
S 1561610 285 101720 0
S 1566603 285 101720 0
S 1571602 285 101729 0
S 1576602 285 101720 0
S 1581602 285 101720 0
S 1586601 285 101720 0
S 1591601 285 101726 0
S 1596601 285 101729 0
S 1601600 285 101720 0
S 1606600 285 101720 0
S 1611600 285 101717 0
S 1616600 285 101720 0
S 1621599 285 101723 0
S 1626599 285 101729 0
S 1631599 285 101726 0
S 1636598 285 101708 0
S 1641598 285 101717 0
S 1646605 285 101726 0
S 1651597 285 101723 0
S 1656597 285 101720 0
S 1661597 285 101726 0
S 1666596 285 101726 0
S 1671596 285 101726 0
S 1676596 285 101723 0
S 1681603 285 101735 0
S 1686595 285 101726 0
S 1691595 285 101726 0
S 1696595 285 101735 0
S 1701594 285 101726 0
S 1706594 285 101723 0
S 1711594 285 101729 0
S 1716600 285 101723 0
S 1721593 285 101729 0
S 1726593 285 101720 0
S 1731592 285 101723 0
S 1736592 285 101720 0
S 1741592 285 101717 0
S 1746591 285 101726 0
S 1751591 285 101723 0
S 1756591 285 101723 0
S 1761590 285 101723 0
S 1766590 285 101729 0
S 1771590 285 101726 0
S 1776590 285 101729 0
S 1781589 285 101723 0
S 1786589 285 101726 0
S 1791589 285 101717 0
S 1796588 285 101726 0
S 1801595 285 101726 0
S 1806588 285 101720 0
S 1811587 285 101729 0
S 1816587 285 101723 0
S 1821587 285 101723 0
S 1826586 285 101720 0
S 1831586 285 101717 0
S 1836593 285 101723 0
S 1841585 285 101717 0
S 1846585 285 101723 0
S 1851585 285 101723 0
S 1856585 285 101726 0
S 1861584 285 101720 0
S 1866584 285 101720 0
S 1871584 285 101729 0
S 1876583 285 101723 0
S 1881583 285 101723 0
S 1886583 285 101729 0
S 1891582 285 101726 0
S 1896582 285 101729 0
S 1901582 285 101726 0
S 1906581 285 101720 0
S 1911581 285 101720 0
S 1916581 285 101726 0
S 1921580 285 101726 0
S 1926580 285 101729 0
S 1931580 285 101720 0
S 1936580 285 101726 0
S 1941579 285 101726 0
S 1946579 285 101723 0
S 1951579 285 101726 0
S 1956578 285 101723 0
S 1961578 285 101726 0
S 1966578 285 101717 0
S 1971577 285 101723 0
S 1976577 285 101726 0
S 1981577 285 101729 0
S 1986576 285 101726 0
S 1991583 285 101720 0
S 1996576 285 101723 0
S 2001576 285 101723 0
S 2006575 285 101729 0
S 2011575 285 101726 0
S 2016575 285 101729 0
S 2021574 285 101720 0
S 2026581 285 101723 0
S 2031574 285 101729 0
S 2041573 285 101717 0
S 2046573 285 101729 0
S 2051572 285 101726 0
S 2056572 285 101726 0
S 2061572 285 101726 0
S 2066571 285 101726 0
S 2071571 285 101723 0
S 2076571 285 101720 0
S 2081570 285 101726 0
S 2086570 285 101729 0
S 2091570 285 101726 0
S 2096570 285 101720 0
S 2101569 285 101723 0
S 2106569 285 101720 0
S 2111569 285 101723 0
S 2116568 285 101717 0
S 2121568 285 101729 0
S 2126568 285 101726 0
S 2131567 285 101720 0
S 2136567 285 101717 0
S 2141567 285 101729 0
S 2146566 285 101723 0
S 2151566 285 101720 0
S 2156566 285 101723 0
S 2161565 285 101720 0
S 2166565 285 101717 0
S 2171565 285 101729 0
S 2176565 285 101720 0
S 2181571 285 101720 0
S 2186564 285 101729 0
S 2191564 285 101720 0
S 2196563 285 101720 0
S 2201563 285 101717 0
S 2206563 285 101729 0
S 2211562 285 101711 0
S 2216562 285 101720 0
S 2221562 285 101723 0
S 2226561 285 101717 0
S 2231561 285 101723 0
S 2236561 285 101729 0
S 2241560 285 101720 0
S 2246560 285 101726 0
S 2251560 285 101720 0
S 2256560 285 101720 0
S 2261559 285 101720 0
S 2266559 285 101720 0
S 2271559 285 101723 0
S 2276558 285 101726 0
S 2281558 285 101720 0
S 2286558 285 101720 0
S 2291557 285 101723 0
S 2296557 285 101726 0
S 2301557 285 101717 0
S 2306556 285 101714 0
S 2311556 285 101717 0
S 2316556 285 101726 0
S 2321555 285 101726 0
S 2326555 285 101717 0
S 2331555 285 101717 0
S 2336562 285 101723 0
S 2341554 285 101720 0
S 2346554 285 101717 0
S 2351554 285 101717 0
S 2356553 285 101723 0
S 2361553 285 101723 0
S 2366553 285 101726 0
S 2371559 285 101723 0
S 2376552 285 101720 0
S 2381552 285 101723 0
S 2386551 285 101729 0
S 2391551 285 101726 0
S 2396551 285 101720 0
S 2401550 285 101720 0
S 2406550 285 101717 0
S 2411550 285 101720 0
S 2416550 285 101723 0
S 2421549 285 101720 0
S 2426549 285 101711 0
S 2431549 285 101723 0
S 2436548 285 101723 0
S 2441548 285 101723 0
S 2446548 285 101711 0
S 2451547 285 101717 0
S 2456547 285 101723 0
S 2461547 285 101729 0
S 2466546 285 101711 0
S 2471546 285 101723 0
S 2476546 285 101729 0
S 2481545 285 101723 0
S 2486545 285 101723 0
S 2491545 285 101720 0
S 2496545 285 101720 0
S 2501544 285 101723 0
S 2506544 285 101720 0
S 2511544 285 101717 0
S 2516543 285 101729 0
S 2521543 285 101723 0
S 2526550 285 101726 0
S 2531542 285 101726 0
S 2536542 285 101729 0
S 2541542 285 101723 0
S 2546541 285 101720 0
S 2551541 285 101723 0
S 2579539 285 101728 1
S 2586539 285 101729 1
S 2593538 285 101726 1
S 2600538 285 101726 1
S 2607538 285 101728 1
S 2614537 285 101720 1
S 2621537 285 101723 1
S 2628536 285 101726 1
S 2635536 285 101717 1
S 2642535 285 101722 1
S 2649535 285 101726 1
S 2656535 285 101723 1
S 2663534 285 101717 1
S 2670534 285 101719 1
S 2677533 285 101716 1
S 2684533 285 101722 1
S 2691532 285 101723 1
S 2698532 285 101719 1
S 2705531 285 101716 1
S 2712531 285 101716 1
S 2719531 285 101713 1
S 2726530 285 101714 1
S 2733530 285 101716 1
S 2740529 285 101720 1
S 2747529 285 101717 1
S 2754528 285 101722 1
S 2761528 285 101716 1
S 2768528 285 101720 1
S 2775527 285 101713 1
S 2782527 285 101717 1
S 2789526 285 101717 1
S 2796526 285 101713 1
S 2803525 285 101713 1
S 2810525 285 101713 1
S 2817524 285 101717 1
S 2824524 285 101723 1
S 2831524 285 101719 1
S 2838523 285 101719 1
S 2845523 285 101720 1
S 2852522 285 101713 1
S 2859522 285 101722 1
S 2866521 285 101714 1
S 2873521 285 101717 1
S 2880521 285 101719 1
S 2887520 285 101720 1
S 2894520 285 101713 1
S 2901519 285 101719 1
S 2908519 285 101719 1
S 2915518 285 101720 1
S 2922518 285 101713 1
S 2929517 285 101716 1
S 2936517 285 101716 1
S 2943517 285 101716 1
S 2950516 285 101726 1
S 2957516 285 101720 1
S 2964515 285 101716 1
S 2971515 285 101714 1
S 2978514 285 101716 1
S 2985514 285 101722 1
S 2992514 285 101716 1
S 2999513 285 101720 1
S 3006513 285 101717 1
S 3013512 285 101714 1
S 3020512 285 101720 1
S 3027511 285 101720 1
S 3034511 285 101720 1
S 3041510 285 101716 1
S 3053510 285 101726 1
S 3060509 285 101728 1
S 3067509 285 101720 1
S 3074508 285 101722 1
S 3081508 285 101725 1
S 3088508 285 101731 1
S 3095507 285 101732 1
S 3102507 285 101731 1
S 3109506 285 101731 1
S 3116506 285 101729 1
S 3123505 285 101731 1
S 3130505 285 101723 1
S 3137504 285 101732 1
S 3144504 285 101728 1
S 3151504 285 101726 1
S 3158503 285 101731 1
S 3165503 285 101726 1
S 3172502 285 101728 1
S 3179502 285 101725 1
S 3186501 285 101731 1
S 3193501 285 101725 1
S 3200501 285 101722 1
S 3207500 285 101720 1
S 3214500 285 101728 1
S 3221499 285 101725 1
S 3228499 285 101728 1
S 3235498 285 101723 1
S 3242498 285 101729 1
S 3249497 285 101725 1
S 3256497 285 101722 1
S 3263497 285 101729 1
S 3270496 285 101723 1
S 3277496 285 101723 1
S 3284495 285 101725 1
S 3291495 285 101723 1
S 3298494 285 101726 1
S 3305494 285 101725 1
S 3312494 285 101723 1
S 3319493 285 101726 1
S 3326493 285 101719 1
S 3333492 285 101725 1
S 3340492 285 101719 1
S 3347491 285 101720 1
S 3354491 285 101716 1
S 3361490 285 101726 1
S 3368490 285 101723 1
S 3375490 285 101728 1
S 3382489 285 101719 1
S 3389489 285 101720 1
S 3396488 285 101720 1
S 3403488 285 101716 1
S 3410487 285 101728 1
S 3417487 285 101725 1
S 3424487 285 101722 1
S 3431486 285 101723 1
S 3438486 285 101723 1
S 3445485 285 101722 1
S 3452485 285 101725 1
S 3459484 285 101720 1
S 3466484 285 101723 1
S 3473483 285 101723 1
S 3480483 285 101731 1
S 3487483 285 101729 1
S 3494482 285 101722 1
S 3501482 285 101723 1
S 3508481 285 101731 1
S 3515481 285 101731 1
S 3522480 285 101722 1
S 3529480 285 101719 1
S 3536480 285 101731 1
S 3543479 285 101725 1
S 3550479 285 101725 1
S 3557478 285 101726 1
S 3564478 285 101716 1
S 3571477 285 101720 1
S 3578477 285 101723 1
S 3585476 285 101723 1
S 3592476 285 101729 1
S 3599476 285 101723 1
S 3606475 285 101722 1
S 3613475 285 101719 1
S 3620474 285 101725 1
S 3627474 285 101731 1
S 3634473 285 101723 1
S 3641473 285 101726 1
S 3648473 285 101728 1
S 3655472 285 101723 1
S 3662472 285 101731 1
S 3669471 285 101723 1
S 3676471 285 101729 1
S 3683470 285 101729 1
S 3690470 285 101720 1
S 3697469 285 101726 1
S 3704469 285 101719 1
S 3711469 285 101722 1
S 3718468 285 101720 1
S 3725468 285 101719 1
S 3732467 285 101729 1
S 3739467 285 101722 1
S 3746466 285 101725 1
S 3753466 285 101723 1
S 3760466 285 101726 1
S 3767465 285 101719 1
S 3774465 285 101729 1
S 3781464 285 101729 1
S 3788464 285 101725 1
S 3795463 285 101725 1
S 3802463 285 101726 1
S 3809462 285 101720 1
S 3816462 285 101725 1
S 3823462 285 101732 1
S 3830461 285 101731 1
S 3837461 285 101726 1
S 3844460 285 101723 1
S 3851460 285 101732 1
S 3858459 285 101732 1
S 3865459 285 101726 1
S 3872459 285 101726 1
S 3879458 285 101723 1
S 3886458 285 101726 1
S 3893457 285 101732 1
S 3900457 285 101726 1
S 3907456 285 101732 1
S 3914456 285 101734 1
S 3921455 285 101734 1
S 3928455 285 101732 1
S 3935455 285 101731 1
S 3942454 285 101734 1
S 3949454 285 101731 1
S 3956453 285 101723 1
S 3963453 285 101725 1
S 3970452 285 101732 1
S 3977452 285 101726 1
S 3984452 285 101728 1
S 3991451 285 101734 1
S 3998451 285 101720 1
S 4005450 285 101726 1
S 4012450 285 101726 1
S 4019449 285 101728 1
S 4026449 285 101726 1
S 4033448 285 101726 1
S 4040448 285 101723 1
S 4047448 285 101728 1
S 4059447 285 101726 1
S 4066446 285 101728 1
S 4073446 285 101723 1
S 4080446 285 101725 1
S 4087445 285 101726 1
S 4094445 285 101728 1
S 4101444 285 101722 1
S 4108444 285 101731 1
S 4115443 285 101729 1
S 4122443 285 101723 1
S 4129442 285 101714 1
S 4136442 285 101717 1
S 4143442 285 101717 1
S 4150441 285 101714 1
