# capture_start_utc=2026-08-31T12:26:36Z
S 8434173 306 100303 2
S 8445173 306 100306 2
S 8456172 306 100310 2
S 8467171 306 100310 2
S 8478171 306 100309 2
S 8489170 306 100308 2
S 8500169 306 100308 2
S 8511169 306 100308 2
S 8522168 306 100306 2
S 8533167 306 100309 2
S 8544167 306 100307 2
S 8555166 306 100307 2
S 8566165 306 100307 2
S 8577165 3°[[DEBUG]] Starting [[SENSOR TASK]]
[SELFTEST] compensate: T=150 (exp 150)  P=69964 (exp 69964)  -> PASS
#BMP180 v1 fw=1.6.0 temp_ms=1000
[[DEBUG]] BMP180 registered on /dev/bmp180-0
S 46698 306 100311 0
S 51697 306 100314 0
S 56697 306 100317 0
S 61697 306 100311 0
S 66696 306 100317 0
S 71696 306 100311 0
S 76696 306 100305 0
S 81696 306 100314 0
S 86695 306 100317 0
S 91695 306 100314 0
S 96695 306 100314 0
S 101694 306 100320 0
S 106694 306 100320 0
S 111694 306 100323 0
S 116693 306 100317 0
S 121693 306 100323 0
S 126693 306 100317 0
S 131692 306 100320 0
S 136692 306 100311 0
S 141692 306 100314 0
S 146691 306 100320 0
S 151691 306 100320 0
S 156691 306 100314 0
S 161691 306 100317 0
S 166690 306 100323 0
S 171690 306 100323 0
S 176690 306 100317 0
S 181689 306 100323 0
S 186689 306 100317 0
S 191689 306 100320 0
S 196688 306 100317 0
S 201688 306 100317 0
S 206688 306 100320 0
S 211687 306 100320 0
S 216687 306 100320 0
S 221687 306 100317 0
S 226686 306 100320 0
S 231686 306 100314 0
S 236686 306 100311 0
S 241686 306 100323 0
S 246685 306 100317 0
S 251685 306 100317 0
S 256685 306 100317 0
S 261684 306 100314 0
S 266684 306 100323 0
S 271684 306 100320 0
S 276683 306 100311 0
S 281683 306 100314 0
S 286683 306 100317 0
S 291682 306 100314 0
S 296682 306 100311 0
S 301682 306 100326 0
S 306681 306 100323 0
S 311681 306 100332 0
S 316681 306 100320 0
S 321681 306 100314 0
S 326680 306 100320 0
S 331680 306 100332 0
S 336680 306 100311 0
S 341679 306 100323 0
S 346679 306 100317 0
S 351679 306 100323 0
S 356678 306 100323 0
S 361678 306 100326 0
S 366678 306 100323 0
S 371677 306 100317 0
S 376677 306 100317 0
S 381677 306 100320 0
S 386676 306 100323 0
S 391676 306 100326 0
S 396676 306 100320 0
S 401676 306 100314 0
S 406675 306 100320 0
S 411675 306 100320 0
S 416675 306 100311 0
S 421674 306 100323 0
S 426674 306 100320 0
S 431674 306 100326 0
S 436673 306 100320 0
S 441673 306 100314 0
S 446673 306 100320 0
S 451672 306 100323 0
S 456672 306 100320 0
S 461672 306 100311 0
S 466671 306 100314 0
S 471671 306 100317 0
S 476671 306 100308 0
S 481671 306 100311 0
S 486670 306 100323 0
S 491670 306 100314 0
S 496670 306 100317 0
S 501669 306 100317 0
S 506669 306 100317 0
S 511669 306 100317 0
S 516668 306 100320 0
S 521668 306 100311 0
S 526668 306 100314 0
S 531667 306 100320 0
S 536667 306 100326 0
S 541667 306 100317 0
S 546666 306 100317 0
S 551666 306 100320 0
S 556666 306 100317 0
S 561666 306 100317 0
S 566665 306 100311 0
S 571665 306 100326 0
S 576665 306 100317 0
S 581664 306 100323 0
S 586664 306 100317 0
S 591664 306 100314 0
S 596663 306 100317 0
S 601663 306 100314 0
S 606663 306 100314 0
S 611662 306 100311 0
S 616662 306 100311 0
S 621662 306 100317 0
S 626661 306 100317 0
S 631661 306 100314 0
S 636661 306 100314 0
S 641661 306 100311 0
S 646660 306 100314 0
S 651660 306 100320 0
S 656660 306 100317 0
S 661659 306 100314 0
S 666659 306 100311 0
S 671659 306 100317 0
S 676658 306 100323 0
S 681658 306 100314 0
S 686658 306 100323 0
S 691657 306 100323 0
S 696657 306 100317 0
S 701657 306 100323 0
S 706656 306 100317 0
S 711656 306 100317 0
S 716656 306 100317 0
S 721656 306 100320 0
S 726655 306 100320 0
S 731655 306 100320 0
S 736655 306 100320 0
S 741654 306 100323 0
S 746654 306 100314 0
S 751654 306 100323 0
S 756653 306 100311 0
S 761653 306 100317 0
S 766653 306 100314 0
S 771652 306 100320 0
S 776652 306 100317 0
S 781652 306 100317 0
S 786651 306 100311 0
S 791651 306 100311 0
S 796651 306 100311 0
S 801651 306 100314 0
S 806650 306 100314 0
S 811650 306 100311 0
S 816650 306 100311 0
S 821649 306 100317 0
S 826649 306 100311 0
S 831649 306 100314 0
S 836648 306 100311 0
S 841648 306 100314 0
S 846648 306 100317 0
S 851647 306 100317 0
S 856647 306 100314 0
S 861647 306 100308 0
S 866646 306 100311 0
S 871646 306 100314 0
S 876646 306 100311 0
S 881646 306 100314 0
S 886645 306 100311 0
S 891645 306 100311 0
S 896645 306 100320 0
S 901644 306 100314 0
S 906644 306 100323 0
S 911644 306 100314 0
S 916643 306 100320 0
S 921643 306 100317 0
S 926643 306 100311 0
S 931642 306 100323 0
S 936642 306 100314 0
S 941642 306 100323 0
S 946641 306 100317 0
S 951641 306 100323 0
S 956641 306 100326 0
S 961641 306 100314 0
S 966640 306 100320 0
S 971640 306 100323 0
S 976640 306 100320 0
S 981639 306 100323 0
S 986639 306 100323 0
S 991639 306 100314 0
S 996638 306 100323 0
S 1001639 306 100317 0
S 1006638 306 100326 0
S 1011637 306 100320 0
S 1016637 306 100317 0
S 1021637 306 100314 0
S 1026636 306 100335 0
S 1036636 306 100311 0
S 1041636 306 100308 0
S 1046635 306 100305 0
S 1051635 306 100311 0
S 1056635 306 100314 0
S 1061634 306 100302 0
S 1066634 306 100305 0
S 1071634 306 100305 0
S 1076633 306 100311 0
S 1081633 306 100317 0
S 1086633 306 100311 0
S 1091632 306 100308 0
S 1096632 306 100311 0
S 1101632 306 100314 0
S 1106631 306 100311 0
S 1111638 306 100314 0
S 1116631 306 100308 0
S 1121631 306 100314 0
S 1126630 306 100308 0
S 1131630 306 100314 0
S 1136630 306 100311 0
S 1141629 306 100311 0
S 1146636 306 100323 0
S 1151629 306 100314 0
S 1156628 306 100311 0
S 1161628 306 100314 0
S 1166628 306 100314 0
S 1171627 306 100314 0
S 1176627 306 100314 0
S 1181627 306 100320 0
S 1186626 306 100317 0
S 1191626 306 100311 0
S 1196626 306 100320 0
S 1201626 306 100314 0
S 1206625 306 100311 0
S 1211625 306 100305 0
S 1216625 306 100320 0
S 1221624 306 100308 0
S 1226624 306 100311 0
S 1231624 306 100311 0
S 1236623 306 100308 0
S 1241623 306 100305 0
S 1246623 306 100308 0
S 1251622 306 100320 0
S 1256622 306 100302 0
S 1261622 306 100314 0
S 1266621 306 100311 0
S 1271621 306 100314 0
S 1276621 306 100311 0
S 1281621 306 100314 0
S 1286620 306 100302 0
S 1291620 306 100314 0
S 1296620 306 100308 0
S 1301619 306 100314 0
S 1306619 306 100311 0
S 1311619 306 100317 0
S 1316618 306 100314 0
S 1321618 306 100314 0
S 1326618 306 100311 0
S 1331617 306 100314 0
S 1336617 306 100308 0
S 1341617 306 100311 0
S 1346616 306 100311 0
S 1351616 306 100305 0
S 1356616 306 100317 0
S 1361616 306 100311 0
S 1366615 306 100311 0
S 1371615 306 100314 0
S 1376615 306 100317 0
S 1381614 306 100311 0
S 1386614 306 100311 0
S 1391614 306 100305 0
S 1396613 306 100308 0
S 1401613 306 100314 0
S 1406613 306 100314 0
S 1411612 306 100305 0
S 1416612 306 100314 0
S 1421612 306 100314 0
S 1426611 306 100317 0
S 1431611 306 100311 0
S 1436611 306 100314 0
S 1441611 306 100308 0
S 1446610 306 100311 0
S 1451610 306 100305 0
S 1456610 306 100314 0
S 1461609 306 100311 0
S 1466609 306 100311 0
S 1471609 306 100314 0
S 1476608 306 100314 0
S 1481608 306 100308 0
S 1486608 306 100311 0
S 1491614 306 100311 0
S 1496607 306 100311 0
S 1501607 306 100305 0
S 1506606 306 100314 0
S 1511606 306 100314 0
S 1516606 306 100311 0
S 1521606 306 100311 0
S 1526605 306 100305 0
S 1531605 306 100302 0
S 1536605 306 100314 0
S 1541604 306 100311 0
S 1546604 306 100311 0
S 1551604 306 100314 0
S 1556603 306 100317 0
S 1561603 306 100314 0
S 1566603 306 100305 0
S 1571602 306 100311 0
S 1576602 306 100317 0
S 1581602 306 100317 0
S 1586601 306 100314 0
S 1591601 306 100317 0
S 1596601 306 100311 0
S 1601601 306 100320 0
S 1606600 306 100317 0
S 1611600 306 100314 0
S 1616600 306 100320 0
S 1621599 306 100317 0
S 1626599 306 100320 0
S 1631599 306 100314 0
S 1636598 306 100314 0
S 1641598 306 100314 0
S 1646598 306 100314 0
S 1651597 306 100314 0
S 1656597 306 100308 0
S 1661597 306 100314 0
S 1666596 306 100317 0
S 1671596 306 100314 0
S 1676596 306 100311 0
S 1681603 306 100317 0
S 1686595 306 100326 0
S 1691595 306 100320 0
S 1696595 306 100320 0
S 1701594 306 100320 0
S 1706594 306 100317 0
S 1711594 306 100323 0
S 1716593 306 100320 0
S 1721593 306 100314 0
S 1726593 306 100314 0
S 1731592 306 100311 0
S 1736592 306 100311 0
S 1741592 306 100317 0
S 1746591 306 100314 0
S 1751591 306 100314 0
S 1756591 306 100317 0
S 1761591 306 100320 0
S 1766590 306 100317 0
S 1771590 306 100314 0
S 1776590 306 100314 0
S 1781589 306 100311 0
S 1786589 306 100311 0
S 1791589 306 100317 0
S 1796588 306 100317 0
S 1801588 306 100317 0
S 1806588 306 100317 0
S 1811587 306 100314 0
S 1816587 306 100317 0
S 1821587 306 100320 0
S 1826586 306 100305 0
S 1831586 306 100314 0
S 1836586 306 100314 0
S 1841586 306 100317 0
S 1846585 306 100314 0
S 1851585 306 100311 0
S 1856585 306 100317 0
S 1861584 306 100314 0
S 1866584 306 100317 0
S 1871591 306 100305 0
S 1876583 306 100314 0
S 1881583 306 100317 0
S 1886583 306 100308 0
S 1891582 306 100311 0
S 1896582 306 100311 0
S 1901582 306 100305 0
S 1906581 306 100314 0
S 1911581 306 100314 0
S 1916581 306 100311 0
S 1921581 306 100314 0
S 1926580 306 100308 0
S 1931580 306 100326 0
S 1936580 306 100305 0
S 1941579 306 100314 0
S 1946579 306 100314 0
S 1951579 306 100320 0
S 1956578 306 100326 0
S 1961578 306 100314 0
S 1966578 306 100314 0
S 1971577 306 100317 0
S 1976577 306 100317 0
S 1981577 306 100320 0
S 1986576 306 100320 0
S 1991583 306 100317 0
S 1996576 306 100311 0
S 2001576 306 100317 0
S 2006575 306 100314 0
S 2011575 306 100317 0
S 2016575 306 100320 0
S 2021574 306 100305 0
S 2026581 306 100320 0
S 2031574 306 100317 0
S 2041573 306 100317 0
S 2046573 306 100320 0
S 2051572 306 100320 0
S 2056572 306 100323 0
S 2061579 306 100317 0
S 2066571 306 100323 0
S 2071571 306 100332 0
S 2076571 306 100323 0
S 2081571 306 100323 0
S 2086570 306 100317 0
S 2091570 306 100317 0
S 2096570 306 100317 0
S 2101569 306 100320 0
S 2106569 306 100317 0
S 2111569 306 100314 0
S 2116568 306 100311 0
S 2121568 306 100320 0
S 2126568 306 100314 0
S 2131567 306 100320 0
S 2136567 306 100317 0
S 2141567 306 100314 0
S 2146566 306 100317 0
S 2151566 306 100317 0
S 2156566 306 100314 0
S 2161566 306 100317 0
S 2166565 306 100320 0
S 2171565 306 100317 0
S 2176565 306 100311 0
S 2181564 306 100317 0
S 2186564 306 100323 0
S 2191564 306 100308 0
S 2196563 306 100320 0
S 2201563 306 100314 0
S 2206563 306 100320 0
S 2211562 306 100317 0
S 2216569 306 100314 0
S 2221562 306 100323 0
S 2226561 306 100323 0
S 2231561 306 100323 0
S 2236561 306 100326 0
S 2241561 306 100320 0
S 2246560 306 100320 0
S 2251560 306 100314 0
S 2256560 306 100317 0
S 2261559 306 100317 0
S 2266559 306 100317 0
S 2271559 306 100317 0
S 2276558 306 100326 0
S 2281558 306 100323 0
S 2286558 306 100317 0
S 2291557 306 100317 0
S 2296557 306 100311 0
S 2301557 306 100311 0
S 2306556 306 100311 0
S 2311556 306 100323 0
S 2316556 306 100308 0
S 2321556 306 100320 0
S 2326555 306 100317 0
S 2331555 306 100311 0
S 2336555 306 100317 0
S 2341554 306 100320 0
S 2346554 306 100314 0
S 2351554 306 100317 0
S 2356553 306 100320 0
S 2361553 306 100320 0
S 2366553 306 100317 0
S 2371559 306 100317 0
S 2376552 306 100323 0
S 2381552 306 100317 0
S 2386551 306 100323 0
S 2391551 306 100317 0
S 2396551 306 100317 0
S 2401551 306 100314 0
S 2406557 306 100314 0
S 2411550 306 100317 0
S 2416550 306 100320 0
S 2421549 306 100320 0
S 2426549 306 100320 0
S 2431549 306 100314 0
S 2436548 306 100314 0
S 2441548 306 100320 0
S 2446548 306 100320 0
S 2451547 306 100314 0
S 2456547 306 100314 0
S 2461547 306 100317 0
S 2466546 306 100317 0
S 2471546 306 100317 0
S 2476546 306 100317 0
S 2481546 306 100317 0
S 2486545 306 100320 0
S 2491545 306 100317 0
S 2496545 306 100317 0
S 2501544 306 100323 0
S 2506544 306 100311 0
S 2511544 306 100314 0
S 2516543 306 100311 0
S 2521543 306 100320 0
S 2526543 306 100317 0
S 2531542 306 100317 0
S 2536542 306 100311 0
S 2541542 306 100314 0
S 2546541 306 100311 0
S 2551541 306 100320 0
S 2579539 306 100319 1
S 2586539 306 100320 1
S 2593539 306 100325 1
S 2600538 306 100319 1
S 2607538 306 100320 1
S 2614537 306 100316 1
S 2621537 306 100320 1
S 2628536 306 100319 1
S 2635536 306 100319 1
S 2642535 306 100314 1
S 2649535 306 100316 1
S 2656535 306 100317 1
S 2663534 306 100314 1
S 2670534 306 100317 1
S 2677533 306 100319 1
S 2684533 306 100317 1
S 2691532 306 100317 1
S 2698532 306 100316 1
S 2705532 306 100313 1
S 2712531 306 100317 1
S 2719531 306 100310 1
S 2726530 306 100319 1
S 2733530 306 100314 1
S 2740529 306 100314 1
S 2747529 306 100317 1
S 2754528 306 100313 1
S 2761528 306 100316 1
S 2768528 306 100307 1
S 2775527 306 100308 1
S 2782527 306 100314 1
S 2789526 306 100314 1
S 2796526 306 100316 1
S 2803525 306 100311 1
S 2810525 306 100317 1
S 2817525 306 100311 1
S 2824524 306 100310 1
S 2831524 306 100307 1
S 2838523 306 100314 1
S 2845523 306 100317 1
S 2852522 306 100313 1
S 2859522 306 100311 1
S 2866521 306 100313 1
S 2873521 306 100311 1
S 2880521 306 100313 1
S 2887520 306 100314 1
S 2894520 306 100316 1
S 2901519 306 100311 1
S 2908519 306 100316 1
S 2915518 306 100314 1
S 2922518 306 100316 1
S 2929518 306 100317 1
S 2936517 306 100311 1
S 2943517 306 100310 1
S 2950516 306 100308 1
S 2957516 306 100317 1
S 2964515 306 100314 1
S 2971515 306 100316 1
S 2978514 306 100313 1
S 2985514 306 100313 1
S 2992514 306 100308 1
S 2999513 306 100308 1
S 3006513 306 100313 1
S 3013512 306 100310 1
S 3020512 306 100310 1
S 3027511 306 100316 1
S 3034511 306 100320 1
S 3041511 306 100320 1
S 3053510 306 100311 1
S 3060509 306 100310 1
S 3067509 306 100308 1
S 3074508 306 100310 1
S 3081508 306 100313 1
S 3088508 306 100316 1
S 3095507 306 100310 1
S 3102507 306 100305 1
S 3109506 306 100313 1
S 3116506 306 100314 1
S 3123505 306 100311 1
S 3130505 306 100308 1
S 3137505 306 100311 1
S 3144504 306 100305 1
S 3151504 306 100313 1
S 3158503 306 100314 1
S 3165503 306 100314 1
S 3172502 306 100307 1
S 3179502 306 100310 1
S 3186501 306 100313 1
S 3193501 306 100307 1
S 3200501 306 100316 1
S 3207500 306 100316 1
S 3214500 306 100311 1
S 3221499 306 100316 1
S 3228499 306 100316 1
S 3235498 306 100310 1
S 3242498 306 100313 1
S 3249498 306 100316 1
S 3256497 306 100308 1
S 3263497 306 100308 1
S 3270496 306 100310 1
S 3277496 306 100314 1
S 3284495 306 100313 1
S 3291495 306 100314 1
S 3298494 306 100311 1
S 3305494 306 100316 1
S 3312494 306 100310 1
S 3319493 306 100319 1
S 3326493 306 100317 1
S 3333492 306 100316 1
S 3340492 306 100323 1
S 3347491 306 100310 1
S 3354491 306 100308 1
S 3361491 306 100320 1
S 3368490 306 100317 1
S 3375490 306 100311 1
S 3382489 306 100313 1
S 3389489 306 100316 1
S 3396488 306 100313 1
S 3403488 306 100314 1
S 3410487 306 100308 1
S 3417487 306 100314 1
S 3424487 306 100317 1
S 3431486 306 100313 1
S 3438486 306 100314 1
S 3445485 306 100317 1
S 3452485 306 100319 1
S 3459484 306 100316 1
S 3466484 306 100317 1
S 3473484 306 100317 1
S 3480483 306 100316 1
S 3487483 306 100316 1
S 3494482 306 100317 1
S 3501482 306 100320 1
S 3508481 306 100317 1
S 3515481 306 100316 1
S 3522480 306 100317 1
S 3529480 306 100320 1
S 3536480 306 100317 1
S 3543479 306 100317 1
S 3550479 306 100313 1
S 3557478 306 100313 1
S 3564478 306 100316 1
S 3571477 306 100317 1
S 3578477 306 100313 1
S 3585477 306 100310 1
S 3592476 306 100313 1
S 3599476 306 100314 1
S 3606475 306 100314 1
S 3613475 306 100317 1
S 3620474 306 100314 1
S 3627474 306 100311 1
S 3634473 306 100311 1
S 3641473 306 100311 1
S 3648473 306 100319 1
S 3655472 306 100316 1
S 3662472 306 100310 1
S 3669471 306 100317 1
S 3676471 306 100314 1
S 3683470 306 100310 1
S 3690470 306 100316 1
S 3697470 306 100311 1
S 3704469 306 100319 1
S 3711469 306 100308 1
S 3718468 306 100313 1
S 3725468 306 100316 1
S 3732467 306 100311 1
S 3739467 306 100320 1
S 3746466 306 100313 1
S 3753466 306 100308 1
S 3760466 306 100317 1
S 3767465 306 100322 1
S 3774465 306 100314 1
S 3781464 306 100313 1
S 3788464 306 100313 1
S 3795463 306 100322 1
S 3802463 306 100316 1
S 3809463 306 100319 1
S 3816462 306 100316 1
S 3823462 306 100317 1
S 3830461 306 100316 1
S 3837461 306 100314 1
S 3844460 306 100322 1
S 3851460 306 100320 1
S 3858459 306 100313 1
S 3865459 306 100317 1
S 3872459 306 100316 1
S 3879458 306 100316 1
S 3886458 306 100319 1
S 3893457 306 100323 1
S 3900457 306 100322 1
S 3907456 306 100319 1
S 3914456 306 100319 1
S 3921456 306 100320 1
S 3928455 306 100319 1
S 3935455 306 100319 1
S 3942454 306 100319 1
S 3949454 306 100314 1
S 3956453 306 100317 1
S 3963453 306 100319 1
S 3970452 306 100322 1
S 3977452 306 100316 1
S 3984452 306 100316 1
S 3991451 306 100314 1
S 3998451 306 100314 1
S 4005450 306 100316 1
S 4012450 306 100311 1
S 4019449 306 100320 1
S 4026449 306 100320 1
S 4033449 306 100320 1
S 4040448 306 100316 1
S 4047448 306 100320 1
S 4059447 306 100320 1
S 4066446 306 100320 1
S 4073446 306 100320 1
S 4080446 306 100314 1
S 4087445 306 100317 1
S 4094445 306 100314 1
S 4101444 306 100316 1
S 4108444 306 100317 1
S 4115443 306 100317 1
S 4122443 306 100316 1
S 4129443 306 100317 1
S 4136442 306 100319 1
S 4143442 306 100319 1
S 4150441 306 100317 1
S 4157441 306 100316 1
S 4164440 306 100319 1
S 4171440 306 100316 1
S 4178439 306 100319 1
S 4185439 306 100319 1
S 4192439 306 100317 1
S 4199438 306 100322 1
S 4206438 306 100319 1
S 4213437 306 100316 1
S 4220437 306 100320 1
S 4227436 306 100313 1
S 4234436 306 100313 1
S 4241436 306 100313 1
S 4248435 306 100316 1
S 4255435 306 100314 1
S 4262434 306 100316 1
S 4269434 306 100316 1
S 4276433 306 100316 1
S 4283433 306 100319 1
S 4290432 306 100308 1
S 4297432 306 100310 1
S 4304432 306 100313 1
S 4311431 306 100314 1
S 4318431 306 100322 1
S 4325430 306 100310 1
S 4332430 306 100311 1
S 4339429 306 100311 1
S 4346429 306 100310 1
S 4353429 306 100317 1
S 4360428 306 100319 1
S 4367428 306 100314 1
S 4374427 306 100319 1
S 4381427 306 100311 1
S 4388426 306 100310 1
S 4395426 306 100310 1
S 4402425 306 100307 1
S 4409425 306 100319 1
S 4416425 306 100311 1
S 4423424 306 100311 1
S 4430424 306 100311 1
S 4437423 306 100308 1
S 4444423 306 100313 1
S 4451422 306 100313 1
S 4458422 306 100314 1
S 4465422 306 100320 1
S 4472421 306 100305 1
S 4479421 306 100314 1
S 4486420 306 100308 1
S 4493420 306 100316 1
S 4500419 306 100317 1
S 4507419 306 100320 1
S 4514418 306 100314 1
S 4521418 306 100313 1
S 4528418 306 100311 1
S 4535417 306 100314 1
S 4542417 306 100316 1
S 4549416 306 100313 1
S 4556416 306 100319 1
S 4563415 306 100313 1
S 4570415 306 100323 1
S 4577415 306 100316 1
S 4584414 306 100319 1
S 4591414 306 100314 1
S 4598413 306 100317 1
S 4605413 306 100317 1
S 4612412 306 100320 1
S 4619412 306 100319 1
S 4626411 306 100325 1
S 4633411 306 100314 1
S 4640411 306 100313 1
S 4647410 306 100311 1
S 4654410 306 100311 1
S 4661409 306 100316 1
S 4668409 306 100317 1
S 4675408 306 100307 1
S 4682408 306 100310 1
S 4689408 306 100314 1
S 4696407 306 100316 1
S 4703407 306 100313 1
S 4710406 306 100313 1
S 4717406 306 100314 1
S 4724405 306 100320 1
S 4731405 306 100317 1
S 4738404 306 100313 1
S 4745404 306 100308 1
S 4752404 306 100319 1
S 4759403 306 100313 1
S 4766403 306 100310 1
S 4773402 306 100313 1
S 4780402 306 100310 1
S 4787401 306 100305 1
S 4794401 306 100311 1
S 4801401 306 100316 1
S 4808400 306 100316 1
S 4815400 306 100308 1
S 4822399 306 100316 1
S 4829399 306 100314 1
S 4836398 306 100314 1
S 4843398 306 100317 1
S 4850397 306 100313 1
S 4857397 306 100319 1
S 4864397 306 100316 1
S 4871396 306 100310 1
S 4878396 306 100307 1
S 4885395 306 100317 1
S 4892395 306 100314 1
S 4899394 306 100314 1
S 4906394 306 100316 1
S 4913394 306 100314 1
S 4920393 306 100311 1
S 4927393 306 100314 1
S 4934392 306 100317 1
S 4941392 306 100310 1
S 4948391 306 100313 1
S 4955391 306 100311 1
S 4962390 306 100322 1
S 4969390 306 100317 1
S 4976390 306 100313 1
S 4983389 306 100311 1
S 4990389 306 100313 1
S 4997388 306 100319 1
S 5004388 306 100313 1
S 5011387 306 100313 1
S 5018387 306 100319 1
S 5025387 306 100316 1
S 5032386 306 100311 1
S 5039386 306 100316 1
S 5046385 306 100311 1
S 5053385 306 100316 1
S 5065384 306 100313 1
S 5072384 306 100314 1
S 5079383 306 100311 1
S 5086383 306 100313 1
S 5093382 306 100317 1
S 5100382 306 100314 1
S 5107381 306 100310 1
S 5114381 306 100314 1
S 5121381 306 100319 1
S 5128380 306 100313 1
S 5135380 306 100319 1
S 5142379 306 100316 1
S 5149379 306 100320 1
S 5156378 306 100323 1
S 5163378 306 100316 1
S 5170377 306 100313 1
S 5177377 306 100314 1
S 5184377 306 100310 1
S 5191376 306 100302 1
S 5198376 306 100313 1
S 5205375 306 100320 1
S 5212375 306 100316 1
S 5219374 306 100317 1
S 5226374 306 100316 1
S 5233374 306 100316 1
S 5240373 306 100314 1
S 5247373 306 100317 1
S 5254372 306 100313 1
S 5261372 306 100313 1
S 5268371 306 100313 1
S 5275371 306 100314 1
S 5282370 306 100316 1
S 5289370 306 100317 1
S 5296370 306 100313 1
S 5303369 306 100314 1
S 5310369 306 100311 1
S 5317368 306 100319 1
S 5324368 306 100319 1
S 5331367 306 100316 1
S 5338367 306 100314 1
S 5345367 306 100316 1
S 5352366 306 100310 1
S 5359366 306 100319 1
S 5366365 306 100316 1
S 5373365 306 100311 1
S 5380364 306 100316 1
S 5387364 306 100311 1
S 5394363 306 100310 1
S 5401363 306 100313 1
S 5408363 306 100314 1
S 5415362 306 100313 1
S 5422362 306 100310 1
S 5429361 306 100305 1
S 5436361 306 100310 1
S 5443360 306 100311 1
S 5450360 306 100310 1
S 5457360 306 100314 1
S 5464359 306 100313 1
S 5471359 306 100307 1
S 5478358 306 100314 1
S 5485358 306 100316 1
S 5492357 306 100310 1
S 5499357 306 100307 1
S 5506356 306 100308 1
S 5513356 306 100307 1
S 5520356 306 100313 1
S 5527355 306 100305 1
S 5534355 306 100314 1
S 5541354 306 100308 1
S 5548354 306 100310 1
S 5555353 306 100307 1
S 5562353 306 100307 1
S 5569353 306 100314 1
S 5576352 306 100314 1
S 5583352 306 100310 1
S 5590351 306 100311 1
S 5597351 306 100308 1
S 5604350 306 100313 1
S 5611350 306 100310 1
S 5618349 306 100313 1
S 5625349 306 100313 1
S 5632349 306 100314 1
S 5639348 306 100311 1
S 5646348 306 100311 1
S 5653347 306 100307 1
S 5660347 306 100311 1
S 5667346 306 100313 1
S 5674346 306 100314 1
S 5681346 306 100308 1
S 5688345 306 100311 1
S 5695345 306 100307 1
S 5702344 306 100308 1
S 5709344 306 100313 1
S 5716343 306 100307 1
S 5723343 306 100310 1
S 5730342 306 100311 1
S 5737342 306 100311 1
S 5744342 306 100307 1
S 5751341 306 100314 1
S 5758341 306 100310 1
S 5765340 306 100307 1
S 5772340 306 100311 1
S 5779339 306 100310 1
S 5786339 306 100311 1
S 5793339 306 100307 1
S 5800338 306 100313 1
S 5807338 306 100310 1
S 5814337 306 100308 1
S 5821337 306 100311 1
S 5828336 306 100310 1
S 5835336 306 100308 1
S 5842335 306 100311 1
S 5849335 306 100314 1
S 5856335 306 100314 1
S 5863334 306 100310 1
S 5870334 306 100307 1
S 5877333 306 100308 1
S 5884333 306 100310 1
S 5891332 306 100310 1
S 5898332 306 100310 1
S 5905332 306 100308 1
S 5912331 306 100310 1
S 5919331 306 100307 1
S 5926330 306 100308 1
S 5933330 306 100310 1
S 5940329 306 100310 1
S 5947329 306 100305 1
S 5954328 306 100311 1
S 5961328 306 100310 1
S 5968328 306 100311 1
S 5975327 306 100307 1
S 5982327 306 100310 1
S 5989326 306 100308 1
S 5996326 306 100308 1
S 6003325 306 100304 1
S 6010325 306 100310 1
S 6017325 306 100313 1
S 6024324 306 100308 1
S 6031324 306 100311 1
S 6038323 306 100310 1
S 6045323 306 100305 1
S 6052322 306 100310 1
S 6059322 306 100308 1
S 6071321 306 100317 1
S 6078321 306 100316 1
S 6085320 306 100308 1
S 6092320 306 100311 1
S 6136317 306 100317 2
S 6147316 306 100309 2
S 6158316 306 100314 2
S 6169315 306 100311 2
S 6180314 306 100314 2
S 6191314 306 100316 2
S 6202313 306 100316 2
S 6213312 306 100308 2
S 6224312 306 100312 2
S 6235311 306 100312 2
S 6246310 306 100313 2
S 6257310 306 100313 2
S 6268309 306 100309 2
S 6279308 306 100312 2
S 6290307 306 100313 2
S 6301307 306 100310 2
S 6312306 306 100310 2
S 6323305 306 100310 2
S 6334305 306 100312 2
S 6345304 306 100317 2
S 6356303 306 100318 2
S 6367303 306 100311 2
S 6378302 306 100313 2
S 6389301 306 100310 2
S 6400301 306 100311 2
S 6411300 306 100314 2
S 6422299 306 100316 2
S 6433299 306 100313 2
S 6444298 306 100310 2
S 6455297 306 100313 2
S 6466296 306 100309 2
S 6477296 306 100311 2
S 6488295 306 100308 2
S 6499294 306 100313 2
S 6510294 306 100308 2
S 6521293 306 100318 2
S 6532292 306 100314 2
S 6543292 306 100315 2
S 6554291 306 100312 2
S 6565290 306 100311 2
S 6576290 306 100312 2
S 6587289 306 100311 2
S 6598288 306 100311 2
S 6609288 306 100313 2
S 6620287 306 100311 2
S 6631286 306 100309 2
S 6642285 306 100307 2
S 6653285 306 100308 2
S 6664284 306 100308 2
S 6675283 306 100314 2
S 6686283 306 100312 2
S 6697282 306 100306 2
S 6708281 306 100312 2
S 6719281 306 100313 2
S 6730280 306 100311 2
S 6741279 306 100312 2
S 6752279 306 100311 2
S 6763278 306 100314 2
S 6774277 306 100307 2
S 6785277 306 100310 2
S 6796276 306 100312 2
S 6807275 306 100311 2
S 6818274 306 100310 2
S 6829274 306 100306 2
S 6840273 306 100308 2
S 6851272 306 100307 2
S 6862272 306 100308 2
S 6873271 306 100311 2
S 6884270 306 100305 2
S 6895270 306 100310 2
S 6906269 306 100310 2
S 6917268 306 100312 2
S 6928268 306 100310 2
S 6939267 306 100311 2
S 6950266 306 100307 2
S 6961266 306 100305 2
S 6972265 306 100306 2
S 6983264 306 100307 2
S 6994263 306 100308 2
S 7005263 306 100309 2
S 7016262 306 100308 2
S 7027261 306 100309 2
S 7038261 306 100305 2
S 7049260 306 100308 2
S 7060259 306 100308 2
S 7071259 306 100308 2
S 7087258 306 100317 2
S 7098257 306 100315 2
S 7109256 306 100314 2
S 7120256 306 100313 2
S 7131255 306 100312 2
S 7142254 306 100314 2
S 7153254 306 100317 2
S 7164253 306 100314 2
S 7175252 306 100310 2
S 7186251 306 100314 2
S 7197251 306 100317 2
S 7208250 306 100317 2
S 7219249 306 100313 2
S 7230249 306 100317 2
S 7241248 306 100320 2
S 7252247 306 100316 2
S 7263247 306 100318 2
S 7274246 306 100317 2
S 7285245 306 100315 2
S 7296245 306 100319 2
S 7307244 306 100316 2
S 7318243 306 100312 2
S 7329243 306 100317 2
S 7340242 306 100317 2
S 7351241 306 100316 2
S 7362240 306 100319 2
S 7373240 306 100313 2
S 7384239 306 100316 2
S 7395238 306 100311 2
S 7406238 306 100311 2
S 7417237 306 100314 2
S 7428236 306 100315 2
S 7439236 306 100315 2
S 7450235 306 100312 2
S 7461234 306 100314 2
S 7472234 306 100318 2
S 7483233 306 100317 2
S 7494232 306 100311 2
S 7505232 306 100315 2
S 7516231 306 100312 2
S 7527230 306 100316 2
S 7538229 306 100317 2
S 7549229 306 100313 2
S 7560228 306 100315 2
S 7571227 306 100315 2
S 7582227 306 100310 2
S 7593226 306 100308 2
S 7604225 306 100314 2
S 7615225 306 100308 2
S 7626224 306 100311 2
S 7637223 306 100316 2
S 7648223 306 100314 2
S 7659222 306 100314 2
S 7670221 306 100312 2
S 7681221 306 100317 2
S 7692220 306 100318 2
S 7703219 306 100315 2
S 7714218 306 100314 2
S 7725218 306 100314 2
S 7736217 306 100311 2
S 7747216 306 100316 2
S 7758216 306 100319 2
S 7769215 306 100315 2
S 7780214 306 100322 2
S 7791214 306 100317 2
S 7802213 306 100316 2
S 7813212 306 100313 2
S 7824212 306 100313 2
S 7835211 306 100313 2
S 7846210 306 100312 2
S 7857210 306 100312 2
S 7868209 306 100308 2
S 7879208 306 100311 2
S 7890207 306 100314 2
S 7901207 306 100315 2
S 7912206 306 100309 2
S 7923205 306 100314 2
S 7934205 306 100315 2
S 7945204 306 100313 2
S 7956203 306 100315 2
S 7967203 306 100313 2
S 7978202 306 100308 2
S 7989201 306 100314 2
S 8000201 306 100311 2
S 8011200 306 100317 2
S 8022199 306 100315 2
S 8033199 306 100314 2
S 8044198 306 100312 2
S 8055197 306 100311 2
S 8066196 306 100317 2
S 8077196 306 100314 2
S 8093195 306 100325 2
S 8104194 306 100324 2
S 8115193 306 100319 2
S 8126193 306 100320 2
S 8137192 306 100319 2
S 8148191 306 100313 2
S 8159191 306 100319 2
S 8170190 306 100315 2
S 8181189 306 100318 2
S 8192189 306 100315 2
S 8203188 306 100317 2
S 8214187 306 100318 2
S 8225187 306 100316 2
S 8236186 306 100319 2
S 8247185 306 100317 2
S 8258184 306 100319 2
S 8269184 306 100319 2
S 8280183 306 100321 2
S 8291182 306 100319 2
S 8302182 306 100317 2
S 8313181 306 100317 2
S 8324180 306 100312 2
S 8335180 306 100312 2
S 8346179 306 100313 2
S 8357178 306 100317 2
S 8368178 306 100311 2
S 8379177 306 100317 2
S 8390176 306 100321 2
S 8401176 306 100315 2
S 8412175 306 100312 2
S 8423174 306 100314 2
S 8434173 306 100319 2
S 8445173 306 100319 2
S 8456172 306 100318 2
S 8467171 306 100319 2
S 8478171 306 100317 2
S 8489170 306 100315 2
S 8500169 306 100315 2
S 8511169 306 100317 2
S 8522168 306 100319 2
S 8533167 306 100314 2
S 8544167 306 100312 2
S 8555166 306 100311 2
S 8566165 306 100315 2
S 8577165 306 100315 2
S 8588164 306 100312 2
S 8599163 306 100318 2
S 8610162 306 100317 2
S 8621162 306 100314 2
S 8632161 306 100314 2
S 8643160 306 100311 2
S 8654160 306 100314 2
S 8665159 306 100311 2
S 8676158 306 100317 2
S 8687158 306 100315 2
S 8698157 306 100316 2
S 8709156 306 100314 2
S 8720156 306 100316 2
S 8731155 306 100316 2
S 8742154 306 100319 2
S 8753154 306 100319 2
S 8764153 306 100320 2
S 8775152 306 100317 2
S 8786151 306 100318 2
S 8797151 306 100318 2
S 8808150 306 100317 2
S 8819149 306 100317 2
S 8830149 306 100316 2
S 8841148 306 100317 2
S 8852147 306 100315 2
S 8863147 306 100316 2
S 8874146 306 100317 2
S 8885145 306 100318 2
S 8896145 306 100319 2
S 8907144 306 100318 2
S 8918143 306 100319 2
S 8929143 306 100320 2
S 8940142 306 100319 2
S 8951141 306 100318 2
S 8962140 306 100319 2
S 8973140 306 100321 2
S 8984139 306 100318 2
S 8995138 306 100316 2
S 9006138 306 100319 2
S 9017137 306 100320 2
S 9028136 306 100319 2
S 9039136 306 100319 2
S 9050135 306 100321 2
S 9061134 306 100319 2
S 9072134 306 100319 2
S 9083133 306 100317 2
S 9099132 306 100320 2
S 9110131 306 100317 2
S 9121131 306 100319 2
S 9132130 306 100319 2
S 9143129 306 100317 2
S 9154128 306 100319 2
S 9165128 306 100322 2
S 9176127 306 100320 2
S 9187126 306 100320 2
S 9198126 306 100317 2
S 9209125 306 100318 2
S 9220124 306 100317 2
S 9231124 306 100313 2
S 9242123 306 100317 2
S 9253122 306 100318 2
S 9264122 306 100317 2
S 9275121 306 100314 2
S 9286120 306 100314 2
S 9297120 306 100313 2
S 9308119 306 100315 2
S 9319118 306 100316 2
S 9330117 306 100314 2
S 9341117 306 100314 2
S 9352116 306 100314 2
S 9363115 306 100312 2
S 9374115 306 100317 2
S 9385114 306 100315 2
S 9396113 306 100312 2
S 9407113 306 100314 2
S 9418112 306 100317 2
S 9429111 306 100308 2
S 9440111 306 100316 2
S 9451110 306 100313 2
S 9462109 306 100315 2
S 9473109 306 100318 2
S 9484108 306 100317 2
S 9495107 306 100315 2
S 9506106 306 100316 2
S 9517106 306 100317 2
S 9528105 306 100316 2
S 9539104 306 100319 2
S 9550104 306 100321 2
S 9561103 306 100319 2
S 9572102 306 100320 2
S 9583102 306 100319 2
S 9594101 306 100311 2
S 9605100 306 100317 2
S 9616100 306 100316 2
S 9627099 306 100318 2
S 9638098 306 100318 2
S 9649098 306 100322 2
S 9660097 306 100319 2
S 9671096 306 100320 2
S 9682095 306 100316 2
S 9693095 306 100320 2
S 9704094 306 100318 2
S 9715093 306 100319 2
S 9726093 306 100317 2
S 9737092 306 100319 2
S 9748091 306 100322 2
S 9759091 306 100324 2
S 9770090 306 100318 2
S 9781089 306 100318 2
S 9792089 306 100320 2
S 9803088 306 100322 2
S 9814087 306 100322 2
S 9825087 306 100317 2
S 9836086 306 100320 2
S 9847085 306 100322 2
S 9858084 306 100322 2
S 9869084 306 100323 2
S 9880083 306 100321 2
S 9891082 306 100317 2
S 9902082 306 100318 2
S 9913081 306 100314 2
S 9924080 306 100320 2
S 9935080 306 100319 2
S 9946079 306 100319 2
S 9957078 306 100318 2
S 9968078 306 100323 2
S 9979077 306 100318 2
S 9990076 306 100317 2
S 10001076 306 100320 2
S 10012075 306 100320 2
S 10023074 306 100319 2
S 10034073 306 100322 2
S 10045073 306 100314 2
S 10056072 306 100319 2
S 10067071 306 100320 2
S 10078071 306 100317 2
S 10089070 306 100312 2
S 10105069 306 100318 2
S 10116068 306 100315 2
S 10127068 306 100319 2
S 10138067 306 100319 2
S 10149066 306 100315 2
S 10160066 306 100323 2
S 10171065 306 100319 2
S 10182064 306 100319 2
S 10193064 306 100322 2
S 10204063 306 100319 2
S 10215062 306 100317 2
S 10226061 306 100317 2
S 10237061 306 100322 2
S 10248060 306 100320 2
S 10259059 306 100324 2
S 10270059 306 100316 2
S 10281058 306 100316 2
S 10292057 306 100319 2
S 10303057 306 100319 2
S 10314056 306 100319 2
S 10325055 306 100320 2
S 10336055 306 100324 2
S 10347054 306 100325 2
S 10358053 306 100319 2
S 10369053 306 100319 2
S 10380052 306 100321 2
S 10391051 306 100319 2
S 10402050 306 100316 2
S 10413050 306 100319 2
S 10424049 306 100317 2
S 10435048 306 100320 2
S 10446048 306 100319 2
S 10457047 306 100317 2
S 10468046 306 100321 2
S 10479046 306 100321 2
S 10490045 306 100320 2
S 10501044 306 100321 2
S 10512044 306 100319 2
S 10523043 306 100315 2
S 10534042 306 100317 2
S 10545042 306 100319 2
S 10556041 306 100320 2
S 10567040 306 100320 2
S 10578039 306 100322 2
S 10589039 306 100321 2
S 10600038 306 100322 2
S 10611037 306 100321 2
S 10622037 306 100317 2
S 10633036 306 100318 2
S 10644035 306 100322 2
S 10655035 306 100318 2
S 10666034 306 100326 2
S 10677033 306 100315 2
S 10688033 306 100315 2
S 10699032 306 100317 2
S 10710031 306 100318 2
S 10721031 306 100319 2
S 10732030 306 100317 2
S 10743029 306 100321 2
S 10754028 306 100322 2
S 10765028 306 100320 2
S 10776027 306 100324 2
S 10787026 306 100322 2
S 10798026 306 100319 2
S 10809025 306 100319 2
S 10820024 306 100314 2
S 10831024 306 100317 2
S 10842023 306 100320 2
S 10853022 306 100319 2
S 10864022 306 100317 2
S 10875021 306 100313 2
S 10886020 306 100317 2
S 10897020 306 100317 2
S 10908019 306 100314 2
S 10919018 306 100311 2
S 10930017 306 100317 2
S 10941017 306 100316 2
S 10952016 306 100319 2
S 10963015 306 100318 2
S 10974015 306 100318 2
S 10985014 306 100319 2
S 10996013 306 100320 2
S 11007013 306 100320 2
S 11018012 306 100312 2
S 11029011 306 100317 2
S 11040011 306 100315 2
S 11051010 306 100316 2
S 11062009 306 100313 2
S 11073009 306 100314 2
S 11084008 306 100319 2
S 11095007 306 100316 2
S 11111006 306 100317 2
S 11122005 306 100313 2
S 11133005 306 100316 2
S 11144004 306 100314 2
S 11155003 306 100317 2
S 11166003 306 100309 2
S 11177002 306 100314 2
S 11188001 306 100318 2
S 11199001 306 100318 2
S 11210000 306 100318 2
S 11220999 306 100316 2
S 11231999 306 100316 2
S 11242998 306 100316 2
S 11253997 306 100314 2
S 11264997 306 100320 2
S 11275996 306 100316 2
S 11286995 306 100315 2
S 11297994 306 100316 2
S 11308994 306 100314 2
S 11319993 306 100317 2
S 11330992 306 100312 2
S 11341992 306 100311 2
S 11352991 306 100313 2
S 11363990 306 100316 2
S 11374990 306 100319 2
S 11385989 306 100319 2
S 11396988 306 100318 2
S 11407988 306 100319 2
S 11418987 306 100317 2
S 11429986 306 100319 2
S 11440986 306 100315 2
S 11451985 306 100318 2
S 11462984 306 100318 2
S 11473983 306 100317 2
S 11484983 306 100318 2
S 11495982 306 100314 2
S 11506981 306 100316 2
S 11517981 306 100317 2
S 11528980 306 100319 2
S 11539979 306 100319 2
S 11550979 306 100318 2
S 11561978 306 100322 2
S 11572977 306 100314 2
S 11583977 306 100314 2
S 11594976 306 100313 2
S 11605975 306 100313 2
S 11616975 306 100314 2
S 11627974 306 100314 2
S 11638973 306 100312 2
S 11649972 306 100314 2
S 11725968 306 100314 3
S 11744967 306 100313 3
S 11763965 306 100314 3
S 11782964 306 100314 3
S 11801963 306 100316 3
S 11820962 306 100315 3
S 11839961 306 100315 3
S 11858959 306 100313 3
S 11877958 306 100310 3
S 11896957 306 100312 3
S 11915956 306 100310 3
S 11934955 306 100308 3
S 11953953 306 100308 3
S 11972952 306 100310 3
S 11991951 306 100311 3
S 12010950 306 100307 3
S 12029949 306 100310 3
S 12048948 306 100307 3
S 12067946 306 100305 3
S 12086945 306 100311 3
S 12105944 306 100309 3
S 12128942 306 100320 3
S 12147941 306 100320 3
S 12166940 306 100318 3
S 12185939 306 100320 3
S 12204938 306 100320 3
S 12223937 306 100322 3
S 12242935 306 100321 3
S 12261934 306 100317 3
S 12280933 306 100324 3
S 12299932 306 100322 3
S 12318931 306 100319 3
S 12337929 306 100320 3
S 12356928 306 100317 3
S 12375927 306 100315 3
S 12394926 306 100316 3
S 12413925 306 100317 3
S 12432924 306 100316 3
S 12451922 306 100320 3
S 12470921 306 100317 3
S 12489920 306 100318 3
S 12508919 306 100320 3
S 12527918 306 100321 3
S 12546916 306 100322 3
S 12565915 306 100318 3
S 12584914 306 100317 3
S 12603913 306 100318 3
S 12622912 306 100318 3
S 12641910 306 100318 3
S 12660909 306 100315 3
S 12679908 306 100319 3
S 12698907 306 100321 3
S 12717906 306 100321 3
S 12736905 306 100319 3
S 12755903 306 100316 3
S 12774902 306 100320 3
S 12793901 306 100318 3
S 12812900 306 100320 3
S 12831899 306 100323 3
S 12850897 306 100321 3
S 12869896 306 100322 3
S 12888895 306 100321 3
S 12907894 306 100322 3
S 12926893 306 100323 3
S 12945891 306 100324 3
S 12964890 306 100320 3
S 12983889 306 100320 3
S 13002888 306 100321 3
S 13021887 306 100319 3
S 13040886 306 100319 3
S 13059884 306 100319 3
S 13078883 306 100321 3
S 13097882 306 100322 3
S 13116881 306 100320 3
S 13139879 306 100322 3
S 13158878 306 100324 3
S 13177877 306 100323 3
S 13196876 306 100325 3
S 13215875 306 100320 3
S 13234873 306 100318 3
S 13253872 306 100318 3
S 13272871 306 100318 3
S 13291870 306 100317 3
S 13310869 306 100315 3
S 13329867 306 100318 3
S 13348866 306 100317 3
S 13367865 306 100316 3
S 13386864 306 100317 3
S 13405863 306 100321 3
S 13424862 306 100320 3
S 13443860 306 100317 3
S 13462859 306 100319 3
S 13481858 306 100317 3
S 13500857 306 100317 3
S 13519856 306 100312 3
S 13538854 306 100317 3
S 13557853 306 100316 3
S 13576852 306 100317 3
S 13595851 306 100317 3
S 13614850 306 100318 3
S 13633848 306 100316 3
S 13652847 306 100320 3
S 13671846 306 100315 3
S 13690845 306 100318 3
S 13709844 306 100312 3
S 13728843 306 100310 3
S 13747841 306 100308 3
S 13766840 306 100308 3
S 13785839 306 100311 3
S 13804838 306 100308 3
S 13823837 306 100305 3
S 13842835 306 100313 3
S 13861834 306 100309 3
S 13880833 306 100313 3
S 13899832 306 100312 3
S 13918831 306 100310 3
S 13937829 306 100313 3
S 13956828 306 100311 3
S 13975827 306 100309 3
S 13994826 306 100310 3
S 14013825 306 100313 3
S 14032824 306 100306 3
S 14051822 306 100306 3
S 14070821 306 100308 3
S 14089820 306 100308 3
S 14108819 306 100308 3
S 14127818 306 100305 3
S 14150816 306 100305 3
S 14169815 306 100309 3
S 14188814 306 100310 3
S 14207813 306 100305 3
S 14226811 306 100308 3
S 14245810 306 100308 3
S 14264809 306 100307 3
S 14283808 306 100309 3
S 14302807 306 100305 3
S 14321805 306 100307 3
S 14340804 306 100308 3
S 14359803 306 100311 3
S 14378802 306 100309 3
S 14397801 306 100311 3
S 14416800 306 100308 3
S 14435798 306 100308 3
S 14454797 306 100309 3
S 14473796 306 100309 3
S 14492795 306 100309 3
S 14511794 306 100308 3
S 14530792 306 100312 3
S 14549791 306 100308 3
S 14568790 306 100315 3
S 14587789 306 100315 3
S 14606788 306 100314 3
S 14625786 306 100312 3
S 14644785 306 100308 3
S 14663784 306 100317 3
S 14682783 306 100319 3
S 14701782 306 100316 3
S 14720781 306 100317 3
S 14739779 306 100318 3
S 14758778 306 100318 3
S 14777777 306 100324 3
S 14796776 306 100324 3
S 14815775 306 100322 3
S 14834773 306 100326 3
S 14853772 306 100321 3
S 14872771 306 100321 3
S 14891770 306 100318 3
S 14910769 306 100316 3
S 14929767 306 100320 3
S 14948766 306 100316 3
S 14967765 306 100320 3
S 14986764 306 100320 3
S 15005763 306 100316 3
S 15024762 306 100317 3
S 15043760 306 100315 3
S 15062759 306 100318 3
S 15081758 306 100315 3
S 15100757 306 100323 3
S 15119756 306 100316 3
S 15138754 306 100318 3
S 15161753 306 100324 3
S 15180752 306 100322 3
S 15199751 306 100321 3
S 15218749 306 100319 3
S 15237748 306 100320 3
S 15256747 306 100324 3
S 15275746 306 100320 3
S 15294745 306 100319 3
S 15313743 306 100323 3
S 15332742 306 100317 3
S 15351741 306 100321 3
S 15370740 306 100321 3
S 15389739 306 100326 3
S 15408738 306 100320 3
S 15427736 306 100317 3
S 15446735 306 100318 3
S 15465734 306 100316 3
S 15484733 306 100319 3
S 15503732 306 100315 3
S 15522730 306 100322 3
S 15541729 306 100319 3
S 15560728 306 100318 3
S 15579727 306 100321 3
S 15598726 306 100318 3
S 15617724 306 100315 3
S 15636723 306 100317 3
S 15655722 306 100317 3
S 15674721 306 100320 3
S 15693720 306 100315 3
S 15712719 306 100321 3
S 15731717 306 100322 3
S 15750716 306 100318 3
S 15769715 306 100321 3
S 15788714 306 100318 3
S 15807713 306 100318 3
S 15826711 306 100321 3
S 15845710 306 100315 3
S 15864709 306 100319 3
S 15883708 306 100320 3
S 15902707 306 100319 3
S 15921705 306 100323 3
S 15940704 306 100321 3
S 15959703 306 100322 3
S 15978702 306 100321 3
S 15997701 306 100321 3
S 16016700 306 100320 3
S 16035698 306 100323 3
S 16054697 306 100331 3
S 16073696 306 100319 3
S 16092695 306 100323 3
S 16111694 306 100319 3
S 16130692 306 100320 3
S 16149691 306 100318 3
S 16172690 306 100322 3
S 16191689 306 100321 3
S 16210687 306 100319 3
S 16229686 306 100321 3
S 16248685 306 100320 3
S 16267684 306 100319 3
S 16286683 306 100316 3
S 16305681 306 100320 3
S 16324680 306 100320 3
S 16343679 306 100323 3
S 16362678 306 100315 3
S 16381677 306 100316 3
S 16400676 306 100315 3
S 16419674 306 100318 3
S 16438673 306 100317 3
S 16457672 306 100313 3
S 16476671 306 100315 3
S 16495670 306 100317 3
S 16514668 306 100316 3
S 16533667 306 100315 3
S 16552666 306 100312 3
S 16571665 306 100315 3
S 16590664 306 100318 3
S 16609662 306 100320 3
S 16628661 306 100313 3
S 16647660 306 100317 3
S 16666659 306 100313 3
S 16685658 306 100315 3
S 16704657 306 100314 3
S 16723655 306 100311 3
S 16742654 306 100314 3
S 16761653 306 100311 3
S 16780652 306 100309 3
S 16799651 306 100308 3
S 16818649 306 100313 3
S 16837648 306 100309 3
S 16856647 306 100312 3
S 16875646 306 100314 3
S 16894645 306 100312 3
S 16913643 306 100312 3
S 16932642 306 100309 3
S 16951641 306 100309 3
S 16970640 306 100313 3
S 16989639 306 100312 3
S 17008638 306 100314 3
S 17027636 306 100309 3
S 17046635 306 100314 3
S 17065634 306 100311 3
S 17084633 306 100311 3
S 17103632 306 100309 3
S 17122630 306 100314 3
S 17141629 306 100313 3
S 17160628 306 100316 3
S 17183626 306 100315 3
S 17202625 306 100314 3
S 17221624 306 100318 3
S 17240623 306 100314 3
S 17259622 306 100313 3
S 17278621 306 100311 3
S 17297619 306 100311 3
S 17316618 306 100310 3
S 17335617 306 100312 3
S 17354616 306 100310 3
S 17373615 306 100311 3
S 17392614 306 100310 3
S 17411612 306 100309 3
S 17430611 306 100314 3
S 17449610 306 100311 3
S 17468609 306 100315 3
S 17487608 306 100321 3
S 17506606 306 100315 3
S 17525605 306 100312 3
S 17544604 306 100314 3
S 17563603 306 100309 3
S 17582602 306 100316 3
S 17601600 306 100311 3
S 17620599 306 100311 3
S 17639598 306 100312 3
S 17658597 306 100313 3
S 17677596 306 100313 3
S 17696595 306 100311 3
S 17715593 306 100308 3
S 17734592 306 100307 3
S 17753591 306 100308 3
S 17772590 306 100308 3
S 17791589 306 100313 3
S 17810587 306 100309 3
S 17829586 306 100313 3
S 17848585 306 100314 3
S 17867584 306 100315 3
S 17886583 306 100316 3
S 17905581 306 100312 3
S 17924580 306 100317 3
S 17943579 306 100312 3
S 17962578 306 100311 3
S 17981577 306 100315 3
S 18000576 306 100315 3
S 18019574 306 100315 3
S 18038573 306 100317 3
S 18057572 306 100315 3
S 18076571 306 100315 3
S 18095570 306 100314 3
S 18114568 306 100315 3
S 18133567 306 100313 3
S 18152566 306 100312 3
S 18171565 306 100315 3
S 18194563 306 100320 3
S 18213562 306 100318 3
S 18232561 306 100319 3
S 18251560 306 100320 3
S 18270559 306 100321 3
S 18289557 306 100316 3
S 18308556 306 100316 3
S 18327555 306 100315 3
S 18346554 306 100317 3
S 18365553 306 100316 3
S 18384552 306 100319 3
S 18403550 306 100315 3
S 18422549 306 100316 3
S 18441548 306 100316 3
S 18460547 306 100312 3
S 18479546 306 100316 3
S 18498544 306 100313 3
S 18517543 306 100315 3
S 18536542 306 100318 3
S 18555541 306 100317 3
S 18574540 306 100317 3
S 18593538 306 100317 3
S 18612537 306 100316 3
S 18631536 306 100316 3
S 18650535 306 100312 3
S 18669534 306 100310 3
S 18688533 306 100316 3
S 18707531 306 100318 3
S 18726530 306 100312 3
S 18745529 306 100315 3
S 18764528 306 100315 3
S 18783527 306 100317 3
S 18802525 306 100317 3
S 18821524 306 100320 3
S 18840523 306 100318 3
S 18859522 306 100318 3
S 18878521 306 100317 3
S 18897519 306 100323 3
S 18916518 306 100317 3
S 18935517 306 100320 3
S 18954516 306 100320 3
S 18973515 306 100321 3
S 18992514 306 100321 3
S 19011512 306 100319 3
S 19030511 306 100316 3
S 19049510 306 100317 3
S 19068509 306 100318 3
S 19087508 306 100318 3
S 19106506 306 100318 3
S 19125505 306 100319 3
S 19144504 306 100321 3
S 19163503 306 100319 3
S 19182502 306 100317 3
S 19205500 306 100317 3
S 19224499 306 100319 3
S 19243498 306 100321 3
S 19262497 306 100316 3
S 19281495 306 100317 3
S 19300494 306 100322 3
S 19319493 306 100318 3
S 19338492 306 100317 3
S 19357491 306 100313 3
S 19376490 306 100315 3
S 19395488 306 100313 3
S 19414487 306 100314 3
S 19433486 306 100313 3
S 19452485 306 100309 3
S 19471484 306 100313 3
S 19490482 306 100318 3
S 19509481 306 100312 3
S 19528480 306 100312 3
S 19547479 306 100313 3
S 19566478 306 100312 3
S 19585476 306 100309 3
S 19604475 306 100313 3
S 19623474 306 100315 3
S 19642473 306 100315 3
S 19661472 306 100316 3
S 19680471 306 100315 3
S 19699469 306 100312 3
S 19718468 306 100316 3
S 19737467 306 100313 3
S 19756466 306 100313 3
S 19775465 306 100310 3
S 19794463 306 100311 3
S 19813462 306 100312 3
S 19832461 306 100315 3
S 19851460 306 100310 3
S 19870459 306 100312 3
S 19889457 306 100312 3
S 19908456 306 100313 3
S 19927455 306 100310 3
S 19946454 306 100312 3
S 19965453 306 100312 3
S 19984452 306 100314 3
S 20003450 306 100314 3
S 20022449 306 100312 3
S 20041448 306 100311 3
S 20060447 306 100313 3
S 20079446 306 100313 3
S 20098444 306 100315 3
S 20117443 306 100312 3
S 20136442 306 100318 3
S 20155441 306 100312 3
