# capture_start_utc=2026-08-29T17:30:34Z
šŠ‚Š‚Š²ª¢’j
S 43860959 310 101652 2
S 43871958 310 101651 2
S 43882958 310 101652 2
S 43893957 310 101650 2
S 43904956 310 101653 2
S 43915956 310 101654 2
S 43926955 310 101651 2
S 43937954 310 101651 2
S 43948954 310 101650 2
S 43959953 310 101650 2
S 43970952 310 101648 2
S 43981952 310 101654 2
S 43992951 310 101652 2
S 44003950 310 101650 2
S 44014950 310 101648 2
S 44025949 310 101648 2
S 44036948 310 101651 2
S 44047947 310 101653 2
S 44058947 310 101648 2
S 44069946 310 101653 2
S 44080945 310 101647 2
S 44091945 310 101648 2
S 44102944 310 101651 2
S 44113943 310 101654 2
S 44124943 310 101653 2
S 44135942 310 101651 2
S 44146941 310 101653 2
S 44157941 310 101650 2
S 44168940 310 101646 2
S 44179939 310 101654 2
S 44190939 310 101655 2
S 44201938 310 101651 2
S 44212937 310 101651 2
S 44223936 310 101652 2
S 44234936 310 101653 2
S 44245935 310 101652 2
S 44256934 310 101653 2
S 44267934 310 101645 2
S 44278933 310 101651 2
S 44289932 310 101650 2
S 44300932 310 101651 2
S 44311931 310 101653 2
S 44322930 310 101651 2
S 44333930 310 101648 2
S 44344929 310 101645 2
S 44360928 310 101648 2
S 44371927 310 101654 2
S 44382927 310 101652 2
S 44393926 310 101651 2
S 44404925 310 101653 2
S 44415924 310 101648 2
S 44426924 310 101651 2
S 44437923 310 101645 2
S 44448922 310 101656 2
S 44459922 310 101646 2
S 44470921 310 101652 2
S 44481920 310 101648 2
S 44492920 310 101654 2
S 44503919 310 101651 2
S 44514918 310 101651 2
S 44525918 310 101655 2
S 44536917 310 101649 2
S 44547916 310 101650 2
S 44558916 310 101644 2
S 44569915 310 101649 2
S 44580914 310 101651 2
S 44591913 310 101648 2
S 44602913 310 101649 2
S 44613912 310 101651 2
S 44624911 310 101647 2
S 44635911 310 101645 2
S 44646910 310 101651 2
S 44657909 310 101653 2
S 44668909 310 101648 2
S 44679908 310 101652 2
S 44690907 310 101653 2
S 44701907 310 101651 2
S 44712906 310 101654 2
S 44723905 310 101652 2
S 44734905 310 101651 2
S 44745904 310 101651 2
S 44756903 310 101655 2
S 44767902 310 101653 2
S 44778902 310 101655 2
S 44789901 310 101651 2
S 44800900 310 101654 2
S 44811900 310 101653 2
S 44822899 310 101652 2
S 44833898 310 101653 2
S 44844898 310 101650 2
S 44855897 310 101651 2
S 44866896 310 101646 2
S 44877896 310 101654 2
S 44888895 310 101650 2
S 44899894 310 101651 2
S 44910894 310 101652 2
S 44921893 310 101653 2
S 44932892 310 101651 2
S 44943891 310 101654 2
S 44954891 310 101650 2
S 44965890 310 101652 2
S 44976889 310 101646 2
S 44987889 310 101651 2
S 44998888 310 101649 2
S 45009887 310 101650 2
S 45020887 310 101650 2
S 45031886 310 101656 2
S 45042885 310 101655 2
S 45053885 310 101657 2
S 45064884 310 101657 2
S 45075883 310 101661 2
S 45086883 310 101654 2
S 45097882 310 101654 2
S 45108881 310 101654 2
S 45119880 310 101654 2
S 45130880 310 101648 2
S 45141879 310 101652 2
S 45152878 310 101654 2
S 45163878 310 101654 2
S 45174877 310 101654 2
S 45185876 310 101649 2
S 45196876 310 101653 2
S 45207875 310 101657 2
S 45218874 310 101654 2
S 45229874 310 101657 2
S 45240873 310 101653 2
S 45251872 310 101654 2
S 45262872 310 101653 2
S 45273871 310 101649 2
S 45284870 310 101654 2
S 45295869 310 101656 2
S 45306869 310 101652 2
S 45317868 310 101654 2
S 45328867 310 101654 2
S 45339867 310 101655 2
S 45350866 310 101654 2
S 45366865 309 101651 2
S 45377864 309 101653 2
S 45388864 309 101656 2
S 45399863 309 101651 2
S 45410862 309 101655 2
S 45421862 309 101654 2
S 45432861 309 101652 2
S 45443860 309 101657 2
S 45454860 309 101655 2
S 45465859 309 101651 2
S 45476858 309 101656 2
S 45487857 309 101652 2
S 45498857 309 101655 2
S 45509856 309 101658 2
S 45520855 309 101657 2
S 45531855 309 101657 2
S 45542854 309 101654 2
S 45553853 309 101652 2
S 45564853 309 101654 2
S 45575852 309 101651 2
S 45586851 309 101652 2
S 45597851 309 101652 2
S 45608850 309 101653 2
S 45619849 309 101649 2
S 45630849 309 101648 2
S 45641848 309 101654 2
S 45652847 309 101653 2
S 45663846 309 101654 2
S 45674846 309 101652 2
S 45685845 309 101651 2
S 45696844 309 101652 2
S 45707844 309 101651 2
S 45718843 309 101649 2
S 45729842 309 101653 2
S 45740842 309 101653 2
S 45751841 309 101652 2
S 45762840 309 101654 2
S 45773840 309 101655 2
S 45784839 309 101654 2
S 45795838 309 101650 2
S 45806838 309 101655 2
S 45817837 309 101651 2
S 45828836 309 101649 2
S 45839835 309 101650 2
S 45850835 309 101651 2
S 45861834 309 101652 2
S 45872833 309 101650 2
S 45883833 309 101654 2
S 45894832 309 101652 2
S 45905831 309 101654 2
S 45916831 309 101651 2
S 45927830 309 101651 2
S 45938829 309 101654 2
S 45949829 309 101654 2
S 45960828 309 101654 2
S 45971827 309 101652 2
S 45982827 309 101653 2
S 45993826 309 101657 2
S 46004825 309 101654 2
S 46015824 309 101654 2
S 46026824 309 101651 2
S 46037823 309 101651 2
S 46048822 309 101650 2
S 46059822 309 101649 2
S 46070821 309 101649 2
S 46081820 309 101652 2
S 46092820 309 101651 2
S 46103819 309 101651 2
S 46114818 309 101651 2
S 46125818 309 101650 2
S 46136817 309 101652 2
S 46147816 309 101653 2
S 46158816 309 101655 2
S 46169815 309 101659 2
S 46180814 309 101654 2
S 46191813 309 101654 2
S 46202813 309 101656 2
S 46213812 309 101658 2
S 46224811 309 101658 2
S 46235811 309 101654 2
S 46246810 309 101651 2
S 46257809 309 101654 2
S 46268809 309 101656 2
S 46279808 309 101654 2
S 46290807 309 101651 2
S 46301807 309 101650 2
S 46312806 309 101651 2
S 46323805 309 101651 2
S 46334805 309 101655 2
S 46345804 309 101651 2
S 46356803 309 101655 2
S 46372802 309 101650 2
S 46383801 309 101653 2
S 46394801 309 101647 2
S 46405800 309 101653 2
S 46416799 309 101650 2
S 46427799 309 101646 2
S 46438798 309 101648 2
S 46449797 309 101648 2
S 46460797 309 101648 2
S 46471796 309 101648 2
S 46482795 309 101648 2
S 46493795 309 101649 2
S 46504794 309 101648 2
S 46515793 309 101645 2
S 46526793 309 101649 2
S 46537792 309 101649 2
S 46548791 309 101648 2
S 46559790 309 101648 2
S 46570790 309 101649 2
S 46581789 309 101651 2
S 46592788 309 101648 2
S 46603788 309 101650 2
S 46614787 309 101649 2
S 46625786 309 101648 2
S 46636786 309 101646 2
S 46647785 309 101648 2
S 46658784 309 101645 2
S 46669784 309 101646 2
S 46680783 309 101644 2
S 46691782 309 101645 2
S 46702782 309 101648 2
S 46713781 309 101650 2
S 46724780 309 101648 2
S 46735779 309 101648 2
S 46746779 309 101647 2
S 46757778 309 101648 2
S 46768777 309 101648 2
S 46779777 309 101648 2
S 46790776 309 101648 2
S 46801775 309 101650 2
S 46812775 309 101652 2
S 46823774 309 101646 2
S 46834773 309 101642 2
S 46845773 309 101647 2
S 46856772 309 101647 2
S 46867771 309 101642 2
S 46878771 309 101645 2
S 46889770 309 101645 2
S 46900769 309 101642 2
S 46911768 309 101646 2
S 46922768 309 101646 2
S 46933767 309 101643 2
S 46944766 309 101643 2
S 46955766 309 101642 2
S 46966765 309 101641 2
S 46977764 309 101645 2
S 46988764 309 101642 2
S 46999763 309 101642 2
S 47010762 309 101639 2
S 47021762 309 101642 2
S 47032761 309 101645 2
S 47043760 309 101639 2
S 47054760 309 101642 2
S 47065759 309 101644 2
S 47076758 309 101647 2
S 47087757 309 101641 2
S 47098757 309 101648 2
S 47109756 309 101643 2
S 47120755 309 101647 2
S 47131755 309 101642 2
S 47142754 309 101648 2
S 47153753 309 101645 2
S 47164753 309 101645 2
S 47175752 309 101646 2
S 47186751 309 101648 2
S 47197751 309 101648 2
S 47208750 309 101642 2
S 47219749 309 101645 2
S 47230749 309 101644 2
S 47241748 309 101646 2
S 47252747 309 101645 2
S 47263746 309 101645 2
S 47274746 309 101645 2
S 47285745 309 101642 2
S 47296744 309 101640 2
S 47307744 309 101649 2
S 47318743 309 101648 2
S 47329742 309 101652 2
S 47340742 309 101648 2
S 47351741 309 101649 2
S 47362740 309 101648 2
S 47378739 309 101647 2
S 47389739 309 101645 2
S 47400738 309 101640 2
S 47411737 309 101641 2
S 47422737 309 101644 2
S 47433736 309 101643 2
S 47444735 309 101645 2
S 47455734 309 101645 2
S 47466734 309 101644 2
S 47477733 309 101641 2
S 47488732 309 101641 2
S 47499732 309 101645 2
S 47510731 309 101647 2
S 47521730 309 101646 2
S 47532730 309 101644 2
S 47543729 309 101641 2
S 47554728 309 101644 2
S 47565728 309 101646 2
S 47576727 309 101644 2
S 47587726 309 101644 2
S 47598726 309 101648 2
S 47609725 309 101645 2
S 47620724 309 101644 2
S 47631723 309 101647 2
S 47642723 309 101653 2
S 47653722 309 101650 2
S 47664721 309 101644 2
S 47675721 309 101650 2
S 47686720 309 101651 2
S 47697719 309 101644 2
S 47708719 309 101644 2
S 47719718 309 101646 2
S 47730717 309 101649 2
S 47741717 309 101647 2
S 47752716 309 101650 2
S 47763715 309 101651 2
S 47774715 309 101646 2
S 47785714 309 101655 2
S 47796713 309 101656 2
S 47807712 309 101650 2
S 47818712 309 101647 2
S 47829711 309 101647 2
S 47840710 309 101649 2
S 47851710 309 101644 2
S 47862709 309 101647 2
S 47873708 309 101648 2
S 47884708 309 101642 2
S 47895707 309 101644 2
S 47906706 309 101644 2
S 47917706 309 101643 2
S 47928705 309 101645 2
S 47939704 309 101644 2
S 47950704 309 101644 2
S 47961703 309 101647 2
S 47972702 309 101645 2
S 47983701 309 101643 2
S 47994701 309 101647 2
S 48005700 309 101649 2
S 48016699 309 101645 2
S 48027699 309 101644 2
S 48038698 309 101647 2
S 48049697 309 101642 2
S 48060697 309 101646 2
S 48071696 309 101641 2
S 48082695 309 101641 2
S 48093695 309 101644 2
S 48104694 309 101639 2
S 48115693 309 101643 2
S 48126693 309 101648 2
S 48137692 309 101648 2
S 48148691 309 101647 2
S 48159690 309 101647 2
S 48170690 309 101647 2
S 48181689 309 101647 2
S 48192688 309 101647 2
S 48203688 309 101643 2
S 48214687 309 101644 2
S 48225686 309 101650 2
S 48236686 309 101648 2
S 48247685 309 101649 2
S 48258684 309 101646 2
S 48269684 309 101647 2
S 48280683 309 101644 2
S 48291682 309 101644 2
S 48302682 309 101646 2
S 48313681 309 101644 2
S 48324680 309 101650 2
S 48335679 309 101644 2
S 48346679 309 101653 2
S 48357678 309 101651 2
S 48368677 309 101650 2
S 48384676 309 101650 2
S 48395676 309 101653 2
S 48406675 309 101649 2
S 48417674 309 101650 2
S 48428674 309 101649 2
S 48439673 309 101647 2
S 48450672 309 101650 2
S 48461672 309 101649 2
S 48472671 309 101649 2
S 48483670 309 101649 2
S 48494670 309 101653 2
S 48505669 309 101651 2
S 48516668 309 101649 2
S 48527667 309 101645 2
S 48538667 309 101649 2
S 48549666 309 101647 2
S 48560665 309 101654 2
S 48571665 309 101647 2
S 48582664 309 101648 2
S 48593663 309 101650 2
S 48604663 309 101653 2
S 48615662 309 101650 2
S 48626661 309 101648 2
S 48637661 309 101650 2
S 48648660 309 101648 2
S 48659659 309 101648 2
S 48670659 309 101652 2
S 48681658 309 101650 2
S 48692657 309 101650 2
S 48703656 309 101652 2
S 48714656 309 101654 2
S 48725655 309 101651 2
S 48736654 309 101647 2
S 48747654 309 101647 2
S 48758653 309 101648 2
S 48769652 309 101648 2
S 48780652 309 101647 2
S 48791651 309 101648 2
S 48802650 309 101648 2
S 48813650 309 101650 2
S 48824649 309 101648 2
S 48835648 309 101647 2
S 48846648 309 101651 2
S 48857647 309 101650 2
S 48868646 309 101648 2
S 48879645 309 101649 2
S 48890645 309 101644 2
S 48901644 309 101647 2
S 48912643 309 101647 2
S 48923643 309 101649 2
S 48934642 309 101653 2
S 48945641 309 101648 2
S 48956641 309 101649 2
S 48967640 309 101653 2
S 48978639 309 101648 2
S 48989639 309 101655 2
S 49000639 309 101648 2
S 49011637 309 101647 2
S 49022637 309 101647 2
S 49033636 309 101647 2
S 49044635 309 101650 2
S 49055634 309 101647 2
S 49066634 309 101652 2
S 49077633 309 101648 2
S 49088632 309 101651 2
S 49099632 309 101650 2
S 49110631 309 101652 2
S 49121630 309 101650 2
S 49132630 309 101654 2
S 49143629 309 101650 2
S 49154628 309 101647 2
S 49165628 309 101647 2
S 49176627 309 101647 2
S 49187626 309 101650 2
S 49198626 309 101647 2
S 49209625 309 101650 2
S 49220624 309 101648 2
S 49231623 309 101648 2
S 49242623 309 101654 2
S 49253622 309 101647 2
S 49264621 309 101651 2
S 49275621 309 101654 2
S 49286620 309 101650 2
S 49297619 309 101653 2
S 49308619 309 101647 2
S 49319618 309 101648 2
S 49330617 309 101653 2
S 49341617 309 101655 2
S 49352616 309 101649 2
S 49363615 309 101644 2
S 49374615 309 101645 2
S 49390614 309 101650 2
S 49401613 309 101650 2
S 49412612 309 101654 2
S 49423611 309 101649 2
S 49434611 309 101645 2
S 49445610 309 101645 2
S 49456609 309 101644 2
S 49467609 309 101647 2
S 49478608 309 101654 2
S 49489607 309 101652 2
S 49500607 309 101651 2
S 49511606 309 101651 2
S 49522605 309 101649 2
S 49533605 309 101650 2
[[DEBUG]] Starting [[SENSOR TASK]]
[SELFTEST] compensate: T=150 (exp 150)  P=69964 (exp 69964)  -> PASS
#BMP180 v1 fw=1.4.0 temp_ms=1000
[[DEBUG]] BMP180 registered on /dev/bmp180-0
S 46698 309 101650 0
S 51697 309 101659 0
S 56697 309 101650 0
S 61697 309 101650 0
S 66696 309 101659 0
S 71696 309 101650 0
S 76696 309 101653 0
S 81695 309 101644 0
S 86695 309 101650 0
S 91695 309 101656 0
S 96695 309 101644 0
S 101694 309 101650 0
S 106694 309 101659 0
S 111694 309 101650 0
S 116693 309 101650 0
S 121693 309 101650 0
S 126693 309 101653 0
S 131692 309 101638 0
S 136692 309 101641 0
S 141692 309 101650 0
S 146691 309 101644 0
S 151691 309 101659 0
S 156691 309 101650 0
S 161690 309 101650 0
S 166690 309 101650 0
S 171690 309 101653 0
S 176690 309 101650 0
S 181689 309 101650 0
S 186689 309 101650 0
S 191689 309 101656 0
S 196688 309 101650 0
S 201688 309 101650 0
S 206688 309 101659 0
S 211687 309 101650 0
S 216687 309 101647 0
S 221687 309 101650 0
S 226686 309 101650 0
S 231686 309 101653 0
S 236686 309 101650 0
S 241685 309 101662 0
S 246685 309 101665 0
S 251685 309 101650 0
S 256685 309 101659 0
S 261684 309 101653 0
S 266684 309 101650 0
S 271684 309 101653 0
S 276683 309 101665 0
S 281683 309 101665 0
S 286683 309 101659 0
S 291682 309 101650 0
S 296682 309 101650 0
S 301682 309 101650 0
S 306681 309 101644 0
S 311681 309 101644 0
S 316681 309 101650 0
S 321680 309 101650 0
S 326680 309 101656 0
S 331680 309 101650 0
S 336680 309 101659 0
S 341679 309 101653 0
S 346679 309 101647 0
S 351679 309 101653 0
S 356678 309 101650 0
S 361678 309 101650 0
S 366678 309 101653 0
S 371677 309 101659 0
S 376677 309 101653 0
S 381677 309 101659 0
S 386676 309 101656 0
S 391676 309 101653 0
S 396676 309 101644 0
S 401675 309 101653 0
S 406675 309 101650 0
S 411675 309 101650 0
S 416675 309 101659 0
S 421674 309 101650 0
S 426674 309 101659 0
S 431674 309 101644 0
S 436673 309 101650 0
S 441673 309 101653 0
S 446673 309 101650 0
S 451672 309 101644 0
S 456672 309 101650 0
S 461672 309 101653 0
S 466671 309 101653 0
S 471671 309 101650 0
S 476671 309 101650 0
S 481670 309 101665 0
S 486670 309 101659 0
S 491670 309 101650 0
S 496670 309 101659 0
S 501669 309 101659 0
S 506669 309 101650 0
S 511669 309 101644 0
S 516668 309 101644 0
S 521668 309 101656 0
S 526668 309 101650 0
S 531667 309 101650 0
S 536667 309 101659 0
S 541667 309 101659 0
S 546666 309 101650 0
S 551666 309 101650 0
S 556666 309 101650 0
S 561665 309 101644 0
S 566665 309 101650 0
S 571665 309 101656 0
S 576665 309 101659 0
S 581664 309 101653 0
S 586664 309 101650 0
S 591664 309 101662 0
S 596663 309 101656 0
S 601663 309 101644 0
S 606663 309 101653 0
S 611662 309 101665 0
S 616662 309 101653 0
S 621662 309 101653 0
S 626661 309 101656 0
S 631661 309 101662 0
S 636661 309 101650 0
S 641660 309 101665 0
S 646660 309 101653 0
S 651660 309 101650 0
S 656660 309 101644 0
S 661659 309 101656 0
S 666659 309 101665 0
S 671659 309 101659 0
S 676658 309 101665 0
S 681658 309 101659 0
S 686658 309 101653 0
S 691657 309 101653 0
S 696657 309 101650 0
S 701657 309 101650 0
S 706656 309 101644 0
S 711656 309 101650 0
S 716656 309 101653 0
S 721655 309 101650 0
S 726655 309 101653 0
S 731655 309 101650 0
S 736655 309 101659 0
S 741654 309 101656 0
S 746654 309 101653 0
S 751654 309 101662 0
S 756653 309 101662 0
S 761653 309 101653 0
S 766653 309 101656 0
S 771652 309 101653 0
S 776652 309 101653 0
S 781652 309 101653 0
S 786651 309 101662 0
S 791651 309 101659 0
S 796651 309 101662 0
S 801650 309 101659 0
S 806650 309 101656 0
S 811650 309 101665 0
S 816650 309 101659 0
S 821649 309 101659 0
S 826649 309 101659 0
S 831649 309 101665 0
S 836648 309 101665 0
S 841648 309 101662 0
S 846648 309 101656 0
S 851647 309 101650 0
S 856647 309 101650 0
S 861647 309 101659 0
S 866646 309 101656 0
S 871646 309 101659 0
S 876646 309 101650 0
S 881645 309 101662 0
S 886645 309 101659 0
S 891645 309 101659 0
S 896645 309 101650 0
S 901644 309 101662 0
S 906644 309 101659 0
S 911644 309 101662 0
S 916643 309 101665 0
S 921643 309 101659 0
S 926643 309 101650 0
S 931642 309 101667 0
S 936642 309 101656 0
S 941642 309 101653 0
S 946641 309 101662 0
S 951641 309 101650 0
S 956641 309 101667 0
S 961640 309 101659 0
S 966640 309 101665 0
S 971640 309 101659 0
S 976640 309 101665 0
S 981639 309 101670 0
S 986639 309 101665 0
S 991639 309 101653 0
S 996638 309 101659 0
S 1001639 309 101659 0
S 1006638 309 101667 0
S 1011637 309 101650 0
S 1016637 309 101650 0
S 1021637 309 101665 0
S 1026643 309 101659 0
S 1036636 309 101649 0
S 1041635 309 101652 0
S 1046635 309 101652 0
S 1051635 309 101652 0
S 1056635 309 101652 0
S 1061634 309 101652 0
S 1066634 309 101652 0
S 1071634 309 101649 0
S 1076640 309 101646 0
S 1081633 309 101649 0
S 1086633 309 101652 0
S 1091632 309 101646 0
S 1096632 309 101646 0
S 1101632 309 101652 0
S 1106631 309 101643 0
S 1111638 309 101652 0
S 1116631 309 101652 0
S 1121630 309 101655 0
S 1126630 309 101655 0
S 1131630 309 101661 0
S 1136630 309 101643 0
S 1141629 309 101641 0
S 1146636 309 101649 0
S 1151629 309 101652 0
S 1156628 309 101658 0
S 1161628 309 101652 0
S 1166628 309 101646 0
S 1171627 309 101649 0
S 1176627 309 101655 0
S 1181634 309 101646 0
S 1186626 309 101655 0
S 1191626 309 101646 0
S 1196626 309 101652 0
S 1201625 309 101643 0
S 1206625 309 101652 0
S 1211625 309 101646 0
S 1216632 309 101652 0
S 1221624 309 101652 0
S 1226624 309 101646 0
S 1231624 309 101652 0
S 1236623 309 101655 0
S 1241623 309 101646 0
S 1246623 309 101655 0
S 1251622 309 101652 0
S 1256622 309 101652 0
S 1261622 309 101649 0
S 1266628 309 101643 0
S 1271621 309 101641 0
S 1276621 309 101652 0
S 1281620 309 101643 0
S 1286620 309 101652 0
S 1291620 309 101649 0
S 1296620 309 101652 0
S 1301626 309 101652 0
S 1306619 309 101655 0
S 1311619 309 101649 0
S 1316618 309 101661 0
S 1321618 309 101652 0
S 1326618 309 101652 0
S 1331617 309 101641 0
S 1336624 309 101638 0
S 1341617 309 101652 0
S 1346616 309 101646 0
S 1351616 309 101643 0
S 1356616 309 101641 0
S 1361615 309 101646 0
S 1366615 309 101652 0
S 1371622 309 101652 0
S 1376615 309 101649 0
S 1381614 309 101655 0
S 1386614 309 101652 0
S 1391614 309 101649 0
S 1396613 309 101649 0
S 1401613 309 101652 0
S 1406613 309 101655 0
S 1411612 309 101652 0
S 1416612 309 101649 0
S 1421612 309 101649 0
S 1426611 309 101649 0
S 1431611 309 101649 0
S 1436611 309 101652 0
S 1441610 309 101649 0
S 1446610 309 101649 0
S 1451610 309 101655 0
S 1456617 309 101661 0
S 1461609 309 101649 0
S 1466609 309 101643 0
S 1471609 309 101655 0
S 1476608 309 101643 0
S 1481608 309 101638 0
S 1486608 309 101643 0
S 1491614 309 101652 0
S 1496607 309 101655 0
S 1501607 309 101655 0
S 1506606 309 101655 0
S 1511606 309 101652 0
S 1516606 309 101652 0
S 1521605 309 101646 0
S 1526612 309 101649 0
S 1531605 309 101638 0
S 1536605 309 101641 0
S 1541604 309 101652 0
S 1546604 309 101652 0
S 1551604 309 101649 0
S 1556603 309 101649 0
S 1561610 309 101646 0
S 1566603 309 101646 0
S 1571602 309 101652 0
S 1576602 309 101652 0
S 1581602 309 101646 0
S 1586601 309 101646 0
S 1591601 309 101646 0
S 1596601 309 101638 0
S 1601600 309 101649 0
S 1606600 309 101649 0
S 1611600 309 101652 0
S 1616600 309 101652 0
S 1621599 309 101646 0
S 1626599 309 101649 0
S 1631599 309 101646 0
S 1636598 309 101652 0
S 1641598 309 101652 0
S 1646605 309 101646 0
S 1651597 309 101649 0
S 1656597 309 101652 0
S 1661597 309 101649 0
S 1666596 309 101652 0
S 1671596 309 101652 0
S 1676596 309 101641 0
S 1681603 309 101643 0
S 1686595 309 101655 0
S 1691595 309 101646 0
S 1696595 309 101643 0
S 1701594 309 101638 0
S 1706594 309 101652 0
S 1711594 309 101649 0
S 1716600 309 101652 0
S 1721593 309 101655 0
S 1726593 309 101649 0
S 1731592 309 101646 0
S 1736592 309 101652 0
S 1741592 309 101646 0
S 1746591 309 101649 0
S 1751591 309 101649 0
S 1756591 309 101649 0
S 1761590 309 101643 0
S 1766590 309 101652 0
S 1771590 309 101638 0
S 1776590 309 101641 0
S 1781589 309 101643 0
S 1786589 309 101652 0
S 1791589 309 101649 0
S 1796588 309 101661 0
S 1801595 309 101638 0
S 1806588 309 101649 0
S 1811587 309 101646 0
S 1816587 309 101649 0
S 1821587 309 101655 0
S 1826586 309 101652 0
S 1831586 309 101646 0
S 1836593 309 101655 0
S 1841585 309 101655 0
S 1846585 309 101649 0
S 1851585 309 101652 0
S 1856585 309 101652 0
S 1861584 309 101649 0
S 1866584 309 101649 0
S 1871584 309 101649 0
S 1876583 309 101652 0
S 1881583 309 101652 0
S 1886583 309 101643 0
S 1891582 309 101646 0
S 1896582 309 101649 0
S 1901582 309 101646 0
S 1906581 309 101646 0
S 1911581 309 101646 0
S 1916581 309 101646 0
S 1921580 309 101638 0
S 1926580 309 101643 0
S 1931580 309 101649 0
S 1936580 309 101652 0
S 1941579 309 101649 0
S 1946579 309 101641 0
S 1951579 309 101643 0
S 1956578 309 101649 0
S 1961578 309 101646 0
S 1966578 309 101652 0
S 1971577 309 101649 0
S 1976577 309 101652 0
S 1981577 309 101652 0
S 1986576 309 101649 0
S 1991583 309 101649 0
S 1996576 309 101652 0
S 2001576 309 101652 0
S 2006575 309 101655 0
S 2011575 309 101652 0
S 2016575 309 101649 0
S 2021574 309 101646 0
S 2026581 309 101652 0
S 2031574 309 101652 0
S 2041573 308 101652 0
S 2046573 308 101649 0
S 2051572 308 101646 0
S 2056572 308 101649 0
S 2061572 308 101652 0
S 2066571 308 101655 0
S 2071571 308 101652 0
S 2076571 308 101643 0
S 2081570 308 101655 0
S 2086570 308 101646 0
S 2091570 308 101646 0
S 2096570 308 101652 0
S 2101569 308 101652 0
S 2106569 308 101655 0
S 2111569 308 101646 0
S 2116568 308 101649 0
S 2121568 308 101655 0
S 2126568 308 101649 0
S 2131567 308 101649 0
S 2136567 308 101652 0
S 2141567 308 101652 0
S 2146566 308 101646 0
S 2151566 308 101649 0
S 2156566 308 101649 0
S 2161565 308 101649 0
S 2166565 308 101643 0
S 2171565 308 101655 0
S 2176565 308 101646 0
S 2181571 308 101652 0
S 2186564 308 101646 0
S 2191564 308 101646 0
S 2196563 308 101638 0
S 2201563 308 101652 0
S 2206563 308 101652 0
S 2211562 308 101652 0
S 2216562 308 101643 0
S 2221562 308 101641 0
S 2226561 308 101643 0
S 2231561 308 101646 0
S 2236561 308 101649 0
S 2241560 308 101658 0
S 2246560 308 101643 0
S 2251560 308 101649 0
S 2256560 308 101641 0
S 2261559 308 101652 0
S 2266559 308 101646 0
S 2271559 308 101652 0
S 2276558 308 101649 0
S 2281558 308 101652 0
S 2286558 308 101646 0
S 2291557 308 101652 0
S 2296557 308 101652 0
S 2301557 308 101652 0
S 2306556 308 101652 0
S 2311556 308 101646 0
S 2316556 308 101638 0
S 2321555 308 101638 0
S 2326555 308 101646 0
S 2331555 308 101652 0
S 2336562 308 101652 0
S 2341554 308 101646 0
S 2346554 308 101652 0
S 2351554 308 101658 0
S 2356553 308 101641 0
S 2361553 308 101638 0
S 2366553 308 101646 0
S 2371559 308 101643 0
S 2376552 308 101646 0
S 2381552 308 101641 0
S 2386551 308 101641 0
S 2391551 308 101652 0
S 2396551 308 101652 0
S 2401550 308 101646 0
S 2406550 308 101646 0
S 2411550 308 101646 0
S 2416550 308 101646 0
S 2421549 308 101646 0
S 2426549 308 101638 0
S 2431549 308 101649 0
S 2436548 308 101646 0
S 2441548 308 101646 0
S 2446548 308 101655 0
S 2451547 308 101652 0
S 2456547 308 101646 0
S 2461547 308 101646 0
S 2466546 308 101646 0
S 2471546 308 101652 0
S 2476546 308 101655 0
S 2481545 308 101652 0
S 2486545 308 101649 0
S 2491545 308 101652 0
S 2496545 308 101646 0
S 2501544 308 101641 0
S 2506544 308 101655 0
S 2511544 308 101646 0
S 2516543 308 101641 0
S 2521543 308 101652 0
S 2526550 308 101638 0
S 2531542 308 101641 0
S 2536542 308 101652 0
S 2541542 308 101652 0
S 2546541 308 101646 0
S 2551541 308 101649 0
S 2579539 308 101648 1
S 2586539 308 101638 1
S 2593538 308 101638 1
S 2600538 308 101643 1
S 2607538 308 101638 1
S 2614537 308 101639 1
S 2621537 308 101645 1
S 2628536 308 101643 1
S 2635536 308 101641 1
S 2642535 308 101646 1
S 2649535 308 101639 1
S 2656535 308 101638 1
S 2663534 308 101646 1
S 2670534 308 101645 1
S 2677533 308 101642 1
S 2684533 308 101648 1
S 2691532 308 101642 1
S 2698532 308 101643 1
S 2705531 308 101645 1
S 2712531 308 101648 1
S 2719531 308 101645 1
S 2726530 308 101636 1
S 2733530 308 101638 1
S 2740529 308 101646 1
S 2747529 308 101649 1
S 2754528 308 101641 1
S 2761528 308 101645 1
S 2768528 308 101649 1
S 2775527 308 101642 1
S 2782527 308 101645 1
S 2789526 308 101645 1
S 2796526 308 101643 1
S 2803525 308 101643 1
S 2810525 308 101639 1
S 2817524 308 101642 1
S 2824524 308 101639 1
S 2831524 308 101646 1
S 2838523 308 101642 1
S 2845523 308 101639 1
S 2852522 308 101651 1
S 2859522 308 101649 1
S 2866521 308 101649 1
S 2873521 308 101643 1
S 2880521 308 101649 1
S 2887520 308 101645 1
S 2894520 308 101651 1
S 2901519 308 101642 1
S 2908519 308 101654 1
S 2915518 308 101643 1
S 2922518 308 101649 1
S 2929517 308 101643 1
S 2936517 308 101649 1
S 2943517 308 101643 1
S 2950516 308 101652 1
S 2957516 308 101651 1
S 2964515 308 101645 1
S 2971515 308 101649 1
S 2978514 308 101639 1
S 2985514 308 101641 1
S 2992514 308 101643 1
S 2999513 308 101638 1
S 3006513 308 101642 1
S 3013512 308 101643 1
S 3020512 308 101649 1
S 3027511 308 101643 1
S 3034511 308 101639 1
S 3041510 308 101643 1
S 3053510 309 101649 1
S 3060509 309 101654 1
S 3067509 309 101647 1
S 3074508 309 101644 1
S 3081508 309 101652 1
S 3088508 309 101648 1
S 3095507 309 101647 1
S 3102507 309 101647 1
S 3109506 309 101648 1
S 3116506 309 101648 1
S 3123505 309 101647 1
S 3130505 309 101644 1
S 3137504 309 101647 1
S 3144504 309 101645 1
S 3151504 309 101647 1
S 3158503 309 101648 1
S 3165503 309 101647 1
S 3172502 309 101642 1
S 3179502 309 101642 1
S 3186501 309 101644 1
S 3193501 309 101651 1
S 3200501 309 101639 1
S 3207500 309 101642 1
S 3214500 309 101645 1
S 3221499 309 101651 1
S 3228499 309 101644 1
S 3235498 309 101648 1
S 3242498 309 101648 1
S 3249497 309 101654 1
S 3256497 309 101647 1
S 3263497 309 101645 1
S 3270496 309 101649 1
S 3277496 309 101654 1
S 3284495 309 101647 1
S 3291495 309 101651 1
S 3298494 309 101651 1
S 3305494 309 101655 1
S 3312494 309 101649 1
S 3319493 309 101644 1
S 3326493 309 101652 1
S 3333492 309 101651 1
S 3340492 309 101645 1
S 3347491 309 101649 1
S 3354491 309 101649 1
S 3361490 309 101654 1
S 3368490 309 101655 1
S 3375490 309 101639 1
S 3382489 309 101651 1
S 3389489 309 101654 1
S 3396488 309 101647 1
S 3403488 309 101648 1
S 3410487 309 101652 1
S 3417487 309 101651 1
S 3424487 309 101651 1
S 3431486 309 101649 1
S 3438486 309 101642 1
S 3445485 309 101654 1
S 3452485 309 101648 1
S 3459484 309 101648 1
S 3466484 309 101647 1
S 3473483 309 101648 1
S 3480483 309 101655 1
S 3487483 309 101648 1
S 3494482 309 101651 1
S 3501482 309 101649 1
S 3508481 309 101654 1
S 3515481 309 101647 1
S 3522480 309 101649 1
S 3529480 309 101644 1
S 3536480 309 101647 1
S 3543479 309 101652 1
S 3550479 309 101644 1
S 3557478 309 101655 1
S 3564478 309 101652 1
S 3571477 309 101645 1
S 3578477 309 101651 1
S 3585476 309 101652 1
S 3592476 309 101652 1
S 3599476 309 101648 1
S 3606475 309 101647 1
S 3613475 309 101654 1
S 3620474 309 101647 1
S 3627474 309 101642 1
S 3634473 309 101647 1
S 3641473 309 101647 1
S 3648473 309 101648 1
S 3655472 309 101652 1
S 3662472 309 101655 1
S 3669471 309 101649 1
S 3676471 309 101651 1
S 3683470 309 101652 1
S 3690470 309 101651 1
S 3697469 309 101655 1
S 3704469 309 101655 1
S 3711469 309 101651 1
S 3718468 309 101654 1
S 3725468 309 101645 1
S 3732467 309 101651 1
S 3739467 309 101657 1
S 3746466 309 101651 1
S 3753466 309 101647 1
S 3760466 309 101645 1
S 3767465 309 101649 1
S 3774465 309 101642 1
S 3781464 309 101647 1
S 3788464 309 101654 1
S 3795463 309 101648 1
S 3802463 309 101645 1
S 3809462 309 101648 1
S 3816462 309 101647 1
S 3823462 309 101652 1
S 3830461 309 101651 1
S 3837461 309 101655 1
S 3844460 309 101660 1
S 3851460 309 101652 1
S 3858459 309 101654 1
S 3865459 309 101649 1
S 3872459 309 101660 1
S 3879458 309 101652 1
S 3886458 309 101654 1
S 3893457 309 101654 1
S 3900457 309 101651 1
S 3907456 309 101654 1
S 3914456 309 101657 1
S 3921455 309 101644 1
S 3928455 309 101647 1
S 3935455 309 101654 1
S 3942454 309 101651 1
S 3949454 309 101655 1
S 3956453 309 101663 1
S 3963453 309 101657 1
S 3970452 309 101654 1
S 3977452 309 101647 1
S 3984452 309 101654 1
S 3991451 309 101657 1
S 3998451 309 101657 1
S 4005450 309 101652 1
S 4012450 309 101655 1
S 4019449 309 101652 1
S 4026449 309 101655 1
S 4033448 309 101657 1
S 4040448 309 101654 1
S 4047448 309 101658 1
S 4059447 309 101661 1
S 4066446 309 101652 1
S 4073446 309 101655 1
S 4080446 309 101657 1
S 4087445 309 101657 1
S 4094445 309 101660 1
S 4101444 309 101655 1
S 4108444 309 101655 1
S 4115443 309 101651 1
S 4122443 309 101655 1
S 4129442 309 101657 1
S 4136442 309 101657 1
S 4143442 309 101655 1
S 4150441 309 101651 1
S 4157441 309 101648 1
S 4164440 309 101651 1
S 4171440 309 101648 1
S 4178439 309 101652 1
S 4185439 309 101645 1
S 4192439 309 101644 1
S 4199438 309 101647 1
S 4206438 309 101655 1
S 4213437 309 101644 1
S 4220437 309 101645 1
S 4227436 309 101657 1
S 4234436 309 101649 1
S 4241435 309 101652 1
S 4248435 309 101654 1
S 4255435 309 101647 1
S 4262434 309 101652 1
S 4269434 309 101654 1
S 4276433 309 101644 1
S 4283433 309 101654 1
S 4290432 309 101649 1
S 4297432 309 101647 1
S 4304432 309 101648 1
S 4311431 309 101658 1
S 4318431 309 101654 1
S 4325430 309 101651 1
S 4332430 309 101651 1
S 4339429 309 101649 1
S 4346429 309 101644 1
S 4353428 309 101648 1
S 4360428 309 101647 1
S 4367428 309 101648 1
S 4374427 309 101645 1
S 4381427 309 101651 1
S 4388426 309 101648 1
S 4395426 309 101647 1
S 4402425 309 101651 1
S 4409425 309 101649 1
S 4416425 309 101652 1
S 4423424 309 101651 1
S 4430424 309 101652 1
S 4437423 309 101654 1
S 4444423 309 101649 1
S 4451422 309 101648 1
S 4458422 309 101657 1
S 4465421 309 101655 1
S 4472421 309 101649 1
S 4479421 309 101655 1
S 4486420 309 101644 1
S 4493420 309 101649 1
S 4500419 309 101652 1
S 4507419 309 101648 1
S 4514418 309 101648 1
S 4521418 309 101657 1
S 4528418 309 101651 1
S 4535417 309 101655 1
S 4542417 309 101651 1
S 4549416 309 101651 1
S 4556416 309 101649 1
S 4563415 309 101658 1
S 4570415 309 101660 1
S 4577414 309 101645 1
S 4584414 309 101657 1
S 4591414 309 101652 1
S 4598413 309 101652 1
S 4605413 309 101655 1
S 4612412 309 101655 1
S 4619412 309 101649 1
S 4626411 309 101651 1
S 4633411 309 101647 1
S 4640411 309 101648 1
S 4647410 309 101645 1
S 4654410 309 101649 1
S 4661409 309 101651 1
S 4668409 309 101649 1
S 4675408 309 101654 1
S 4682408 309 101645 1
S 4689407 309 101651 1
S 4696407 309 101658 1
S 4703407 309 101649 1
S 4710406 309 101641 1
S 4717406 309 101648 1
S 4724405 309 101647 1
S 4731405 309 101652 1
S 4738404 309 101645 1
S 4745404 309 101647 1
S 4752404 309 101642 1
S 4759403 309 101654 1
S 4766403 309 101652 1
S 4773402 309 101655 1
S 4780402 309 101652 1
S 4787401 309 101651 1
S 4794401 309 101648 1
S 4801400 309 101654 1
S 4808400 309 101647 1
S 4815400 309 101652 1
S 4822399 309 101651 1
S 4829399 309 101645 1
S 4836398 309 101649 1
S 4843398 309 101647 1
S 4850397 309 101652 1
S 4857397 309 101657 1
S 4864397 309 101649 1
S 4871396 309 101649 1
S 4878396 309 101654 1
S 4885395 309 101651 1
S 4892395 309 101645 1
S 4899394 309 101649 1
S 4906394 309 101655 1
S 4913393 309 101654 1
S 4920393 309 101644 1
S 4927393 309 101645 1
S 4934392 309 101649 1
S 4941392 309 101648 1
S 4948391 309 101649 1
S 4955391 309 101654 1
S 4962390 309 101651 1
S 4969390 309 101648 1
S 4976390 309 101654 1
S 4983389 309 101654 1
S 4990389 309 101651 1
S 4997388 309 101649 1
S 5004388 309 101654 1
S 5011387 309 101651 1
S 5018387 309 101645 1
S 5025386 309 101654 1
S 5032386 309 101657 1
S 5039386 309 101652 1
S 5046385 309 101652 1
S 5053385 309 101647 1
S 5065384 308 101648 1
S 5072384 308 101648 1
S 5079383 308 101642 1
S 5086383 308 101652 1
S 5093382 308 101651 1
S 5100382 308 101646 1
S 5107381 308 101655 1
S 5114381 308 101648 1
S 5121380 308 101646 1
S 5128380 308 101649 1
S 5135380 308 101648 1
S 5142379 308 101651 1
S 5149379 308 101639 1
S 5156378 308 101651 1
S 5163378 308 101654 1
S 5170377 308 101642 1
S 5177377 308 101651 1
S 5184377 308 101651 1
S 5191376 308 101649 1
S 5198376 308 101642 1
S 5205375 308 101639 1
S 5212375 308 101642 1
S 5219374 308 101645 1
S 5226374 308 101642 1
S 5233373 308 101646 1
S 5240373 308 101642 1
S 5247373 308 101648 1
S 5254372 308 101646 1
S 5261372 308 101649 1
S 5268371 308 101645 1
S 5275371 308 101646 1
S 5282370 308 101649 1
S 5289370 308 101645 1
S 5296370 308 101648 1
S 5303369 308 101649 1
S 5310369 308 101649 1
S 5317368 308 101646 1
S 5324368 308 101646 1
S 5331367 308 101652 1
S 5338367 308 101645 1
S 5345366 308 101645 1
S 5352366 308 101654 1
S 5359366 308 101648 1
S 5366365 308 101646 1
S 5373365 308 101651 1
S 5380364 308 101643 1
S 5387364 308 101641 1
S 5394363 308 101645 1
S 5401363 308 101651 1
S 5408363 308 101649 1
S 5415362 308 101642 1
S 5422362 308 101641 1
S 5429361 308 101636 1
S 5436361 308 101643 1
S 5443360 308 101648 1
S 5450360 308 101638 1
S 5457359 308 101638 1
S 5464359 308 101648 1
S 5471359 308 101641 1
S 5478358 308 101645 1
S 5485358 308 101642 1
S 5492357 308 101639 1
S 5499357 308 101643 1
S 5506356 308 101642 1
S 5513356 308 101643 1
S 5520356 308 101646 1
S 5527355 308 101638 1
S 5534355 308 101638 1
S 5541354 308 101643 1
S 5548354 308 101641 1
S 5555353 308 101648 1
S 5562353 308 101648 1
S 5569352 308 101642 1
S 5576352 308 101641 1
S 5583352 308 101646 1
S 5590351 308 101646 1
S 5597351 308 101648 1
S 5604350 308 101651 1
S 5611350 308 101645 1
S 5618349 308 101638 1
S 5625349 308 101645 1
S 5632349 308 101643 1
S 5639348 308 101641 1
S 5646348 308 101646 1
S 5653347 308 101651 1
S 5660347 308 101649 1
S 5667346 308 101645 1
S 5674346 308 101645 1
S 5681345 308 101645 1
S 5688345 308 101652 1
S 5695345 308 101646 1
S 5702344 308 101649 1
S 5709344 308 101649 1
S 5716343 308 101648 1
S 5723343 308 101645 1
S 5730342 308 101648 1
S 5737342 308 101646 1
S 5744342 308 101643 1
S 5751341 308 101643 1
S 5758341 308 101639 1
S 5765340 308 101652 1
S 5772340 308 101652 1
S 5779339 308 101649 1
S 5786339 308 101646 1
S 5793338 308 101639 1
S 5800338 308 101638 1
S 5807338 308 101643 1
S 5814337 308 101643 1
S 5821337 308 101641 1
S 5828336 308 101641 1
S 5835336 308 101648 1
[[DEBUG]] Starting [[SENSOR TASK]]
[SELFTEST] compensate: T=150 (exp 150)  P=69964 (exp 69964)  -> PASS
#BMP180 v1 fw=1.4.0 temp_ms=1000
[[DEBUG]] BMP180 registered on /dev/bmp180-0
S 46698 307 101649 0
S 51697 307 101640 0
S 56697 307 101649 0
S 61697 307 101649 0
S 66696 307 101649 0
S 71696 307 101634 0
S 76696 307 101652 0
S 81695 307 101640 0
S 86695 307 101649 0
S 91695 307 101631 0
S 96695 307 101649 0
S 101694 307 101649 0
S 106694 307 101640 0
S 111694 307 101640 0
S 116693 307 101649 0
S 121693 307 101649 0
S 126693 307 101649 0
S 131692 307 101634 0
S 136692 307 101649 0
S 141692 307 101634 0
S 146691 307 101637 0
S 151691 307 101637 0
S 156691 307 101649 0
S 161690 307 101649 0
S 166690 307 101631 0
S 171690 307 101631 0
S 176690 307 101637 0
S 181689 307 101649 0
S 186689 307 101640 0
S 191689 307 101637 0
S 196688 307 101628 0
S 201688 307 101631 0
S 206688 307 101649 0
S 211687 307 101640 0
S 216687 307 101637 0
S 221687 307 101640 0
S 226686 307 101634 0
S 231686 307 101631 0
S 236686 307 101628 0
S 241685 307 101637 0
S 246685 307 101649 0
S 251685 307 101637 0
S 256685 307 101637 0
S 261684 307 101640 0
S 266684 307 101634 0
S 271684 307 101637 0
S 276683 307 101634 0
S 281683 307 101631 0
S 286683 307 101649 0
S 291682 307 101649 0
S 296682 307 101649 0
S 301682 307 101640 0
S 306681 307 101631 0
S 311681 307 101628 0
S 316681 307 101634 0
S 321680 307 101628 0
S 326680 307 101634 0
S 331680 307 101637 0
S 336680 307 101628 0
S 341679 307 101631 0
S 346679 307 101628 0
S 351679 307 101634 0
S 356678 307 101634 0
S 361678 307 101634 0
S 366678 307 101649 0
S 371677 307 101631 0
S 376677 307 101631 0
S 381677 307 101631 0
S 386676 307 101631 0
S 391676 307 101631 0
S 396676 307 101631 0
S 401675 307 101628 0
S 406675 307 101631 0
S 411675 307 101637 0
S 416675 307 101631 0
S 421674 307 101631 0
S 426674 307 101634 0
S 431674 307 101631 0
S 436673 307 101634 0
S 441673 307 101637 0
S 446673 307 101637 0
S 451672 307 101628 0
S 456672 307 101649 0
S 461672 307 101631 0
S 466671 307 101631 0
S 471671 307 101631 0
S 476671 307 101631 0
S 481670 307 101637 0
S 486670 307 101637 0
S 491670 307 101640 0
S 496670 307 101631 0
S 501669 307 101634 0
S 506669 307 101637 0
S 511669 307 101631 0
S 516668 307 101634 0
S 521668 307 101628 0
S 526668 307 101637 0
S 531667 307 101634 0
S 536667 307 101631 0
S 541667 307 101634 0
S 546666 307 101634 0
S 551666 307 101634 0
S 556666 307 101634 0
S 561665 307 101634 0
S 566665 307 101640 0
S 571665 307 101628 0
S 576665 307 101634 0
S 581664 307 101631 0
S 586664 307 101628 0
S 591664 307 101637 0
S 596663 307 101637 0
S 601663 307 101631 0
S 606663 307 101628 0
S 611662 307 101631 0
S 616662 307 101625 0
S 621662 307 101631 0
S 626661 307 101631 0
S 631661 307 101634 0
S 636661 307 101625 0
S 641660 307 101628 0
S 646660 307 101631 0
S 651660 307 101631 0
S 656660 307 101622 0
S 661659 307 101631 0
S 666659 307 101625 0
S 671659 307 101628 0
S 676658 307 101628 0
S 681658 307 101625 0
S 686658 307 101625 0
S 691657 307 101631 0
S 696657 307 101625 0
S 701657 307 101625 0
S 706656 307 101628 0
S 711656 307 101631 0
S 716656 307 101628 0
S 721655 307 101631 0
S 726655 307 101631 0
S 731655 307 101634 0
S 736655 307 101634 0
S 741654 307 101625 0
S 746654 307 101634 0
S 751654 307 101634 0
S 756653 307 101628 0
S 761653 307 101625 0
S 766653 307 101631 0
[[DEBUG]] Starting [[SENSOR TASK]]
[SELFTEST] compensate: T=150 (exp 150)  P=69964 (exp 69964)  -> PASS
#BMP180 v1 fw=1.4.0 temp_ms=1000
[DEBUG] [ERROR] BMP180 registration failed (RTEMS_IO_ERROR)
open /dev/bmp180-0: No such file or directory
E 19417 19
