# capture_start_utc=2026-08-30T11:16:40Z
Lª²ÂÊ’ÂšŠ‚Šº’š‚j
S 190689 283 101720 0
S 195688 283 101720 0
S 200688 283 101717 0
S 205688 283 101720 0
S 210687 283 101731 0
S 215687 283 101731 0
S 220687 283 101731 0
S 225687 283 101720 0
S 230686 283 101717 0
S 235686 283 101714 0
S 240686 283 101717 0
S 245685 283 101714 0
S 250685 283 101720 0
S 255685 283 101708 0
S 260684 283 101717 0
S 265684 283 101711 0
S 270684 283 101717 0
S 275683 283 101720 0
S 280683 283 101717 0
S 285683 283 101720 0
S 290682 283 101717 0
S 295682 283 101720 0
S 300682 283 101717 0
S 305682 283 101720 0
S 310681 283 101714 0
S 315681 283 101731 0
S 320681 283 101717 0
S 325680 283 101714 0
S 330680 283 101717 0
S 335680 283 101720 0
S 340679 283 101714 0
S 345679 283 101717 0
S 350679 283 101717 0
[[DEBUG]] Starting [[SENSOR TASK]]
[SELFTEST] compensate: T=150 (exp 150)  P=69964 (exp 69964)  -> PASS
#BMP180 v1 fw=1.5.0 temp_ms=1000
[[DEBUG]] BMP180 registered on /dev/bmp180-0
S 46698 283 101729 0
S 51697 283 101729 0
S 56697 283 101732 0
S 61697 283 101723 0
S 66696 283 101735 0
S 71696 283 101726 0
S 76696 283 101732 0
S 81696 283 101729 0
S 86695 283 101729 0
S 91695 283 101720 0
S 96695 283 101738 0
S 101694 283 101732 0
S 106694 283 101720 0
S 111694 283 101714 0
S 116693 283 101723 0
S 121693 283 101726 0
S 126693 283 101726 0
S 131692 283 101732 0
S 136692 283 101729 0
S 141692 283 101738 0
S 146691 283 101726 0
S 151691 283 101720 0
S 156691 283 101726 0
S 161691 283 101726 0
S 166690 283 101723 0
S 171690 283 101723 0
S 176690 283 101726 0
S 181689 283 101723 0
S 186689 283 101726 0
S 191689 283 101732 0
S 196688 283 101726 0
S 201688 283 101723 0
S 206688 283 101729 0
S 211687 283 101723 0
S 216687 283 101717 0
S 221687 283 101723 0
S 226686 283 101723 0
S 231686 283 101723 0
S 236686 283 101720 0
S 241686 283 101723 0
S 246685 283 101726 0
S 251685 283 101723 0
S 256685 283 101717 0
S 261684 283 101720 0
S 266684 283 101723 0
S 271684 283 101720 0
S 276683 283 101714 0
S 281683 283 101720 0
S 286683 283 101723 0
S 291682 283 101723 0
S 296682 283 101720 0
S 301682 283 101723 0
S 306681 283 101723 0
S 311681 283 101729 0
S 316681 283 101720 0
S 321681 283 101723 0
S 326680 283 101726 0
S 331680 283 101720 0
S 336680 283 101726 0
S 341679 283 101723 0
S 346679 283 101714 0
S 351679 283 101717 0
S 356678 283 101726 0
S 361678 283 101711 0
S 366678 283 101717 0
S 371677 283 101720 0
S 376677 283 101720 0
S 381677 283 101720 0
S 386676 283 101723 0
S 391676 283 101717 0
S 396676 283 101726 0
S 401676 283 101723 0
S 406675 283 101717 0
S 411675 283 101714 0
S 416675 283 101726 0
S 421674 283 101723 0
S 426674 283 101720 0
S 431674 283 101711 0
S 436673 283 101717 0
S 441673 283 101723 0
S 446673 283 101720 0
S 451672 283 101723 0
S 456672 283 101732 0
S 461672 283 101723 0
S 466671 283 101723 0
S 471671 283 101720 0
S 476671 283 101726 0
S 481671 283 101723 0
S 486670 283 101714 0
S 491670 283 101717 0
S 496670 283 101717 0
S 501669 283 101714 0
S 506669 283 101714 0
S 511669 283 101714 0
S 516668 283 101723 0
S 521668 283 101720 0
S 526668 283 101726 0
S 531667 283 101720 0
S 536667 283 101720 0
S 541667 283 101711 0
S 546666 283 101720 0
S 551666 283 101720 0
S 556666 283 101729 0
S 561666 283 101726 0
S 566665 283 101714 0
S 571665 283 101720 0
S 576665 283 101714 0
S 581664 283 101717 0
S 586664 283 101720 0
S 591664 283 101711 0
S 596663 283 101726 0
S 601663 283 101714 0
S 606663 283 101708 0
S 611662 283 101717 0
S 616662 283 101714 0
S 621662 283 101711 0
S 626661 283 101711 0
S 631661 283 101714 0
S 636661 283 101711 0
S 641661 283 101711 0
S 646660 283 101705 0
S 651660 283 101720 0
S 656660 283 101717 0
S 661659 283 101711 0
S 666659 283 101711 0
S 671659 283 101705 0
S 676658 283 101711 0
S 681658 283 101720 0
S 686658 283 101717 0
S 691657 283 101711 0
S 696657 283 101711 0
S 701657 283 101717 0
S 706656 283 101720 0
S 711656 283 101714 0
S 716656 283 101714 0
S 721656 283 101723 0
S 726655 283 101714 0
S 731655 283 101714 0
S 736655 283 101705 0
S 741654 283 101711 0
S 746654 283 101711 0
S 751654 283 101711 0
S 756653 283 101717 0
S 761653 283 101711 0
S 766653 283 101711 0
S 771652 283 101705 0
S 776652 283 101711 0
S 781652 283 101711 0
S 786651 283 101702 0
S 791651 283 101708 0
S 796651 283 101711 0
S 801651 283 101705 0
S 806650 283 101720 0
S 811650 283 101714 0
S 816650 283 101711 0
S 821649 283 101720 0
S 826649 283 101720 0
S 831649 283 101711 0
S 836648 283 101711 0
S 841648 283 101714 0
S 846648 283 101711 0
S 851647 283 101705 0
S 856647 283 101711 0
S 861647 283 101717 0
S 866646 283 101711 0
S 871646 283 101711 0
S 876646 283 101714 0
S 881646 283 101711 0
S 886645 283 101711 0
S 891645 283 101711 0
S 896645 283 101708 0
S 901644 283 101717 0
S 906644 283 101705 0
S 911644 283 101711 0
S 916643 283 101711 0
S 921643 283 101711 0
S 926643 283 101711 0
S 931642 283 101711 0
S 936642 283 101717 0
S 941642 283 101714 0
S 946641 283 101711 0
S 951641 283 101714 0
S 956641 283 101711 0
S 961641 283 101711 0
S 966640 283 101711 0
S 971640 283 101711 0
S 976640 283 101714 0
S 981639 283 101711 0
S 986639 283 101705 0
S 991639 283 101705 0
S 996638 283 101708 0
S 1001639 283 101711 0
S 1006638 283 101702 0
S 1011637 283 101705 0
S 1016637 283 101711 0
S 1021637 283 101711 0
S 1026644 283 101711 0
S 1036636 284 101726 0
S 1041636 284 101726 0
S 1046635 284 101729 0
S 1051635 284 101726 0
S 1056635 284 101726 0
S 1061634 284 101726 0
S 1066634 284 101729 0
S 1071634 284 101726 0
S 1076633 284 101726 0
S 1081633 284 101726 0
S 1086633 284 101726 0
S 1091632 284 101726 0
S 1096632 284 101717 0
S 1101632 284 101723 0
S 1106631 284 101720 0
S 1111638 284 101720 0
S 1116631 284 101726 0
S 1121631 284 101732 0
S 1126630 284 101726 0
S 1131630 284 101720 0
S 1136630 284 101720 0
S 1141629 284 101720 0
S 1146636 284 101720 0
S 1151629 284 101717 0
S 1156628 284 101726 0
S 1161628 284 101726 0
S 1166628 284 101729 0
S 1171627 284 101726 0
S 1176627 284 101726 0
S 1181634 284 101729 0
S 1186626 284 101726 0
S 1191626 284 101720 0
S 1196626 284 101726 0
S 1201626 284 101720 0
S 1206625 284 101726 0
S 1211625 284 101720 0
S 1216625 284 101723 0
S 1221624 284 101723 0
S 1226624 284 101720 0
S 1231624 284 101726 0
S 1236623 284 101720 0
S 1241623 284 101729 0
S 1246623 284 101720 0
S 1251622 284 101726 0
S 1256622 284 101726 0
S 1261622 284 101720 0
S 1266621 284 101726 0
S 1271621 284 101726 0
S 1276621 284 101717 0
S 1281621 284 101720 0
S 1286620 284 101726 0
S 1291620 284 101720 0
S 1296620 284 101720 0
S 1301619 284 101720 0
S 1306619 284 101720 0
S 1311619 284 101714 0
S 1316618 284 101720 0
S 1321618 284 101720 0
S 1326618 284 101720 0
S 1331617 284 101720 0
S 1336624 284 101726 0
S 1341617 284 101720 0
S 1346616 284 101726 0
S 1351616 284 101717 0
S 1356616 284 101726 0
S 1361616 284 101714 0
S 1366615 284 101726 0
S 1371615 284 101720 0
S 1376615 284 101720 0
S 1381614 284 101714 0
S 1386614 284 101717 0
S 1391614 284 101720 0
S 1396613 284 101723 0
S 1401613 284 101720 0
S 1406613 284 101714 0
S 1411612 284 101714 0
S 1416612 284 101714 0
S 1421612 284 101717 0
S 1426611 284 101714 0
S 1431611 284 101720 0
S 1436611 284 101720 0
S 1441611 284 101717 0
S 1446610 284 101726 0
S 1451610 284 101720 0
S 1456617 284 101720 0
S 1461609 284 101726 0
S 1466609 284 101723 0
S 1471609 284 101714 0
S 1476608 284 101720 0
S 1481608 284 101717 0
S 1486608 284 101717 0
S 1491614 284 101720 0
S 1496607 284 101717 0
S 1501607 284 101717 0
S 1506606 284 101714 0
S 1511606 284 101717 0
S 1516606 284 101714 0
S 1521606 284 101717 0
S 1526605 284 101729 0
S 1531605 284 101714 0
S 1536605 284 101717 0
S 1541604 284 101714 0
S 1546604 284 101717 0
S 1551604 284 101714 0
S 1556603 284 101717 0
S 1561603 284 101714 0
S 1566603 284 101720 0
S 1571602 284 101720 0
S 1576602 284 101714 0
S 1581602 284 101711 0
S 1586601 284 101723 0
S 1591601 284 101720 0
S 1596601 284 101726 0
S 1601601 284 101720 0
S 1606600 284 101720 0
S 1611600 284 101714 0
S 1616600 284 101717 0
S 1621599 284 101720 0
S 1626599 284 101726 0
S 1631599 284 101717 0
S 1636598 284 101714 0
S 1641598 284 101726 0
S 1646605 284 101714 0
S 1651597 284 101720 0
S 1656597 284 101720 0
S 1661597 284 101717 0
S 1666596 284 101726 0
S 1671596 284 101714 0
S 1676596 284 101711 0
S 1681603 284 101717 0
S 1686595 284 101714 0
S 1691595 284 101714 0
S 1696595 284 101720 0
S 1701594 284 101720 0
S 1706594 284 101720 0
S 1711594 284 101726 0
S 1716593 284 101726 0
S 1721593 284 101714 0
S 1726593 284 101720 0
S 1731592 284 101714 0
S 1736592 284 101720 0
S 1741592 284 101720 0
S 1746591 284 101717 0
S 1751591 284 101717 0
S 1756591 284 101726 0
S 1761591 284 101720 0
S 1766590 284 101720 0
S 1771590 284 101720 0
S 1776590 284 101720 0
S 1781589 284 101717 0
S 1786589 284 101720 0
S 1791589 284 101714 0
S 1796588 284 101720 0
S 1801588 284 101714 0
S 1806588 284 101720 0
S 1811587 284 101720 0
S 1816587 284 101723 0
S 1821587 284 101717 0
S 1826586 284 101720 0
S 1831586 284 101723 0
S 1836593 284 101714 0
S 1841586 284 101714 0
S 1846585 284 101711 0
S 1851585 284 101726 0
S 1856585 284 101714 0
S 1861584 284 101714 0
S 1866584 284 101714 0
S 1871591 284 101714 0
S 1876583 284 101714 0
S 1881583 284 101717 0
S 1886583 284 101711 0
S 1891582 284 101714 0
S 1896582 284 101711 0
S 1901582 284 101711 0
S 1906581 284 101717 0
S 1911581 284 101714 0
S 1916581 284 101714 0
S 1921581 284 101714 0
S 1926580 284 101714 0
S 1931580 284 101714 0
S 1936580 284 101714 0
S 1941579 284 101717 0
S 1946579 284 101720 0
S 1951579 284 101726 0
S 1956578 284 101720 0
S 1961578 284 101714 0
S 1966578 284 101714 0
S 1971577 284 101711 0
S 1976577 284 101717 0
S 1981577 284 101714 0
S 1986576 284 101714 0
S 1991583 284 101714 0
S 1996576 284 101720 0
S 2001576 284 101711 0
S 2006575 284 101714 0
S 2011575 284 101714 0
S 2016575 284 101726 0
S 2021574 284 101714 0
S 2026581 284 101714 0
S 2031574 284 101726 0
S 2041573 284 101723 0
S 2046573 284 101729 0
S 2051572 284 101723 0
S 2056572 284 101723 0
S 2061579 284 101729 0
S 2066571 284 101723 0
S 2071571 284 101726 0
S 2076571 284 101723 0
S 2081571 284 101729 0
S 2086570 284 101735 0
S 2091570 284 101726 0
S 2096570 284 101723 0
S 2101569 284 101723 0
S 2106569 284 101723 0
S 2111569 284 101729 0
S 2116568 284 101726 0
S 2121568 284 101726 0
S 2126568 284 101723 0
S 2131567 284 101726 0
S 2136567 284 101723 0
S 2141567 284 101720 0
S 2146566 284 101723 0
S 2151566 284 101735 0
S 2156566 284 101738 0
S 2161566 284 101723 0
S 2166565 284 101726 0
S 2171565 284 101735 0
S 2176565 284 101726 0
S 2181571 284 101729 0
S 2186564 284 101735 0
S 2191564 284 101726 0
S 2196563 284 101729 0
S 2201563 284 101732 0
S 2206563 284 101729 0
S 2211562 284 101723 0
S 2216569 284 101726 0
S 2221562 284 101723 0
S 2226561 284 101729 0
S 2231561 284 101726 0
S 2236561 284 101723 0
S 2241561 284 101723 0
S 2246560 284 101729 0
S 2251560 284 101726 0
S 2256560 284 101723 0
S 2261559 284 101723 0
S 2266559 284 101723 0
S 2271559 284 101723 0
S 2276558 284 101729 0
S 2281558 284 101723 0
S 2286558 284 101729 0
S 2291557 284 101723 0
S 2296557 284 101726 0
S 2301557 284 101717 0
S 2306556 284 101720 0
S 2311556 284 101720 0
S 2316556 284 101729 0
S 2321556 284 101723 0
S 2326555 284 101723 0
S 2331555 284 101723 0
S 2336555 284 101729 0
S 2341554 284 101723 0
S 2346554 284 101723 0
S 2351554 284 101729 0
S 2356553 284 101720 0
S 2361553 284 101720 0
S 2366553 284 101720 0
S 2371559 284 101723 0
S 2376552 284 101726 0
S 2381552 284 101720 0
S 2386551 284 101726 0
S 2391551 284 101723 0
S 2396551 284 101729 0
S 2401551 284 101729 0
S 2406557 284 101723 0
S 2411550 284 101723 0
S 2416550 284 101723 0
S 2421549 284 101720 0
S 2426549 284 101717 0
S 2431549 284 101720 0
S 2436548 284 101726 0
S 2441548 284 101723 0
S 2446548 284 101723 0
S 2451547 284 101720 0
S 2456547 284 101735 0
S 2461547 284 101729 0
S 2466546 284 101723 0
S 2471546 284 101723 0
S 2476546 284 101723 0
S 2481546 284 101723 0
S 2486545 284 101723 0
S 2491545 284 101726 0
S 2496545 284 101729 0
S 2501544 284 101720 0
S 2506544 284 101729 0
S 2511544 284 101729 0
S 2516543 284 101723 0
S 2521543 284 101729 0
S 2526543 284 101723 0
S 2531542 284 101729 0
S 2536542 284 101729 0
S 2541542 284 101726 0
S 2546541 284 101729 0
S 2551541 284 101729 0
S 2579539 284 101727 1
S 2586539 284 101727 1
S 2593539 284 101729 1
S 2600538 284 101730 1
S 2607538 284 101730 1
S 2614537 284 101727 1
S 2621537 284 101727 1
S 2628536 284 101717 1
S 2635536 284 101719 1
S 2642535 284 101723 1
S 2649535 284 101722 1
S 2656535 284 101722 1
S 2663534 284 101719 1
S 2670534 284 101722 1
S 2677533 284 101716 1
S 2684533 284 101720 1
S 2691532 284 101720 1
S 2698532 284 101719 1
S 2705532 284 101719 1
S 2712531 284 101720 1
S 2719531 284 101720 1
S 2726530 284 101716 1
S 2733530 284 101722 1
S 2740529 284 101720 1
S 2747529 284 101719 1
S 2754528 284 101720 1
S 2761528 284 101725 1
S 2768528 284 101720 1
S 2775527 284 101723 1
S 2782527 284 101722 1
S 2789526 284 101719 1
S 2796526 284 101722 1
S 2803525 284 101719 1
S 2810525 284 101725 1
S 2817525 284 101725 1
S 2824524 284 101722 1
S 2831524 284 101725 1
S 2838523 284 101719 1
S 2845523 284 101723 1
S 2852522 284 101719 1
S 2859522 284 101717 1
S 2866521 284 101716 1
S 2873521 284 101720 1
S 2880521 284 101722 1
S 2887520 284 101723 1
S 2894520 284 101726 1
S 2901519 284 101725 1
S 2908519 284 101722 1
S 2915518 284 101722 1
S 2922518 284 101720 1
S 2929518 284 101723 1
S 2936517 284 101719 1
S 2943517 284 101719 1
S 2950516 284 101720 1
S 2957516 284 101723 1
S 2964515 284 101722 1
S 2971515 284 101717 1
S 2978514 284 101722 1
S 2985514 284 101722 1
S 2992514 284 101719 1
S 2999513 284 101722 1
S 3006513 284 101717 1
S 3013512 284 101720 1
S 3020512 284 101716 1
S 3027511 284 101714 1
S 3034511 284 101717 1
S 3041511 284 101726 1
S 3053510 285 101729 1
S 3060509 285 101729 1
S 3067509 285 101731 1
S 3074508 285 101731 1
S 3081508 285 101728 1
S 3088508 285 101729 1
S 3095507 285 101732 1
S 3102507 285 101728 1
S 3109506 285 101726 1
S 3116506 285 101726 1
S 3123505 285 101725 1
S 3130505 285 101731 1
S 3137505 285 101725 1
S 3144504 285 101725 1
S 3151504 285 101726 1
S 3158503 285 101722 1
S 3165503 285 101726 1
S 3172502 285 101726 1
S 3179502 285 101731 1
S 3186501 285 101726 1
S 3193501 285 101725 1
S 3200501 285 101723 1
S 3207500 285 101725 1
S 3214500 285 101723 1
S 3221499 285 101726 1
S 3228499 285 101723 1
S 3235498 285 101723 1
S 3242498 285 101725 1
S 3249498 285 101729 1
S 3256497 285 101731 1
S 3263497 285 101726 1
S 3270496 285 101725 1
S 3277496 285 101723 1
S 3284495 285 101725 1
S 3291495 285 101723 1
S 3298494 285 101726 1
S 3305494 285 101726 1
S 3312494 285 101729 1
S 3319493 285 101725 1
S 3326493 285 101725 1
S 3333492 285 101731 1
S 3340492 285 101729 1
S 3347491 285 101728 1
S 3354491 285 101725 1
S 3361491 285 101726 1
S 3368490 285 101725 1
S 3375490 285 101728 1
S 3382489 285 101726 1
S 3389489 285 101726 1
S 3396488 285 101731 1
S 3403488 285 101728 1
S 3410487 285 101728 1
S 3417487 285 101729 1
S 3424487 285 101731 1
S 3431486 285 101726 1
S 3438486 285 101728 1
S 3445485 285 101729 1
S 3452485 285 101731 1
S 3459484 285 101726 1
S 3466484 285 101723 1
S 3473484 285 101726 1
S 3480483 285 101728 1
S 3487483 285 101725 1
S 3494482 285 101725 1
S 3501482 285 101726 1
S 3508481 285 101726 1
S 3515481 285 101728 1
S 3522480 285 101723 1
S 3529480 285 101728 1
S 3536480 285 101726 1
S 3543479 285 101729 1
S 3550479 285 101728 1
S 3557478 285 101729 1
S 3564478 285 101729 1
S 3571477 285 101723 1
S 3578477 285 101729 1
S 3585477 285 101729 1
S 3592476 285 101725 1
S 3599476 285 101732 1
S 3606475 285 101725 1
S 3613475 285 101717 1
S 3620474 285 101726 1
S 3627474 285 101729 1
S 3634473 285 101725 1
S 3641473 285 101725 1
S 3648473 285 101728 1
S 3655472 285 101726 1
S 3662472 285 101725 1
S 3669471 285 101723 1
S 3676471 285 101728 1
S 3683470 285 101723 1
S 3690470 285 101722 1
S 3697470 285 101725 1
S 3704469 285 101720 1
S 3711469 285 101723 1
S 3718468 285 101722 1
S 3725468 285 101722 1
S 3732467 285 101722 1
S 3739467 285 101720 1
S 3746466 285 101720 1
S 3753466 285 101722 1
S 3760466 285 101725 1
S 3767465 285 101723 1
S 3774465 285 101723 1
S 3781464 285 101720 1
S 3788464 285 101723 1
S 3795463 285 101722 1
S 3802463 285 101723 1
S 3809463 285 101726 1
S 3816462 285 101723 1
S 3823462 285 101719 1
S 3830461 285 101717 1
S 3837461 285 101722 1
S 3844460 285 101720 1
S 3851460 285 101716 1
S 3858459 285 101725 1
S 3865459 285 101725 1
S 3872459 285 101725 1
S 3879458 285 101723 1
S 3886458 285 101723 1
S 3893457 285 101722 1
S 3900457 285 101720 1
S 3907456 285 101717 1
S 3914456 285 101716 1
S 3921456 285 101720 1
S 3928455 285 101726 1
S 3935455 285 101720 1
S 3942454 285 101722 1
S 3949454 285 101725 1
S 3956453 285 101722 1
S 3963453 285 101720 1
S 3970452 285 101722 1
S 3977452 285 101725 1
S 3984452 285 101726 1
S 3991451 285 101719 1
S 3998451 285 101723 1
S 4005450 285 101723 1
S 4012450 285 101723 1
S 4019449 285 101722 1
S 4026449 285 101717 1
S 4033449 285 101720 1
S 4040448 285 101722 1
S 4047448 285 101726 1
S 4059447 285 101729 1
S 4066446 285 101725 1
S 4073446 285 101729 1
S 4080446 285 101731 1
S 4087445 285 101723 1
S 4094445 285 101720 1
S 4101444 285 101726 1
S 4108444 285 101723 1
S 4115443 285 101728 1
S 4122443 285 101731 1
S 4129443 285 101728 1
S 4136442 285 101728 1
S 4143442 285 101728 1
S 4150441 285 101732 1
S 4157441 285 101731 1
S 4164440 285 101728 1
S 4171440 285 101731 1
S 4178439 285 101729 1
S 4185439 285 101728 1
S 4192439 285 101731 1
S 4199438 285 101731 1
S 4206438 285 101722 1
S 4213437 285 101726 1
S 4220437 285 101728 1
S 4227436 285 101728 1
S 4234436 285 101734 1
S 4241436 285 101728 1
S 4248435 285 101725 1
S 4255435 285 101728 1
S 4262434 285 101731 1
S 4269434 285 101732 1
S 4276433 285 101728 1
S 4283433 285 101734 1
S 4290432 285 101731 1
S 4297432 285 101735 1
S 4304432 285 101731 1
S 4311431 285 101726 1
S 4318431 285 101728 1
S 4325430 285 101723 1
S 4332430 285 101734 1
S 4339429 285 101731 1
S 4346429 285 101726 1
S 4353429 285 101725 1
S 4360428 285 101731 1
S 4367428 285 101732 1
S 4374427 285 101732 1
S 4381427 285 101734 1
S 4388426 285 101728 1
S 4395426 285 101729 1
S 4402425 285 101729 1
S 4409425 285 101725 1
S 4416425 285 101728 1
S 4423424 285 101729 1
S 4430424 285 101716 1
S 4437423 285 101726 1
S 4444423 285 101723 1
S 4451422 285 101728 1
S 4458422 285 101726 1
S 4465422 285 101728 1
S 4472421 285 101726 1
S 4479421 285 101726 1
S 4486420 285 101723 1
S 4493420 285 101728 1
S 4500419 285 101726 1
S 4507419 285 101720 1
S 4514418 285 101726 1
S 4521418 285 101728 1
S 4528418 285 101726 1
S 4535417 285 101725 1
S 4542417 285 101726 1
S 4549416 285 101725 1
S 4556416 285 101728 1
S 4563415 285 101731 1
S 4570415 285 101726 1
S 4577415 285 101729 1
S 4584414 285 101732 1
S 4591414 285 101726 1
S 4598413 285 101732 1
S 4605413 285 101731 1
S 4612412 285 101732 1
S 4619412 285 101728 1
S 4626411 285 101732 1
S 4633411 285 101725 1
S 4640411 285 101722 1
S 4647410 285 101722 1
S 4654410 285 101728 1
S 4661409 285 101723 1
S 4668409 285 101726 1
S 4675408 285 101731 1
S 4682408 285 101729 1
S 4689408 285 101734 1
S 4696407 285 101717 1
S 4703407 285 101729 1
S 4710406 285 101729 1
S 4717406 285 101719 1
S 4724405 285 101729 1
S 4731405 285 101719 1
S 4738404 285 101729 1
S 4745404 285 101729 1
S 4752404 285 101732 1
S 4759403 285 101732 1
S 4766403 285 101731 1
S 4773402 285 101725 1
S 4780402 285 101723 1
S 4787401 285 101720 1
S 4794401 285 101722 1
S 4801401 285 101723 1
S 4808400 285 101717 1
S 4815400 285 101728 1
S 4822399 285 101732 1
S 4829399 285 101726 1
S 4836398 285 101731 1
S 4843398 285 101728 1
S 4850397 285 101732 1
S 4857397 285 101725 1
S 4864397 285 101728 1
S 4871396 285 101726 1
S 4878396 285 101729 1
S 4885395 285 101729 1
S 4892395 285 101728 1
S 4899394 285 101725 1
S 4906394 285 101726 1
S 4913394 285 101728 1
S 4920393 285 101729 1
S 4927393 285 101731 1
S 4934392 285 101722 1
S 4941392 285 101734 1
S 4948391 285 101726 1
S 4955391 285 101729 1
S 4962390 285 101726 1
S 4969390 285 101723 1
S 4976390 285 101725 1
S 4983389 285 101725 1
S 4990389 285 101725 1
S 4997388 285 101728 1
S 5004388 285 101725 1
S 5011387 285 101720 1
S 5018387 285 101725 1
S 5025387 285 101722 1
S 5032386 285 101728 1
S 5039386 285 101723 1
S 5046385 285 101729 1
S 5053385 285 101731 1
S 5065384 285 101734 1
S 5072384 285 101732 1
S 5079383 285 101731 1
S 5086383 285 101738 1
S 5093382 285 101734 1
S 5100382 285 101728 1
S 5107381 285 101732 1
S 5114381 285 101731 1
S 5121381 285 101731 1
S 5128380 285 101732 1
S 5135380 285 101734 1
S 5142379 285 101737 1
S 5149379 285 101729 1
S 5156378 285 101731 1
S 5163378 285 101735 1
S 5170377 285 101725 1
S 5177377 285 101732 1
S 5184377 285 101737 1
S 5191376 285 101731 1
S 5198376 285 101732 1
S 5205375 285 101729 1
S 5212375 285 101729 1
S 5219374 285 101725 1
S 5226374 285 101734 1
S 5233374 285 101731 1
S 5240373 285 101732 1
S 5247373 285 101734 1
S 5254372 285 101728 1
S 5261372 285 101732 1
S 5268371 285 101726 1
S 5275371 285 101728 1
S 5282370 285 101728 1
S 5289370 285 101722 1
S 5296370 285 101723 1
S 5303369 285 101725 1
S 5310369 285 101723 1
S 5317368 285 101728 1
S 5324368 285 101734 1
S 5331367 285 101731 1
S 5338367 285 101732 1
S 5345367 285 101732 1
S 5352366 285 101726 1
S 5359366 285 101728 1
S 5366365 285 101734 1
S 5373365 285 101729 1
S 5380364 285 101722 1
S 5387364 285 101728 1
S 5394363 285 101723 1
S 5401363 285 101734 1
S 5408363 285 101725 1
S 5415362 285 101728 1
S 5422362 285 101723 1
S 5429361 285 101720 1
S 5436361 285 101723 1
S 5443360 285 101732 1
S 5450360 285 101731 1
S 5457360 285 101732 1
S 5464359 285 101725 1
S 5471359 285 101722 1
S 5478358 285 101728 1
S 5485358 285 101725 1
S 5492357 285 101728 1
S 5499357 285 101726 1
S 5506356 285 101726 1
S 5513356 285 101732 1
S 5520356 285 101731 1
S 5527355 285 101732 1
S 5534355 285 101729 1
S 5541354 285 101732 1
S 5548354 285 101728 1
S 5555353 285 101732 1
S 5562353 285 101734 1
S 5569353 285 101732 1
S 5576352 285 101728 1
S 5583352 285 101729 1
S 5590351 285 101725 1
S 5597351 285 101731 1
S 5604350 285 101729 1
S 5611350 285 101726 1
S 5618349 285 101726 1
S 5625349 285 101731 1
S 5632349 285 101735 1
S 5639348 285 101734 1
S 5646348 285 101728 1
S 5653347 285 101731 1
S 5660347 285 101731 1
S 5667346 285 101726 1
S 5674346 285 101728 1
S 5681346 285 101731 1
S 5688345 285 101723 1
S 5695345 285 101729 1
S 5702344 285 101725 1
S 5709344 285 101728 1
S 5716343 285 101726 1
S 5723343 285 101723 1
S 5730342 285 101728 1
S 5737342 285 101728 1
S 5744342 285 101731 1
S 5751341 285 101726 1
S 5758341 285 101731 1
S 5765340 285 101726 1
S 5772340 285 101732 1
S 5779339 285 101728 1
S 5786339 285 101731 1
S 5793339 285 101732 1
S 5800338 285 101732 1
S 5807338 285 101728 1
S 5814337 285 101729 1
S 5821337 285 101725 1
S 5828336 285 101734 1
S 5835336 285 101732 1
S 5842335 285 101729 1
S 5849335 285 101726 1
S 5856335 285 101725 1
S 5863334 285 101729 1
S 5870334 285 101722 1
S 5877333 285 101732 1
S 5884333 285 101728 1
S 5891332 285 101729 1
S 5898332 285 101728 1
S 5905332 285 101731 1
S 5912331 285 101729 1
S 5919331 285 101725 1
S 5926330 285 101731 1
S 5933330 285 101728 1
S 5940329 285 101728 1
S 5947329 285 101729 1
S 5954328 285 101720 1
S 5961328 285 101732 1
S 5968328 285 101728 1
S 5975327 285 101734 1
S 5982327 285 101726 1
S 5989326 285 101734 1
S 5996326 285 101731 1
S 6003325 285 101726 1
S 6010325 285 101725 1
S 6017325 285 101726 1
S 6024324 285 101726 1
S 6031324 285 101732 1
S 6038323 285 101719 1
S 6045323 285 101729 1
S 6052322 285 101728 1
S 6059322 285 101731 1
S 6071321 285 101732 1
S 6078321 285 101732 1
S 6085320 285 101725 1
S 6092320 285 101726 1
S 6136317 285 101728 2
S 6147316 285 101731 2
S 6158316 285 101732 2
S 6169315 285 101727 2
S 6180314 285 101730 2
S 6191314 285 101725 2
S 6202313 285 101725 2
S 6213312 285 101726 2
S 6224312 285 101724 2
S 6235311 285 101720 2
S 6246310 285 101723 2
S 6257310 285 101724 2
S 6268309 285 101720 2
S 6279308 285 101719 2
S 6290307 285 101723 2
S 6301307 285 101717 2
S 6312306 285 101725 2
S 6323305 285 101726 2
S 6334305 285 101727 2
S 6345304 285 101723 2
S 6356303 285 101724 2
S 6367303 285 101728 2
S 6378302 285 101726 2
S 6389301 285 101722 2
S 6400301 285 101720 2
S 6411300 285 101723 2
S 6422299 285 101723 2
S 6433299 285 101718 2
S 6444298 285 101723 2
S 6455297 285 101726 2
S 6466296 285 101730 2
S 6477296 285 101727 2
S 6488295 285 101725 2
S 6499294 285 101727 2
S 6510294 285 101726 2
S 6521293 285 101724 2
S 6532292 285 101725 2
S 6543292 285 101727 2
S 6554291 285 101720 2
S 6565290 285 101723 2
S 6576290 285 101725 2
S 6587289 285 101723 2
S 6598288 285 101730 2
S 6609288 285 101723 2
S 6620287 285 101731 2
S 6631286 285 101733 2
S 6642285 285 101727 2
S 6653285 285 101727 2
S 6664284 285 101728 2
S 6675283 285 101726 2
S 6686283 285 101721 2
S 6697282 285 101723 2
S 6708281 285 101725 2
S 6719281 285 101720 2
S 6730280 285 101724 2
S 6741279 285 101719 2
S 6752279 285 101724 2
S 6763278 285 101723 2
S 6774277 285 101719 2
S 6785277 285 101721 2
S 6796276 285 101723 2
S 6807275 285 101719 2
S 6818274 285 101720 2
S 6829274 285 101722 2
S 6840273 285 101722 2
S 6851272 285 101721 2
S 6862272 285 101719 2
S 6873271 285 101725 2
S 6884270 285 101720 2
S 6895270 285 101720 2
S 6906269 285 101720 2
S 6917268 285 101722 2
S 6928268 285 101714 2
S 6939267 285 101718 2
S 6950266 285 101721 2
S 6961266 285 101716 2
S 6972265 285 101719 2
S 6983264 285 101718 2
S 6994263 285 101723 2
S 7005263 285 101718 2
S 7016262 285 101719 2
S 7027261 285 101720 2
S 7038261 285 101716 2
S 7049260 285 101721 2
S 7060259 285 101726 2
S 7071259 285 101717 2
S 7087258 285 101729 2
S 7098257 285 101731 2
S 7109256 285 101729 2
S 7120256 285 101726 2
S 7131255 285 101729 2
S 7142254 285 101729 2
S 7153254 285 101728 2
S 7164253 285 101725 2
S 7175252 285 101725 2
S 7186251 285 101723 2
S 7197251 285 101727 2
S 7208250 285 101734 2
S 7219249 285 101727 2
S 7230249 285 101730 2
S 7241248 285 101728 2
S 7252247 285 101729 2
S 7263247 285 101727 2
S 7274246 285 101727 2
S 7285245 285 101732 2
S 7296245 285 101729 2
S 7307244 285 101729 2
S 7318243 285 101725 2
S 7329243 285 101729 2
S 7340242 285 101724 2
S 7351241 285 101725 2
S 7362240 285 101725 2
S 7373240 285 101728 2
S 7384239 285 101726 2
S 7395238 285 101723 2
S 7406238 285 101722 2
S 7417237 285 101724 2
S 7428236 285 101724 2
S 7439236 285 101728 2
S 7450235 285 101729 2
S 7461234 285 101729 2
S 7472234 285 101728 2
S 7483233 285 101724 2
S 7494232 285 101732 2
S 7505232 285 101732 2
S 7516231 285 101724 2
S 7527230 285 101726 2
S 7538229 285 101723 2
S 7549229 285 101720 2
S 7560228 285 101728 2
S 7571227 285 101724 2
S 7582227 285 101726 2
S 7593226 285 101718 2
S 7604225 285 101723 2
S 7615225 285 101724 2
S 7626224 285 101723 2
S 7637223 285 101724 2
S 7648223 285 101723 2
S 7659222 285 101723 2
S 7670221 285 101719 2
S 7681221 285 101722 2
S 7692220 285 101725 2
S 7703219 285 101724 2
S 7714218 285 101723 2
S 7725218 285 101721 2
S 7736217 285 101725 2
S 7747216 285 101725 2
S 7758216 285 101725 2
S 7769215 285 101718 2
S 7780214 285 101724 2
S 7791214 285 101726 2
S 7802213 285 101724 2
S 7813212 285 101723 2
S 7824212 285 101725 2
S 7835211 285 101727 2
S 7846210 285 101727 2
S 7857210 285 101733 2
S 7868209 285 101723 2
S 7879208 285 101723 2
S 7890207 285 101724 2
S 7901207 285 101724 2
S 7912206 285 101722 2
S 7923205 285 101724 2
S 7934205 285 101726 2
S 7945204 285 101724 2
S 7956203 285 101731 2
S 7967203 285 101727 2
S 7978202 285 101726 2
S 7989201 285 101724 2
S 8000201 285 101726 2
S 8011200 285 101726 2
S 8022199 285 101723 2
S 8033199 285 101723 2
S 8044198 285 101726 2
S 8055197 285 101728 2
S 8066196 285 101721 2
S 8077196 285 101720 2
S 8093195 285 101723 2
S 8104194 285 101723 2
S 8115193 285 101725 2
S 8126193 285 101723 2
S 8137192 285 101725 2
S 8148191 285 101726 2
S 8159191 285 101724 2
S 8170190 285 101725 2
S 8181189 285 101727 2
S 8192189 285 101725 2
S 8203188 285 101725 2
S 8214187 285 101721 2
S 8225187 285 101722 2
S 8236186 285 101723 2
S 8247185 285 101723 2
S 8258184 285 101723 2
S 8269184 285 101724 2
S 8280183 285 101717 2
S 8291182 285 101722 2
S 8302182 285 101725 2
S 8313181 285 101724 2
S 8324180 285 101723 2
S 8335180 285 101723 2
S 8346179 285 101723 2
S 8357178 285 101723 2
S 8368178 285 101724 2
S 8379177 285 101724 2
S 8390176 285 101720 2
S 8401176 285 101716 2
S 8412175 285 101723 2
S 8423174 285 101729 2
S 8434173 285 101724 2
S 8445173 285 101724 2
S 8456172 285 101722 2
S 8467171 285 101723 2
S 8478171 285 101724 2
S 8489170 285 101720 2
S 8500169 285 101723 2
S 8511169 285 101716 2
S 8522168 285 101724 2
S 8533167 285 101728 2
S 8544167 285 101721 2
S 8555166 285 101723 2
S 8566165 285 101723 2
S 8577165 285 101723 2
S 8588164 285 101723 2
S 8599163 285 101724 2
S 8610162 285 101720 2
S 8621162 285 101726 2
S 8632161 285 101720 2
S 8643160 285 101723 2
S 8654160 285 101725 2
S 8665159 285 101722 2
S 8676158 285 101723 2
S 8687158 285 101723 2
S 8698157 285 101724 2
S 8709156 285 101724 2
S 8720156 285 101721 2
S 8731155 285 101723 2
S 8742154 285 101722 2
S 8753154 285 101723 2
S 8764153 285 101723 2
S 8775152 285 101718 2
S 8786151 285 101723 2
S 8797151 285 101723 2
S 8808150 285 101723 2
S 8819149 285 101720 2
S 8830149 285 101719 2
S 8841148 285 101720 2
S 8852147 285 101722 2
S 8863147 285 101723 2
S 8874146 285 101725 2
S 8885145 285 101723 2
S 8896145 285 101722 2
S 8907144 285 101721 2
S 8918143 285 101723 2
S 8929143 285 101720 2
S 8940142 285 101726 2
S 8951141 285 101723 2
S 8962140 285 101723 2
S 8973140 285 101729 2
S 8984139 285 101725 2
S 8995138 285 101723 2
S 9006138 285 101722 2
S 9017137 285 101724 2
S 9028136 285 101729 2
S 9039136 285 101723 2
S 9050135 285 101725 2
S 9061134 285 101723 2
S 9072134 285 101726 2
S 9083133 285 101723 2
S 9099132 286 101732 2
S 9110131 286 101732 2
S 9121131 286 101732 2
S 9132130 286 101733 2
S 9143129 286 101733 2
S 9154128 286 101732 2
S 9165128 286 101729 2
S 9176127 286 101730 2
S 9187126 286 101729 2
S 9198126 286 101728 2
S 9209125 286 101728 2
S 9220124 286 101732 2
S 9231124 286 101732 2
S 9242123 286 101730 2
S 9253122 286 101729 2
S 9264122 286 101727 2
S 9275121 286 101730 2
S 9286120 286 101732 2
S 9297120 286 101728 2
S 9308119 286 101730 2
S 9319118 286 101732 2
S 9330117 286 101726 2
S 9341117 286 101732 2
S 9352116 286 101733 2
S 9363115 286 101729 2
S 9374115 286 101726 2
S 9385114 286 101728 2
S 9396113 286 101728 2
S 9407113 286 101729 2
S 9418112 286 101730 2
S 9429111 286 101729 2
S 9440111 286 101726 2
S 9451110 286 101727 2
S 9462109 286 101732 2
S 9473109 286 101732 2
S 9484108 286 101730 2
S 9495107 286 101728 2
S 9506106 286 101726 2
S 9517106 286 101728 2
S 9528105 286 101720 2
S 9539104 286 101727 2
S 9550104 286 101729 2
S 9561103 286 101726 2
S 9572102 286 101728 2
S 9583102 286 101726 2
S 9594101 286 101727 2
S 9605100 286 101727 2
S 9616100 286 101729 2
S 9627099 286 101726 2
S 9638098 286 101726 2
S 9649098 286 101729 2
S 9660097 286 101731 2
S 9671096 286 101725 2
S 9682095 286 101727 2
S 9693095 286 101726 2
S 9704094 286 101728 2
S 9715093 286 101727 2
S 9726093 286 101728 2
S 9737092 286 101723 2
S 9748091 286 101725 2
S 9759091 286 101725 2
S 9770090 286 101728 2
S 9781089 286 101731 2
S 9792089 286 101727 2
S 9803088 286 101724 2
S 9814087 286 101723 2
S 9825087 286 101729 2
S 9836086 286 101728 2
S 9847085 286 101731 2
S 9858084 286 101729 2
S 9869084 286 101729 2
S 9880083 286 101724 2
S 9891082 286 101724 2
S 9902082 286 101729 2
S 9913081 286 101726 2
S 9924080 286 101724 2
S 9935080 286 101732 2
S 9946079 286 101726 2
S 9957078 286 101725 2
S 9968078 286 101727 2
S 9979077 286 101728 2
S 9990076 286 101730 2
S 10001076 286 101729 2
S 10012075 286 101730 2
S 10023074 286 101728 2
S 10034073 286 101726 2
S 10045073 286 101726 2
S 10056072 286 101730 2
S 10067071 286 101729 2
S 10078071 286 101728 2
S 10089070 286 101728 2
S 10105069 286 101734 2
S 10116068 286 101733 2
S 10127068 286 101734 2
S 10138067 286 101734 2
S 10149066 286 101735 2
S 10160066 286 101732 2
