# capture_start_utc=2026-08-30T11:14:24Z
˜Šº’ºŠj
S 4206438 286 101730 1
S 4213437 286 101727 1
S 4220437 286 101724 1
S 4227436 286 101725 1
S 4234436 286 101725 1
S 4241436 286 101731 1
S 4248435 286 101732 1
S 4255435 286 101730 1
S 4262434 286 101724 1
S 4269434 286 101731 1
S 4276433 286 101724 1
S 4283433 286 101725 1
S 4290432 286 101722 1
S 4297432 286 101722 1
S 4304432 286 101731 1
S 4311431 286 101725 1
S 4318431 286 101730 1
S 4325430 286 101727 1
S 4332430 286 101728 1
S 4339429 286 101727 1
S 4346429 286 101732 1
[[DEBUG]] Starting [[SENSOR TASK]]
[SELFTEST] compensate: T=150 (exp 150)  P=69964 (exp 69964)  -> PASS
[[DEBUG]] bus recovery on /dev/i2c-1 -> PASS
#BMP180 v1 fw=1.5.0 temp_ms=1000
[[DEBUG]] BMP180 registered on /dev/bmp180-0
S 50697 286 101721 0
S 55697 286 101732 0
S 60697 286 101735 0
S 65697 286 101732 0
S 70696 286 101735 0
S 75696 286 101732 0
S 80696 286 101732 0
S 85695 286 101726 0
S 90695 286 101732 0
S 95695 286 101735 0
S 100694 286 101735 0
S 105694 286 101732 0
S 110694 286 101732 0
S 115693 286 101732 0
S 120693 286 101732 0
S 125693 286 101726 0
S 130692 286 101729 0
S 135692 286 101738 0
S 140692 286 101724 0
S 145692 286 101732 0
S 150691 286 101732 0
S 155691 286 101729 0
S 160691 286 101729 0
S 165690 286 101726 0
S 170690 286 101726 0
S 175690 286 101729 0
S 180689 286 101726 0
S 185689 286 101732 0
S 190689 286 101729 0
S 195688 286 101726 0
S 200688 286 101721 0
S 205688 286 101732 0
S 210687 286 101732 0
S 215687 286 101726 0
S 220687 286 101729 0
S 225687 286 101729 0
S 230686 286 101729 0
S 235686 286 101732 0
S 240686 286 101721 0
S 245685 286 101724 0
S 250685 286 101721 0
S 255685 286 101726 0
S 260684 286 101729 0
S 265684 286 101726 0
S 270684 286 101724 0
S 275683 286 101729 0
S 280683 286 101726 0
S 285683 286 101732 0
S 290682 286 101732 0
S 295682 286 101732 0
S 300682 286 101729 0
S 305682 286 101732 0
S 310681 286 101729 0
S 315681 286 101729 0
S 320681 286 101721 0
S 325680 286 101724 0
S 330680 286 101724 0
S 335680 286 101724 0
S 340679 286 101721 0
S 345679 286 101732 0
S 350679 286 101729 0
S 355678 286 101726 0
S 360678 286 101729 0
S 365678 286 101732 0
S 370677 286 101724 0
S 375677 286 101718 0
S 380677 286 101724 0
S 385677 286 101729 0
S 390676 286 101732 0
S 395676 286 101735 0
S 400676 286 101726 0
S 405675 286 101726 0
S 410675 286 101732 0
S 415675 286 101729 0
S 420674 286 101735 0
S 425674 286 101724 0
S 430674 286 101732 0
S 435673 286 101729 0
S 440673 286 101724 0
S 445673 286 101715 0
S 450672 286 101729 0
S 455672 286 101729 0
S 460672 286 101721 0
S 465672 286 101726 0
S 470671 286 101726 0
S 475671 286 101726 0
S 480671 286 101721 0
S 485670 286 101729 0
S 490670 286 101721 0
S 495670 286 101721 0
S 500669 286 101732 0
S 505669 286 101729 0
S 510669 286 101724 0
S 515668 286 101721 0
S 520668 286 101729 0
S 525668 286 101724 0
S 530667 286 101732 0
S 535667 286 101729 0
S 540667 286 101721 0
S 545667 286 101724 0
S 550666 286 101721 0
S 555666 286 101726 0
S 560666 286 101724 0
S 565665 286 101724 0
S 570665 286 101721 0
S 575665 286 101729 0
S 580664 286 101724 0
S 585664 286 101724 0
S 590664 286 101721 0
S 595663 286 101729 0
S 600663 286 101732 0
S 605663 286 101726 0
S 610662 286 101721 0
S 615662 286 101726 0
S 620662 286 101726 0
S 625662 286 101732 0
S 630661 286 101732 0
S 635661 286 101724 0
S 640661 286 101726 0
S 645660 286 101732 0
S 650660 286 101729 0
S 655660 286 101729 0
S 660659 286 101729 0
S 665659 286 101732 0
S 670659 286 101726 0
S 675658 286 101732 0
S 680658 286 101729 0
S 685658 286 101726 0
S 690657 286 101729 0
S 695657 286 101732 0
S 700657 286 101721 0
S 705657 286 101729 0
S 710656 286 101715 0
S 715656 286 101729 0
S 720656 286 101735 0
S 725655 286 101729 0
S 730655 286 101732 0
S 735655 286 101732 0
S 740654 286 101729 0
S 745654 286 101732 0
S 750654 286 101729 0
S 755653 286 101729 0
S 760653 286 101729 0
S 765653 286 101726 0
S 770652 286 101724 0
S 775652 286 101721 0
S 780652 286 101724 0
S 785652 286 101729 0
S 790651 286 101726 0
S 795651 286 101726 0
S 800651 286 101729 0
S 805650 286 101724 0
S 810650 286 101721 0
S 815650 286 101721 0
S 820649 286 101729 0
S 825649 286 101732 0
S 830649 286 101724 0
S 835648 286 101729 0
S 840648 286 101724 0
S 845648 286 101721 0
S 850647 286 101732 0
S 855647 286 101732 0
S 860647 286 101726 0
S 865647 286 101729 0
S 870646 286 101729 0
S 875646 286 101729 0
S 880646 286 101729 0
S 885645 286 101729 0
S 890645 286 101726 0
S 895645 286 101729 0
S 900644 286 101726 0
S 905644 286 101729 0
S 910644 286 101732 0
S 915643 286 101729 0
S 920643 286 101729 0
S 925643 286 101732 0
S 930642 286 101732 0
S 935642 286 101729 0
S 940642 286 101729 0
S 945642 286 101729 0
S 950641 286 101724 0
S 955641 286 101732 0
S 960641 286 101729 0
S 965640 286 101732 0
S 970640 286 101729 0
S 975640 286 101726 0
S 980639 286 101726 0
S 985639 286 101724 0
S 990639 286 101735 0
S 995638 286 101721 0
S 1000639 286 101721 0
S 1005638 286 101715 0
S 1010637 286 101729 0
S 1015637 286 101721 0
S 1020637 286 101721 0
S 1025644 286 101721 0
S 1030636 286 101721 0
S 1040636 285 101714 0
S 1045635 285 101706 0
S 1050635 285 101717 0
S 1055635 285 101723 0
S 1060641 285 101720 0
S 1065634 285 101711 0
S 1070634 285 101720 0
S 1075633 285 101711 0
S 1080633 285 101720 0
S 1085633 285 101714 0
S 1090632 285 101720 0
S 1095639 285 101723 0
S 1100632 285 101711 0
S 1105632 285 101706 0
S 1110631 285 101711 0
S 1115631 285 101711 0
S 1120631 285 101714 0
S 1125630 285 101714 0
S 1130630 285 101717 0
S 1135630 285 101714 0
S 1140629 285 101717 0
S 1145629 285 101717 0
S 1150629 285 101711 0
S 1155628 285 101711 0
S 1160628 285 101720 0
S 1165628 285 101720 0
S 1170627 285 101714 0
S 1175627 285 101714 0
S 1180634 285 101720 0
S 1185627 285 101714 0
S 1190626 285 101711 0
S 1195626 285 101723 0
S 1200626 285 101714 0
S 1205625 285 101717 0
S 1210625 285 101720 0
S 1215632 285 101714 0
S 1220624 285 101717 0
S 1225624 285 101720 0
S 1230624 285 101714 0
S 1235623 285 101720 0
S 1240623 285 101717 0
S 1245623 285 101723 0
S 1250630 285 101714 0
S 1255622 285 101717 0
S 1260622 285 101720 0
S 1265622 285 101714 0
S 1270621 285 101723 0
S 1275621 285 101720 0
S 1280621 285 101720 0
S 1285620 285 101720 0
S 1290620 285 101714 0
S 1295620 285 101711 0
S 1300619 285 101717 0
S 1305619 285 101717 0
S 1310619 285 101720 0
S 1315618 285 101723 0
S 1320618 285 101711 0
S 1325618 285 101714 0
S 1330617 285 101723 0
S 1335624 285 101711 0
S 1340617 285 101711 0
S 1345617 285 101720 0
S 1350616 285 101720 0
S 1355616 285 101714 0
S 1360616 285 101723 0
S 1365615 285 101723 0
S 1370622 285 101714 0
S 1375615 285 101711 0
S 1380614 285 101714 0
S 1385614 285 101717 0
S 1390614 285 101720 0
S 1395613 285 101717 0
S 1400613 285 101714 0
S 1405620 285 101720 0
S 1410612 285 101720 0
S 1415612 285 101717 0
S 1420612 285 101720 0
S 1425612 285 101717 0
S 1430611 285 101723 0
S 1435611 285 101714 0
S 1440611 285 101729 0
S 1445610 285 101714 0
S 1450610 285 101720 0
S 1455610 285 101720 0
S 1460609 285 101720 0
S 1465609 285 101723 0
S 1470609 285 101711 0
S 1475608 285 101723 0
S 1480608 285 101711 0
S 1485608 285 101723 0
S 1490607 285 101723 0
S 1495607 285 101723 0
S 1500607 285 101729 0
S 1505607 285 101720 0
S 1510606 285 101723 0
S 1515606 285 101723 0
S 1520606 285 101723 0
S 1525612 285 101723 0
S 1530605 285 101723 0
S 1535605 285 101711 0
S 1540604 285 101717 0
S 1545604 285 101723 0
S 1550604 285 101723 0
S 1555603 285 101711 0
S 1560610 285 101717 0
S 1565603 285 101720 0
S 1570602 285 101717 0
S 1575602 285 101720 0
S 1580602 285 101726 0
S 1585602 285 101723 0
S 1590601 285 101723 0
S 1595601 285 101726 0
S 1600601 285 101726 0
S 1605600 285 101720 0
S 1610600 285 101714 0
S 1615600 285 101717 0
S 1620599 285 101720 0
S 1625599 285 101723 0
S 1630599 285 101717 0
S 1635598 285 101720 0
S 1640598 285 101723 0
S 1645598 285 101720 0
S 1650597 285 101723 0
S 1655597 285 101717 0
S 1660597 285 101723 0
S 1665597 285 101720 0
S 1670596 285 101717 0
S 1675596 285 101723 0
S 1680596 285 101714 0
S 1685595 285 101717 0
S 1690595 285 101720 0
S 1695595 285 101723 0
S 1700594 285 101723 0
S 1705594 285 101726 0
S 1710594 285 101717 0
S 1715600 285 101720 0
S 1720593 285 101720 0
S 1725593 285 101720 0
S 1730592 285 101723 0
S 1735592 285 101717 0
S 1740592 285 101714 0
S 1745592 285 101720 0
S 1750598 285 101723 0
S 1755591 285 101720 0
S 1760591 285 101706 0
S 1765590 285 101723 0
S 1770590 285 101723 0
S 1775590 285 101723 0
S 1780589 285 101723 0
S 1785589 285 101723 0
S 1790589 285 101720 0
S 1795588 285 101723 0
S 1800588 285 101726 0
S 1805588 285 101726 0
S 1810587 285 101717 0
S 1815587 285 101720 0
S 1820587 285 101723 0
S 1825587 285 101723 0
S 1830586 285 101723 0
S 1835586 285 101723 0
S 1840586 285 101723 0
S 1845585 285 101729 0
S 1850585 285 101723 0
S 1855585 285 101729 0
S 1860584 285 101720 0
S 1865584 285 101723 0
S 1870584 285 101720 0
S 1875583 285 101726 0
S 1880583 285 101720 0
S 1885583 285 101729 0
S 1890582 285 101723 0
S 1895582 285 101726 0
S 1900582 285 101729 0
S 1905589 285 101717 0
S 1910581 285 101723 0
S 1915581 285 101726 0
S 1920581 285 101720 0
S 1925580 285 101723 0
S 1930580 285 101723 0
S 1935580 285 101726 0
S 1940586 285 101723 0
S 1945579 285 101729 0
S 1950579 285 101726 0
S 1955578 285 101720 0
S 1960578 285 101723 0
S 1965578 285 101726 0
S 1970577 285 101723 0
S 1975577 285 101720 0
S 1980577 285 101729 0
S 1985577 285 101723 0
S 1990576 285 101720 0
S 1995576 285 101726 0
S 2000576 285 101720 0
S 2005575 285 101726 0
S 2010575 285 101729 0
S 2015575 285 101723 0
S 2020574 285 101720 0
S 2025574 285 101723 0
S 2030574 285 101723 0
S 2035573 285 101726 0
S 2045573 285 101723 0
S 2050572 285 101723 0
S 2055572 285 101729 0
S 2060572 285 101723 0
S 2065572 285 101729 0
S 2070571 285 101726 0
S 2075571 285 101729 0
S 2080571 285 101726 0
S 2085570 285 101729 0
S 2090570 285 101723 0
S 2095577 285 101723 0
S 2100569 285 101726 0
S 2105569 285 101723 0
S 2110569 285 101711 0
S 2115568 285 101726 0
S 2120568 285 101720 0
S 2125568 285 101720 0
S 2130575 285 101723 0
S 2135567 285 101723 0
S 2140567 285 101723 0
S 2145567 285 101717 0
S 2150566 285 101720 0
S 2155566 285 101723 0
S 2160566 285 101720 0
S 2165565 285 101720 0
S 2170565 285 101726 0
S 2175565 285 101726 0
S 2180564 285 101711 0
S 2185564 285 101726 0
S 2190564 285 101723 0
S 2195563 285 101723 0
S 2200563 285 101723 0
S 2205563 285 101720 0
S 2210562 285 101720 0
S 2215562 285 101723 0
S 2220562 285 101726 0
S 2225562 285 101723 0
S 2230561 285 101723 0
S 2235561 285 101717 0
S 2240561 285 101723 0
S 2245560 285 101726 0
S 2250567 285 101723 0
S 2255560 285 101726 0
S 2260559 285 101729 0
S 2265559 285 101720 0
S 2270559 285 101720 0
S 2275558 285 101723 0
S 2280558 285 101717 0
S 2285565 285 101714 0
S 2290557 285 101720 0
S 2295557 285 101720 0
S 2300557 285 101720 0
S 2305557 285 101720 0
S 2310556 285 101720 0
S 2315556 285 101720 0
S 2320556 285 101720 0
S 2325555 285 101720 0
S 2330555 285 101726 0
S 2335555 285 101723 0
S 2340554 285 101717 0
S 2345554 285 101723 0
S 2350554 285 101720 0
S 2355553 285 101723 0
S 2360553 285 101723 0
S 2365553 285 101723 0
S 2370552 285 101726 0
S 2375552 285 101723 0
S 2380552 285 101720 0
S 2385552 285 101723 0
S 2390551 285 101723 0
S 2395551 285 101720 0
S 2400551 285 101723 0
S 2405550 285 101738 0
S 2410550 285 101711 0
S 2415550 285 101723 0
S 2420549 285 101714 0
S 2425549 285 101717 0
S 2430549 285 101720 0
S 2435548 285 101723 0
S 2440555 285 101717 0
S 2445548 285 101720 0
S 2450547 285 101720 0
S 2455547 285 101723 0
S 2460547 285 101717 0
S 2465547 285 101723 0
S 2470546 285 101723 0
S 2475553 285 101723 0
S 2480546 285 101717 0
S 2485545 285 101720 0
S 2490545 285 101720 0
S 2495545 285 101723 0
S 2500544 285 101729 0
S 2505544 285 101720 0
S 2510544 285 101723 0
S 2515543 285 101720 0
S 2520543 285 101726 0
S 2525543 285 101711 0
S 2530542 285 101720 0
S 2535542 285 101720 0
S 2540542 285 101723 0
S 2545542 285 101729 0
S 2550541 285 101723 0
S 2555541 285 101723 0
S 2583539 285 101720 1
S 2590539 285 101717 1
S 2597538 285 101719 1
S 2604538 285 101713 1
S 2611537 285 101723 1
S 2618537 285 101720 1
S 2625537 285 101722 1
S 2632536 285 101719 1
S 2639536 285 101717 1
S 2646535 285 101720 1
S 2653535 285 101720 1
S 2660534 285 101725 1
S 2667534 285 101722 1
S 2674533 285 101719 1
S 2681533 285 101720 1
S 2688533 285 101720 1
S 2695532 285 101719 1
S 2702532 285 101720 1
S 2709531 285 101722 1
S 2716531 285 101720 1
S 2723530 285 101714 1
S 2730530 285 101710 1
S 2737530 285 101719 1
S 2744529 285 101711 1
S 2751529 285 101717 1
S 2758528 285 101720 1
S 2765528 285 101717 1
S 2772527 285 101722 1
S 2779527 285 101725 1
S 2786526 285 101725 1
S 2793526 285 101716 1
S 2800526 285 101714 1
S 2807525 285 101723 1
S 2814525 285 101720 1
S 2821524 285 101720 1
S 2828524 285 101717 1
S 2835523 285 101714 1
S 2842523 285 101720 1
S 2849523 285 101717 1
S 2856522 285 101716 1
S 2863522 285 101720 1
S 2870521 285 101713 1
S 2877521 285 101714 1
S 2884520 285 101710 1
S 2891520 285 101717 1
S 2898519 285 101717 1
S 2905519 285 101716 1
S 2912519 285 101714 1
S 2919518 285 101717 1
S 2926518 285 101717 1
S 2933517 285 101716 1
S 2940517 285 101714 1
S 2947516 285 101711 1
S 2954516 285 101713 1
S 2961516 285 101711 1
S 2968515 285 101716 1
S 2975515 285 101716 1
S 2982514 285 101711 1
S 2989514 285 101717 1
S 2996513 285 101714 1
S 3003513 285 101711 1
S 3010512 285 101717 1
S 3017512 285 101722 1
S 3024512 285 101719 1
S 3031511 285 101714 1
S 3038511 285 101714 1
S 3045510 285 101711 1
S 3057510 286 101729 1
S 3064509 286 101722 1
S 3071509 286 101724 1
S 3078508 286 101726 1
S 3085508 286 101725 1
S 3092507 286 101731 1
S 3099507 286 101731 1
S 3106506 286 101722 1
S 3113506 286 101719 1
S 3120506 286 101724 1
S 3127505 286 101728 1
S 3134505 286 101728 1
S 3141504 286 101729 1
S 3148504 286 101728 1
S 3155503 286 101721 1
S 3162503 286 101728 1
S 3169503 286 101722 1
S 3176502 286 101725 1
S 3183502 286 101724 1
S 3190501 286 101722 1
S 3197501 286 101725 1
S 3204500 286 101731 1
S 3211500 286 101731 1
S 3218499 286 101718 1
S 3225499 286 101726 1
S 3232499 286 101725 1
S 3239498 286 101721 1
S 3246498 286 101725 1
S 3253497 286 101725 1
S 3260497 286 101722 1
S 3267496 286 101722 1
S 3274496 286 101724 1
S 3281496 286 101725 1
S 3288495 286 101731 1
S 3295495 286 101721 1
S 3302494 286 101729 1
S 3309494 286 101735 1
S 3316493 286 101726 1
S 3323493 286 101726 1
S 3330492 286 101724 1
S 3337492 286 101721 1
S 3344492 286 101725 1
S 3351491 286 101718 1
S 3358491 286 101716 1
S 3365490 286 101721 1
S 3372490 286 101721 1
S 3379489 286 101721 1
S 3386489 286 101724 1
S 3393489 286 101710 1
S 3400488 286 101721 1
S 3407488 286 101710 1
S 3414487 286 101721 1
S 3421487 286 101718 1
S 3428486 286 101716 1
S 3435486 286 101718 1
S 3442485 286 101721 1
S 3449485 286 101725 1
S 3456485 286 101721 1
S 3463484 286 101721 1
S 3470484 286 101725 1
S 3477483 286 101724 1
S 3484483 286 101719 1
S 3491482 286 101722 1
S 3498482 286 101728 1
S 3505482 286 101724 1
S 3512481 286 101728 1
S 3519481 286 101726 1
S 3526480 286 101721 1
S 3533480 286 101731 1
S 3540479 286 101721 1
S 3547479 286 101721 1
S 3554478 286 101726 1
S 3561478 286 101719 1
S 3568478 286 101726 1
S 3575477 286 101718 1
S 3582477 286 101725 1
S 3589476 286 101721 1
S 3596476 286 101729 1
S 3603475 286 101728 1
S 3610475 286 101722 1
S 3617475 286 101722 1
S 3624474 286 101722 1
S 3631474 286 101725 1
S 3638473 286 101722 1
S 3645473 286 101721 1
S 3652472 286 101726 1
S 3659472 286 101724 1
S 3666471 286 101719 1
S 3673471 286 101728 1
S 3680471 286 101722 1
S 3687470 286 101721 1
S 3694470 286 101726 1
S 3701469 286 101725 1
S 3708469 286 101722 1
S 3715468 286 101722 1
S 3722468 286 101722 1
S 3729468 286 101725 1
S 3736467 286 101725 1
S 3743467 286 101719 1
S 3750466 286 101721 1
S 3757466 286 101724 1
S 3764465 286 101725 1
S 3771465 286 101721 1
S 3778464 286 101722 1
S 3785464 286 101718 1
S 3792464 286 101721 1
S 3799463 286 101725 1
S 3806463 286 101724 1
S 3813462 286 101721 1
S 3820462 286 101722 1
S 3827461 286 101722 1
S 3834461 286 101725 1
S 3841461 286 101724 1
S 3848460 286 101722 1
S 3855460 286 101726 1
S 3862459 286 101721 1
S 3869459 286 101721 1
S 3876458 286 101724 1
S 3883458 286 101722 1
S 3890457 286 101722 1
S 3897457 286 101722 1
S 3904457 286 101721 1
S 3911456 286 101722 1
S 3918456 286 101729 1
S 3925455 286 101721 1
S 3932455 286 101721 1
S 3939454 286 101722 1
S 3946454 286 101732 1
S 3953454 286 101725 1
S 3960453 286 101725 1
S 3967453 286 101721 1
S 3974452 286 101721 1
S 3981452 286 101731 1
S 3988451 286 101728 1
S 3995451 286 101729 1
S 4002450 286 101726 1
S 4009450 286 101725 1
S 4016450 286 101728 1
S 4023449 286 101725 1
S 4030449 286 101728 1
S 4037448 286 101718 1
S 4044448 286 101731 1
S 4051447 286 101731 1
S 4063447 286 101729 1
S 4070446 286 101732 1
S 4077446 286 101724 1
S 4084445 286 101726 1
S 4091445 286 101731 1
S 4098444 286 101728 1
S 4105444 286 101724 1
S 4112444 286 101719 1
S 4119443 286 101724 1
S 4126443 286 101726 1
